  **** HLS Build v2024.2 5238294
Sourcing Tcl script '/home/linux/ieng6/students/769/zeh003/Desktop/CSE-237C-Starter/project_files/project3/dft_1024_precomputed/export_dft.tcl'
INFO: [HLS 200-1510] Running: open_component dft.comp 
INFO: [HLS 200-10] Creating and opening project '/home/linux/ieng6/students/769/zeh003/Desktop/CSE-237C-Starter/project_files/project3/dft_1024_precomputed/dft.comp'.
INFO: [HLS 200-10] Opening solution '/home/linux/ieng6/students/769/zeh003/Desktop/CSE-237C-Starter/project_files/project3/dft_1024_precomputed/dft.comp/hls'.
INFO: [SYN 201-201] Setting up clock 'default' with a period of 10ns.
INFO: [HLS 200-1611] Setting target device to 'xc7z020-clg400-1'
INFO: [HLS 200-1505] Using flow_target 'vivado'
Resolution: For help on HLS 200-1505 see docs.xilinx.com/access/sources/dita/topic?Doc_Version=2024.2%20English&url=ug1448-hls-guidance&resourceid=200-1505.html
INFO: [HLS 200-1465] Applying ini 'syn.file=../dft.cpp' from /home/linux/ieng6/students/769/zeh003/Desktop/CSE-237C-Starter/project_files/project3/dft_1024_precomputed/dft.comp/hls_config.cfg(6)
INFO: [HLS 200-10] Adding design file 'dft.cpp' to the project
INFO: [HLS 200-1465] Applying ini 'tb.file=../dft_test.cpp' from /home/linux/ieng6/students/769/zeh003/Desktop/CSE-237C-Starter/project_files/project3/dft_1024_precomputed/dft.comp/hls_config.cfg(8)
INFO: [HLS 200-10] Adding test bench file 'dft_test.cpp' to the project
INFO: [HLS 200-1465] Applying ini 'syn.top=dft' from /home/linux/ieng6/students/769/zeh003/Desktop/CSE-237C-Starter/project_files/project3/dft_1024_precomputed/dft.comp/hls_config.cfg(7)
INFO: [HLS 200-1465] Applying ini 'flow_target=vivado' from /home/linux/ieng6/students/769/zeh003/Desktop/CSE-237C-Starter/project_files/project3/dft_1024_precomputed/dft.comp/hls_config.cfg(5)
INFO: [HLS 200-1505] Using flow_target 'vivado'
Resolution: For help on HLS 200-1505 see docs.xilinx.com/access/sources/dita/topic?Doc_Version=2024.2%20English&url=ug1448-hls-guidance&resourceid=200-1505.html
INFO: [HLS 200-1465] Applying ini 'part=xc7z020-clg400-1' from /home/linux/ieng6/students/769/zeh003/Desktop/CSE-237C-Starter/project_files/project3/dft_1024_precomputed/dft.comp/hls_config.cfg(1)
INFO: [HLS 200-1465] Applying ini 'clock=10ns' from /home/linux/ieng6/students/769/zeh003/Desktop/CSE-237C-Starter/project_files/project3/dft_1024_precomputed/dft.comp/hls_config.cfg(4)
INFO: [SYN 201-201] Setting up clock 'default' with a period of 10ns.
INFO: [HLS 200-1510] Running: export_design -format ip_catalog -rtl verilog -version 1.0 -ipname dft 
INFO: [IMPL 213-8] Exporting RTL as a Vivado IP.

****** Vivado v2024.2 (64-bit)
  **** SW Build 5239630 on Fri Nov 08 22:34:34 MST 2024
  **** IP Build 5239520 on Sun Nov 10 16:12:51 MST 2024
  **** SharedData Build 5239561 on Fri Nov 08 14:39:27 MST 2024
  **** Start of session at: Thu Nov  6 17:34:05 2025
    ** Copyright 1986-2022 Xilinx, Inc. All Rights Reserved.
    ** Copyright 2022-2024 Advanced Micro Devices, Inc. All Rights Reserved.

source run_ippack.tcl -notrace
INFO: calling package_hls_ip ip_types=vitis sysgen json_file=/home/linux/ieng6/students/769/zeh003/Desktop/CSE-237C-Starter/project_files/project3/dft_1024_precomputed/dft.comp/hls/hls_data.json outdir=/home/linux/ieng6/students/769/zeh003/Desktop/CSE-237C-Starter/project_files/project3/dft_1024_precomputed/dft.comp/hls/impl/ip srcdir=/home/linux/ieng6/students/769/zeh003/Desktop/CSE-237C-Starter/project_files/project3/dft_1024_precomputed/dft.comp/hls sort_interfaces_ports=false
INFO: Copied 1 ipmisc file(s) to /home/linux/ieng6/students/769/zeh003/Desktop/CSE-237C-Starter/project_files/project3/dft_1024_precomputed/dft.comp/hls/impl/ip/misc
INFO: Copied 12 verilog file(s) to /home/linux/ieng6/students/769/zeh003/Desktop/CSE-237C-Starter/project_files/project3/dft_1024_precomputed/dft.comp/hls/impl/ip/hdl/verilog
INFO: Copied 10 vhdl file(s) to /home/linux/ieng6/students/769/zeh003/Desktop/CSE-237C-Starter/project_files/project3/dft_1024_precomputed/dft.comp/hls/impl/ip/hdl/vhdl
Generating 2 subcores in /home/linux/ieng6/students/769/zeh003/Desktop/CSE-237C-Starter/project_files/project3/dft_1024_precomputed/dft.comp/hls/impl/ip/hdl/ip.tmp:
impl/misc/dft_faddfsub_32ns_32ns_32_5_full_dsp_1_ip.tcl
impl/misc/dft_fmul_32ns_32ns_32_4_max_dsp_1_ip.tcl
create_project: Time (s): cpu = 00:00:09 ; elapsed = 00:00:11 . Memory (MB): peak = 1493.840 ; gain = 16.871 ; free physical = 10528 ; free virtual = 20700
INFO: Using COE_DIR=/home/linux/ieng6/students/769/zeh003/Desktop/CSE-237C-Starter/project_files/project3/dft_1024_precomputed/dft.comp/hls/impl/ip/hdl/verilog
INFO: Generating dft_faddfsub_32ns_32ns_32_5_full_dsp_1_ip via file impl/misc/dft_faddfsub_32ns_32ns_32_5_full_dsp_1_ip.tcl
INFO: [IP_Flow 19-234] Refreshing IP repositories
INFO: [IP_Flow 19-1704] No user IP repositories specified
INFO: [IP_Flow 19-2313] Loaded Vivado IP repository '/software/common/Xilinx_Vitis/Vivado/2024.2/data/ip'.
INFO: [IP_Flow 19-1686] Generating 'Synthesis' target for IP 'dft_faddfsub_32ns_32ns_32_5_full_dsp_1_ip'...
INFO: [IP_Flow 19-1686] Generating 'Simulation' target for IP 'dft_faddfsub_32ns_32ns_32_5_full_dsp_1_ip'...
INFO: Done generating dft_faddfsub_32ns_32ns_32_5_full_dsp_1_ip via file impl/misc/dft_faddfsub_32ns_32ns_32_5_full_dsp_1_ip.tcl
INFO: Generating dft_fmul_32ns_32ns_32_4_max_dsp_1_ip via file impl/misc/dft_fmul_32ns_32ns_32_4_max_dsp_1_ip.tcl
INFO: [IP_Flow 19-1686] Generating 'Synthesis' target for IP 'dft_fmul_32ns_32ns_32_4_max_dsp_1_ip'...
INFO: [IP_Flow 19-1686] Generating 'Simulation' target for IP 'dft_fmul_32ns_32ns_32_4_max_dsp_1_ip'...
INFO: Done generating dft_fmul_32ns_32ns_32_4_max_dsp_1_ip via file impl/misc/dft_fmul_32ns_32ns_32_4_max_dsp_1_ip.tcl
INFO: Import ports from HDL: /home/linux/ieng6/students/769/zeh003/Desktop/CSE-237C-Starter/project_files/project3/dft_1024_precomputed/dft.comp/hls/impl/ip/hdl/vhdl/dft.vhd (dft)
INFO: Add clock interface ap_clk
INFO: Add reset interface ap_rst
INFO: Add ap_ctrl interface ap_ctrl
INFO: Add ap_fifo interface input_real
INFO: [IP_Flow 19-234] Refreshing IP repositories
INFO: [IP_Flow 19-1704] No user IP repositories specified
INFO: [IP_Flow 19-2313] Loaded Vivado IP repository '/software/common/Xilinx_Vitis/Vivado/2024.2/data/ip'.
INFO: Add ap_fifo interface input_imag
INFO: Add ap_fifo interface output_real
INFO: Add ap_fifo interface output_imag
INFO: Calling post_process_vitis to specialize IP
INFO: Calling post_process_sysgen to specialize IP
Generating sysgen info xml from json file
INFO: Created IP /home/linux/ieng6/students/769/zeh003/Desktop/CSE-237C-Starter/project_files/project3/dft_1024_precomputed/dft.comp/hls/impl/ip/component.xml
INFO: Created IP archive /home/linux/ieng6/students/769/zeh003/Desktop/CSE-237C-Starter/project_files/project3/dft_1024_precomputed/dft.comp/hls/impl/ip/xilinx_com_hls_dft_1_0.zip
INFO: [Common 17-206] Exiting Vivado at Thu Nov  6 17:34:39 2025...
INFO: [HLS 200-802] Generated output file dft.comp/hls/impl/export.zip
INFO: [HLS 200-2161] Finished Command export_design Elapsed time: 00:00:56; Allocated memory: 20.801 MB.
INFO: [HLS 200-112] Total CPU user time: 33.17 seconds. Total CPU system time: 3.94 seconds. Total elapsed time: 70.64 seconds; peak allocated memory: 720.062 MB.
INFO: [vitis-run 60-791] Total elapsed time: 0h 1m 13s
INFO: [vitis-run 60-1662] Stopping dispatch session having empty uuid.
