==============================================================
Vitis HLS - High-Level Synthesis from C, C++ and OpenCL v2024.2 (64-bit)
Tool Version Limit: 2024.11
Copyright 1986-2022 Xilinx, Inc. All Rights Reserved.
Copyright 2022-2024 Advanced Micro Devices, Inc. All Rights Reserved.

==============================================================
INFO: [HLS 200-1505] Using default flow_target 'vivado'
INFO: [HLS 200-1510] Running: add_files dft.cpp 
INFO: [HLS 200-10] Adding design file 'dft.cpp' to the project
INFO: [HLS 200-1510] Running: add_files -tb dft-top.cpp 
WARNING: [HLS 200-40] Cannot find test bench file 'dft-top.cpp'
INFO: [HLS 200-1510] Running: set_top dft 
INFO: [HLS 200-1510] Running: set_part xc7z020-clg400-1 
INFO: [HLS 200-1611] Setting target device to 'xc7z020-clg400-1'
INFO: [HLS 200-1510] Running: create_clock -period 10 
INFO: [SYN 201-201] Setting up clock 'default' with a period of 10ns.
INFO: [HLS 200-1510] Running: csynth_design 
WARNING: [HLS 200-1998] cannot find relative file path '../../dft-top.cpp' in directory(s): /home/linux/ieng6/students/769/zeh003/Desktop/CSE-237C-Starter/project_files/project3/dft_32_precomputed/dft.comp/solution /home/linux/ieng6/students/769/zeh003/Desktop/CSE-237C-Starter/project_files/project3/dft_32_precomputed
WARNING: [HLS 200-1998] cannot find relative file path '../../dft-top.cpp' in directory(s): /home/linux/ieng6/students/769/zeh003/Desktop/CSE-237C-Starter/project_files/project3/dft_32_precomputed/dft.comp/solution /home/linux/ieng6/students/769/zeh003/Desktop/CSE-237C-Starter/project_files/project3/dft_32_precomputed
INFO: [HLS 200-111] Finished File checks and directory preparation: CPU user time: 0.13 seconds. CPU system time: 0.04 seconds. Elapsed time: 2.73 seconds; current allocated memory: 658.941 MB.
INFO: [HLS 200-10] Analyzing design file 'dft.cpp' ... 
INFO: [HLS 200-111] Finished Source Code Analysis and Preprocessing: CPU user time: 0.5 seconds. CPU system time: 0.54 seconds. Elapsed time: 1.18 seconds; current allocated memory: 660.340 MB.
INFO: [HLS 200-777] Using interface defaults for 'Vivado' flow target.
INFO: [HLS 200-1995] There were 67 instructions in the design after the 'Compile/Link' phase of compilation. See the Design Size Report for more details: /home/linux/ieng6/students/769/zeh003/Desktop/CSE-237C-Starter/project_files/project3/dft_32_precomputed/dft.comp/hls/syn/report/csynth_design_size.rpt
INFO: [HLS 200-1995] There were 87 instructions in the design after the 'Unroll/Inline (step 1)' phase of compilation. See the Design Size Report for more details: /home/linux/ieng6/students/769/zeh003/Desktop/CSE-237C-Starter/project_files/project3/dft_32_precomputed/dft.comp/hls/syn/report/csynth_design_size.rpt
INFO: [HLS 200-1995] There were 57 instructions in the design after the 'Unroll/Inline (step 2)' phase of compilation. See the Design Size Report for more details: /home/linux/ieng6/students/769/zeh003/Desktop/CSE-237C-Starter/project_files/project3/dft_32_precomputed/dft.comp/hls/syn/report/csynth_design_size.rpt
INFO: [HLS 200-1995] There were 54 instructions in the design after the 'Unroll/Inline (step 3)' phase of compilation. See the Design Size Report for more details: /home/linux/ieng6/students/769/zeh003/Desktop/CSE-237C-Starter/project_files/project3/dft_32_precomputed/dft.comp/hls/syn/report/csynth_design_size.rpt
INFO: [HLS 200-1995] There were 54 instructions in the design after the 'Unroll/Inline (step 4)' phase of compilation. See the Design Size Report for more details: /home/linux/ieng6/students/769/zeh003/Desktop/CSE-237C-Starter/project_files/project3/dft_32_precomputed/dft.comp/hls/syn/report/csynth_design_size.rpt
INFO: [HLS 200-1995] There were 560 instructions in the design after the 'Array/Struct (step 1)' phase of compilation. See the Design Size Report for more details: /home/linux/ieng6/students/769/zeh003/Desktop/CSE-237C-Starter/project_files/project3/dft_32_precomputed/dft.comp/hls/syn/report/csynth_design_size.rpt
INFO: [HLS 200-1995] There were 456 instructions in the design after the 'Array/Struct (step 2)' phase of compilation. See the Design Size Report for more details: /home/linux/ieng6/students/769/zeh003/Desktop/CSE-237C-Starter/project_files/project3/dft_32_precomputed/dft.comp/hls/syn/report/csynth_design_size.rpt
INFO: [HLS 200-1995] There were 456 instructions in the design after the 'Array/Struct (step 3)' phase of compilation. See the Design Size Report for more details: /home/linux/ieng6/students/769/zeh003/Desktop/CSE-237C-Starter/project_files/project3/dft_32_precomputed/dft.comp/hls/syn/report/csynth_design_size.rpt
INFO: [HLS 200-1995] There were 456 instructions in the design after the 'Array/Struct (step 4)' phase of compilation. See the Design Size Report for more details: /home/linux/ieng6/students/769/zeh003/Desktop/CSE-237C-Starter/project_files/project3/dft_32_precomputed/dft.comp/hls/syn/report/csynth_design_size.rpt
INFO: [HLS 200-1995] There were 458 instructions in the design after the 'Array/Struct (step 5)' phase of compilation. See the Design Size Report for more details: /home/linux/ieng6/students/769/zeh003/Desktop/CSE-237C-Starter/project_files/project3/dft_32_precomputed/dft.comp/hls/syn/report/csynth_design_size.rpt
INFO: [HLS 200-1995] There were 458 instructions in the design after the 'Performance (step 1)' phase of compilation. See the Design Size Report for more details: /home/linux/ieng6/students/769/zeh003/Desktop/CSE-237C-Starter/project_files/project3/dft_32_precomputed/dft.comp/hls/syn/report/csynth_design_size.rpt
INFO: [HLS 200-1995] There were 456 instructions in the design after the 'Performance (step 2)' phase of compilation. See the Design Size Report for more details: /home/linux/ieng6/students/769/zeh003/Desktop/CSE-237C-Starter/project_files/project3/dft_32_precomputed/dft.comp/hls/syn/report/csynth_design_size.rpt
INFO: [HLS 200-1995] There were 456 instructions in the design after the 'Performance (step 3)' phase of compilation. See the Design Size Report for more details: /home/linux/ieng6/students/769/zeh003/Desktop/CSE-237C-Starter/project_files/project3/dft_32_precomputed/dft.comp/hls/syn/report/csynth_design_size.rpt
INFO: [HLS 200-1995] There were 456 instructions in the design after the 'Performance (step 4)' phase of compilation. See the Design Size Report for more details: /home/linux/ieng6/students/769/zeh003/Desktop/CSE-237C-Starter/project_files/project3/dft_32_precomputed/dft.comp/hls/syn/report/csynth_design_size.rpt
INFO: [HLS 200-1995] There were 778 instructions in the design after the 'HW Transforms (step 1)' phase of compilation. See the Design Size Report for more details: /home/linux/ieng6/students/769/zeh003/Desktop/CSE-237C-Starter/project_files/project3/dft_32_precomputed/dft.comp/hls/syn/report/csynth_design_size.rpt
INFO: [HLS 200-1995] There were 786 instructions in the design after the 'HW Transforms (step 2)' phase of compilation. See the Design Size Report for more details: /home/linux/ieng6/students/769/zeh003/Desktop/CSE-237C-Starter/project_files/project3/dft_32_precomputed/dft.comp/hls/syn/report/csynth_design_size.rpt
INFO: [HLS 214-188] Unrolling loop 'VITIS_LOOP_20_2' (dft.cpp:20:20) in function 'dft' partially with a factor of 2 (dft.cpp:5:0)
INFO: [HLS 214-248] Applying array_partition to '_ZL15sin_coeff_table': Complete partitioning on dimension 2. (./coefficients32_2D.h:39:0)
INFO: [HLS 214-248] Applying array_partition to '_ZL15cos_coeff_table': Complete partitioning on dimension 2. (./coefficients32_2D.h:4:0)
INFO: [HLS 214-248] Applying array_partition to 'input_R': Complete partitioning on dimension 1. (dft.cpp:5:0)
INFO: [HLS 214-248] Applying array_partition to 'input_I': Complete partitioning on dimension 1. (dft.cpp:5:0)
INFO: [HLS 214-248] Applying array_partition to 'output_R': Complete partitioning on dimension 1. (dft.cpp:5:0)
INFO: [HLS 214-248] Applying array_partition to 'output_I': Complete partitioning on dimension 1. (dft.cpp:5:0)
INFO: [HLS 214-376] automatically set the pipeline for Loop< VITIS_LOOP_20_2> at dft.cpp:20:20 
INFO: [HLS 200-111] Finished Compiling Optimization and Transform: CPU user time: 3.96 seconds. CPU system time: 0.69 seconds. Elapsed time: 8.93 seconds; current allocated memory: 669.984 MB.
INFO: [HLS 200-111] Finished Checking Pragmas: CPU user time: 0 seconds. CPU system time: 0 seconds. Elapsed time: 0.01 seconds; current allocated memory: 669.984 MB.
INFO: [HLS 200-10] Starting code transformations ...
INFO: [HLS 200-111] Finished Standard Transforms: CPU user time: 0.08 seconds. CPU system time: 0 seconds. Elapsed time: 0.1 seconds; current allocated memory: 670.727 MB.
INFO: [HLS 200-10] Checking synthesizability ...
INFO: [HLS 200-111] Finished Checking Synthesizability: CPU user time: 0.07 seconds. CPU system time: 0.01 seconds. Elapsed time: 0.09 seconds; current allocated memory: 671.227 MB.
INFO: [HLS 200-111] Finished Loop, function and other optimizations: CPU user time: 0.35 seconds. CPU system time: 0.01 seconds. Elapsed time: 0.37 seconds; current allocated memory: 694.492 MB.
WARNING: [HLS 200-960] Cannot flatten loop 'VITIS_LOOP_16_1' (dft.cpp:16:19) in function 'dft' the outer loop is not a perfect loop because there is nontrivial logic before entering the inner loop.
INFO: [HLS 200-111] Finished Architecture Synthesis: CPU user time: 0.23 seconds. CPU system time: 0.01 seconds. Elapsed time: 0.27 seconds; current allocated memory: 695.781 MB.
INFO: [HLS 200-10] Starting hardware synthesis ...
INFO: [HLS 200-10] Synthesizing 'dft' ...
INFO: [HLS 200-10] ----------------------------------------------------------------
INFO: [HLS 200-42] -- Implementing module 'dft_Pipeline_VITIS_LOOP_20_2' 
INFO: [HLS 200-10] ----------------------------------------------------------------
INFO: [SCHED 204-11] Starting scheduling ...
INFO: [SCHED 204-61] Pipelining loop 'VITIS_LOOP_20_2'.
WARNING: [HLS 200-880] The II Violation in module 'dft_Pipeline_VITIS_LOOP_20_2' (loop 'VITIS_LOOP_20_2'): Unable to enforce a carried dependence constraint (II = 1, distance = 1, offset = 1) between 'store' operation 0 bit ('add5_write_ln26', dft.cpp:26) of variable 'add_1', dft.cpp:26 on local variable 'add5' and 'fadd' operation 32 bit ('add', dft.cpp:26).
WARNING: [HLS 200-880] The II Violation in module 'dft_Pipeline_VITIS_LOOP_20_2' (loop 'VITIS_LOOP_20_2'): Unable to enforce a carried dependence constraint (II = 2, distance = 1, offset = 1) between 'store' operation 0 bit ('add5_write_ln26', dft.cpp:26) of variable 'add_1', dft.cpp:26 on local variable 'add5' and 'fadd' operation 32 bit ('add', dft.cpp:26).
WARNING: [HLS 200-880] The II Violation in module 'dft_Pipeline_VITIS_LOOP_20_2' (loop 'VITIS_LOOP_20_2'): Unable to enforce a carried dependence constraint (II = 3, distance = 1, offset = 1) between 'store' operation 0 bit ('add5_write_ln26', dft.cpp:26) of variable 'add_1', dft.cpp:26 on local variable 'add5' and 'fadd' operation 32 bit ('add', dft.cpp:26).
WARNING: [HLS 200-880] The II Violation in module 'dft_Pipeline_VITIS_LOOP_20_2' (loop 'VITIS_LOOP_20_2'): Unable to enforce a carried dependence constraint (II = 4, distance = 1, offset = 1) between 'store' operation 0 bit ('add5_write_ln26', dft.cpp:26) of variable 'add_1', dft.cpp:26 on local variable 'add5' and 'fadd' operation 32 bit ('add', dft.cpp:26).
WARNING: [HLS 200-880] The II Violation in module 'dft_Pipeline_VITIS_LOOP_20_2' (loop 'VITIS_LOOP_20_2'): Unable to enforce a carried dependence constraint (II = 7, distance = 1, offset = 1) between 'store' operation 0 bit ('add5_write_ln26', dft.cpp:26) of variable 'add_1', dft.cpp:26 on local variable 'add5' and 'fadd' operation 32 bit ('add', dft.cpp:26).
WARNING: [HLS 200-880] The II Violation in module 'dft_Pipeline_VITIS_LOOP_20_2' (loop 'VITIS_LOOP_20_2'): Unable to enforce a carried dependence constraint (II = 9, distance = 1, offset = 1) between 'store' operation 0 bit ('add5_write_ln26', dft.cpp:26) of variable 'add_1', dft.cpp:26 on local variable 'add5' and 'fadd' operation 32 bit ('add', dft.cpp:26).
WARNING: [HLS 200-880] The II Violation in module 'dft_Pipeline_VITIS_LOOP_20_2' (loop 'VITIS_LOOP_20_2'): Unable to enforce a carried dependence constraint (II = 10, distance = 1, offset = 1) between 'store' operation 0 bit ('add5_write_ln26', dft.cpp:26) of variable 'add_1', dft.cpp:26 on local variable 'add5' and 'fadd' operation 32 bit ('add', dft.cpp:26).
INFO: [HLS 200-1470] Pipelining result : Target II = NA, Final II = 11, Depth = 24, loop 'VITIS_LOOP_20_2'
INFO: [SCHED 204-11] Finished scheduling.
INFO: [HLS 200-111] Finished Scheduling: CPU user time: 0.25 seconds. CPU system time: 0.05 seconds. Elapsed time: 0.42 seconds; current allocated memory: 698.176 MB.
INFO: [BIND 205-100] Starting micro-architecture generation ...
INFO: [BIND 205-101] Performing variable lifetime analysis.
INFO: [BIND 205-101] Exploring resource sharing.
INFO: [BIND 205-101] Binding ...
INFO: [BIND 205-100] Finished micro-architecture generation.
INFO: [HLS 200-111] Finished Binding: CPU user time: 0.06 seconds. CPU system time: 0 seconds. Elapsed time: 0.08 seconds; current allocated memory: 698.176 MB.
INFO: [HLS 200-10] ----------------------------------------------------------------
INFO: [HLS 200-42] -- Implementing module 'dft' 
INFO: [HLS 200-10] ----------------------------------------------------------------
INFO: [SCHED 204-11] Starting scheduling ...
INFO: [SCHED 204-11] Finished scheduling.
INFO: [HLS 200-111] Finished Scheduling: CPU user time: 0.25 seconds. CPU system time: 0.01 seconds. Elapsed time: 0.32 seconds; current allocated memory: 702.742 MB.
INFO: [BIND 205-100] Starting micro-architecture generation ...
INFO: [BIND 205-101] Performing variable lifetime analysis.
INFO: [BIND 205-101] Exploring resource sharing.
INFO: [BIND 205-101] Binding ...
INFO: [BIND 205-100] Finished micro-architecture generation.
INFO: [HLS 200-111] Finished Binding: CPU user time: 0.1 seconds. CPU system time: 0.01 seconds. Elapsed time: 0.17 seconds; current allocated memory: 702.742 MB.
INFO: [HLS 200-10] ----------------------------------------------------------------
INFO: [HLS 200-10] -- Generating RTL for module 'dft_Pipeline_VITIS_LOOP_20_2' 
INFO: [HLS 200-10] ----------------------------------------------------------------
INFO: [HLS 200-1030] Apply Unified Pipeline Control on module 'dft_Pipeline_VITIS_LOOP_20_2' pipeline 'VITIS_LOOP_20_2' pipeline type 'loop pipeline'
INFO: [RTGEN 206-100] Generating core module 'faddfsub_32ns_32ns_32_5_full_dsp_1': 1 instance(s).
INFO: [RTGEN 206-100] Generating core module 'fmul_32ns_32ns_32_4_max_dsp_1': 1 instance(s).
INFO: [RTGEN 206-100] Generating core module 'sparsemux_33_5_32_1_1': 8 instance(s).
INFO: [RTGEN 206-100] Finished creating RTL model for 'dft_Pipeline_VITIS_LOOP_20_2'.
INFO: [HLS 200-111] Finished Creating RTL model: CPU user time: 0.21 seconds. CPU system time: 0.01 seconds. Elapsed time: 0.3 seconds; current allocated memory: 705.199 MB.
INFO: [HLS 200-10] ----------------------------------------------------------------
INFO: [HLS 200-10] -- Generating RTL for module 'dft' 
INFO: [HLS 200-10] ----------------------------------------------------------------
INFO: [RTGEN 206-500] Setting interface mode on port 'dft/input_R_0' to 'ap_none'.
INFO: [RTGEN 206-500] Setting interface mode on port 'dft/input_R_1' to 'ap_none'.
INFO: [RTGEN 206-500] Setting interface mode on port 'dft/input_R_2' to 'ap_none'.
INFO: [RTGEN 206-500] Setting interface mode on port 'dft/input_R_3' to 'ap_none'.
INFO: [RTGEN 206-500] Setting interface mode on port 'dft/input_R_4' to 'ap_none'.
INFO: [RTGEN 206-500] Setting interface mode on port 'dft/input_R_5' to 'ap_none'.
INFO: [RTGEN 206-500] Setting interface mode on port 'dft/input_R_6' to 'ap_none'.
INFO: [RTGEN 206-500] Setting interface mode on port 'dft/input_R_7' to 'ap_none'.
INFO: [RTGEN 206-500] Setting interface mode on port 'dft/input_R_8' to 'ap_none'.
INFO: [RTGEN 206-500] Setting interface mode on port 'dft/input_R_9' to 'ap_none'.
INFO: [RTGEN 206-500] Setting interface mode on port 'dft/input_R_10' to 'ap_none'.
INFO: [RTGEN 206-500] Setting interface mode on port 'dft/input_R_11' to 'ap_none'.
INFO: [RTGEN 206-500] Setting interface mode on port 'dft/input_R_12' to 'ap_none'.
INFO: [RTGEN 206-500] Setting interface mode on port 'dft/input_R_13' to 'ap_none'.
INFO: [RTGEN 206-500] Setting interface mode on port 'dft/input_R_14' to 'ap_none'.
INFO: [RTGEN 206-500] Setting interface mode on port 'dft/input_R_15' to 'ap_none'.
INFO: [RTGEN 206-500] Setting interface mode on port 'dft/input_R_16' to 'ap_none'.
INFO: [RTGEN 206-500] Setting interface mode on port 'dft/input_R_17' to 'ap_none'.
INFO: [RTGEN 206-500] Setting interface mode on port 'dft/input_R_18' to 'ap_none'.
INFO: [RTGEN 206-500] Setting interface mode on port 'dft/input_R_19' to 'ap_none'.
INFO: [RTGEN 206-500] Setting interface mode on port 'dft/input_R_20' to 'ap_none'.
INFO: [RTGEN 206-500] Setting interface mode on port 'dft/input_R_21' to 'ap_none'.
INFO: [RTGEN 206-500] Setting interface mode on port 'dft/input_R_22' to 'ap_none'.
INFO: [RTGEN 206-500] Setting interface mode on port 'dft/input_R_23' to 'ap_none'.
INFO: [RTGEN 206-500] Setting interface mode on port 'dft/input_R_24' to 'ap_none'.
INFO: [RTGEN 206-500] Setting interface mode on port 'dft/input_R_25' to 'ap_none'.
INFO: [RTGEN 206-500] Setting interface mode on port 'dft/input_R_26' to 'ap_none'.
INFO: [RTGEN 206-500] Setting interface mode on port 'dft/input_R_27' to 'ap_none'.
INFO: [RTGEN 206-500] Setting interface mode on port 'dft/input_R_28' to 'ap_none'.
INFO: [RTGEN 206-500] Setting interface mode on port 'dft/input_R_29' to 'ap_none'.
INFO: [RTGEN 206-500] Setting interface mode on port 'dft/input_R_30' to 'ap_none'.
INFO: [RTGEN 206-500] Setting interface mode on port 'dft/input_R_31' to 'ap_none'.
INFO: [RTGEN 206-500] Setting interface mode on port 'dft/input_I_0' to 'ap_none'.
INFO: [RTGEN 206-500] Setting interface mode on port 'dft/input_I_1' to 'ap_none'.
INFO: [RTGEN 206-500] Setting interface mode on port 'dft/input_I_2' to 'ap_none'.
INFO: [RTGEN 206-500] Setting interface mode on port 'dft/input_I_3' to 'ap_none'.
INFO: [RTGEN 206-500] Setting interface mode on port 'dft/input_I_4' to 'ap_none'.
INFO: [RTGEN 206-500] Setting interface mode on port 'dft/input_I_5' to 'ap_none'.
INFO: [RTGEN 206-500] Setting interface mode on port 'dft/input_I_6' to 'ap_none'.
INFO: [RTGEN 206-500] Setting interface mode on port 'dft/input_I_7' to 'ap_none'.
INFO: [RTGEN 206-500] Setting interface mode on port 'dft/input_I_8' to 'ap_none'.
INFO: [RTGEN 206-500] Setting interface mode on port 'dft/input_I_9' to 'ap_none'.
INFO: [RTGEN 206-500] Setting interface mode on port 'dft/input_I_10' to 'ap_none'.
INFO: [RTGEN 206-500] Setting interface mode on port 'dft/input_I_11' to 'ap_none'.
INFO: [RTGEN 206-500] Setting interface mode on port 'dft/input_I_12' to 'ap_none'.
INFO: [RTGEN 206-500] Setting interface mode on port 'dft/input_I_13' to 'ap_none'.
INFO: [RTGEN 206-500] Setting interface mode on port 'dft/input_I_14' to 'ap_none'.
INFO: [RTGEN 206-500] Setting interface mode on port 'dft/input_I_15' to 'ap_none'.
INFO: [RTGEN 206-500] Setting interface mode on port 'dft/input_I_16' to 'ap_none'.
INFO: [RTGEN 206-500] Setting interface mode on port 'dft/input_I_17' to 'ap_none'.
INFO: [RTGEN 206-500] Setting interface mode on port 'dft/input_I_18' to 'ap_none'.
INFO: [RTGEN 206-500] Setting interface mode on port 'dft/input_I_19' to 'ap_none'.
INFO: [RTGEN 206-500] Setting interface mode on port 'dft/input_I_20' to 'ap_none'.
INFO: [RTGEN 206-500] Setting interface mode on port 'dft/input_I_21' to 'ap_none'.
INFO: [RTGEN 206-500] Setting interface mode on port 'dft/input_I_22' to 'ap_none'.
INFO: [RTGEN 206-500] Setting interface mode on port 'dft/input_I_23' to 'ap_none'.
INFO: [RTGEN 206-500] Setting interface mode on port 'dft/input_I_24' to 'ap_none'.
INFO: [RTGEN 206-500] Setting interface mode on port 'dft/input_I_25' to 'ap_none'.
INFO: [RTGEN 206-500] Setting interface mode on port 'dft/input_I_26' to 'ap_none'.
INFO: [RTGEN 206-500] Setting interface mode on port 'dft/input_I_27' to 'ap_none'.
INFO: [RTGEN 206-500] Setting interface mode on port 'dft/input_I_28' to 'ap_none'.
INFO: [RTGEN 206-500] Setting interface mode on port 'dft/input_I_29' to 'ap_none'.
INFO: [RTGEN 206-500] Setting interface mode on port 'dft/input_I_30' to 'ap_none'.
INFO: [RTGEN 206-500] Setting interface mode on port 'dft/input_I_31' to 'ap_none'.
INFO: [RTGEN 206-500] Setting interface mode on port 'dft/output_R_0' to 'ap_vld'.
INFO: [RTGEN 206-500] Setting interface mode on port 'dft/output_R_1' to 'ap_vld'.
INFO: [RTGEN 206-500] Setting interface mode on port 'dft/output_R_2' to 'ap_vld'.
INFO: [RTGEN 206-500] Setting interface mode on port 'dft/output_R_3' to 'ap_vld'.
INFO: [RTGEN 206-500] Setting interface mode on port 'dft/output_R_4' to 'ap_vld'.
INFO: [RTGEN 206-500] Setting interface mode on port 'dft/output_R_5' to 'ap_vld'.
INFO: [RTGEN 206-500] Setting interface mode on port 'dft/output_R_6' to 'ap_vld'.
INFO: [RTGEN 206-500] Setting interface mode on port 'dft/output_R_7' to 'ap_vld'.
INFO: [RTGEN 206-500] Setting interface mode on port 'dft/output_R_8' to 'ap_vld'.
INFO: [RTGEN 206-500] Setting interface mode on port 'dft/output_R_9' to 'ap_vld'.
INFO: [RTGEN 206-500] Setting interface mode on port 'dft/output_R_10' to 'ap_vld'.
INFO: [RTGEN 206-500] Setting interface mode on port 'dft/output_R_11' to 'ap_vld'.
INFO: [RTGEN 206-500] Setting interface mode on port 'dft/output_R_12' to 'ap_vld'.
INFO: [RTGEN 206-500] Setting interface mode on port 'dft/output_R_13' to 'ap_vld'.
INFO: [RTGEN 206-500] Setting interface mode on port 'dft/output_R_14' to 'ap_vld'.
INFO: [RTGEN 206-500] Setting interface mode on port 'dft/output_R_15' to 'ap_vld'.
INFO: [RTGEN 206-500] Setting interface mode on port 'dft/output_R_16' to 'ap_vld'.
INFO: [RTGEN 206-500] Setting interface mode on port 'dft/output_R_17' to 'ap_vld'.
INFO: [RTGEN 206-500] Setting interface mode on port 'dft/output_R_18' to 'ap_vld'.
INFO: [RTGEN 206-500] Setting interface mode on port 'dft/output_R_19' to 'ap_vld'.
INFO: [RTGEN 206-500] Setting interface mode on port 'dft/output_R_20' to 'ap_vld'.
INFO: [RTGEN 206-500] Setting interface mode on port 'dft/output_R_21' to 'ap_vld'.
INFO: [RTGEN 206-500] Setting interface mode on port 'dft/output_R_22' to 'ap_vld'.
INFO: [RTGEN 206-500] Setting interface mode on port 'dft/output_R_23' to 'ap_vld'.
INFO: [RTGEN 206-500] Setting interface mode on port 'dft/output_R_24' to 'ap_vld'.
INFO: [RTGEN 206-500] Setting interface mode on port 'dft/output_R_25' to 'ap_vld'.
INFO: [RTGEN 206-500] Setting interface mode on port 'dft/output_R_26' to 'ap_vld'.
INFO: [RTGEN 206-500] Setting interface mode on port 'dft/output_R_27' to 'ap_vld'.
INFO: [RTGEN 206-500] Setting interface mode on port 'dft/output_R_28' to 'ap_vld'.
INFO: [RTGEN 206-500] Setting interface mode on port 'dft/output_R_29' to 'ap_vld'.
INFO: [RTGEN 206-500] Setting interface mode on port 'dft/output_R_30' to 'ap_vld'.
INFO: [RTGEN 206-500] Setting interface mode on port 'dft/output_R_31' to 'ap_vld'.
INFO: [RTGEN 206-500] Setting interface mode on port 'dft/output_I_0' to 'ap_vld'.
INFO: [RTGEN 206-500] Setting interface mode on port 'dft/output_I_1' to 'ap_vld'.
INFO: [RTGEN 206-500] Setting interface mode on port 'dft/output_I_2' to 'ap_vld'.
INFO: [RTGEN 206-500] Setting interface mode on port 'dft/output_I_3' to 'ap_vld'.
INFO: [RTGEN 206-500] Setting interface mode on port 'dft/output_I_4' to 'ap_vld'.
INFO: [RTGEN 206-500] Setting interface mode on port 'dft/output_I_5' to 'ap_vld'.
INFO: [RTGEN 206-500] Setting interface mode on port 'dft/output_I_6' to 'ap_vld'.
INFO: [RTGEN 206-500] Setting interface mode on port 'dft/output_I_7' to 'ap_vld'.
INFO: [RTGEN 206-500] Setting interface mode on port 'dft/output_I_8' to 'ap_vld'.
INFO: [RTGEN 206-500] Setting interface mode on port 'dft/output_I_9' to 'ap_vld'.
INFO: [RTGEN 206-500] Setting interface mode on port 'dft/output_I_10' to 'ap_vld'.
INFO: [RTGEN 206-500] Setting interface mode on port 'dft/output_I_11' to 'ap_vld'.
INFO: [RTGEN 206-500] Setting interface mode on port 'dft/output_I_12' to 'ap_vld'.
INFO: [RTGEN 206-500] Setting interface mode on port 'dft/output_I_13' to 'ap_vld'.
INFO: [RTGEN 206-500] Setting interface mode on port 'dft/output_I_14' to 'ap_vld'.
INFO: [RTGEN 206-500] Setting interface mode on port 'dft/output_I_15' to 'ap_vld'.
INFO: [RTGEN 206-500] Setting interface mode on port 'dft/output_I_16' to 'ap_vld'.
INFO: [RTGEN 206-500] Setting interface mode on port 'dft/output_I_17' to 'ap_vld'.
INFO: [RTGEN 206-500] Setting interface mode on port 'dft/output_I_18' to 'ap_vld'.
INFO: [RTGEN 206-500] Setting interface mode on port 'dft/output_I_19' to 'ap_vld'.
INFO: [RTGEN 206-500] Setting interface mode on port 'dft/output_I_20' to 'ap_vld'.
INFO: [RTGEN 206-500] Setting interface mode on port 'dft/output_I_21' to 'ap_vld'.
INFO: [RTGEN 206-500] Setting interface mode on port 'dft/output_I_22' to 'ap_vld'.
INFO: [RTGEN 206-500] Setting interface mode on port 'dft/output_I_23' to 'ap_vld'.
INFO: [RTGEN 206-500] Setting interface mode on port 'dft/output_I_24' to 'ap_vld'.
INFO: [RTGEN 206-500] Setting interface mode on port 'dft/output_I_25' to 'ap_vld'.
INFO: [RTGEN 206-500] Setting interface mode on port 'dft/output_I_26' to 'ap_vld'.
INFO: [RTGEN 206-500] Setting interface mode on port 'dft/output_I_27' to 'ap_vld'.
INFO: [RTGEN 206-500] Setting interface mode on port 'dft/output_I_28' to 'ap_vld'.
INFO: [RTGEN 206-500] Setting interface mode on port 'dft/output_I_29' to 'ap_vld'.
INFO: [RTGEN 206-500] Setting interface mode on port 'dft/output_I_30' to 'ap_vld'.
INFO: [RTGEN 206-500] Setting interface mode on port 'dft/output_I_31' to 'ap_vld'.
INFO: [RTGEN 206-500] Setting interface mode on function 'dft' to 'ap_ctrl_hs'.
INFO: [RTGEN 206-100] Finished creating RTL model for 'dft'.
INFO: [RTMG 210-279] Implementing memory 'dft_p_ZL15cos_coeff_table_0_ROM_AUTO_1R' using auto ROMs.
INFO: [RTMG 210-279] Implementing memory 'dft_p_ZL15cos_coeff_table_2_ROM_AUTO_1R' using auto ROMs.
INFO: [RTMG 210-279] Implementing memory 'dft_p_ZL15cos_coeff_table_4_ROM_AUTO_1R' using auto ROMs.
INFO: [RTMG 210-279] Implementing memory 'dft_p_ZL15cos_coeff_table_6_ROM_AUTO_1R' using auto ROMs.
INFO: [RTMG 210-279] Implementing memory 'dft_p_ZL15cos_coeff_table_8_ROM_AUTO_1R' using auto ROMs.
INFO: [RTMG 210-279] Implementing memory 'dft_p_ZL15cos_coeff_table_10_ROM_AUTO_1R' using auto ROMs.
INFO: [RTMG 210-279] Implementing memory 'dft_p_ZL15cos_coeff_table_12_ROM_AUTO_1R' using auto ROMs.
INFO: [RTMG 210-279] Implementing memory 'dft_p_ZL15cos_coeff_table_14_ROM_AUTO_1R' using auto ROMs.
INFO: [RTMG 210-279] Implementing memory 'dft_p_ZL15cos_coeff_table_16_ROM_AUTO_1R' using auto ROMs.
INFO: [RTMG 210-279] Implementing memory 'dft_p_ZL15cos_coeff_table_18_ROM_AUTO_1R' using auto ROMs.
INFO: [RTMG 210-279] Implementing memory 'dft_p_ZL15cos_coeff_table_20_ROM_AUTO_1R' using auto ROMs.
INFO: [RTMG 210-279] Implementing memory 'dft_p_ZL15cos_coeff_table_22_ROM_AUTO_1R' using auto ROMs.
INFO: [RTMG 210-279] Implementing memory 'dft_p_ZL15cos_coeff_table_24_ROM_AUTO_1R' using auto ROMs.
INFO: [RTMG 210-279] Implementing memory 'dft_p_ZL15cos_coeff_table_26_ROM_AUTO_1R' using auto ROMs.
INFO: [RTMG 210-279] Implementing memory 'dft_p_ZL15cos_coeff_table_28_ROM_AUTO_1R' using auto ROMs.
INFO: [RTMG 210-279] Implementing memory 'dft_p_ZL15cos_coeff_table_30_ROM_AUTO_1R' using auto ROMs.
INFO: [RTMG 210-279] Implementing memory 'dft_p_ZL15sin_coeff_table_0_ROM_AUTO_1R' using auto ROMs.
INFO: [RTMG 210-279] Implementing memory 'dft_p_ZL15sin_coeff_table_2_ROM_AUTO_1R' using auto ROMs.
INFO: [RTMG 210-279] Implementing memory 'dft_p_ZL15sin_coeff_table_4_ROM_AUTO_1R' using auto ROMs.
INFO: [RTMG 210-279] Implementing memory 'dft_p_ZL15sin_coeff_table_6_ROM_AUTO_1R' using auto ROMs.
INFO: [RTMG 210-279] Implementing memory 'dft_p_ZL15sin_coeff_table_8_ROM_AUTO_1R' using auto ROMs.
INFO: [RTMG 210-279] Implementing memory 'dft_p_ZL15sin_coeff_table_10_ROM_AUTO_1R' using auto ROMs.
INFO: [RTMG 210-279] Implementing memory 'dft_p_ZL15sin_coeff_table_12_ROM_AUTO_1R' using auto ROMs.
INFO: [RTMG 210-279] Implementing memory 'dft_p_ZL15sin_coeff_table_14_ROM_AUTO_1R' using auto ROMs.
INFO: [RTMG 210-279] Implementing memory 'dft_p_ZL15sin_coeff_table_16_ROM_AUTO_1R' using auto ROMs.
INFO: [RTMG 210-279] Implementing memory 'dft_p_ZL15sin_coeff_table_18_ROM_AUTO_1R' using auto ROMs.
INFO: [RTMG 210-279] Implementing memory 'dft_p_ZL15sin_coeff_table_20_ROM_AUTO_1R' using auto ROMs.
INFO: [RTMG 210-279] Implementing memory 'dft_p_ZL15sin_coeff_table_22_ROM_AUTO_1R' using auto ROMs.
INFO: [RTMG 210-279] Implementing memory 'dft_p_ZL15sin_coeff_table_24_ROM_AUTO_1R' using auto ROMs.
INFO: [RTMG 210-279] Implementing memory 'dft_p_ZL15sin_coeff_table_26_ROM_AUTO_1R' using auto ROMs.
INFO: [RTMG 210-279] Implementing memory 'dft_p_ZL15sin_coeff_table_28_ROM_AUTO_1R' using auto ROMs.
INFO: [RTMG 210-279] Implementing memory 'dft_p_ZL15sin_coeff_table_30_ROM_AUTO_1R' using auto ROMs.
INFO: [RTMG 210-279] Implementing memory 'dft_p_ZL15cos_coeff_table_1_ROM_AUTO_1R' using auto ROMs.
INFO: [RTMG 210-279] Implementing memory 'dft_p_ZL15cos_coeff_table_3_ROM_AUTO_1R' using auto ROMs.
INFO: [RTMG 210-279] Implementing memory 'dft_p_ZL15cos_coeff_table_5_ROM_AUTO_1R' using auto ROMs.
INFO: [RTMG 210-279] Implementing memory 'dft_p_ZL15cos_coeff_table_7_ROM_AUTO_1R' using auto ROMs.
INFO: [RTMG 210-279] Implementing memory 'dft_p_ZL15cos_coeff_table_9_ROM_AUTO_1R' using auto ROMs.
INFO: [RTMG 210-279] Implementing memory 'dft_p_ZL15cos_coeff_table_11_ROM_AUTO_1R' using auto ROMs.
INFO: [RTMG 210-279] Implementing memory 'dft_p_ZL15cos_coeff_table_13_ROM_AUTO_1R' using auto ROMs.
INFO: [RTMG 210-279] Implementing memory 'dft_p_ZL15cos_coeff_table_15_ROM_AUTO_1R' using auto ROMs.
INFO: [RTMG 210-279] Implementing memory 'dft_p_ZL15cos_coeff_table_17_ROM_AUTO_1R' using auto ROMs.
INFO: [RTMG 210-279] Implementing memory 'dft_p_ZL15cos_coeff_table_19_ROM_AUTO_1R' using auto ROMs.
INFO: [RTMG 210-279] Implementing memory 'dft_p_ZL15cos_coeff_table_23_ROM_AUTO_1R' using auto ROMs.
INFO: [RTMG 210-279] Implementing memory 'dft_p_ZL15cos_coeff_table_27_ROM_AUTO_1R' using auto ROMs.
INFO: [RTMG 210-279] Implementing memory 'dft_p_ZL15cos_coeff_table_29_ROM_AUTO_1R' using auto ROMs.
INFO: [RTMG 210-279] Implementing memory 'dft_p_ZL15cos_coeff_table_31_ROM_AUTO_1R' using auto ROMs.
INFO: [RTMG 210-279] Implementing memory 'dft_p_ZL15sin_coeff_table_1_ROM_AUTO_1R' using auto ROMs.
INFO: [RTMG 210-279] Implementing memory 'dft_p_ZL15sin_coeff_table_3_ROM_AUTO_1R' using auto ROMs.
INFO: [RTMG 210-279] Implementing memory 'dft_p_ZL15sin_coeff_table_5_ROM_AUTO_1R' using auto ROMs.
INFO: [RTMG 210-279] Implementing memory 'dft_p_ZL15sin_coeff_table_7_ROM_AUTO_1R' using auto ROMs.
INFO: [RTMG 210-279] Implementing memory 'dft_p_ZL15sin_coeff_table_9_ROM_AUTO_1R' using auto ROMs.
INFO: [RTMG 210-279] Implementing memory 'dft_p_ZL15sin_coeff_table_11_ROM_AUTO_1R' using auto ROMs.
INFO: [RTMG 210-279] Implementing memory 'dft_p_ZL15sin_coeff_table_13_ROM_AUTO_1R' using auto ROMs.
INFO: [RTMG 210-279] Implementing memory 'dft_p_ZL15sin_coeff_table_15_ROM_AUTO_1R' using auto ROMs.
INFO: [RTMG 210-279] Implementing memory 'dft_p_ZL15sin_coeff_table_17_ROM_AUTO_1R' using auto ROMs.
INFO: [RTMG 210-279] Implementing memory 'dft_p_ZL15sin_coeff_table_19_ROM_AUTO_1R' using auto ROMs.
INFO: [RTMG 210-279] Implementing memory 'dft_p_ZL15sin_coeff_table_21_ROM_AUTO_1R' using auto ROMs.
INFO: [RTMG 210-279] Implementing memory 'dft_p_ZL15sin_coeff_table_23_ROM_AUTO_1R' using auto ROMs.
INFO: [RTMG 210-279] Implementing memory 'dft_p_ZL15sin_coeff_table_25_ROM_AUTO_1R' using auto ROMs.
INFO: [RTMG 210-279] Implementing memory 'dft_p_ZL15sin_coeff_table_27_ROM_AUTO_1R' using auto ROMs.
INFO: [RTMG 210-279] Implementing memory 'dft_p_ZL15sin_coeff_table_29_ROM_AUTO_1R' using auto ROMs.
INFO: [RTMG 210-279] Implementing memory 'dft_p_ZL15sin_coeff_table_31_ROM_AUTO_1R' using auto ROMs.
INFO: [HLS 200-111] Finished Creating RTL model: CPU user time: 0.75 seconds. CPU system time: 0.12 seconds. Elapsed time: 2.1 seconds; current allocated memory: 712.613 MB.
INFO: [HLS 200-111] Finished Generating all RTL models: CPU user time: 0.65 seconds. CPU system time: 0.39 seconds. Elapsed time: 2.82 seconds; current allocated memory: 723.066 MB.
INFO: [HLS 200-111] Finished Updating report files: CPU user time: 2.91 seconds. CPU system time: 0.08 seconds. Elapsed time: 3.19 seconds; current allocated memory: 732.277 MB.
INFO: [VHDL 208-304] Generating VHDL RTL for dft.
INFO: [VLOG 209-307] Generating Verilog RTL for dft.
INFO: [HLS 200-790] **** Loop Constraint Status: All loop constraints were NOT satisfied.
INFO: [HLS 200-789] **** Estimated Fmax: 137.82 MHz
INFO: [HLS 200-2161] Finished Command csynth_design Elapsed time: 00:00:23; Allocated memory: 89.336 MB.
