/home/linux/ieng6/students/769/zeh003/Desktop/CSE-237C-Starter/project_files/project5_bnn/hls/bnn.comp/hls/.autopilot/db/bnn.pp.0.cpp:30590:5: warning: Added loop label VITIS_LOOP_676_1:   [xilinx-label-all-loops]
    for (unsigned i = low; i != high+1; ++i) {
    ^~~
    VITIS_LOOP_676_1: 
/home/linux/ieng6/students/769/zeh003/Desktop/CSE-237C-Starter/project_files/project5_bnn/hls/bnn.comp/hls/.autopilot/db/bnn.pp.0.cpp:30590:5: note: FIX-IT applied suggested code changes
/home/linux/ieng6/students/769/zeh003/Desktop/CSE-237C-Starter/project_files/project5_bnn/hls/bnn.comp/hls/.autopilot/db/bnn.pp.0.cpp:30604:5: warning: Added loop label VITIS_LOOP_690_1:   [xilinx-label-all-loops]
    for (unsigned i = low; i != high+1; ++i) {
    ^~~
    VITIS_LOOP_690_1: 
/home/linux/ieng6/students/769/zeh003/Desktop/CSE-237C-Starter/project_files/project5_bnn/hls/bnn.comp/hls/.autopilot/db/bnn.pp.0.cpp:30604:5: note: FIX-IT applied suggested code changes
/home/linux/ieng6/students/769/zeh003/Desktop/CSE-237C-Starter/project_files/project5_bnn/hls/bnn.comp/hls/.autopilot/db/bnn.pp.0.cpp:30618:5: warning: Added loop label VITIS_LOOP_704_1:   [xilinx-label-all-loops]
    for (unsigned i = low; i != high+1; ++i) {
    ^~~
    VITIS_LOOP_704_1: 
/home/linux/ieng6/students/769/zeh003/Desktop/CSE-237C-Starter/project_files/project5_bnn/hls/bnn.comp/hls/.autopilot/db/bnn.pp.0.cpp:30618:5: note: FIX-IT applied suggested code changes
/home/linux/ieng6/students/769/zeh003/Desktop/CSE-237C-Starter/project_files/project5_bnn/hls/bnn.comp/hls/.autopilot/db/bnn.pp.0.cpp:32252:7: warning: Added loop label VITIS_LOOP_1248_1:   [xilinx-label-all-loops]
      for (i = 0; i < __N - 1; ++i) {
      ^~~
      VITIS_LOOP_1248_1: 
/home/linux/ieng6/students/769/zeh003/Desktop/CSE-237C-Starter/project_files/project5_bnn/hls/bnn.comp/hls/.autopilot/db/bnn.pp.0.cpp:32252:7: note: FIX-IT applied suggested code changes
/home/linux/ieng6/students/769/zeh003/Desktop/CSE-237C-Starter/project_files/project5_bnn/hls/bnn.comp/hls/.autopilot/db/bnn.pp.0.cpp:34556:5: warning: Added loop label VITIS_LOOP_9_1:   [xilinx-label-all-loops]
    for (int i = 0; i < 16; i++) {
    ^~~
    VITIS_LOOP_9_1: 
/home/linux/ieng6/students/769/zeh003/Desktop/CSE-237C-Starter/project_files/project5_bnn/hls/bnn.comp/hls/.autopilot/db/bnn.pp.0.cpp:34556:5: note: FIX-IT applied suggested code changes
