

================================================================
== Vitis HLS Report for 'bnn'
================================================================
* Date:           Mon Dec  8 16:26:34 2025

* Version:        2024.2 (Build 5238294 on Nov  8 2024)
* Project:        bnn.comp
* Solution:       hls (Vivado IP Flow Target)
* Product family: zynq
* Target device:  xc7z020-clg400-1


================================================================
== Performance Estimates
================================================================
+ Timing: 
    * Summary: 
    +--------+----------+----------+------------+
    |  Clock |  Target  | Estimated| Uncertainty|
    +--------+----------+----------+------------+
    |ap_clk  |  10.00 ns|  7.251 ns|     2.70 ns|
    +--------+----------+----------+------------+

+ Latency: 
    * Summary: 
    +---------+---------+-----------+-----------+------+------+---------+
    |  Latency (cycles) |   Latency (absolute)  |   Interval  | Pipeline|
    |   min   |   max   |    min    |    max    |  min |  max |   Type  |
    +---------+---------+-----------+-----------+------+------+---------+
    |     6841|     6841|  68.410 us|  68.410 us|  6842|  6842|       no|
    +---------+---------+-----------+-----------+------+------+---------+

    + Detail: 
        * Instance: 
        N/A

        * Loop: 
        N/A

============================================================
+ Verbose Summary: Synthesis Manager
============================================================
InlineROM: 1
ExposeGlobal: 0
============================================================
+ Verbose Summary: CDFG Model
============================================================
IsTopModel: 1
ResetActiveHigh: 1
IsCombinational: 0
IsDatapathOnly: 0
HasWiredReturn: 1
HasMFsm: 0
HasVarLatency: 1
IsPipeline: 0
IsRtlPipelined: 0
IsInstanceOverlapped: 0
IsDontTouch: 0
HasImplIP: 0
IsGatedGlobalClock: 0


============================================================
+ Verbose Summary: Schedule
============================================================
* Number of FSM states : 10
* Pipeline : 0
* Dataflow Pipeline: 0

* FSM state transitions: 
1 --> 2 
2 --> 3 
3 --> 4 
4 --> 5 
5 --> 6 
6 --> 7 
7 --> 8 
8 --> 9 
9 --> 10 
10 --> 

* FSM state operations: 

State 1 <SV = 0> <Delay = 0.00>
ST_1 : Operation 11 [1/1] (0.00ns)   --->   "%l2_packed_loc = alloca i64 1"   --->   Operation 11 'alloca' 'l2_packed_loc' <Predicate = true> <Delay = 0.00>
ST_1 : Operation 12 [1/1] (0.00ns)   --->   "%l2_packed_1_loc = alloca i64 1"   --->   Operation 12 'alloca' 'l2_packed_1_loc' <Predicate = true> <Delay = 0.00>
ST_1 : Operation 13 [1/1] (0.00ns)   --->   "%l2_packed_2_loc = alloca i64 1"   --->   Operation 13 'alloca' 'l2_packed_2_loc' <Predicate = true> <Delay = 0.00>
ST_1 : Operation 14 [1/1] (0.00ns)   --->   "%l2_packed_3_loc = alloca i64 1"   --->   Operation 14 'alloca' 'l2_packed_3_loc' <Predicate = true> <Delay = 0.00>
ST_1 : Operation 15 [1/1] (0.00ns)   --->   "%l1_bits = alloca i64 1" [bnn.cpp:79]   --->   Operation 15 'alloca' 'l1_bits' <Predicate = true> <Delay = 0.00>
ST_1 : Operation 16 [1/1] (0.00ns)   --->   "%l1_bits_1 = alloca i64 1" [bnn.cpp:79]   --->   Operation 16 'alloca' 'l1_bits_1' <Predicate = true> <Delay = 0.00>
ST_1 : Operation 17 [1/1] (0.00ns)   --->   "%l1_bits_2 = alloca i64 1" [bnn.cpp:79]   --->   Operation 17 'alloca' 'l1_bits_2' <Predicate = true> <Delay = 0.00>
ST_1 : Operation 18 [1/1] (0.00ns)   --->   "%l1_bits_3 = alloca i64 1" [bnn.cpp:79]   --->   Operation 18 'alloca' 'l1_bits_3' <Predicate = true> <Delay = 0.00>
ST_1 : Operation 19 [1/1] (0.00ns)   --->   "%l1_bits_4 = alloca i64 1" [bnn.cpp:79]   --->   Operation 19 'alloca' 'l1_bits_4' <Predicate = true> <Delay = 0.00>
ST_1 : Operation 20 [1/1] (0.00ns)   --->   "%l1_bits_5 = alloca i64 1" [bnn.cpp:79]   --->   Operation 20 'alloca' 'l1_bits_5' <Predicate = true> <Delay = 0.00>
ST_1 : Operation 21 [1/1] (0.00ns)   --->   "%l1_bits_6 = alloca i64 1" [bnn.cpp:79]   --->   Operation 21 'alloca' 'l1_bits_6' <Predicate = true> <Delay = 0.00>
ST_1 : Operation 22 [1/1] (0.00ns)   --->   "%l1_bits_7 = alloca i64 1" [bnn.cpp:79]   --->   Operation 22 'alloca' 'l1_bits_7' <Predicate = true> <Delay = 0.00>
ST_1 : Operation 23 [1/1] (0.00ns)   --->   "%l1_packed = alloca i64 1" [bnn.cpp:99]   --->   Operation 23 'alloca' 'l1_packed' <Predicate = true> <Delay = 0.00>
ST_1 : Operation 24 [1/1] (0.00ns)   --->   "%l2_bits = alloca i64 1" [bnn.cpp:105]   --->   Operation 24 'alloca' 'l2_bits' <Predicate = true> <Delay = 0.00>
ST_1 : Operation 25 [1/1] (0.00ns)   --->   "%l2_bits_1 = alloca i64 1" [bnn.cpp:105]   --->   Operation 25 'alloca' 'l2_bits_1' <Predicate = true> <Delay = 0.00>
ST_1 : Operation 26 [1/1] (0.00ns)   --->   "%l2_bits_2 = alloca i64 1" [bnn.cpp:105]   --->   Operation 26 'alloca' 'l2_bits_2' <Predicate = true> <Delay = 0.00>
ST_1 : Operation 27 [1/1] (0.00ns)   --->   "%l2_bits_3 = alloca i64 1" [bnn.cpp:105]   --->   Operation 27 'alloca' 'l2_bits_3' <Predicate = true> <Delay = 0.00>
ST_1 : Operation 28 [1/1] (0.00ns)   --->   "%l2_bits_4 = alloca i64 1" [bnn.cpp:105]   --->   Operation 28 'alloca' 'l2_bits_4' <Predicate = true> <Delay = 0.00>
ST_1 : Operation 29 [1/1] (0.00ns)   --->   "%l2_bits_5 = alloca i64 1" [bnn.cpp:105]   --->   Operation 29 'alloca' 'l2_bits_5' <Predicate = true> <Delay = 0.00>
ST_1 : Operation 30 [1/1] (0.00ns)   --->   "%l2_bits_6 = alloca i64 1" [bnn.cpp:105]   --->   Operation 30 'alloca' 'l2_bits_6' <Predicate = true> <Delay = 0.00>
ST_1 : Operation 31 [1/1] (0.00ns)   --->   "%l2_bits_7 = alloca i64 1" [bnn.cpp:105]   --->   Operation 31 'alloca' 'l2_bits_7' <Predicate = true> <Delay = 0.00>
ST_1 : Operation 32 [2/2] (0.00ns)   --->   "%call_ln0 = call void @bnn_Pipeline_VITIS_LOOP_82_1_VITIS_LOOP_50_1, i16 %IN_r, i1 %l1_bits, i1 %l1_bits_1, i1 %l1_bits_2, i1 %l1_bits_3, i1 %l1_bits_4, i1 %l1_bits_5, i1 %l1_bits_6, i1 %l1_bits_7, i16 %w1"   --->   Operation 32 'call' 'call_ln0' <Predicate = true> <Delay = 0.00> <CoreType = "Generic">   --->   Generic Core

State 2 <SV = 1> <Delay = 0.00>
ST_2 : Operation 33 [1/2] (0.00ns)   --->   "%call_ln0 = call void @bnn_Pipeline_VITIS_LOOP_82_1_VITIS_LOOP_50_1, i16 %IN_r, i1 %l1_bits, i1 %l1_bits_1, i1 %l1_bits_2, i1 %l1_bits_3, i1 %l1_bits_4, i1 %l1_bits_5, i1 %l1_bits_6, i1 %l1_bits_7, i16 %w1"   --->   Operation 33 'call' 'call_ln0' <Predicate = true> <Delay = 0.00> <CoreType = "Generic">   --->   Generic Core

State 3 <SV = 2> <Delay = 0.00>
ST_3 : Operation 34 [2/2] (0.00ns)   --->   "%call_ln0 = call void @bnn_Pipeline_VITIS_LOOP_24_1, i1 %l1_bits, i1 %l1_bits_1, i1 %l1_bits_2, i1 %l1_bits_3, i1 %l1_bits_4, i1 %l1_bits_5, i1 %l1_bits_6, i1 %l1_bits_7, i16 %l1_packed"   --->   Operation 34 'call' 'call_ln0' <Predicate = true> <Delay = 0.00> <CoreType = "Generic">   --->   Generic Core

State 4 <SV = 3> <Delay = 0.00>
ST_4 : Operation 35 [1/2] (0.00ns)   --->   "%call_ln0 = call void @bnn_Pipeline_VITIS_LOOP_24_1, i1 %l1_bits, i1 %l1_bits_1, i1 %l1_bits_2, i1 %l1_bits_3, i1 %l1_bits_4, i1 %l1_bits_5, i1 %l1_bits_6, i1 %l1_bits_7, i16 %l1_packed"   --->   Operation 35 'call' 'call_ln0' <Predicate = true> <Delay = 0.00> <CoreType = "Generic">   --->   Generic Core

State 5 <SV = 4> <Delay = 0.00>
ST_5 : Operation 36 [2/2] (0.00ns)   --->   "%call_ln0 = call void @bnn_Pipeline_VITIS_LOOP_108_2_VITIS_LOOP_50_1, i16 %l1_packed, i1 %l2_bits, i1 %l2_bits_1, i1 %l2_bits_2, i1 %l2_bits_3, i1 %l2_bits_4, i1 %l2_bits_5, i1 %l2_bits_6, i1 %l2_bits_7, i16 %w2"   --->   Operation 36 'call' 'call_ln0' <Predicate = true> <Delay = 0.00> <CoreType = "Generic">   --->   Generic Core

State 6 <SV = 5> <Delay = 0.00>
ST_6 : Operation 37 [1/2] (0.00ns)   --->   "%call_ln0 = call void @bnn_Pipeline_VITIS_LOOP_108_2_VITIS_LOOP_50_1, i16 %l1_packed, i1 %l2_bits, i1 %l2_bits_1, i1 %l2_bits_2, i1 %l2_bits_3, i1 %l2_bits_4, i1 %l2_bits_5, i1 %l2_bits_6, i1 %l2_bits_7, i16 %w2"   --->   Operation 37 'call' 'call_ln0' <Predicate = true> <Delay = 0.00> <CoreType = "Generic">   --->   Generic Core

State 7 <SV = 6> <Delay = 0.00>
ST_7 : Operation 38 [2/2] (0.00ns)   --->   "%call_ln0 = call void @bnn_Pipeline_VITIS_LOOP_24_11, i1 %l2_bits, i1 %l2_bits_1, i1 %l2_bits_2, i1 %l2_bits_3, i1 %l2_bits_4, i1 %l2_bits_5, i1 %l2_bits_6, i1 %l2_bits_7, i16 %l2_packed_3_loc, i16 %l2_packed_2_loc, i16 %l2_packed_1_loc, i16 %l2_packed_loc"   --->   Operation 38 'call' 'call_ln0' <Predicate = true> <Delay = 0.00> <CoreType = "Generic">   --->   Generic Core

State 8 <SV = 7> <Delay = 0.00>
ST_8 : Operation 39 [1/2] (0.00ns)   --->   "%call_ln0 = call void @bnn_Pipeline_VITIS_LOOP_24_11, i1 %l2_bits, i1 %l2_bits_1, i1 %l2_bits_2, i1 %l2_bits_3, i1 %l2_bits_4, i1 %l2_bits_5, i1 %l2_bits_6, i1 %l2_bits_7, i16 %l2_packed_3_loc, i16 %l2_packed_2_loc, i16 %l2_packed_1_loc, i16 %l2_packed_loc"   --->   Operation 39 'call' 'call_ln0' <Predicate = true> <Delay = 0.00> <CoreType = "Generic">   --->   Generic Core

State 9 <SV = 8> <Delay = 0.00>
ST_9 : Operation 40 [1/1] (0.00ns)   --->   "%l2_packed_3_loc_load = load i16 %l2_packed_3_loc"   --->   Operation 40 'load' 'l2_packed_3_loc_load' <Predicate = true> <Delay = 0.00>
ST_9 : Operation 41 [1/1] (0.00ns)   --->   "%l2_packed_2_loc_load = load i16 %l2_packed_2_loc"   --->   Operation 41 'load' 'l2_packed_2_loc_load' <Predicate = true> <Delay = 0.00>
ST_9 : Operation 42 [1/1] (0.00ns)   --->   "%l2_packed_1_loc_load = load i16 %l2_packed_1_loc"   --->   Operation 42 'load' 'l2_packed_1_loc_load' <Predicate = true> <Delay = 0.00>
ST_9 : Operation 43 [1/1] (0.00ns)   --->   "%l2_packed_loc_load = load i16 %l2_packed_loc"   --->   Operation 43 'load' 'l2_packed_loc_load' <Predicate = true> <Delay = 0.00>
ST_9 : Operation 44 [1/1] (0.00ns)   --->   "%trunc_ln55 = trunc i16 %l2_packed_loc_load" [bnn.cpp:55->bnn.cpp:133]   --->   Operation 44 'trunc' 'trunc_ln55' <Predicate = true> <Delay = 0.00>
ST_9 : Operation 45 [1/1] (0.00ns)   --->   "%trunc_ln55_174 = trunc i16 %l2_packed_1_loc_load" [bnn.cpp:55->bnn.cpp:133]   --->   Operation 45 'trunc' 'trunc_ln55_174' <Predicate = true> <Delay = 0.00>
ST_9 : Operation 46 [1/1] (0.00ns)   --->   "%trunc_ln55_175 = trunc i16 %l2_packed_2_loc_load" [bnn.cpp:55->bnn.cpp:133]   --->   Operation 46 'trunc' 'trunc_ln55_175' <Predicate = true> <Delay = 0.00>
ST_9 : Operation 47 [1/1] (0.00ns)   --->   "%trunc_ln55_176 = trunc i16 %l2_packed_3_loc_load" [bnn.cpp:55->bnn.cpp:133]   --->   Operation 47 'trunc' 'trunc_ln55_176' <Predicate = true> <Delay = 0.00>
ST_9 : Operation 48 [2/2] (0.00ns)   --->   "%call_ln55 = call void @bnn_Pipeline_VITIS_LOOP_129_3, i16 %l2_packed_loc_load, i1 %trunc_ln55, i16 %l2_packed_1_loc_load, i1 %trunc_ln55_174, i16 %l2_packed_2_loc_load, i1 %trunc_ln55_175, i16 %l2_packed_3_loc_load, i1 %trunc_ln55_176, i32 %ys, i16 %p_ZL2w3_0, i16 %p_ZL2w3_1" [bnn.cpp:55->bnn.cpp:133]   --->   Operation 48 'call' 'call_ln55' <Predicate = true> <Delay = 0.00> <CoreType = "Generic">   --->   Generic Core

State 10 <SV = 9> <Delay = 0.00>
ST_10 : Operation 49 [1/1] (0.00ns)   --->   "%spectopmodule_ln64 = spectopmodule void @_ssdm_op_SpecTopModule, void @empty_1" [bnn.cpp:64]   --->   Operation 49 'spectopmodule' 'spectopmodule_ln64' <Predicate = true> <Delay = 0.00>
ST_10 : Operation 50 [1/1] (0.00ns)   --->   "%specinterface_ln0 = specinterface void @_ssdm_op_SpecInterface, i16 %IN_r, void @empty, i32 0, i32 0, void @empty_0, i32 4294967295, i32 0, void @empty_0, void @empty_0, void @empty_0, i32 0, i32 0, i32 0, i32 0, void @empty_0, void @empty_0, i32 4294967295, i32 0, i32 0"   --->   Operation 50 'specinterface' 'specinterface_ln0' <Predicate = true> <Delay = 0.00>
ST_10 : Operation 51 [1/1] (0.00ns)   --->   "%specbitsmap_ln0 = specbitsmap void @_ssdm_op_SpecBitsMap, i16 %IN_r"   --->   Operation 51 'specbitsmap' 'specbitsmap_ln0' <Predicate = true> <Delay = 0.00>
ST_10 : Operation 52 [1/1] (0.00ns)   --->   "%specinterface_ln0 = specinterface void @_ssdm_op_SpecInterface, i32 %ys, void @empty, i32 0, i32 0, void @empty_0, i32 4294967295, i32 0, void @empty_0, void @empty_0, void @empty_0, i32 0, i32 0, i32 0, i32 0, void @empty_0, void @empty_0, i32 4294967295, i32 0, i32 0"   --->   Operation 52 'specinterface' 'specinterface_ln0' <Predicate = true> <Delay = 0.00>
ST_10 : Operation 53 [1/1] (0.00ns)   --->   "%specbitsmap_ln0 = specbitsmap void @_ssdm_op_SpecBitsMap, i32 %ys"   --->   Operation 53 'specbitsmap' 'specbitsmap_ln0' <Predicate = true> <Delay = 0.00>
ST_10 : Operation 54 [1/2] (0.00ns)   --->   "%call_ln55 = call void @bnn_Pipeline_VITIS_LOOP_129_3, i16 %l2_packed_loc_load, i1 %trunc_ln55, i16 %l2_packed_1_loc_load, i1 %trunc_ln55_174, i16 %l2_packed_2_loc_load, i1 %trunc_ln55_175, i16 %l2_packed_3_loc_load, i1 %trunc_ln55_176, i32 %ys, i16 %p_ZL2w3_0, i16 %p_ZL2w3_1" [bnn.cpp:55->bnn.cpp:133]   --->   Operation 54 'call' 'call_ln55' <Predicate = true> <Delay = 0.00> <CoreType = "Generic">   --->   Generic Core
ST_10 : Operation 55 [1/1] (0.00ns)   --->   "%ret_ln137 = ret" [bnn.cpp:137]   --->   Operation 55 'ret' 'ret_ln137' <Predicate = true> <Delay = 0.00>


============================================================
+ Verbose Summary: Timing violations
============================================================
Target clock period: 10.000ns, clock uncertainty: 2.700ns.

 <State 1>: 0.000ns
The critical path consists of the following:

 <State 2>: 0.000ns
The critical path consists of the following:

 <State 3>: 0.000ns
The critical path consists of the following:

 <State 4>: 0.000ns
The critical path consists of the following:

 <State 5>: 0.000ns
The critical path consists of the following:

 <State 6>: 0.000ns
The critical path consists of the following:

 <State 7>: 0.000ns
The critical path consists of the following:

 <State 8>: 0.000ns
The critical path consists of the following:

 <State 9>: 0.000ns
The critical path consists of the following:

 <State 10>: 0.000ns
The critical path consists of the following:


============================================================
+ Verbose Summary: Binding
============================================================
N/A
* FSMD analyzer results:
  - Output states:
 - Input state : 
  - Chain level:
	State 1
	State 2
	State 3
	State 4
	State 5
	State 6
	State 7
	State 8
	State 9
	State 10


============================================================
+ Verbose Summary: Datapath Resource usage 
============================================================
N/A
