

================================================================
== Vitis HLS Report for 'bnn_Pipeline_VITIS_LOOP_82_1_VITIS_LOOP_50_1'
================================================================
* Date:           Mon Dec  8 16:26:32 2025

* Version:        2024.2 (Build 5238294 on Nov  8 2024)
* Project:        bnn.comp
* Solution:       hls (Vivado IP Flow Target)
* Product family: zynq
* Target device:  xc7z020-clg400-1


================================================================
== Performance Estimates
================================================================
+ Timing: 
    * Summary: 
    +--------+----------+----------+------------+
    |  Clock |  Target  | Estimated| Uncertainty|
    +--------+----------+----------+------------+
    |ap_clk  |  10.00 ns|  6.704 ns|     2.70 ns|
    +--------+----------+----------+------------+

+ Latency: 
    * Summary: 
    +---------+---------+-----------+-----------+------+------+------------------------------------------------+
    |  Latency (cycles) |   Latency (absolute)  |   Interval  |                    Pipeline                    |
    |   min   |   max   |    min    |    max    |  min |  max |                      Type                      |
    +---------+---------+-----------+-----------+------+------+------------------------------------------------+
    |     6280|     6280|  62.800 us|  62.800 us|  6273|  6273|  loop auto-rewind stp (delay=0 clock cycles(s))|
    +---------+---------+-----------+-----------+------+------+------------------------------------------------+

    + Detail: 
        * Instance: 
        N/A

        * Loop: 
        +-----------------------------------+---------+---------+----------+-----------+-----------+------+----------+
        |                                   |  Latency (cycles) | Iteration|  Initiation Interval  | Trip |          |
        |             Loop Name             |   min   |   max   |  Latency |  achieved |   target  | Count| Pipelined|
        +-----------------------------------+---------+---------+----------+-----------+-----------+------+----------+
        |- VITIS_LOOP_82_1_VITIS_LOOP_50_1  |     6278|     6278|         8|          1|          1|  6272|       yes|
        +-----------------------------------+---------+---------+----------+-----------+-----------+------+----------+

============================================================
+ Verbose Summary: Synthesis Manager
============================================================
InlineROM: 1
ExposeGlobal: 0
============================================================
+ Verbose Summary: CDFG Model
============================================================
IsTopModel: 0
ResetActiveHigh: 1
IsCombinational: 0
IsDatapathOnly: 0
HasWiredReturn: 1
HasMFsm: 2
HasVarLatency: 1
IsPipeline: 0
IsRtlPipelined: 0
IsInstanceOverlapped: 0
IsDontTouch: 0
HasImplIP: 0
IsGatedGlobalClock: 0

+ Individual pipeline summary: 
  * Pipeline-0: initiation interval (II) = 1, depth = 8


============================================================
+ Verbose Summary: Schedule
============================================================
* Number of FSM states : 8
* Pipeline : 1
  Pipeline-0 : II = 1, D = 8, States = { 1 2 3 4 5 6 7 8 }
* Dataflow Pipeline: 0

* FSM state transitions: 
1 --> 2 
2 --> 3 
3 --> 4 
4 --> 5 
5 --> 6 
6 --> 7 
7 --> 8 
8 --> 

* FSM state operations: 

State 1 <SV = 0> <Delay = 4.85>
ST_1 : Operation 11 [1/1] (0.00ns)   --->   "%same = alloca i32 1" [bnn.cpp:48->bnn.cpp:87]   --->   Operation 11 'alloca' 'same' <Predicate = true> <Delay = 0.00>
ST_1 : Operation 12 [1/1] (0.00ns)   --->   "%w = alloca i32 1" [bnn.cpp:50->bnn.cpp:87]   --->   Operation 12 'alloca' 'w' <Predicate = true> <Delay = 0.00>
ST_1 : Operation 13 [1/1] (0.00ns)   --->   "%n = alloca i32 1" [bnn.cpp:82]   --->   Operation 13 'alloca' 'n' <Predicate = true> <Delay = 0.00>
ST_1 : Operation 14 [1/1] (0.00ns)   --->   "%indvar_flatten = alloca i32 1"   --->   Operation 14 'alloca' 'indvar_flatten' <Predicate = true> <Delay = 0.00>
ST_1 : Operation 15 [1/1] (0.00ns)   --->   "%specinterface_ln0 = specinterface void @_ssdm_op_SpecInterface, i16 %IN_r, void @empty, i32 0, i32 0, void @empty_0, i32 4294967295, i32 0, void @empty_0, void @empty_0, void @empty_0, i32 0, i32 0, i32 0, i32 0, void @empty_0, void @empty_0, i32 4294967295, i32 0, i32 0"   --->   Operation 15 'specinterface' 'specinterface_ln0' <Predicate = true> <Delay = 0.00>
ST_1 : Operation 16 [1/1] (1.58ns)   --->   "%store_ln0 = store i13 0, i13 %indvar_flatten"   --->   Operation 16 'store' 'store_ln0' <Predicate = true> <Delay = 1.58>
ST_1 : Operation 17 [1/1] (1.58ns)   --->   "%store_ln82 = store i8 0, i8 %n" [bnn.cpp:82]   --->   Operation 17 'store' 'store_ln82' <Predicate = true> <Delay = 1.58>
ST_1 : Operation 18 [1/1] (1.58ns)   --->   "%store_ln50 = store i6 0, i6 %w" [bnn.cpp:50->bnn.cpp:87]   --->   Operation 18 'store' 'store_ln50' <Predicate = true> <Delay = 1.58>
ST_1 : Operation 19 [1/1] (1.58ns)   --->   "%store_ln48 = store i10 0, i10 %same" [bnn.cpp:48->bnn.cpp:87]   --->   Operation 19 'store' 'store_ln48' <Predicate = true> <Delay = 1.58>
ST_1 : Operation 20 [1/1] (0.00ns)   --->   "%br_ln0 = br void %for.inc.i"   --->   Operation 20 'br' 'br_ln0' <Predicate = true> <Delay = 0.00>
ST_1 : Operation 21 [1/1] (0.00ns)   --->   "%indvar_flatten_load = load i13 %indvar_flatten" [bnn.cpp:82]   --->   Operation 21 'load' 'indvar_flatten_load' <Predicate = true> <Delay = 0.00>
ST_1 : Operation 22 [1/1] (1.67ns)   --->   "%icmp_ln82 = icmp_eq  i13 %indvar_flatten_load, i13 6272" [bnn.cpp:82]   --->   Operation 22 'icmp' 'icmp_ln82' <Predicate = true> <Delay = 1.67> <CoreInst = "Cmp">   --->   Core 9 'Cmp' <Latency = 0> <II = 1> <Delay = 1.67> <FuncUnit> <Opcode : 'seteq' 'setne' 'setle' 'setge' 'setlt' 'setgt'> <InPorts = 2> <OutPorts = 1>
ST_1 : Operation 23 [1/1] (1.67ns)   --->   "%add_ln82 = add i13 %indvar_flatten_load, i13 1" [bnn.cpp:82]   --->   Operation 23 'add' 'add_ln82' <Predicate = true> <Delay = 1.67> <CoreInst = "Adder">   --->   Core 1 'Adder' <Latency = 0> <II = 1> <Delay = 1.67> <FuncUnit> <Opcode : 'add' 'sub'> <InPorts = 2> <OutPorts = 1>
ST_1 : Operation 24 [1/1] (0.00ns)   --->   "%br_ln82 = br i1 %icmp_ln82, void %_ZL10binary_dotPKtS0_ii.exit, void %VITIS_LOOP_27_2.i.preheader.exitStub" [bnn.cpp:82]   --->   Operation 24 'br' 'br_ln82' <Predicate = true> <Delay = 0.00>
ST_1 : Operation 25 [1/1] (1.58ns)   --->   "%store_ln82 = store i13 %add_ln82, i13 %indvar_flatten" [bnn.cpp:82]   --->   Operation 25 'store' 'store_ln82' <Predicate = (!icmp_ln82)> <Delay = 1.58>

State 2 <SV = 1> <Delay = 6.66>
ST_2 : Operation 26 [1/1] (0.00ns)   --->   "%w_load = load i6 %w" [bnn.cpp:50->bnn.cpp:87]   --->   Operation 26 'load' 'w_load' <Predicate = true> <Delay = 0.00>
ST_2 : Operation 27 [1/1] (0.00ns)   --->   "%n_load = load i8 %n" [bnn.cpp:82]   --->   Operation 27 'load' 'n_load' <Predicate = true> <Delay = 0.00>
ST_2 : Operation 28 [1/1] (1.82ns)   --->   "%icmp_ln50 = icmp_eq  i6 %w_load, i6 49" [bnn.cpp:50->bnn.cpp:87]   --->   Operation 28 'icmp' 'icmp_ln50' <Predicate = true> <Delay = 1.82> <CoreInst = "Cmp">   --->   Core 9 'Cmp' <Latency = 0> <II = 1> <Delay = 1.82> <FuncUnit> <Opcode : 'seteq' 'setne' 'setle' 'setge' 'setlt' 'setgt'> <InPorts = 2> <OutPorts = 1>
ST_2 : Operation 29 [1/1] (1.18ns)   --->   "%select_ln82 = select i1 %icmp_ln50, i6 0, i6 %w_load" [bnn.cpp:82]   --->   Operation 29 'select' 'select_ln82' <Predicate = true> <Delay = 1.18> <CoreInst = "Sel">   --->   Core 73 'Sel' <Latency = 0> <II = 1> <Delay = 1.18> <FuncUnit> <Opcode : 'select'> <InPorts = 3> <OutPorts = 1>
ST_2 : Operation 30 [1/1] (1.91ns)   --->   "%add_ln82_1 = add i8 %n_load, i8 1" [bnn.cpp:82]   --->   Operation 30 'add' 'add_ln82_1' <Predicate = true> <Delay = 1.91> <CoreInst = "Adder">   --->   Core 1 'Adder' <Latency = 0> <II = 1> <Delay = 1.91> <FuncUnit> <Opcode : 'add' 'sub'> <InPorts = 2> <OutPorts = 1>
ST_2 : Operation 31 [1/1] (1.24ns)   --->   "%select_ln82_2 = select i1 %icmp_ln50, i8 %add_ln82_1, i8 %n_load" [bnn.cpp:82]   --->   Operation 31 'select' 'select_ln82_2' <Predicate = true> <Delay = 1.24> <CoreInst = "Sel">   --->   Core 73 'Sel' <Latency = 0> <II = 1> <Delay = 1.24> <FuncUnit> <Opcode : 'select'> <InPorts = 3> <OutPorts = 1>
ST_2 : Operation 32 [1/1] (0.00ns)   --->   "%zext_ln50 = zext i8 %select_ln82_2" [bnn.cpp:50->bnn.cpp:87]   --->   Operation 32 'zext' 'zext_ln50' <Predicate = true> <Delay = 0.00>
ST_2 : Operation 33 [1/1] (0.00ns)   --->   "%trunc_ln82 = trunc i8 %select_ln82_2" [bnn.cpp:82]   --->   Operation 33 'trunc' 'trunc_ln82' <Predicate = true> <Delay = 0.00>
ST_2 : Operation 34 [3/3] (1.05ns) (grouped into DSP with root node add_ln53)   --->   "%mul_ln50 = mul i13 %zext_ln50, i13 49" [bnn.cpp:50->bnn.cpp:87]   --->   Operation 34 'mul' 'mul_ln50' <Predicate = true> <Delay = 1.05> <CoreInst = "DSP48">   --->   Core 116 'DSP48' <Latency = 3> <II = 1> <Delay = 2.15> <IPBlock> <Opcode : '' 'add' 'sub' 'mul' 'select'> <InPorts = 0> <OutPorts = 1> <Sync> <CReg>
ST_2 : Operation 35 [1/1] (1.82ns)   --->   "%add_ln50 = add i6 %select_ln82, i6 1" [bnn.cpp:50->bnn.cpp:87]   --->   Operation 35 'add' 'add_ln50' <Predicate = true> <Delay = 1.82> <CoreInst = "Adder">   --->   Core 1 'Adder' <Latency = 0> <II = 1> <Delay = 1.82> <FuncUnit> <Opcode : 'add' 'sub'> <InPorts = 2> <OutPorts = 1>
ST_2 : Operation 36 [1/1] (1.82ns)   --->   "%icmp_ln50_1 = icmp_eq  i6 %add_ln50, i6 49" [bnn.cpp:50->bnn.cpp:87]   --->   Operation 36 'icmp' 'icmp_ln50_1' <Predicate = true> <Delay = 1.82> <CoreInst = "Cmp">   --->   Core 9 'Cmp' <Latency = 0> <II = 1> <Delay = 1.82> <FuncUnit> <Opcode : 'seteq' 'setne' 'setle' 'setge' 'setlt' 'setgt'> <InPorts = 2> <OutPorts = 1>
ST_2 : Operation 37 [1/1] (0.00ns)   --->   "%lshr_ln = partselect i4 @_ssdm_op_PartSelect.i4.i8.i32.i32, i8 %select_ln82_2, i32 3, i32 6" [bnn.cpp:82]   --->   Operation 37 'partselect' 'lshr_ln' <Predicate = true> <Delay = 0.00>
ST_2 : Operation 38 [1/1] (0.00ns)   --->   "%br_ln50 = br i1 %icmp_ln50_1, void %new.latch.for.inc.i.split, void %last.iter.for.inc.i.split" [bnn.cpp:50->bnn.cpp:87]   --->   Operation 38 'br' 'br_ln50' <Predicate = true> <Delay = 0.00>
ST_2 : Operation 39 [1/1] (1.65ns)   --->   "%switch_ln91 = switch i3 %trunc_ln82, void %arrayidx.case.7, i3 0, void %arrayidx.case.0, i3 1, void %arrayidx.case.1, i3 2, void %arrayidx.case.2, i3 3, void %arrayidx.case.3, i3 4, void %arrayidx.case.4, i3 5, void %arrayidx.case.5, i3 6, void %arrayidx.case.6" [bnn.cpp:91]   --->   Operation 39 'switch' 'switch_ln91' <Predicate = (icmp_ln50_1)> <Delay = 1.65>
ST_2 : Operation 40 [1/1] (1.58ns)   --->   "%store_ln82 = store i8 %select_ln82_2, i8 %n" [bnn.cpp:82]   --->   Operation 40 'store' 'store_ln82' <Predicate = true> <Delay = 1.58>
ST_2 : Operation 41 [1/1] (1.58ns)   --->   "%store_ln50 = store i6 %add_ln50, i6 %w" [bnn.cpp:50->bnn.cpp:87]   --->   Operation 41 'store' 'store_ln50' <Predicate = true> <Delay = 1.58>

State 3 <SV = 2> <Delay = 1.05>
ST_3 : Operation 42 [2/3] (1.05ns) (grouped into DSP with root node add_ln53)   --->   "%mul_ln50 = mul i13 %zext_ln50, i13 49" [bnn.cpp:50->bnn.cpp:87]   --->   Operation 42 'mul' 'mul_ln50' <Predicate = true> <Delay = 1.05> <CoreInst = "DSP48">   --->   Core 116 'DSP48' <Latency = 3> <II = 1> <Delay = 2.15> <IPBlock> <Opcode : '' 'add' 'sub' 'mul' 'select'> <InPorts = 0> <OutPorts = 1> <Sync> <CReg>

State 4 <SV = 3> <Delay = 2.10>
ST_4 : Operation 43 [1/3] (0.00ns) (grouped into DSP with root node add_ln53)   --->   "%mul_ln50 = mul i13 %zext_ln50, i13 49" [bnn.cpp:50->bnn.cpp:87]   --->   Operation 43 'mul' 'mul_ln50' <Predicate = true> <Delay = 0.00> <CoreInst = "DSP48">   --->   Core 116 'DSP48' <Latency = 3> <II = 1> <Delay = 2.15> <IPBlock> <Opcode : '' 'add' 'sub' 'mul' 'select'> <InPorts = 0> <OutPorts = 1> <Sync> <CReg>
ST_4 : Operation 44 [1/1] (0.00ns)   --->   "%zext_ln50_2 = zext i6 %select_ln82" [bnn.cpp:50->bnn.cpp:87]   --->   Operation 44 'zext' 'zext_ln50_2' <Predicate = true> <Delay = 0.00>
ST_4 : Operation 45 [2/2] (2.10ns) (root node of the DSP)   --->   "%add_ln53 = add i13 %zext_ln50_2, i13 %mul_ln50" [bnn.cpp:53->bnn.cpp:87]   --->   Operation 45 'add' 'add_ln53' <Predicate = true> <Delay = 2.10> <CoreInst = "DSP48">   --->   Core 116 'DSP48' <Latency = 3> <II = 1> <Delay = 2.15> <IPBlock> <Opcode : '' 'add' 'sub' 'mul' 'select'> <InPorts = 0> <OutPorts = 1> <Sync> <CReg>

State 5 <SV = 4> <Delay = 5.35>
ST_5 : Operation 46 [1/1] (0.00ns)   --->   "%zext_ln50_1 = zext i6 %select_ln82" [bnn.cpp:50->bnn.cpp:87]   --->   Operation 46 'zext' 'zext_ln50_1' <Predicate = true> <Delay = 0.00>
ST_5 : Operation 47 [1/1] (0.00ns)   --->   "%IN_r_addr = getelementptr i16 %IN_r, i64 0, i64 %zext_ln50_1" [bnn.cpp:52->bnn.cpp:87]   --->   Operation 47 'getelementptr' 'IN_r_addr' <Predicate = true> <Delay = 0.00>
ST_5 : Operation 48 [2/2] (2.32ns)   --->   "%a = load i6 %IN_r_addr" [bnn.cpp:52->bnn.cpp:87]   --->   Operation 48 'load' 'a' <Predicate = true> <Delay = 2.32> <CoreInst = "RAM">   --->   Core 81 'RAM' <Latency = 1> <II = 1> <Delay = 2.32> <Storage> <Opcode : 'load' 'store'> <Ports = 2> <Width = 16> <Depth = 49> <RAM>
ST_5 : Operation 49 [1/2] (2.10ns) (root node of the DSP)   --->   "%add_ln53 = add i13 %zext_ln50_2, i13 %mul_ln50" [bnn.cpp:53->bnn.cpp:87]   --->   Operation 49 'add' 'add_ln53' <Predicate = true> <Delay = 2.10> <CoreInst = "DSP48">   --->   Core 116 'DSP48' <Latency = 3> <II = 1> <Delay = 2.15> <IPBlock> <Opcode : '' 'add' 'sub' 'mul' 'select'> <InPorts = 0> <OutPorts = 1> <Sync> <CReg>
ST_5 : Operation 50 [1/1] (0.00ns)   --->   "%zext_ln53 = zext i13 %add_ln53" [bnn.cpp:53->bnn.cpp:87]   --->   Operation 50 'zext' 'zext_ln53' <Predicate = true> <Delay = 0.00>
ST_5 : Operation 51 [1/1] (0.00ns)   --->   "%w1_addr = getelementptr i16 %w1, i64 0, i64 %zext_ln53" [bnn.cpp:53->bnn.cpp:87]   --->   Operation 51 'getelementptr' 'w1_addr' <Predicate = true> <Delay = 0.00>
ST_5 : Operation 52 [2/2] (3.25ns)   --->   "%b = load i13 %w1_addr" [bnn.cpp:53->bnn.cpp:87]   --->   Operation 52 'load' 'b' <Predicate = true> <Delay = 3.25> <CoreInst = "ROM">   --->   Core 94 'ROM' <Latency = 1> <II = 1> <Delay = 3.25> <Storage> <Opcode : 'load'> <Ports = 0> <Width = 16> <Depth = 6272> <ROM>

State 6 <SV = 5> <Delay = 6.38>
ST_6 : Operation 53 [1/2] ( I:2.32ns O:2.32ns )   --->   "%a = load i6 %IN_r_addr" [bnn.cpp:52->bnn.cpp:87]   --->   Operation 53 'load' 'a' <Predicate = true> <Delay = 2.32> <CoreInst = "RAM">   --->   Core 81 'RAM' <Latency = 1> <II = 1> <Delay = 2.32> <Storage> <Opcode : 'load' 'store'> <Ports = 2> <Width = 16> <Depth = 49> <RAM>
ST_6 : Operation 54 [1/2] ( I:3.25ns O:3.25ns )   --->   "%b = load i13 %w1_addr" [bnn.cpp:53->bnn.cpp:87]   --->   Operation 54 'load' 'b' <Predicate = true> <Delay = 3.25> <CoreInst = "ROM">   --->   Core 94 'ROM' <Latency = 1> <II = 1> <Delay = 3.25> <Storage> <Opcode : 'load'> <Ports = 0> <Width = 16> <Depth = 6272> <ROM>
ST_6 : Operation 55 [1/1] (0.00ns)   --->   "%trunc_ln55 = trunc i16 %b" [bnn.cpp:55->bnn.cpp:87]   --->   Operation 55 'trunc' 'trunc_ln55' <Predicate = true> <Delay = 0.00>
ST_6 : Operation 56 [1/1] (0.00ns) (grouped into LUT with out node add_ln56)   --->   "%bit_sel1 = bitselect i1 @_ssdm_op_BitSelect.i1.i16.i16, i16 %b, i16 15" [bnn.cpp:55->bnn.cpp:87]   --->   Operation 56 'bitselect' 'bit_sel1' <Predicate = true> <Delay = 0.00>
ST_6 : Operation 57 [1/1] (0.00ns) (grouped into LUT with out node add_ln56)   --->   "%xor_ln55_14 = xor i1 %bit_sel1, i1 1" [bnn.cpp:55->bnn.cpp:87]   --->   Operation 57 'xor' 'xor_ln55_14' <Predicate = true> <Delay = 0.00> <CoreInst = "LogicGate">   --->   Core 74 'LogicGate' <Latency = 0> <II = 1> <Delay = 0.97> <FuncUnit> <Opcode : 'and' 'or' 'xor'> <InPorts = 2> <OutPorts = 1>
ST_6 : Operation 58 [1/1] (0.00ns) (grouped into LUT with out node add_ln56)   --->   "%trunc_ln55_1 = trunc i16 %b" [bnn.cpp:55->bnn.cpp:87]   --->   Operation 58 'trunc' 'trunc_ln55_1' <Predicate = true> <Delay = 0.00>
ST_6 : Operation 59 [1/1] (0.00ns) (grouped into LUT with out node add_ln56)   --->   "%xor_ln = bitconcatenate i16 @_ssdm_op_BitConcatenate.i16.i1.i15, i1 %xor_ln55_14, i15 %trunc_ln55_1" [bnn.cpp:55->bnn.cpp:87]   --->   Operation 59 'bitconcatenate' 'xor_ln' <Predicate = true> <Delay = 0.00>
ST_6 : Operation 60 [1/1] (0.00ns) (grouped into LUT with out node add_ln56_11)   --->   "%bit_sel2 = bitselect i1 @_ssdm_op_BitSelect.i1.i16.i32, i16 %b, i32 1" [bnn.cpp:55->bnn.cpp:87]   --->   Operation 60 'bitselect' 'bit_sel2' <Predicate = true> <Delay = 0.00>
ST_6 : Operation 61 [1/1] (0.00ns) (grouped into LUT with out node add_ln56_11)   --->   "%xor_ln55 = xor i1 %bit_sel2, i1 1" [bnn.cpp:55->bnn.cpp:87]   --->   Operation 61 'xor' 'xor_ln55' <Predicate = true> <Delay = 0.00> <CoreInst = "LogicGate">   --->   Core 74 'LogicGate' <Latency = 0> <II = 1> <Delay = 0.97> <FuncUnit> <Opcode : 'and' 'or' 'xor'> <InPorts = 2> <OutPorts = 1>
ST_6 : Operation 62 [1/1] (0.00ns) (grouped into LUT with out node add_ln56_11)   --->   "%xor_ln55_1 = bitconcatenate i2 @_ssdm_op_BitConcatenate.i2.i1.i1, i1 %xor_ln55, i1 %trunc_ln55" [bnn.cpp:55->bnn.cpp:87]   --->   Operation 62 'bitconcatenate' 'xor_ln55_1' <Predicate = true> <Delay = 0.00>
ST_6 : Operation 63 [1/1] (0.00ns) (grouped into LUT with out node add_ln56_11)   --->   "%trunc_ln55_2 = trunc i16 %a" [bnn.cpp:55->bnn.cpp:87]   --->   Operation 63 'trunc' 'trunc_ln55_2' <Predicate = true> <Delay = 0.00>
ST_6 : Operation 64 [1/1] (0.00ns) (grouped into LUT with out node add_ln56_8)   --->   "%bit_sel3 = bitselect i1 @_ssdm_op_BitSelect.i1.i16.i32, i16 %b, i32 2" [bnn.cpp:55->bnn.cpp:87]   --->   Operation 64 'bitselect' 'bit_sel3' <Predicate = true> <Delay = 0.00>
ST_6 : Operation 65 [1/1] (0.00ns) (grouped into LUT with out node add_ln56_8)   --->   "%xor_ln55_16 = xor i1 %bit_sel3, i1 1" [bnn.cpp:55->bnn.cpp:87]   --->   Operation 65 'xor' 'xor_ln55_16' <Predicate = true> <Delay = 0.00> <CoreInst = "LogicGate">   --->   Core 74 'LogicGate' <Latency = 0> <II = 1> <Delay = 0.97> <FuncUnit> <Opcode : 'and' 'or' 'xor'> <InPorts = 2> <OutPorts = 1>
ST_6 : Operation 66 [1/1] (0.00ns) (grouped into LUT with out node add_ln56_8)   --->   "%trunc_ln55_3 = trunc i16 %b" [bnn.cpp:55->bnn.cpp:87]   --->   Operation 66 'trunc' 'trunc_ln55_3' <Predicate = true> <Delay = 0.00>
ST_6 : Operation 67 [1/1] (0.00ns) (grouped into LUT with out node add_ln56_8)   --->   "%xor_ln55_2 = bitconcatenate i3 @_ssdm_op_BitConcatenate.i3.i1.i2, i1 %xor_ln55_16, i2 %trunc_ln55_3" [bnn.cpp:55->bnn.cpp:87]   --->   Operation 67 'bitconcatenate' 'xor_ln55_2' <Predicate = true> <Delay = 0.00>
ST_6 : Operation 68 [1/1] (0.00ns) (grouped into LUT with out node add_ln56_8)   --->   "%trunc_ln55_4 = trunc i16 %a" [bnn.cpp:55->bnn.cpp:87]   --->   Operation 68 'trunc' 'trunc_ln55_4' <Predicate = true> <Delay = 0.00>
ST_6 : Operation 69 [1/1] (0.00ns) (grouped into LUT with out node add_ln56_10)   --->   "%bit_sel4 = bitselect i1 @_ssdm_op_BitSelect.i1.i16.i32, i16 %b, i32 3" [bnn.cpp:55->bnn.cpp:87]   --->   Operation 69 'bitselect' 'bit_sel4' <Predicate = true> <Delay = 0.00>
ST_6 : Operation 70 [1/1] (0.00ns) (grouped into LUT with out node add_ln56_10)   --->   "%xor_ln55_17 = xor i1 %bit_sel4, i1 1" [bnn.cpp:55->bnn.cpp:87]   --->   Operation 70 'xor' 'xor_ln55_17' <Predicate = true> <Delay = 0.00> <CoreInst = "LogicGate">   --->   Core 74 'LogicGate' <Latency = 0> <II = 1> <Delay = 0.97> <FuncUnit> <Opcode : 'and' 'or' 'xor'> <InPorts = 2> <OutPorts = 1>
ST_6 : Operation 71 [1/1] (0.00ns) (grouped into LUT with out node add_ln56_10)   --->   "%trunc_ln55_5 = trunc i16 %b" [bnn.cpp:55->bnn.cpp:87]   --->   Operation 71 'trunc' 'trunc_ln55_5' <Predicate = true> <Delay = 0.00>
ST_6 : Operation 72 [1/1] (0.00ns) (grouped into LUT with out node add_ln56_10)   --->   "%xor_ln55_3 = bitconcatenate i4 @_ssdm_op_BitConcatenate.i4.i1.i3, i1 %xor_ln55_17, i3 %trunc_ln55_5" [bnn.cpp:55->bnn.cpp:87]   --->   Operation 72 'bitconcatenate' 'xor_ln55_3' <Predicate = true> <Delay = 0.00>
ST_6 : Operation 73 [1/1] (0.00ns) (grouped into LUT with out node add_ln56_10)   --->   "%trunc_ln55_6 = trunc i16 %a" [bnn.cpp:55->bnn.cpp:87]   --->   Operation 73 'trunc' 'trunc_ln55_6' <Predicate = true> <Delay = 0.00>
ST_6 : Operation 74 [1/1] (0.00ns) (grouped into LUT with out node add_ln56_1)   --->   "%bit_sel5 = bitselect i1 @_ssdm_op_BitSelect.i1.i16.i32, i16 %b, i32 4" [bnn.cpp:55->bnn.cpp:87]   --->   Operation 74 'bitselect' 'bit_sel5' <Predicate = true> <Delay = 0.00>
ST_6 : Operation 75 [1/1] (0.00ns) (grouped into LUT with out node add_ln56_1)   --->   "%xor_ln55_18 = xor i1 %bit_sel5, i1 1" [bnn.cpp:55->bnn.cpp:87]   --->   Operation 75 'xor' 'xor_ln55_18' <Predicate = true> <Delay = 0.00> <CoreInst = "LogicGate">   --->   Core 74 'LogicGate' <Latency = 0> <II = 1> <Delay = 0.97> <FuncUnit> <Opcode : 'and' 'or' 'xor'> <InPorts = 2> <OutPorts = 1>
ST_6 : Operation 76 [1/1] (0.00ns) (grouped into LUT with out node add_ln56_1)   --->   "%trunc_ln55_7 = trunc i16 %b" [bnn.cpp:55->bnn.cpp:87]   --->   Operation 76 'trunc' 'trunc_ln55_7' <Predicate = true> <Delay = 0.00>
ST_6 : Operation 77 [1/1] (0.00ns) (grouped into LUT with out node add_ln56_1)   --->   "%xor_ln55_4 = bitconcatenate i5 @_ssdm_op_BitConcatenate.i5.i1.i4, i1 %xor_ln55_18, i4 %trunc_ln55_7" [bnn.cpp:55->bnn.cpp:87]   --->   Operation 77 'bitconcatenate' 'xor_ln55_4' <Predicate = true> <Delay = 0.00>
ST_6 : Operation 78 [1/1] (0.00ns) (grouped into LUT with out node add_ln56_1)   --->   "%trunc_ln55_8 = trunc i16 %a" [bnn.cpp:55->bnn.cpp:87]   --->   Operation 78 'trunc' 'trunc_ln55_8' <Predicate = true> <Delay = 0.00>
ST_6 : Operation 79 [1/1] (0.00ns) (grouped into LUT with out node add_ln56_7)   --->   "%bit_sel6 = bitselect i1 @_ssdm_op_BitSelect.i1.i16.i32, i16 %b, i32 5" [bnn.cpp:55->bnn.cpp:87]   --->   Operation 79 'bitselect' 'bit_sel6' <Predicate = true> <Delay = 0.00>
ST_6 : Operation 80 [1/1] (0.00ns) (grouped into LUT with out node add_ln56_7)   --->   "%xor_ln55_19 = xor i1 %bit_sel6, i1 1" [bnn.cpp:55->bnn.cpp:87]   --->   Operation 80 'xor' 'xor_ln55_19' <Predicate = true> <Delay = 0.00> <CoreInst = "LogicGate">   --->   Core 74 'LogicGate' <Latency = 0> <II = 1> <Delay = 0.97> <FuncUnit> <Opcode : 'and' 'or' 'xor'> <InPorts = 2> <OutPorts = 1>
ST_6 : Operation 81 [1/1] (0.00ns) (grouped into LUT with out node add_ln56_7)   --->   "%trunc_ln55_9 = trunc i16 %b" [bnn.cpp:55->bnn.cpp:87]   --->   Operation 81 'trunc' 'trunc_ln55_9' <Predicate = true> <Delay = 0.00>
ST_6 : Operation 82 [1/1] (0.00ns) (grouped into LUT with out node add_ln56_7)   --->   "%xor_ln55_5 = bitconcatenate i6 @_ssdm_op_BitConcatenate.i6.i1.i5, i1 %xor_ln55_19, i5 %trunc_ln55_9" [bnn.cpp:55->bnn.cpp:87]   --->   Operation 82 'bitconcatenate' 'xor_ln55_5' <Predicate = true> <Delay = 0.00>
ST_6 : Operation 83 [1/1] (0.00ns) (grouped into LUT with out node add_ln56_7)   --->   "%trunc_ln55_10 = trunc i16 %a" [bnn.cpp:55->bnn.cpp:87]   --->   Operation 83 'trunc' 'trunc_ln55_10' <Predicate = true> <Delay = 0.00>
ST_6 : Operation 84 [1/1] (0.00ns) (grouped into LUT with out node add_ln56_1)   --->   "%bit_sel7 = bitselect i1 @_ssdm_op_BitSelect.i1.i16.i32, i16 %b, i32 6" [bnn.cpp:55->bnn.cpp:87]   --->   Operation 84 'bitselect' 'bit_sel7' <Predicate = true> <Delay = 0.00>
ST_6 : Operation 85 [1/1] (0.00ns) (grouped into LUT with out node add_ln56_1)   --->   "%xor_ln55_20 = xor i1 %bit_sel7, i1 1" [bnn.cpp:55->bnn.cpp:87]   --->   Operation 85 'xor' 'xor_ln55_20' <Predicate = true> <Delay = 0.00> <CoreInst = "LogicGate">   --->   Core 74 'LogicGate' <Latency = 0> <II = 1> <Delay = 0.97> <FuncUnit> <Opcode : 'and' 'or' 'xor'> <InPorts = 2> <OutPorts = 1>
ST_6 : Operation 86 [1/1] (0.00ns) (grouped into LUT with out node add_ln56_1)   --->   "%trunc_ln55_11 = trunc i16 %b" [bnn.cpp:55->bnn.cpp:87]   --->   Operation 86 'trunc' 'trunc_ln55_11' <Predicate = true> <Delay = 0.00>
ST_6 : Operation 87 [1/1] (0.00ns) (grouped into LUT with out node add_ln56_1)   --->   "%xor_ln55_6 = bitconcatenate i7 @_ssdm_op_BitConcatenate.i7.i1.i6, i1 %xor_ln55_20, i6 %trunc_ln55_11" [bnn.cpp:55->bnn.cpp:87]   --->   Operation 87 'bitconcatenate' 'xor_ln55_6' <Predicate = true> <Delay = 0.00>
ST_6 : Operation 88 [1/1] (0.00ns) (grouped into LUT with out node add_ln56_1)   --->   "%trunc_ln55_12 = trunc i16 %a" [bnn.cpp:55->bnn.cpp:87]   --->   Operation 88 'trunc' 'trunc_ln55_12' <Predicate = true> <Delay = 0.00>
ST_6 : Operation 89 [1/1] (0.00ns) (grouped into LUT with out node add_ln56_3)   --->   "%bit_sel8 = bitselect i1 @_ssdm_op_BitSelect.i1.i16.i32, i16 %b, i32 7" [bnn.cpp:55->bnn.cpp:87]   --->   Operation 89 'bitselect' 'bit_sel8' <Predicate = true> <Delay = 0.00>
ST_6 : Operation 90 [1/1] (0.00ns) (grouped into LUT with out node add_ln56_3)   --->   "%xor_ln55_21 = xor i1 %bit_sel8, i1 1" [bnn.cpp:55->bnn.cpp:87]   --->   Operation 90 'xor' 'xor_ln55_21' <Predicate = true> <Delay = 0.00> <CoreInst = "LogicGate">   --->   Core 74 'LogicGate' <Latency = 0> <II = 1> <Delay = 0.97> <FuncUnit> <Opcode : 'and' 'or' 'xor'> <InPorts = 2> <OutPorts = 1>
ST_6 : Operation 91 [1/1] (0.00ns) (grouped into LUT with out node add_ln56_3)   --->   "%trunc_ln55_13 = trunc i16 %b" [bnn.cpp:55->bnn.cpp:87]   --->   Operation 91 'trunc' 'trunc_ln55_13' <Predicate = true> <Delay = 0.00>
ST_6 : Operation 92 [1/1] (0.00ns) (grouped into LUT with out node add_ln56_3)   --->   "%xor_ln55_7 = bitconcatenate i8 @_ssdm_op_BitConcatenate.i8.i1.i7, i1 %xor_ln55_21, i7 %trunc_ln55_13" [bnn.cpp:55->bnn.cpp:87]   --->   Operation 92 'bitconcatenate' 'xor_ln55_7' <Predicate = true> <Delay = 0.00>
ST_6 : Operation 93 [1/1] (0.00ns) (grouped into LUT with out node add_ln56_3)   --->   "%trunc_ln55_14 = trunc i16 %a" [bnn.cpp:55->bnn.cpp:87]   --->   Operation 93 'trunc' 'trunc_ln55_14' <Predicate = true> <Delay = 0.00>
ST_6 : Operation 94 [1/1] (0.00ns) (grouped into LUT with out node add_ln56_4)   --->   "%bit_sel10 = bitselect i1 @_ssdm_op_BitSelect.i1.i16.i32, i16 %b, i32 8" [bnn.cpp:55->bnn.cpp:87]   --->   Operation 94 'bitselect' 'bit_sel10' <Predicate = true> <Delay = 0.00>
ST_6 : Operation 95 [1/1] (0.00ns) (grouped into LUT with out node add_ln56_4)   --->   "%xor_ln55_22 = xor i1 %bit_sel10, i1 1" [bnn.cpp:55->bnn.cpp:87]   --->   Operation 95 'xor' 'xor_ln55_22' <Predicate = true> <Delay = 0.00> <CoreInst = "LogicGate">   --->   Core 74 'LogicGate' <Latency = 0> <II = 1> <Delay = 0.97> <FuncUnit> <Opcode : 'and' 'or' 'xor'> <InPorts = 2> <OutPorts = 1>
ST_6 : Operation 96 [1/1] (0.00ns) (grouped into LUT with out node add_ln56_4)   --->   "%trunc_ln55_15 = trunc i16 %b" [bnn.cpp:55->bnn.cpp:87]   --->   Operation 96 'trunc' 'trunc_ln55_15' <Predicate = true> <Delay = 0.00>
ST_6 : Operation 97 [1/1] (0.00ns) (grouped into LUT with out node add_ln56_4)   --->   "%xor_ln55_8 = bitconcatenate i9 @_ssdm_op_BitConcatenate.i9.i1.i8, i1 %xor_ln55_22, i8 %trunc_ln55_15" [bnn.cpp:55->bnn.cpp:87]   --->   Operation 97 'bitconcatenate' 'xor_ln55_8' <Predicate = true> <Delay = 0.00>
ST_6 : Operation 98 [1/1] (0.00ns) (grouped into LUT with out node add_ln56_4)   --->   "%trunc_ln55_16 = trunc i16 %a" [bnn.cpp:55->bnn.cpp:87]   --->   Operation 98 'trunc' 'trunc_ln55_16' <Predicate = true> <Delay = 0.00>
ST_6 : Operation 99 [1/1] (0.00ns) (grouped into LUT with out node add_ln56_7)   --->   "%bit_sel11 = bitselect i1 @_ssdm_op_BitSelect.i1.i16.i32, i16 %b, i32 9" [bnn.cpp:55->bnn.cpp:87]   --->   Operation 99 'bitselect' 'bit_sel11' <Predicate = true> <Delay = 0.00>
ST_6 : Operation 100 [1/1] (0.00ns) (grouped into LUT with out node add_ln56_7)   --->   "%xor_ln55_23 = xor i1 %bit_sel11, i1 1" [bnn.cpp:55->bnn.cpp:87]   --->   Operation 100 'xor' 'xor_ln55_23' <Predicate = true> <Delay = 0.00> <CoreInst = "LogicGate">   --->   Core 74 'LogicGate' <Latency = 0> <II = 1> <Delay = 0.97> <FuncUnit> <Opcode : 'and' 'or' 'xor'> <InPorts = 2> <OutPorts = 1>
ST_6 : Operation 101 [1/1] (0.00ns) (grouped into LUT with out node add_ln56_7)   --->   "%trunc_ln55_17 = trunc i16 %b" [bnn.cpp:55->bnn.cpp:87]   --->   Operation 101 'trunc' 'trunc_ln55_17' <Predicate = true> <Delay = 0.00>
ST_6 : Operation 102 [1/1] (0.00ns) (grouped into LUT with out node add_ln56_7)   --->   "%xor_ln55_9 = bitconcatenate i10 @_ssdm_op_BitConcatenate.i10.i1.i9, i1 %xor_ln55_23, i9 %trunc_ln55_17" [bnn.cpp:55->bnn.cpp:87]   --->   Operation 102 'bitconcatenate' 'xor_ln55_9' <Predicate = true> <Delay = 0.00>
ST_6 : Operation 103 [1/1] (0.00ns) (grouped into LUT with out node add_ln56_7)   --->   "%trunc_ln55_18 = trunc i16 %a" [bnn.cpp:55->bnn.cpp:87]   --->   Operation 103 'trunc' 'trunc_ln55_18' <Predicate = true> <Delay = 0.00>
ST_6 : Operation 104 [1/1] (0.00ns) (grouped into LUT with out node add_ln56_3)   --->   "%bit_sel13 = bitselect i1 @_ssdm_op_BitSelect.i1.i16.i32, i16 %b, i32 10" [bnn.cpp:55->bnn.cpp:87]   --->   Operation 104 'bitselect' 'bit_sel13' <Predicate = true> <Delay = 0.00>
ST_6 : Operation 105 [1/1] (0.00ns) (grouped into LUT with out node add_ln56_3)   --->   "%xor_ln55_24 = xor i1 %bit_sel13, i1 1" [bnn.cpp:55->bnn.cpp:87]   --->   Operation 105 'xor' 'xor_ln55_24' <Predicate = true> <Delay = 0.00> <CoreInst = "LogicGate">   --->   Core 74 'LogicGate' <Latency = 0> <II = 1> <Delay = 0.97> <FuncUnit> <Opcode : 'and' 'or' 'xor'> <InPorts = 2> <OutPorts = 1>
ST_6 : Operation 106 [1/1] (0.00ns) (grouped into LUT with out node add_ln56_3)   --->   "%trunc_ln55_19 = trunc i16 %b" [bnn.cpp:55->bnn.cpp:87]   --->   Operation 106 'trunc' 'trunc_ln55_19' <Predicate = true> <Delay = 0.00>
ST_6 : Operation 107 [1/1] (0.00ns) (grouped into LUT with out node add_ln56_3)   --->   "%xor_ln55_s = bitconcatenate i11 @_ssdm_op_BitConcatenate.i11.i1.i10, i1 %xor_ln55_24, i10 %trunc_ln55_19" [bnn.cpp:55->bnn.cpp:87]   --->   Operation 107 'bitconcatenate' 'xor_ln55_s' <Predicate = true> <Delay = 0.00>
ST_6 : Operation 108 [1/1] (0.00ns) (grouped into LUT with out node add_ln56_3)   --->   "%trunc_ln55_20 = trunc i16 %a" [bnn.cpp:55->bnn.cpp:87]   --->   Operation 108 'trunc' 'trunc_ln55_20' <Predicate = true> <Delay = 0.00>
ST_6 : Operation 109 [1/1] (0.00ns) (grouped into LUT with out node add_ln56_11)   --->   "%bit_sel14 = bitselect i1 @_ssdm_op_BitSelect.i1.i16.i32, i16 %b, i32 11" [bnn.cpp:55->bnn.cpp:87]   --->   Operation 109 'bitselect' 'bit_sel14' <Predicate = true> <Delay = 0.00>
ST_6 : Operation 110 [1/1] (0.00ns) (grouped into LUT with out node add_ln56_11)   --->   "%xor_ln55_25 = xor i1 %bit_sel14, i1 1" [bnn.cpp:55->bnn.cpp:87]   --->   Operation 110 'xor' 'xor_ln55_25' <Predicate = true> <Delay = 0.00> <CoreInst = "LogicGate">   --->   Core 74 'LogicGate' <Latency = 0> <II = 1> <Delay = 0.97> <FuncUnit> <Opcode : 'and' 'or' 'xor'> <InPorts = 2> <OutPorts = 1>
ST_6 : Operation 111 [1/1] (0.00ns) (grouped into LUT with out node add_ln56_11)   --->   "%trunc_ln55_21 = trunc i16 %b" [bnn.cpp:55->bnn.cpp:87]   --->   Operation 111 'trunc' 'trunc_ln55_21' <Predicate = true> <Delay = 0.00>
ST_6 : Operation 112 [1/1] (0.00ns) (grouped into LUT with out node add_ln56_11)   --->   "%xor_ln55_10 = bitconcatenate i12 @_ssdm_op_BitConcatenate.i12.i1.i11, i1 %xor_ln55_25, i11 %trunc_ln55_21" [bnn.cpp:55->bnn.cpp:87]   --->   Operation 112 'bitconcatenate' 'xor_ln55_10' <Predicate = true> <Delay = 0.00>
ST_6 : Operation 113 [1/1] (0.00ns) (grouped into LUT with out node add_ln56_11)   --->   "%trunc_ln55_22 = trunc i16 %a" [bnn.cpp:55->bnn.cpp:87]   --->   Operation 113 'trunc' 'trunc_ln55_22' <Predicate = true> <Delay = 0.00>
ST_6 : Operation 114 [1/1] (0.00ns) (grouped into LUT with out node add_ln56_4)   --->   "%bit_sel12 = bitselect i1 @_ssdm_op_BitSelect.i1.i16.i32, i16 %b, i32 12" [bnn.cpp:55->bnn.cpp:87]   --->   Operation 114 'bitselect' 'bit_sel12' <Predicate = true> <Delay = 0.00>
ST_6 : Operation 115 [1/1] (0.00ns) (grouped into LUT with out node add_ln56_4)   --->   "%xor_ln55_26 = xor i1 %bit_sel12, i1 1" [bnn.cpp:55->bnn.cpp:87]   --->   Operation 115 'xor' 'xor_ln55_26' <Predicate = true> <Delay = 0.00> <CoreInst = "LogicGate">   --->   Core 74 'LogicGate' <Latency = 0> <II = 1> <Delay = 0.97> <FuncUnit> <Opcode : 'and' 'or' 'xor'> <InPorts = 2> <OutPorts = 1>
ST_6 : Operation 116 [1/1] (0.00ns) (grouped into LUT with out node add_ln56_4)   --->   "%trunc_ln55_23 = trunc i16 %b" [bnn.cpp:55->bnn.cpp:87]   --->   Operation 116 'trunc' 'trunc_ln55_23' <Predicate = true> <Delay = 0.00>
ST_6 : Operation 117 [1/1] (0.00ns) (grouped into LUT with out node add_ln56_4)   --->   "%xor_ln55_11 = bitconcatenate i13 @_ssdm_op_BitConcatenate.i13.i1.i12, i1 %xor_ln55_26, i12 %trunc_ln55_23" [bnn.cpp:55->bnn.cpp:87]   --->   Operation 117 'bitconcatenate' 'xor_ln55_11' <Predicate = true> <Delay = 0.00>
ST_6 : Operation 118 [1/1] (0.00ns) (grouped into LUT with out node add_ln56_4)   --->   "%trunc_ln55_24 = trunc i16 %a" [bnn.cpp:55->bnn.cpp:87]   --->   Operation 118 'trunc' 'trunc_ln55_24' <Predicate = true> <Delay = 0.00>
ST_6 : Operation 119 [1/1] (0.00ns) (grouped into LUT with out node add_ln56_8)   --->   "%bit_sel9 = bitselect i1 @_ssdm_op_BitSelect.i1.i16.i32, i16 %b, i32 13" [bnn.cpp:55->bnn.cpp:87]   --->   Operation 119 'bitselect' 'bit_sel9' <Predicate = true> <Delay = 0.00>
ST_6 : Operation 120 [1/1] (0.00ns) (grouped into LUT with out node add_ln56_8)   --->   "%xor_ln55_27 = xor i1 %bit_sel9, i1 1" [bnn.cpp:55->bnn.cpp:87]   --->   Operation 120 'xor' 'xor_ln55_27' <Predicate = true> <Delay = 0.00> <CoreInst = "LogicGate">   --->   Core 74 'LogicGate' <Latency = 0> <II = 1> <Delay = 0.97> <FuncUnit> <Opcode : 'and' 'or' 'xor'> <InPorts = 2> <OutPorts = 1>
ST_6 : Operation 121 [1/1] (0.00ns) (grouped into LUT with out node add_ln56_8)   --->   "%trunc_ln55_25 = trunc i16 %b" [bnn.cpp:55->bnn.cpp:87]   --->   Operation 121 'trunc' 'trunc_ln55_25' <Predicate = true> <Delay = 0.00>
ST_6 : Operation 122 [1/1] (0.00ns) (grouped into LUT with out node add_ln56_8)   --->   "%xor_ln55_12 = bitconcatenate i14 @_ssdm_op_BitConcatenate.i14.i1.i13, i1 %xor_ln55_27, i13 %trunc_ln55_25" [bnn.cpp:55->bnn.cpp:87]   --->   Operation 122 'bitconcatenate' 'xor_ln55_12' <Predicate = true> <Delay = 0.00>
ST_6 : Operation 123 [1/1] (0.00ns) (grouped into LUT with out node add_ln56_8)   --->   "%trunc_ln55_26 = trunc i16 %a" [bnn.cpp:55->bnn.cpp:87]   --->   Operation 123 'trunc' 'trunc_ln55_26' <Predicate = true> <Delay = 0.00>
ST_6 : Operation 124 [1/1] (0.00ns) (grouped into LUT with out node add_ln56_10)   --->   "%bit_sel = bitselect i1 @_ssdm_op_BitSelect.i1.i16.i32, i16 %b, i32 14" [bnn.cpp:55->bnn.cpp:87]   --->   Operation 124 'bitselect' 'bit_sel' <Predicate = true> <Delay = 0.00>
ST_6 : Operation 125 [1/1] (0.00ns) (grouped into LUT with out node add_ln56_10)   --->   "%xor_ln55_28 = xor i1 %bit_sel, i1 1" [bnn.cpp:55->bnn.cpp:87]   --->   Operation 125 'xor' 'xor_ln55_28' <Predicate = true> <Delay = 0.00> <CoreInst = "LogicGate">   --->   Core 74 'LogicGate' <Latency = 0> <II = 1> <Delay = 0.97> <FuncUnit> <Opcode : 'and' 'or' 'xor'> <InPorts = 2> <OutPorts = 1>
ST_6 : Operation 126 [1/1] (0.00ns) (grouped into LUT with out node add_ln56_10)   --->   "%trunc_ln55_27 = trunc i16 %b" [bnn.cpp:55->bnn.cpp:87]   --->   Operation 126 'trunc' 'trunc_ln55_27' <Predicate = true> <Delay = 0.00>
ST_6 : Operation 127 [1/1] (0.00ns) (grouped into LUT with out node add_ln56_10)   --->   "%xor_ln55_13 = bitconcatenate i15 @_ssdm_op_BitConcatenate.i15.i1.i14, i1 %xor_ln55_28, i14 %trunc_ln55_27" [bnn.cpp:55->bnn.cpp:87]   --->   Operation 127 'bitconcatenate' 'xor_ln55_13' <Predicate = true> <Delay = 0.00>
ST_6 : Operation 128 [1/1] (0.00ns) (grouped into LUT with out node add_ln56_10)   --->   "%trunc_ln55_28 = trunc i16 %a" [bnn.cpp:55->bnn.cpp:87]   --->   Operation 128 'trunc' 'trunc_ln55_28' <Predicate = true> <Delay = 0.00>
ST_6 : Operation 129 [1/1] (0.00ns) (grouped into LUT with out node add_ln56)   --->   "%xor_ln55_15 = xor i1 %trunc_ln55, i1 1" [bnn.cpp:55->bnn.cpp:87]   --->   Operation 129 'xor' 'xor_ln55_15' <Predicate = true> <Delay = 0.00> <CoreInst = "LogicGate">   --->   Core 74 'LogicGate' <Latency = 0> <II = 1> <Delay = 0.97> <FuncUnit> <Opcode : 'and' 'or' 'xor'> <InPorts = 2> <OutPorts = 1>
ST_6 : Operation 130 [1/1] (0.00ns) (grouped into LUT with out node add_ln56)   --->   "%trunc_ln55_29 = trunc i16 %a" [bnn.cpp:55->bnn.cpp:87]   --->   Operation 130 'trunc' 'trunc_ln55_29' <Predicate = true> <Delay = 0.00>
ST_6 : Operation 131 [1/1] (0.00ns) (grouped into LUT with out node add_ln56)   --->   "%xnor = xor i16 %a, i16 %xor_ln" [bnn.cpp:55->bnn.cpp:87]   --->   Operation 131 'xor' 'xnor' <Predicate = true> <Delay = 0.00> <CoreInst = "LogicGate">   --->   Core 74 'LogicGate' <Latency = 0> <II = 1> <Delay = 0.99> <FuncUnit> <Opcode : 'and' 'or' 'xor'> <InPorts = 2> <OutPorts = 1>
ST_6 : Operation 132 [1/1] (0.00ns) (grouped into LUT with out node add_ln56)   --->   "%xor_ln11 = xor i1 %trunc_ln55_29, i1 %xor_ln55_15" [bnn.cpp:11->bnn.cpp:56->bnn.cpp:87]   --->   Operation 132 'xor' 'xor_ln11' <Predicate = true> <Delay = 0.00> <CoreInst = "LogicGate">   --->   Core 74 'LogicGate' <Latency = 0> <II = 1> <Delay = 0.97> <FuncUnit> <Opcode : 'and' 'or' 'xor'> <InPorts = 2> <OutPorts = 1>
ST_6 : Operation 133 [1/1] (0.00ns) (grouped into LUT with out node add_ln56_10)   --->   "%xor_ln11_1 = xor i15 %trunc_ln55_28, i15 %xor_ln55_13" [bnn.cpp:11->bnn.cpp:56->bnn.cpp:87]   --->   Operation 133 'xor' 'xor_ln11_1' <Predicate = true> <Delay = 0.00> <CoreInst = "LogicGate">   --->   Core 74 'LogicGate' <Latency = 0> <II = 1> <Delay = 0.99> <FuncUnit> <Opcode : 'and' 'or' 'xor'> <InPorts = 2> <OutPorts = 1>
ST_6 : Operation 134 [1/1] (0.00ns) (grouped into LUT with out node add_ln56_8)   --->   "%xor_ln11_2 = xor i14 %trunc_ln55_26, i14 %xor_ln55_12" [bnn.cpp:11->bnn.cpp:56->bnn.cpp:87]   --->   Operation 134 'xor' 'xor_ln11_2' <Predicate = true> <Delay = 0.00> <CoreInst = "LogicGate">   --->   Core 74 'LogicGate' <Latency = 0> <II = 1> <Delay = 0.99> <FuncUnit> <Opcode : 'and' 'or' 'xor'> <InPorts = 2> <OutPorts = 1>
ST_6 : Operation 135 [1/1] (0.00ns) (grouped into LUT with out node add_ln56_4)   --->   "%xor_ln11_3 = xor i13 %trunc_ln55_24, i13 %xor_ln55_11" [bnn.cpp:11->bnn.cpp:56->bnn.cpp:87]   --->   Operation 135 'xor' 'xor_ln11_3' <Predicate = true> <Delay = 0.00> <CoreInst = "LogicGate">   --->   Core 74 'LogicGate' <Latency = 0> <II = 1> <Delay = 0.99> <FuncUnit> <Opcode : 'and' 'or' 'xor'> <InPorts = 2> <OutPorts = 1>
ST_6 : Operation 136 [1/1] (0.00ns) (grouped into LUT with out node add_ln56_11)   --->   "%xor_ln11_4 = xor i12 %trunc_ln55_22, i12 %xor_ln55_10" [bnn.cpp:11->bnn.cpp:56->bnn.cpp:87]   --->   Operation 136 'xor' 'xor_ln11_4' <Predicate = true> <Delay = 0.00> <CoreInst = "LogicGate">   --->   Core 74 'LogicGate' <Latency = 0> <II = 1> <Delay = 0.99> <FuncUnit> <Opcode : 'and' 'or' 'xor'> <InPorts = 2> <OutPorts = 1>
ST_6 : Operation 137 [1/1] (0.00ns) (grouped into LUT with out node add_ln56_3)   --->   "%xor_ln11_5 = xor i11 %trunc_ln55_20, i11 %xor_ln55_s" [bnn.cpp:11->bnn.cpp:56->bnn.cpp:87]   --->   Operation 137 'xor' 'xor_ln11_5' <Predicate = true> <Delay = 0.00> <CoreInst = "LogicGate">   --->   Core 74 'LogicGate' <Latency = 0> <II = 1> <Delay = 0.99> <FuncUnit> <Opcode : 'and' 'or' 'xor'> <InPorts = 2> <OutPorts = 1>
ST_6 : Operation 138 [1/1] (0.00ns) (grouped into LUT with out node add_ln56_7)   --->   "%xor_ln11_6 = xor i10 %trunc_ln55_18, i10 %xor_ln55_9" [bnn.cpp:11->bnn.cpp:56->bnn.cpp:87]   --->   Operation 138 'xor' 'xor_ln11_6' <Predicate = true> <Delay = 0.00> <CoreInst = "LogicGate">   --->   Core 74 'LogicGate' <Latency = 0> <II = 1> <Delay = 0.99> <FuncUnit> <Opcode : 'and' 'or' 'xor'> <InPorts = 2> <OutPorts = 1>
ST_6 : Operation 139 [1/1] (0.00ns) (grouped into LUT with out node add_ln56_4)   --->   "%xor_ln11_7 = xor i9 %trunc_ln55_16, i9 %xor_ln55_8" [bnn.cpp:11->bnn.cpp:56->bnn.cpp:87]   --->   Operation 139 'xor' 'xor_ln11_7' <Predicate = true> <Delay = 0.00> <CoreInst = "LogicGate">   --->   Core 74 'LogicGate' <Latency = 0> <II = 1> <Delay = 0.99> <FuncUnit> <Opcode : 'and' 'or' 'xor'> <InPorts = 2> <OutPorts = 1>
ST_6 : Operation 140 [1/1] (0.00ns) (grouped into LUT with out node add_ln56_3)   --->   "%xor_ln11_8 = xor i8 %trunc_ln55_14, i8 %xor_ln55_7" [bnn.cpp:11->bnn.cpp:56->bnn.cpp:87]   --->   Operation 140 'xor' 'xor_ln11_8' <Predicate = true> <Delay = 0.00> <CoreInst = "LogicGate">   --->   Core 74 'LogicGate' <Latency = 0> <II = 1> <Delay = 0.99> <FuncUnit> <Opcode : 'and' 'or' 'xor'> <InPorts = 2> <OutPorts = 1>
ST_6 : Operation 141 [1/1] (0.00ns) (grouped into LUT with out node add_ln56_1)   --->   "%xor_ln11_9 = xor i7 %trunc_ln55_12, i7 %xor_ln55_6" [bnn.cpp:11->bnn.cpp:56->bnn.cpp:87]   --->   Operation 141 'xor' 'xor_ln11_9' <Predicate = true> <Delay = 0.00> <CoreInst = "LogicGate">   --->   Core 74 'LogicGate' <Latency = 0> <II = 1> <Delay = 0.99> <FuncUnit> <Opcode : 'and' 'or' 'xor'> <InPorts = 2> <OutPorts = 1>
ST_6 : Operation 142 [1/1] (0.00ns) (grouped into LUT with out node add_ln56_7)   --->   "%xor_ln11_10 = xor i6 %trunc_ln55_10, i6 %xor_ln55_5" [bnn.cpp:11->bnn.cpp:56->bnn.cpp:87]   --->   Operation 142 'xor' 'xor_ln11_10' <Predicate = true> <Delay = 0.00> <CoreInst = "LogicGate">   --->   Core 74 'LogicGate' <Latency = 0> <II = 1> <Delay = 0.97> <FuncUnit> <Opcode : 'and' 'or' 'xor'> <InPorts = 2> <OutPorts = 1>
ST_6 : Operation 143 [1/1] (0.00ns) (grouped into LUT with out node add_ln56_1)   --->   "%xor_ln11_11 = xor i5 %trunc_ln55_8, i5 %xor_ln55_4" [bnn.cpp:11->bnn.cpp:56->bnn.cpp:87]   --->   Operation 143 'xor' 'xor_ln11_11' <Predicate = true> <Delay = 0.00> <CoreInst = "LogicGate">   --->   Core 74 'LogicGate' <Latency = 0> <II = 1> <Delay = 0.78> <FuncUnit> <Opcode : 'and' 'or' 'xor'> <InPorts = 2> <OutPorts = 1>
ST_6 : Operation 144 [1/1] (0.00ns) (grouped into LUT with out node add_ln56_10)   --->   "%xor_ln11_12 = xor i4 %trunc_ln55_6, i4 %xor_ln55_3" [bnn.cpp:11->bnn.cpp:56->bnn.cpp:87]   --->   Operation 144 'xor' 'xor_ln11_12' <Predicate = true> <Delay = 0.00> <CoreInst = "LogicGate">   --->   Core 74 'LogicGate' <Latency = 0> <II = 1> <Delay = 0.97> <FuncUnit> <Opcode : 'and' 'or' 'xor'> <InPorts = 2> <OutPorts = 1>
ST_6 : Operation 145 [1/1] (0.00ns) (grouped into LUT with out node add_ln56_8)   --->   "%xor_ln11_13 = xor i3 %trunc_ln55_4, i3 %xor_ln55_2" [bnn.cpp:11->bnn.cpp:56->bnn.cpp:87]   --->   Operation 145 'xor' 'xor_ln11_13' <Predicate = true> <Delay = 0.00> <CoreInst = "LogicGate">   --->   Core 74 'LogicGate' <Latency = 0> <II = 1> <Delay = 0.96> <FuncUnit> <Opcode : 'and' 'or' 'xor'> <InPorts = 2> <OutPorts = 1>
ST_6 : Operation 146 [1/1] (0.00ns) (grouped into LUT with out node add_ln56_11)   --->   "%xor_ln11_14 = xor i2 %trunc_ln55_2, i2 %xor_ln55_1" [bnn.cpp:11->bnn.cpp:56->bnn.cpp:87]   --->   Operation 146 'xor' 'xor_ln11_14' <Predicate = true> <Delay = 0.00> <CoreInst = "LogicGate">   --->   Core 74 'LogicGate' <Latency = 0> <II = 1> <Delay = 0.97> <FuncUnit> <Opcode : 'and' 'or' 'xor'> <InPorts = 2> <OutPorts = 1>
ST_6 : Operation 147 [1/1] (0.00ns) (grouped into LUT with out node add_ln56_11)   --->   "%tmp = bitselect i1 @_ssdm_op_BitSelect.i1.i2.i32, i2 %xor_ln11_14, i32 1" [bnn.cpp:11->bnn.cpp:56->bnn.cpp:87]   --->   Operation 147 'bitselect' 'tmp' <Predicate = true> <Delay = 0.00>
ST_6 : Operation 148 [1/1] (0.00ns) (grouped into LUT with out node add_ln56_8)   --->   "%tmp_1 = bitselect i1 @_ssdm_op_BitSelect.i1.i3.i32, i3 %xor_ln11_13, i32 2" [bnn.cpp:11->bnn.cpp:56->bnn.cpp:87]   --->   Operation 148 'bitselect' 'tmp_1' <Predicate = true> <Delay = 0.00>
ST_6 : Operation 149 [1/1] (0.00ns) (grouped into LUT with out node add_ln56_10)   --->   "%tmp_2 = bitselect i1 @_ssdm_op_BitSelect.i1.i4.i32, i4 %xor_ln11_12, i32 3" [bnn.cpp:11->bnn.cpp:56->bnn.cpp:87]   --->   Operation 149 'bitselect' 'tmp_2' <Predicate = true> <Delay = 0.00>
ST_6 : Operation 150 [1/1] (0.00ns) (grouped into LUT with out node add_ln56_1)   --->   "%tmp_3 = bitselect i1 @_ssdm_op_BitSelect.i1.i5.i32, i5 %xor_ln11_11, i32 4" [bnn.cpp:11->bnn.cpp:56->bnn.cpp:87]   --->   Operation 150 'bitselect' 'tmp_3' <Predicate = true> <Delay = 0.00>
ST_6 : Operation 151 [1/1] (0.00ns) (grouped into LUT with out node add_ln56_7)   --->   "%tmp_4 = bitselect i1 @_ssdm_op_BitSelect.i1.i6.i32, i6 %xor_ln11_10, i32 5" [bnn.cpp:11->bnn.cpp:56->bnn.cpp:87]   --->   Operation 151 'bitselect' 'tmp_4' <Predicate = true> <Delay = 0.00>
ST_6 : Operation 152 [1/1] (0.00ns) (grouped into LUT with out node add_ln56_1)   --->   "%tmp_5 = bitselect i1 @_ssdm_op_BitSelect.i1.i7.i32, i7 %xor_ln11_9, i32 6" [bnn.cpp:11->bnn.cpp:56->bnn.cpp:87]   --->   Operation 152 'bitselect' 'tmp_5' <Predicate = true> <Delay = 0.00>
ST_6 : Operation 153 [1/1] (0.00ns) (grouped into LUT with out node add_ln56_3)   --->   "%tmp_6 = bitselect i1 @_ssdm_op_BitSelect.i1.i8.i32, i8 %xor_ln11_8, i32 7" [bnn.cpp:11->bnn.cpp:56->bnn.cpp:87]   --->   Operation 153 'bitselect' 'tmp_6' <Predicate = true> <Delay = 0.00>
ST_6 : Operation 154 [1/1] (0.00ns) (grouped into LUT with out node add_ln56_4)   --->   "%tmp_7 = bitselect i1 @_ssdm_op_BitSelect.i1.i9.i32, i9 %xor_ln11_7, i32 8" [bnn.cpp:11->bnn.cpp:56->bnn.cpp:87]   --->   Operation 154 'bitselect' 'tmp_7' <Predicate = true> <Delay = 0.00>
ST_6 : Operation 155 [1/1] (0.00ns) (grouped into LUT with out node add_ln56_7)   --->   "%tmp_8 = bitselect i1 @_ssdm_op_BitSelect.i1.i10.i32, i10 %xor_ln11_6, i32 9" [bnn.cpp:11->bnn.cpp:56->bnn.cpp:87]   --->   Operation 155 'bitselect' 'tmp_8' <Predicate = true> <Delay = 0.00>
ST_6 : Operation 156 [1/1] (0.00ns) (grouped into LUT with out node add_ln56_3)   --->   "%tmp_9 = bitselect i1 @_ssdm_op_BitSelect.i1.i11.i32, i11 %xor_ln11_5, i32 10" [bnn.cpp:11->bnn.cpp:56->bnn.cpp:87]   --->   Operation 156 'bitselect' 'tmp_9' <Predicate = true> <Delay = 0.00>
ST_6 : Operation 157 [1/1] (0.00ns) (grouped into LUT with out node add_ln56_11)   --->   "%tmp_10 = bitselect i1 @_ssdm_op_BitSelect.i1.i12.i32, i12 %xor_ln11_4, i32 11" [bnn.cpp:11->bnn.cpp:56->bnn.cpp:87]   --->   Operation 157 'bitselect' 'tmp_10' <Predicate = true> <Delay = 0.00>
ST_6 : Operation 158 [1/1] (0.00ns) (grouped into LUT with out node add_ln56_4)   --->   "%tmp_11 = bitselect i1 @_ssdm_op_BitSelect.i1.i13.i32, i13 %xor_ln11_3, i32 12" [bnn.cpp:11->bnn.cpp:56->bnn.cpp:87]   --->   Operation 158 'bitselect' 'tmp_11' <Predicate = true> <Delay = 0.00>
ST_6 : Operation 159 [1/1] (0.00ns) (grouped into LUT with out node add_ln56_8)   --->   "%tmp_12 = bitselect i1 @_ssdm_op_BitSelect.i1.i14.i32, i14 %xor_ln11_2, i32 13" [bnn.cpp:11->bnn.cpp:56->bnn.cpp:87]   --->   Operation 159 'bitselect' 'tmp_12' <Predicate = true> <Delay = 0.00>
ST_6 : Operation 160 [1/1] (0.00ns) (grouped into LUT with out node add_ln56_10)   --->   "%tmp_13 = bitselect i1 @_ssdm_op_BitSelect.i1.i15.i32, i15 %xor_ln11_1, i32 14" [bnn.cpp:11->bnn.cpp:56->bnn.cpp:87]   --->   Operation 160 'bitselect' 'tmp_13' <Predicate = true> <Delay = 0.00>
ST_6 : Operation 161 [1/1] (0.00ns) (grouped into LUT with out node add_ln56)   --->   "%tmp_14 = bitselect i1 @_ssdm_op_BitSelect.i1.i16.i32, i16 %xnor, i32 15" [bnn.cpp:56->bnn.cpp:87]   --->   Operation 161 'bitselect' 'tmp_14' <Predicate = true> <Delay = 0.00>
ST_6 : Operation 162 [1/1] (0.00ns) (grouped into LUT with out node add_ln56)   --->   "%zext_ln56_30 = zext i1 %tmp_14" [bnn.cpp:56->bnn.cpp:87]   --->   Operation 162 'zext' 'zext_ln56_30' <Predicate = true> <Delay = 0.00>
ST_6 : Operation 163 [1/1] (0.00ns) (grouped into LUT with out node add_ln56_1)   --->   "%zext_ln56 = zext i1 %tmp_5" [bnn.cpp:56->bnn.cpp:87]   --->   Operation 163 'zext' 'zext_ln56' <Predicate = true> <Delay = 0.00>
ST_6 : Operation 164 [1/1] (0.00ns) (grouped into LUT with out node add_ln56_1)   --->   "%zext_ln56_1 = zext i1 %tmp_3" [bnn.cpp:56->bnn.cpp:87]   --->   Operation 164 'zext' 'zext_ln56_1' <Predicate = true> <Delay = 0.00>
ST_6 : Operation 165 [1/1] (0.00ns) (grouped into LUT with out node add_ln56_3)   --->   "%zext_ln56_2 = zext i1 %tmp_6" [bnn.cpp:56->bnn.cpp:87]   --->   Operation 165 'zext' 'zext_ln56_2' <Predicate = true> <Delay = 0.00>
ST_6 : Operation 166 [1/1] (0.00ns) (grouped into LUT with out node add_ln56_3)   --->   "%zext_ln56_3 = zext i1 %tmp_9" [bnn.cpp:56->bnn.cpp:87]   --->   Operation 166 'zext' 'zext_ln56_3' <Predicate = true> <Delay = 0.00>
ST_6 : Operation 167 [1/1] (0.00ns) (grouped into LUT with out node add_ln56_4)   --->   "%zext_ln56_4 = zext i1 %tmp_11" [bnn.cpp:56->bnn.cpp:87]   --->   Operation 167 'zext' 'zext_ln56_4' <Predicate = true> <Delay = 0.00>
ST_6 : Operation 168 [1/1] (0.00ns) (grouped into LUT with out node add_ln56_4)   --->   "%zext_ln56_5 = zext i1 %tmp_7" [bnn.cpp:56->bnn.cpp:87]   --->   Operation 168 'zext' 'zext_ln56_5' <Predicate = true> <Delay = 0.00>
ST_6 : Operation 169 [1/1] (0.00ns) (grouped into LUT with out node add_ln56_7)   --->   "%zext_ln56_6 = zext i1 %tmp_8" [bnn.cpp:56->bnn.cpp:87]   --->   Operation 169 'zext' 'zext_ln56_6' <Predicate = true> <Delay = 0.00>
ST_6 : Operation 170 [1/1] (0.00ns) (grouped into LUT with out node add_ln56_7)   --->   "%zext_ln56_7 = zext i1 %tmp_4" [bnn.cpp:56->bnn.cpp:87]   --->   Operation 170 'zext' 'zext_ln56_7' <Predicate = true> <Delay = 0.00>
ST_6 : Operation 171 [1/1] (0.00ns) (grouped into LUT with out node add_ln56_8)   --->   "%zext_ln56_8 = zext i1 %tmp_12" [bnn.cpp:56->bnn.cpp:87]   --->   Operation 171 'zext' 'zext_ln56_8' <Predicate = true> <Delay = 0.00>
ST_6 : Operation 172 [1/1] (0.00ns) (grouped into LUT with out node add_ln56_8)   --->   "%zext_ln56_9 = zext i1 %tmp_1" [bnn.cpp:56->bnn.cpp:87]   --->   Operation 172 'zext' 'zext_ln56_9' <Predicate = true> <Delay = 0.00>
ST_6 : Operation 173 [1/1] (0.00ns) (grouped into LUT with out node add_ln56_10)   --->   "%zext_ln56_10 = zext i1 %tmp_2" [bnn.cpp:56->bnn.cpp:87]   --->   Operation 173 'zext' 'zext_ln56_10' <Predicate = true> <Delay = 0.00>
ST_6 : Operation 174 [1/1] (0.00ns) (grouped into LUT with out node add_ln56_10)   --->   "%zext_ln56_11 = zext i1 %tmp_13" [bnn.cpp:56->bnn.cpp:87]   --->   Operation 174 'zext' 'zext_ln56_11' <Predicate = true> <Delay = 0.00>
ST_6 : Operation 175 [1/1] (0.00ns) (grouped into LUT with out node add_ln56_11)   --->   "%zext_ln56_12 = zext i1 %tmp" [bnn.cpp:56->bnn.cpp:87]   --->   Operation 175 'zext' 'zext_ln56_12' <Predicate = true> <Delay = 0.00>
ST_6 : Operation 176 [1/1] (0.00ns) (grouped into LUT with out node add_ln56)   --->   "%zext_ln56_13 = zext i1 %xor_ln11" [bnn.cpp:56->bnn.cpp:87]   --->   Operation 176 'zext' 'zext_ln56_13' <Predicate = true> <Delay = 0.00>
ST_6 : Operation 177 [1/1] (0.00ns) (grouped into LUT with out node add_ln56_11)   --->   "%zext_ln56_14 = zext i1 %tmp_10" [bnn.cpp:56->bnn.cpp:87]   --->   Operation 177 'zext' 'zext_ln56_14' <Predicate = true> <Delay = 0.00>
ST_6 : Operation 178 [1/1] (1.56ns) (out node of the LUT)   --->   "%add_ln56 = add i2 %zext_ln56_13, i2 %zext_ln56_30" [bnn.cpp:56->bnn.cpp:87]   --->   Operation 178 'add' 'add_ln56' <Predicate = true> <Delay = 1.56> <CoreInst = "Adder">   --->   Core 1 'Adder' <Latency = 0> <II = 1> <Delay = 1.56> <FuncUnit> <Opcode : 'add' 'sub'> <InPorts = 2> <OutPorts = 1>
ST_6 : Operation 179 [1/1] (0.00ns)   --->   "%zext_ln56_15 = zext i2 %add_ln56" [bnn.cpp:56->bnn.cpp:87]   --->   Operation 179 'zext' 'zext_ln56_15' <Predicate = true> <Delay = 0.00>
ST_6 : Operation 180 [1/1] (1.56ns) (out node of the LUT)   --->   "%add_ln56_1 = add i2 %zext_ln56_1, i2 %zext_ln56" [bnn.cpp:56->bnn.cpp:87]   --->   Operation 180 'add' 'add_ln56_1' <Predicate = true> <Delay = 1.56> <CoreInst = "Adder">   --->   Core 1 'Adder' <Latency = 0> <II = 1> <Delay = 1.56> <FuncUnit> <Opcode : 'add' 'sub'> <InPorts = 2> <OutPorts = 1>
ST_6 : Operation 181 [1/1] (0.00ns)   --->   "%zext_ln56_16 = zext i2 %add_ln56_1" [bnn.cpp:56->bnn.cpp:87]   --->   Operation 181 'zext' 'zext_ln56_16' <Predicate = true> <Delay = 0.00>
ST_6 : Operation 182 [1/1] (1.56ns)   --->   "%add_ln56_2 = add i3 %zext_ln56_16, i3 %zext_ln56_15" [bnn.cpp:56->bnn.cpp:87]   --->   Operation 182 'add' 'add_ln56_2' <Predicate = true> <Delay = 1.56> <CoreInst = "Adder">   --->   Core 1 'Adder' <Latency = 0> <II = 1> <Delay = 1.56> <FuncUnit> <Opcode : 'add' 'sub'> <InPorts = 2> <OutPorts = 1>
ST_6 : Operation 183 [1/1] (1.56ns) (out node of the LUT)   --->   "%add_ln56_3 = add i2 %zext_ln56_3, i2 %zext_ln56_2" [bnn.cpp:56->bnn.cpp:87]   --->   Operation 183 'add' 'add_ln56_3' <Predicate = true> <Delay = 1.56> <CoreInst = "Adder">   --->   Core 1 'Adder' <Latency = 0> <II = 1> <Delay = 1.56> <FuncUnit> <Opcode : 'add' 'sub'> <InPorts = 2> <OutPorts = 1>
ST_6 : Operation 184 [1/1] (0.00ns)   --->   "%zext_ln56_18 = zext i2 %add_ln56_3" [bnn.cpp:56->bnn.cpp:87]   --->   Operation 184 'zext' 'zext_ln56_18' <Predicate = true> <Delay = 0.00>
ST_6 : Operation 185 [1/1] (1.56ns) (out node of the LUT)   --->   "%add_ln56_4 = add i2 %zext_ln56_5, i2 %zext_ln56_4" [bnn.cpp:56->bnn.cpp:87]   --->   Operation 185 'add' 'add_ln56_4' <Predicate = true> <Delay = 1.56> <CoreInst = "Adder">   --->   Core 1 'Adder' <Latency = 0> <II = 1> <Delay = 1.56> <FuncUnit> <Opcode : 'add' 'sub'> <InPorts = 2> <OutPorts = 1>
ST_6 : Operation 186 [1/1] (0.00ns)   --->   "%zext_ln56_19 = zext i2 %add_ln56_4" [bnn.cpp:56->bnn.cpp:87]   --->   Operation 186 'zext' 'zext_ln56_19' <Predicate = true> <Delay = 0.00>
ST_6 : Operation 187 [1/1] (1.56ns)   --->   "%add_ln56_5 = add i3 %zext_ln56_19, i3 %zext_ln56_18" [bnn.cpp:56->bnn.cpp:87]   --->   Operation 187 'add' 'add_ln56_5' <Predicate = true> <Delay = 1.56> <CoreInst = "Adder">   --->   Core 1 'Adder' <Latency = 0> <II = 1> <Delay = 1.56> <FuncUnit> <Opcode : 'add' 'sub'> <InPorts = 2> <OutPorts = 1>
ST_6 : Operation 188 [1/1] (1.56ns) (out node of the LUT)   --->   "%add_ln56_7 = add i2 %zext_ln56_7, i2 %zext_ln56_6" [bnn.cpp:56->bnn.cpp:87]   --->   Operation 188 'add' 'add_ln56_7' <Predicate = true> <Delay = 1.56> <CoreInst = "Adder">   --->   Core 1 'Adder' <Latency = 0> <II = 1> <Delay = 1.56> <FuncUnit> <Opcode : 'add' 'sub'> <InPorts = 2> <OutPorts = 1>
ST_6 : Operation 189 [1/1] (0.00ns)   --->   "%zext_ln56_22 = zext i2 %add_ln56_7" [bnn.cpp:56->bnn.cpp:87]   --->   Operation 189 'zext' 'zext_ln56_22' <Predicate = true> <Delay = 0.00>
ST_6 : Operation 190 [1/1] (1.56ns) (out node of the LUT)   --->   "%add_ln56_8 = add i2 %zext_ln56_9, i2 %zext_ln56_8" [bnn.cpp:56->bnn.cpp:87]   --->   Operation 190 'add' 'add_ln56_8' <Predicate = true> <Delay = 1.56> <CoreInst = "Adder">   --->   Core 1 'Adder' <Latency = 0> <II = 1> <Delay = 1.56> <FuncUnit> <Opcode : 'add' 'sub'> <InPorts = 2> <OutPorts = 1>
ST_6 : Operation 191 [1/1] (0.00ns)   --->   "%zext_ln56_23 = zext i2 %add_ln56_8" [bnn.cpp:56->bnn.cpp:87]   --->   Operation 191 'zext' 'zext_ln56_23' <Predicate = true> <Delay = 0.00>
ST_6 : Operation 192 [1/1] (1.56ns)   --->   "%add_ln56_9 = add i3 %zext_ln56_23, i3 %zext_ln56_22" [bnn.cpp:56->bnn.cpp:87]   --->   Operation 192 'add' 'add_ln56_9' <Predicate = true> <Delay = 1.56> <CoreInst = "Adder">   --->   Core 1 'Adder' <Latency = 0> <II = 1> <Delay = 1.56> <FuncUnit> <Opcode : 'add' 'sub'> <InPorts = 2> <OutPorts = 1>
ST_6 : Operation 193 [1/1] (1.56ns) (out node of the LUT)   --->   "%add_ln56_10 = add i2 %zext_ln56_11, i2 %zext_ln56_10" [bnn.cpp:56->bnn.cpp:87]   --->   Operation 193 'add' 'add_ln56_10' <Predicate = true> <Delay = 1.56> <CoreInst = "Adder">   --->   Core 1 'Adder' <Latency = 0> <II = 1> <Delay = 1.56> <FuncUnit> <Opcode : 'add' 'sub'> <InPorts = 2> <OutPorts = 1>
ST_6 : Operation 194 [1/1] (0.00ns)   --->   "%zext_ln56_25 = zext i2 %add_ln56_10" [bnn.cpp:56->bnn.cpp:87]   --->   Operation 194 'zext' 'zext_ln56_25' <Predicate = true> <Delay = 0.00>
ST_6 : Operation 195 [1/1] (1.56ns) (out node of the LUT)   --->   "%add_ln56_11 = add i2 %zext_ln56_12, i2 %zext_ln56_14" [bnn.cpp:56->bnn.cpp:87]   --->   Operation 195 'add' 'add_ln56_11' <Predicate = true> <Delay = 1.56> <CoreInst = "Adder">   --->   Core 1 'Adder' <Latency = 0> <II = 1> <Delay = 1.56> <FuncUnit> <Opcode : 'add' 'sub'> <InPorts = 2> <OutPorts = 1>
ST_6 : Operation 196 [1/1] (0.00ns)   --->   "%zext_ln56_26 = zext i2 %add_ln56_11" [bnn.cpp:56->bnn.cpp:87]   --->   Operation 196 'zext' 'zext_ln56_26' <Predicate = true> <Delay = 0.00>
ST_6 : Operation 197 [1/1] (1.56ns)   --->   "%add_ln56_12 = add i3 %zext_ln56_26, i3 %zext_ln56_25" [bnn.cpp:56->bnn.cpp:87]   --->   Operation 197 'add' 'add_ln56_12' <Predicate = true> <Delay = 1.56> <CoreInst = "Adder">   --->   Core 1 'Adder' <Latency = 0> <II = 1> <Delay = 1.56> <FuncUnit> <Opcode : 'add' 'sub'> <InPorts = 2> <OutPorts = 1>

State 7 <SV = 6> <Delay = 6.70>
ST_7 : Operation 198 [1/1] (0.00ns)   --->   "%same_load = load i10 %same" [bnn.cpp:82]   --->   Operation 198 'load' 'same_load' <Predicate = (!icmp_ln50)> <Delay = 0.00>
ST_7 : Operation 199 [1/1] (0.00ns) (grouped into LUT with out node same_1)   --->   "%select_ln82_1 = select i1 %icmp_ln50, i10 0, i10 %same_load" [bnn.cpp:82]   --->   Operation 199 'select' 'select_ln82_1' <Predicate = true> <Delay = 0.00> <CoreInst = "Sel">   --->   Core 73 'Sel' <Latency = 0> <II = 1> <Delay = 0.68> <FuncUnit> <Opcode : 'select'> <InPorts = 3> <OutPorts = 1>
ST_7 : Operation 200 [1/1] (0.00ns)   --->   "%zext_ln56_17 = zext i3 %add_ln56_2" [bnn.cpp:56->bnn.cpp:87]   --->   Operation 200 'zext' 'zext_ln56_17' <Predicate = true> <Delay = 0.00>
ST_7 : Operation 201 [1/1] (0.00ns)   --->   "%zext_ln56_20 = zext i3 %add_ln56_5" [bnn.cpp:56->bnn.cpp:87]   --->   Operation 201 'zext' 'zext_ln56_20' <Predicate = true> <Delay = 0.00>
ST_7 : Operation 202 [1/1] (1.65ns)   --->   "%add_ln56_6 = add i4 %zext_ln56_20, i4 %zext_ln56_17" [bnn.cpp:56->bnn.cpp:87]   --->   Operation 202 'add' 'add_ln56_6' <Predicate = true> <Delay = 1.65> <CoreInst = "Adder">   --->   Core 1 'Adder' <Latency = 0> <II = 1> <Delay = 1.65> <FuncUnit> <Opcode : 'add' 'sub'> <InPorts = 2> <OutPorts = 1>
ST_7 : Operation 203 [1/1] (0.00ns)   --->   "%zext_ln56_21 = zext i4 %add_ln56_6" [bnn.cpp:56->bnn.cpp:87]   --->   Operation 203 'zext' 'zext_ln56_21' <Predicate = true> <Delay = 0.00>
ST_7 : Operation 204 [1/1] (0.00ns)   --->   "%zext_ln56_24 = zext i3 %add_ln56_9" [bnn.cpp:56->bnn.cpp:87]   --->   Operation 204 'zext' 'zext_ln56_24' <Predicate = true> <Delay = 0.00>
ST_7 : Operation 205 [1/1] (0.00ns)   --->   "%zext_ln56_27 = zext i3 %add_ln56_12" [bnn.cpp:56->bnn.cpp:87]   --->   Operation 205 'zext' 'zext_ln56_27' <Predicate = true> <Delay = 0.00>
ST_7 : Operation 206 [1/1] (1.65ns)   --->   "%add_ln56_13 = add i4 %zext_ln56_27, i4 %zext_ln56_24" [bnn.cpp:56->bnn.cpp:87]   --->   Operation 206 'add' 'add_ln56_13' <Predicate = true> <Delay = 1.65> <CoreInst = "Adder">   --->   Core 1 'Adder' <Latency = 0> <II = 1> <Delay = 1.65> <FuncUnit> <Opcode : 'add' 'sub'> <InPorts = 2> <OutPorts = 1>
ST_7 : Operation 207 [1/1] (0.00ns)   --->   "%zext_ln56_28 = zext i4 %add_ln56_13" [bnn.cpp:56->bnn.cpp:87]   --->   Operation 207 'zext' 'zext_ln56_28' <Predicate = true> <Delay = 0.00>
ST_7 : Operation 208 [1/1] (1.73ns)   --->   "%add_ln56_14 = add i5 %zext_ln56_28, i5 %zext_ln56_21" [bnn.cpp:56->bnn.cpp:87]   --->   Operation 208 'add' 'add_ln56_14' <Predicate = true> <Delay = 1.73> <CoreInst = "Adder">   --->   Core 1 'Adder' <Latency = 0> <II = 1> <Delay = 1.73> <FuncUnit> <Opcode : 'add' 'sub'> <InPorts = 2> <OutPorts = 1>
ST_7 : Operation 209 [1/1] (0.00ns) (grouped into LUT with out node same_1)   --->   "%zext_ln56_29 = zext i5 %add_ln56_14" [bnn.cpp:56->bnn.cpp:87]   --->   Operation 209 'zext' 'zext_ln56_29' <Predicate = true> <Delay = 0.00>
ST_7 : Operation 210 [1/1] (1.73ns) (out node of the LUT)   --->   "%same_1 = add i10 %select_ln82_1, i10 %zext_ln56_29" [bnn.cpp:56->bnn.cpp:87]   --->   Operation 210 'add' 'same_1' <Predicate = true> <Delay = 1.73> <CoreInst = "Adder">   --->   Core 1 'Adder' <Latency = 0> <II = 1> <Delay = 1.73> <FuncUnit> <Opcode : 'add' 'sub'> <InPorts = 2> <OutPorts = 1>
ST_7 : Operation 211 [1/1] (0.00ns)   --->   "%br_ln91 = br void %arrayidx.exit" [bnn.cpp:91]   --->   Operation 211 'br' 'br_ln91' <Predicate = (icmp_ln50_1 & trunc_ln82 == 6)> <Delay = 0.00>
ST_7 : Operation 212 [1/1] (0.00ns)   --->   "%br_ln91 = br void %arrayidx.exit" [bnn.cpp:91]   --->   Operation 212 'br' 'br_ln91' <Predicate = (icmp_ln50_1 & trunc_ln82 == 5)> <Delay = 0.00>
ST_7 : Operation 213 [1/1] (0.00ns)   --->   "%br_ln91 = br void %arrayidx.exit" [bnn.cpp:91]   --->   Operation 213 'br' 'br_ln91' <Predicate = (icmp_ln50_1 & trunc_ln82 == 4)> <Delay = 0.00>
ST_7 : Operation 214 [1/1] (0.00ns)   --->   "%br_ln91 = br void %arrayidx.exit" [bnn.cpp:91]   --->   Operation 214 'br' 'br_ln91' <Predicate = (icmp_ln50_1 & trunc_ln82 == 3)> <Delay = 0.00>
ST_7 : Operation 215 [1/1] (0.00ns)   --->   "%br_ln91 = br void %arrayidx.exit" [bnn.cpp:91]   --->   Operation 215 'br' 'br_ln91' <Predicate = (icmp_ln50_1 & trunc_ln82 == 2)> <Delay = 0.00>
ST_7 : Operation 216 [1/1] (0.00ns)   --->   "%br_ln91 = br void %arrayidx.exit" [bnn.cpp:91]   --->   Operation 216 'br' 'br_ln91' <Predicate = (icmp_ln50_1 & trunc_ln82 == 1)> <Delay = 0.00>
ST_7 : Operation 217 [1/1] (0.00ns)   --->   "%br_ln91 = br void %arrayidx.exit" [bnn.cpp:91]   --->   Operation 217 'br' 'br_ln91' <Predicate = (icmp_ln50_1 & trunc_ln82 == 0)> <Delay = 0.00>
ST_7 : Operation 218 [1/1] (0.00ns)   --->   "%br_ln91 = br void %arrayidx.exit" [bnn.cpp:91]   --->   Operation 218 'br' 'br_ln91' <Predicate = (icmp_ln50_1 & trunc_ln82 == 7)> <Delay = 0.00>
ST_7 : Operation 219 [1/1] (1.58ns)   --->   "%store_ln48 = store i10 %same_1, i10 %same" [bnn.cpp:48->bnn.cpp:87]   --->   Operation 219 'store' 'store_ln48' <Predicate = true> <Delay = 1.58>
ST_7 : Operation 220 [1/1] (0.00ns)   --->   "%br_ln50 = br void %for.inc.i" [bnn.cpp:50->bnn.cpp:87]   --->   Operation 220 'br' 'br_ln50' <Predicate = true> <Delay = 0.00>
ST_7 : Operation 245 [1/1] (1.58ns)   --->   "%ret_ln0 = ret"   --->   Operation 245 'ret' 'ret_ln0' <Predicate = (icmp_ln82)> <Delay = 1.58>

State 8 <SV = 7> <Delay = 5.60>
ST_8 : Operation 221 [1/1] (0.00ns)   --->   "%specloopname_ln0 = specloopname void @_ssdm_op_SpecLoopName, void @VITIS_LOOP_82_1_VITIS_LOOP_50_1_str"   --->   Operation 221 'specloopname' 'specloopname_ln0' <Predicate = true> <Delay = 0.00>
ST_8 : Operation 222 [1/1] (0.00ns)   --->   "%speclooptripcount_ln0 = speclooptripcount void @_ssdm_op_SpecLoopTripCount, i64 6272, i64 6272, i64 6272"   --->   Operation 222 'speclooptripcount' 'speclooptripcount_ln0' <Predicate = true> <Delay = 0.00>
ST_8 : Operation 223 [1/1] (0.00ns)   --->   "%specpipeline_ln48 = specpipeline void @_ssdm_op_SpecPipeline, i32 4294967295, i32 0, i32 0, i32 0, void @empty_0" [bnn.cpp:48->bnn.cpp:87]   --->   Operation 223 'specpipeline' 'specpipeline_ln48' <Predicate = true> <Delay = 0.00>
ST_8 : Operation 224 [1/1] (0.00ns)   --->   "%zext_ln82 = zext i4 %lshr_ln" [bnn.cpp:82]   --->   Operation 224 'zext' 'zext_ln82' <Predicate = true> <Delay = 0.00>
ST_8 : Operation 225 [1/1] (0.00ns)   --->   "%shl_ln = bitconcatenate i11 @_ssdm_op_BitConcatenate.i11.i10.i1, i10 %same_1, i1 0" [bnn.cpp:60->bnn.cpp:87]   --->   Operation 225 'bitconcatenate' 'shl_ln' <Predicate = true> <Delay = 0.00>
ST_8 : Operation 226 [1/1] (1.63ns)   --->   "%dot = add i11 %shl_ln, i11 1264" [bnn.cpp:60->bnn.cpp:87]   --->   Operation 226 'add' 'dot' <Predicate = true> <Delay = 1.63> <CoreInst = "Adder">   --->   Core 1 'Adder' <Latency = 0> <II = 1> <Delay = 1.63> <FuncUnit> <Opcode : 'add' 'sub'> <InPorts = 2> <OutPorts = 1>
ST_8 : Operation 227 [1/1] (1.63ns)   --->   "%icmp_ln91 = icmp_slt  i11 %dot, i11 1" [bnn.cpp:91]   --->   Operation 227 'icmp' 'icmp_ln91' <Predicate = true> <Delay = 1.63> <CoreInst = "Cmp">   --->   Core 9 'Cmp' <Latency = 0> <II = 1> <Delay = 1.63> <FuncUnit> <Opcode : 'seteq' 'setne' 'setle' 'setge' 'setlt' 'setgt'> <InPorts = 2> <OutPorts = 1>
ST_8 : Operation 228 [1/1] (0.00ns)   --->   "%l1_bits_addr = getelementptr i1 %l1_bits, i64 0, i64 %zext_ln82" [bnn.cpp:91]   --->   Operation 228 'getelementptr' 'l1_bits_addr' <Predicate = true> <Delay = 0.00>
ST_8 : Operation 229 [1/1] (0.00ns)   --->   "%l1_bits_1_addr = getelementptr i1 %l1_bits_1, i64 0, i64 %zext_ln82" [bnn.cpp:91]   --->   Operation 229 'getelementptr' 'l1_bits_1_addr' <Predicate = true> <Delay = 0.00>
ST_8 : Operation 230 [1/1] (0.00ns)   --->   "%l1_bits_2_addr = getelementptr i1 %l1_bits_2, i64 0, i64 %zext_ln82" [bnn.cpp:91]   --->   Operation 230 'getelementptr' 'l1_bits_2_addr' <Predicate = true> <Delay = 0.00>
ST_8 : Operation 231 [1/1] (0.00ns)   --->   "%l1_bits_3_addr = getelementptr i1 %l1_bits_3, i64 0, i64 %zext_ln82" [bnn.cpp:91]   --->   Operation 231 'getelementptr' 'l1_bits_3_addr' <Predicate = true> <Delay = 0.00>
ST_8 : Operation 232 [1/1] (0.00ns)   --->   "%l1_bits_4_addr = getelementptr i1 %l1_bits_4, i64 0, i64 %zext_ln82" [bnn.cpp:91]   --->   Operation 232 'getelementptr' 'l1_bits_4_addr' <Predicate = true> <Delay = 0.00>
ST_8 : Operation 233 [1/1] (0.00ns)   --->   "%l1_bits_5_addr = getelementptr i1 %l1_bits_5, i64 0, i64 %zext_ln82" [bnn.cpp:91]   --->   Operation 233 'getelementptr' 'l1_bits_5_addr' <Predicate = true> <Delay = 0.00>
ST_8 : Operation 234 [1/1] (0.00ns)   --->   "%l1_bits_6_addr = getelementptr i1 %l1_bits_6, i64 0, i64 %zext_ln82" [bnn.cpp:91]   --->   Operation 234 'getelementptr' 'l1_bits_6_addr' <Predicate = true> <Delay = 0.00>
ST_8 : Operation 235 [1/1] (0.00ns)   --->   "%l1_bits_7_addr = getelementptr i1 %l1_bits_7, i64 0, i64 %zext_ln82" [bnn.cpp:91]   --->   Operation 235 'getelementptr' 'l1_bits_7_addr' <Predicate = true> <Delay = 0.00>
ST_8 : Operation 236 [1/1] ( I:2.32ns O:2.32ns )   --->   "%store_ln91 = store i1 %icmp_ln91, i4 %l1_bits_6_addr" [bnn.cpp:91]   --->   Operation 236 'store' 'store_ln91' <Predicate = (icmp_ln50_1 & trunc_ln82 == 6)> <Delay = 2.32> <CoreInst = "RAM">   --->   Core 81 'RAM' <Latency = 1> <II = 1> <Delay = 2.32> <Storage> <Opcode : 'load' 'store'> <Ports = 2> <Width = 1> <Depth = 16> <RAM>
ST_8 : Operation 237 [1/1] ( I:2.32ns O:2.32ns )   --->   "%store_ln91 = store i1 %icmp_ln91, i4 %l1_bits_5_addr" [bnn.cpp:91]   --->   Operation 237 'store' 'store_ln91' <Predicate = (icmp_ln50_1 & trunc_ln82 == 5)> <Delay = 2.32> <CoreInst = "RAM">   --->   Core 81 'RAM' <Latency = 1> <II = 1> <Delay = 2.32> <Storage> <Opcode : 'load' 'store'> <Ports = 2> <Width = 1> <Depth = 16> <RAM>
ST_8 : Operation 238 [1/1] ( I:2.32ns O:2.32ns )   --->   "%store_ln91 = store i1 %icmp_ln91, i4 %l1_bits_4_addr" [bnn.cpp:91]   --->   Operation 238 'store' 'store_ln91' <Predicate = (icmp_ln50_1 & trunc_ln82 == 4)> <Delay = 2.32> <CoreInst = "RAM">   --->   Core 81 'RAM' <Latency = 1> <II = 1> <Delay = 2.32> <Storage> <Opcode : 'load' 'store'> <Ports = 2> <Width = 1> <Depth = 16> <RAM>
ST_8 : Operation 239 [1/1] ( I:2.32ns O:2.32ns )   --->   "%store_ln91 = store i1 %icmp_ln91, i4 %l1_bits_3_addr" [bnn.cpp:91]   --->   Operation 239 'store' 'store_ln91' <Predicate = (icmp_ln50_1 & trunc_ln82 == 3)> <Delay = 2.32> <CoreInst = "RAM">   --->   Core 81 'RAM' <Latency = 1> <II = 1> <Delay = 2.32> <Storage> <Opcode : 'load' 'store'> <Ports = 2> <Width = 1> <Depth = 16> <RAM>
ST_8 : Operation 240 [1/1] ( I:2.32ns O:2.32ns )   --->   "%store_ln91 = store i1 %icmp_ln91, i4 %l1_bits_2_addr" [bnn.cpp:91]   --->   Operation 240 'store' 'store_ln91' <Predicate = (icmp_ln50_1 & trunc_ln82 == 2)> <Delay = 2.32> <CoreInst = "RAM">   --->   Core 81 'RAM' <Latency = 1> <II = 1> <Delay = 2.32> <Storage> <Opcode : 'load' 'store'> <Ports = 2> <Width = 1> <Depth = 16> <RAM>
ST_8 : Operation 241 [1/1] ( I:2.32ns O:2.32ns )   --->   "%store_ln91 = store i1 %icmp_ln91, i4 %l1_bits_1_addr" [bnn.cpp:91]   --->   Operation 241 'store' 'store_ln91' <Predicate = (icmp_ln50_1 & trunc_ln82 == 1)> <Delay = 2.32> <CoreInst = "RAM">   --->   Core 81 'RAM' <Latency = 1> <II = 1> <Delay = 2.32> <Storage> <Opcode : 'load' 'store'> <Ports = 2> <Width = 1> <Depth = 16> <RAM>
ST_8 : Operation 242 [1/1] ( I:2.32ns O:2.32ns )   --->   "%store_ln91 = store i1 %icmp_ln91, i4 %l1_bits_addr" [bnn.cpp:91]   --->   Operation 242 'store' 'store_ln91' <Predicate = (icmp_ln50_1 & trunc_ln82 == 0)> <Delay = 2.32> <CoreInst = "RAM">   --->   Core 81 'RAM' <Latency = 1> <II = 1> <Delay = 2.32> <Storage> <Opcode : 'load' 'store'> <Ports = 2> <Width = 1> <Depth = 16> <RAM>
ST_8 : Operation 243 [1/1] ( I:2.32ns O:2.32ns )   --->   "%store_ln91 = store i1 %icmp_ln91, i4 %l1_bits_7_addr" [bnn.cpp:91]   --->   Operation 243 'store' 'store_ln91' <Predicate = (icmp_ln50_1 & trunc_ln82 == 7)> <Delay = 2.32> <CoreInst = "RAM">   --->   Core 81 'RAM' <Latency = 1> <II = 1> <Delay = 2.32> <Storage> <Opcode : 'load' 'store'> <Ports = 2> <Width = 1> <Depth = 16> <RAM>
ST_8 : Operation 244 [1/1] (0.00ns)   --->   "%br_ln50 = br void %new.latch.for.inc.i.split" [bnn.cpp:50->bnn.cpp:87]   --->   Operation 244 'br' 'br_ln50' <Predicate = (icmp_ln50_1)> <Delay = 0.00>


============================================================
+ Verbose Summary: Timing violations
============================================================
Target clock period: 10.000ns, clock uncertainty: 2.700ns.

 <State 1>: 4.856ns
The critical path consists of the following:
	'store' operation 0 bit ('store_ln0') of constant 0 on local variable 'indvar_flatten' [16]  (1.588 ns)
	'load' operation 13 bit ('indvar_flatten_load', bnn.cpp:82) on local variable 'indvar_flatten' [22]  (0.000 ns)
	'icmp' operation 1 bit ('icmp_ln82', bnn.cpp:82) [23]  (1.679 ns)
	'store' operation 0 bit ('store_ln82', bnn.cpp:82) of variable 'add_ln82', bnn.cpp:82 on local variable 'indvar_flatten' [248]  (1.588 ns)

 <State 2>: 6.663ns
The critical path consists of the following:
	'load' operation 6 bit ('w_load', bnn.cpp:50->bnn.cpp:87) on local variable 'w', bnn.cpp:50->bnn.cpp:87 [28]  (0.000 ns)
	'icmp' operation 1 bit ('icmp_ln50', bnn.cpp:50->bnn.cpp:87) [32]  (1.825 ns)
	'select' operation 6 bit ('select_ln82', bnn.cpp:82) [33]  (1.188 ns)
	'add' operation 6 bit ('add_ln50', bnn.cpp:50->bnn.cpp:87) [203]  (1.825 ns)
	'icmp' operation 1 bit ('icmp_ln50_1', bnn.cpp:50->bnn.cpp:87) [204]  (1.825 ns)

 <State 3>: 1.050ns
The critical path consists of the following:
	'mul' operation 13 bit of DSP[45] ('mul_ln50', bnn.cpp:50->bnn.cpp:87) [39]  (1.050 ns)

 <State 4>: 2.100ns
The critical path consists of the following:
	'mul' operation 13 bit of DSP[45] ('mul_ln50', bnn.cpp:50->bnn.cpp:87) [39]  (0.000 ns)
	'add' operation 13 bit of DSP[45] ('add_ln53', bnn.cpp:53->bnn.cpp:87) [45]  (2.100 ns)

 <State 5>: 5.354ns
The critical path consists of the following:
	'add' operation 13 bit of DSP[45] ('add_ln53', bnn.cpp:53->bnn.cpp:87) [45]  (2.100 ns)
	'getelementptr' operation 13 bit ('w1_addr', bnn.cpp:53->bnn.cpp:87) [47]  (0.000 ns)
	'load' operation 16 bit ('b', bnn.cpp:53->bnn.cpp:87) on array 'w1' [48]  (3.254 ns)

 <State 6>: 6.384ns
The critical path consists of the following:
	'load' operation 16 bit ('b', bnn.cpp:53->bnn.cpp:87) on array 'w1' [48]  (3.254 ns)
	'xor' operation 1 bit ('xor_ln55_20', bnn.cpp:55->bnn.cpp:87) [79]  (0.000 ns)
	'xor' operation 7 bit ('xor_ln11_9', bnn.cpp:11->bnn.cpp:56->bnn.cpp:87) [135]  (0.000 ns)
	'add' operation 2 bit ('add_ln56_1', bnn.cpp:56->bnn.cpp:87) [174]  (1.565 ns)
	'add' operation 3 bit ('add_ln56_2', bnn.cpp:56->bnn.cpp:87) [176]  (1.565 ns)

 <State 7>: 6.704ns
The critical path consists of the following:
	'add' operation 4 bit ('add_ln56_6', bnn.cpp:56->bnn.cpp:87) [184]  (1.650 ns)
	'add' operation 5 bit ('add_ln56_14', bnn.cpp:56->bnn.cpp:87) [200]  (1.735 ns)
	'add' operation 10 bit ('same', bnn.cpp:56->bnn.cpp:87) [202]  (1.731 ns)
	'store' operation 0 bit ('store_ln48', bnn.cpp:48->bnn.cpp:87) of variable 'same', bnn.cpp:56->bnn.cpp:87 on local variable 'same', bnn.cpp:48->bnn.cpp:87 [251]  (1.588 ns)

 <State 8>: 5.600ns
The critical path consists of the following:
	'add' operation 11 bit ('dot', bnn.cpp:60->bnn.cpp:87) [208]  (1.639 ns)
	'icmp' operation 1 bit ('icmp_ln91', bnn.cpp:91) [209]  (1.639 ns)
	'store' operation 0 bit ('store_ln91', bnn.cpp:91) of variable 'icmp_ln91', bnn.cpp:91 on array 'l1_bits_6' [222]  (2.322 ns)


============================================================
+ Verbose Summary: Binding
============================================================
N/A
* FSMD analyzer results:
  - Output states:
 - Input state : 
  - Chain level:
	State 1
	State 2
	State 3
	State 4
	State 5
	State 6
	State 7
	State 8


============================================================
+ Verbose Summary: Datapath Resource usage 
============================================================
N/A
