

================================================================
== Vitis HLS Report for 'bnn_Pipeline_VITIS_LOOP_24_1'
================================================================
* Date:           Mon Dec  8 16:26:32 2025

* Version:        2024.2 (Build 5238294 on Nov  8 2024)
* Project:        bnn.comp
* Solution:       hls (Vivado IP Flow Target)
* Product family: zynq
* Target device:  xc7z020-clg400-1


================================================================
== Performance Estimates
================================================================
+ Timing: 
    * Summary: 
    +--------+----------+----------+------------+
    |  Clock |  Target  | Estimated| Uncertainty|
    +--------+----------+----------+------------+
    |ap_clk  |  10.00 ns|  6.904 ns|     2.70 ns|
    +--------+----------+----------+------------+

+ Latency: 
    * Summary: 
    +---------+---------+----------+----------+-----+-----+------------------------------------------------+
    |  Latency (cycles) |  Latency (absolute) |  Interval |                    Pipeline                    |
    |   min   |   max   |    min   |    max   | min | max |                      Type                      |
    +---------+---------+----------+----------+-----+-----+------------------------------------------------+
    |       12|       12|  0.120 us|  0.120 us|    9|    9|  loop auto-rewind stp (delay=0 clock cycles(s))|
    +---------+---------+----------+----------+-----+-----+------------------------------------------------+

    + Detail: 
        * Instance: 
        N/A

        * Loop: 
        +-------------------+---------+---------+----------+-----------+-----------+------+----------+
        |                   |  Latency (cycles) | Iteration|  Initiation Interval  | Trip |          |
        |     Loop Name     |   min   |   max   |  Latency |  achieved |   target  | Count| Pipelined|
        +-------------------+---------+---------+----------+-----------+-----------+------+----------+
        |- VITIS_LOOP_24_1  |       10|       10|         4|          1|          1|     8|       yes|
        +-------------------+---------+---------+----------+-----------+-----------+------+----------+

============================================================
+ Verbose Summary: Synthesis Manager
============================================================
InlineROM: 1
ExposeGlobal: 0
============================================================
+ Verbose Summary: CDFG Model
============================================================
IsTopModel: 0
ResetActiveHigh: 1
IsCombinational: 0
IsDatapathOnly: 0
HasWiredReturn: 1
HasMFsm: 2
HasVarLatency: 1
IsPipeline: 0
IsRtlPipelined: 0
IsInstanceOverlapped: 0
IsDontTouch: 0
HasImplIP: 0
IsGatedGlobalClock: 0

+ Individual pipeline summary: 
  * Pipeline-0: initiation interval (II) = 1, depth = 4


============================================================
+ Verbose Summary: Schedule
============================================================
* Number of FSM states : 4
* Pipeline : 1
  Pipeline-0 : II = 1, D = 4, States = { 1 2 3 4 }
* Dataflow Pipeline: 0

* FSM state transitions: 
1 --> 2 
2 --> 3 
3 --> 4 
4 --> 

* FSM state operations: 

State 1 <SV = 0> <Delay = 4.91>
ST_1 : Operation 7 [1/1] (0.00ns)   --->   "%w = alloca i32 1" [bnn.cpp:24->bnn.cpp:102]   --->   Operation 7 'alloca' 'w' <Predicate = true> <Delay = 0.00>
ST_1 : Operation 8 [1/1] (1.58ns)   --->   "%store_ln24 = store i4 0, i4 %w" [bnn.cpp:24->bnn.cpp:102]   --->   Operation 8 'store' 'store_ln24' <Predicate = true> <Delay = 1.58>
ST_1 : Operation 9 [1/1] (0.00ns)   --->   "%br_ln0 = br void %VITIS_LOOP_27_2.i"   --->   Operation 9 'br' 'br_ln0' <Predicate = true> <Delay = 0.00>
ST_1 : Operation 10 [1/1] (0.00ns)   --->   "%w_2 = load i4 %w" [bnn.cpp:31->bnn.cpp:102]   --->   Operation 10 'load' 'w_2' <Predicate = true> <Delay = 0.00>
ST_1 : Operation 11 [1/1] (1.73ns)   --->   "%icmp_ln24 = icmp_eq  i4 %w_2, i4 8" [bnn.cpp:24->bnn.cpp:102]   --->   Operation 11 'icmp' 'icmp_ln24' <Predicate = true> <Delay = 1.73> <CoreInst = "Cmp">   --->   Core 9 'Cmp' <Latency = 0> <II = 1> <Delay = 1.73> <FuncUnit> <Opcode : 'seteq' 'setne' 'setle' 'setge' 'setlt' 'setgt'> <InPorts = 2> <OutPorts = 1>
ST_1 : Operation 12 [1/1] (0.00ns)   --->   "%speclooptripcount_ln0 = speclooptripcount void @_ssdm_op_SpecLoopTripCount, i64 8, i64 8, i64 8"   --->   Operation 12 'speclooptripcount' 'speclooptripcount_ln0' <Predicate = true> <Delay = 0.00>
ST_1 : Operation 13 [1/1] (1.73ns)   --->   "%add_ln24 = add i4 %w_2, i4 1" [bnn.cpp:24->bnn.cpp:102]   --->   Operation 13 'add' 'add_ln24' <Predicate = true> <Delay = 1.73> <CoreInst = "Adder">   --->   Core 1 'Adder' <Latency = 0> <II = 1> <Delay = 1.73> <FuncUnit> <Opcode : 'add' 'sub'> <InPorts = 2> <OutPorts = 1>
ST_1 : Operation 14 [1/1] (0.00ns)   --->   "%br_ln24 = br i1 %icmp_ln24, void %VITIS_LOOP_27_2.i.split, void %for.inc.i28.preheader.exitStub" [bnn.cpp:24->bnn.cpp:102]   --->   Operation 14 'br' 'br_ln24' <Predicate = true> <Delay = 0.00>
ST_1 : Operation 15 [1/1] (0.00ns)   --->   "%shl_ln31 = shl i4 %w_2, i4 1" [bnn.cpp:31->bnn.cpp:102]   --->   Operation 15 'shl' 'shl_ln31' <Predicate = (!icmp_ln24)> <Delay = 0.00>
ST_1 : Operation 16 [1/1] (0.00ns)   --->   "%zext_ln31 = zext i4 %shl_ln31" [bnn.cpp:31->bnn.cpp:102]   --->   Operation 16 'zext' 'zext_ln31' <Predicate = (!icmp_ln24)> <Delay = 0.00>
ST_1 : Operation 17 [1/1] (0.00ns)   --->   "%l1_bits_addr = getelementptr i1 %l1_bits, i64 0, i64 %zext_ln31" [bnn.cpp:31->bnn.cpp:102]   --->   Operation 17 'getelementptr' 'l1_bits_addr' <Predicate = (!icmp_ln24)> <Delay = 0.00>
ST_1 : Operation 18 [2/2] (2.32ns)   --->   "%word = load i4 %l1_bits_addr" [bnn.cpp:31->bnn.cpp:102]   --->   Operation 18 'load' 'word' <Predicate = (!icmp_ln24)> <Delay = 2.32> <CoreInst = "RAM">   --->   Core 81 'RAM' <Latency = 1> <II = 1> <Delay = 2.32> <Storage> <Opcode : 'load' 'store'> <Ports = 2> <Width = 1> <Depth = 16> <RAM>
ST_1 : Operation 19 [1/1] (0.00ns)   --->   "%l1_bits_1_addr = getelementptr i1 %l1_bits_1, i64 0, i64 %zext_ln31" [bnn.cpp:31->bnn.cpp:102]   --->   Operation 19 'getelementptr' 'l1_bits_1_addr' <Predicate = (!icmp_ln24)> <Delay = 0.00>
ST_1 : Operation 20 [2/2] (2.32ns)   --->   "%l1_bits_1_load = load i4 %l1_bits_1_addr" [bnn.cpp:31->bnn.cpp:102]   --->   Operation 20 'load' 'l1_bits_1_load' <Predicate = (!icmp_ln24)> <Delay = 2.32> <CoreInst = "RAM">   --->   Core 81 'RAM' <Latency = 1> <II = 1> <Delay = 2.32> <Storage> <Opcode : 'load' 'store'> <Ports = 2> <Width = 1> <Depth = 16> <RAM>
ST_1 : Operation 21 [1/1] (0.00ns)   --->   "%l1_bits_2_addr = getelementptr i1 %l1_bits_2, i64 0, i64 %zext_ln31" [bnn.cpp:31->bnn.cpp:102]   --->   Operation 21 'getelementptr' 'l1_bits_2_addr' <Predicate = (!icmp_ln24)> <Delay = 0.00>
ST_1 : Operation 22 [2/2] (2.32ns)   --->   "%l1_bits_2_load = load i4 %l1_bits_2_addr" [bnn.cpp:31->bnn.cpp:102]   --->   Operation 22 'load' 'l1_bits_2_load' <Predicate = (!icmp_ln24)> <Delay = 2.32> <CoreInst = "RAM">   --->   Core 81 'RAM' <Latency = 1> <II = 1> <Delay = 2.32> <Storage> <Opcode : 'load' 'store'> <Ports = 2> <Width = 1> <Depth = 16> <RAM>
ST_1 : Operation 23 [1/1] (0.00ns)   --->   "%l1_bits_3_addr = getelementptr i1 %l1_bits_3, i64 0, i64 %zext_ln31" [bnn.cpp:31->bnn.cpp:102]   --->   Operation 23 'getelementptr' 'l1_bits_3_addr' <Predicate = (!icmp_ln24)> <Delay = 0.00>
ST_1 : Operation 24 [2/2] (2.32ns)   --->   "%l1_bits_3_load = load i4 %l1_bits_3_addr" [bnn.cpp:31->bnn.cpp:102]   --->   Operation 24 'load' 'l1_bits_3_load' <Predicate = (!icmp_ln24)> <Delay = 2.32> <CoreInst = "RAM">   --->   Core 81 'RAM' <Latency = 1> <II = 1> <Delay = 2.32> <Storage> <Opcode : 'load' 'store'> <Ports = 2> <Width = 1> <Depth = 16> <RAM>
ST_1 : Operation 25 [1/1] (0.00ns)   --->   "%l1_bits_4_addr = getelementptr i1 %l1_bits_4, i64 0, i64 %zext_ln31" [bnn.cpp:31->bnn.cpp:102]   --->   Operation 25 'getelementptr' 'l1_bits_4_addr' <Predicate = (!icmp_ln24)> <Delay = 0.00>
ST_1 : Operation 26 [2/2] (2.32ns)   --->   "%l1_bits_4_load = load i4 %l1_bits_4_addr" [bnn.cpp:31->bnn.cpp:102]   --->   Operation 26 'load' 'l1_bits_4_load' <Predicate = (!icmp_ln24)> <Delay = 2.32> <CoreInst = "RAM">   --->   Core 81 'RAM' <Latency = 1> <II = 1> <Delay = 2.32> <Storage> <Opcode : 'load' 'store'> <Ports = 2> <Width = 1> <Depth = 16> <RAM>
ST_1 : Operation 27 [1/1] (0.00ns)   --->   "%l1_bits_5_addr = getelementptr i1 %l1_bits_5, i64 0, i64 %zext_ln31" [bnn.cpp:31->bnn.cpp:102]   --->   Operation 27 'getelementptr' 'l1_bits_5_addr' <Predicate = (!icmp_ln24)> <Delay = 0.00>
ST_1 : Operation 28 [2/2] (2.32ns)   --->   "%l1_bits_5_load = load i4 %l1_bits_5_addr" [bnn.cpp:31->bnn.cpp:102]   --->   Operation 28 'load' 'l1_bits_5_load' <Predicate = (!icmp_ln24)> <Delay = 2.32> <CoreInst = "RAM">   --->   Core 81 'RAM' <Latency = 1> <II = 1> <Delay = 2.32> <Storage> <Opcode : 'load' 'store'> <Ports = 2> <Width = 1> <Depth = 16> <RAM>
ST_1 : Operation 29 [1/1] (1.58ns)   --->   "%store_ln24 = store i4 %add_ln24, i4 %w" [bnn.cpp:24->bnn.cpp:102]   --->   Operation 29 'store' 'store_ln24' <Predicate = (!icmp_ln24)> <Delay = 1.58>

State 2 <SV = 1> <Delay = 5.31>
ST_2 : Operation 30 [1/1] (0.00ns)   --->   "%trunc_ln31 = trunc i4 %w_2" [bnn.cpp:31->bnn.cpp:102]   --->   Operation 30 'trunc' 'trunc_ln31' <Predicate = true> <Delay = 0.00>
ST_2 : Operation 31 [1/2] ( I:2.32ns O:2.32ns )   --->   "%word = load i4 %l1_bits_addr" [bnn.cpp:31->bnn.cpp:102]   --->   Operation 31 'load' 'word' <Predicate = true> <Delay = 2.32> <CoreInst = "RAM">   --->   Core 81 'RAM' <Latency = 1> <II = 1> <Delay = 2.32> <Storage> <Opcode : 'load' 'store'> <Ports = 2> <Width = 1> <Depth = 16> <RAM>
ST_2 : Operation 32 [1/1] (0.00ns)   --->   "%word_1 = bitconcatenate i2 @_ssdm_op_BitConcatenate.i2.i1.i1, i1 %word, i1 0" [bnn.cpp:30->bnn.cpp:102]   --->   Operation 32 'bitconcatenate' 'word_1' <Predicate = true> <Delay = 0.00>
ST_2 : Operation 33 [1/2] ( I:2.32ns O:2.32ns )   --->   "%l1_bits_1_load = load i4 %l1_bits_1_addr" [bnn.cpp:31->bnn.cpp:102]   --->   Operation 33 'load' 'l1_bits_1_load' <Predicate = true> <Delay = 2.32> <CoreInst = "RAM">   --->   Core 81 'RAM' <Latency = 1> <II = 1> <Delay = 2.32> <Storage> <Opcode : 'load' 'store'> <Ports = 2> <Width = 1> <Depth = 16> <RAM>
ST_2 : Operation 34 [1/1] (0.00ns)   --->   "%or_ln = bitconcatenate i2 @_ssdm_op_BitConcatenate.i2.i1.i1, i1 %word, i1 1" [bnn.cpp:32->bnn.cpp:102]   --->   Operation 34 'bitconcatenate' 'or_ln' <Predicate = true> <Delay = 0.00>
ST_2 : Operation 35 [1/1] (0.99ns)   --->   "%select_ln31 = select i1 %l1_bits_1_load, i2 %or_ln, i2 %word_1" [bnn.cpp:31->bnn.cpp:102]   --->   Operation 35 'select' 'select_ln31' <Predicate = true> <Delay = 0.99> <CoreInst = "Sel">   --->   Core 73 'Sel' <Latency = 0> <II = 1> <Delay = 0.99> <FuncUnit> <Opcode : 'select'> <InPorts = 3> <OutPorts = 1>
ST_2 : Operation 36 [1/1] (0.00ns)   --->   "%word_2 = bitconcatenate i3 @_ssdm_op_BitConcatenate.i3.i2.i1, i2 %select_ln31, i1 0" [bnn.cpp:30->bnn.cpp:102]   --->   Operation 36 'bitconcatenate' 'word_2' <Predicate = true> <Delay = 0.00>
ST_2 : Operation 37 [1/2] ( I:2.32ns O:2.32ns )   --->   "%l1_bits_2_load = load i4 %l1_bits_2_addr" [bnn.cpp:31->bnn.cpp:102]   --->   Operation 37 'load' 'l1_bits_2_load' <Predicate = true> <Delay = 2.32> <CoreInst = "RAM">   --->   Core 81 'RAM' <Latency = 1> <II = 1> <Delay = 2.32> <Storage> <Opcode : 'load' 'store'> <Ports = 2> <Width = 1> <Depth = 16> <RAM>
ST_2 : Operation 38 [1/1] (0.00ns)   --->   "%or_ln32_1 = bitconcatenate i3 @_ssdm_op_BitConcatenate.i3.i2.i1, i2 %select_ln31, i1 1" [bnn.cpp:32->bnn.cpp:102]   --->   Operation 38 'bitconcatenate' 'or_ln32_1' <Predicate = true> <Delay = 0.00>
ST_2 : Operation 39 [1/1] (0.98ns)   --->   "%select_ln31_1 = select i1 %l1_bits_2_load, i3 %or_ln32_1, i3 %word_2" [bnn.cpp:31->bnn.cpp:102]   --->   Operation 39 'select' 'select_ln31_1' <Predicate = true> <Delay = 0.98> <CoreInst = "Sel">   --->   Core 73 'Sel' <Latency = 0> <II = 1> <Delay = 0.98> <FuncUnit> <Opcode : 'select'> <InPorts = 3> <OutPorts = 1>
ST_2 : Operation 40 [1/1] (0.00ns)   --->   "%word_3 = bitconcatenate i4 @_ssdm_op_BitConcatenate.i4.i3.i1, i3 %select_ln31_1, i1 0" [bnn.cpp:30->bnn.cpp:102]   --->   Operation 40 'bitconcatenate' 'word_3' <Predicate = true> <Delay = 0.00>
ST_2 : Operation 41 [1/2] ( I:2.32ns O:2.32ns )   --->   "%l1_bits_3_load = load i4 %l1_bits_3_addr" [bnn.cpp:31->bnn.cpp:102]   --->   Operation 41 'load' 'l1_bits_3_load' <Predicate = true> <Delay = 2.32> <CoreInst = "RAM">   --->   Core 81 'RAM' <Latency = 1> <II = 1> <Delay = 2.32> <Storage> <Opcode : 'load' 'store'> <Ports = 2> <Width = 1> <Depth = 16> <RAM>
ST_2 : Operation 42 [1/1] (0.00ns)   --->   "%or_ln32_2 = bitconcatenate i4 @_ssdm_op_BitConcatenate.i4.i3.i1, i3 %select_ln31_1, i1 1" [bnn.cpp:32->bnn.cpp:102]   --->   Operation 42 'bitconcatenate' 'or_ln32_2' <Predicate = true> <Delay = 0.00>
ST_2 : Operation 43 [1/1] (1.02ns)   --->   "%select_ln31_2 = select i1 %l1_bits_3_load, i4 %or_ln32_2, i4 %word_3" [bnn.cpp:31->bnn.cpp:102]   --->   Operation 43 'select' 'select_ln31_2' <Predicate = true> <Delay = 1.02> <CoreInst = "Sel">   --->   Core 73 'Sel' <Latency = 0> <II = 1> <Delay = 1.02> <FuncUnit> <Opcode : 'select'> <InPorts = 3> <OutPorts = 1>
ST_2 : Operation 44 [1/2] ( I:2.32ns O:2.32ns )   --->   "%l1_bits_4_load = load i4 %l1_bits_4_addr" [bnn.cpp:31->bnn.cpp:102]   --->   Operation 44 'load' 'l1_bits_4_load' <Predicate = true> <Delay = 2.32> <CoreInst = "RAM">   --->   Core 81 'RAM' <Latency = 1> <II = 1> <Delay = 2.32> <Storage> <Opcode : 'load' 'store'> <Ports = 2> <Width = 1> <Depth = 16> <RAM>
ST_2 : Operation 45 [1/2] ( I:2.32ns O:2.32ns )   --->   "%l1_bits_5_load = load i4 %l1_bits_5_addr" [bnn.cpp:31->bnn.cpp:102]   --->   Operation 45 'load' 'l1_bits_5_load' <Predicate = true> <Delay = 2.32> <CoreInst = "RAM">   --->   Core 81 'RAM' <Latency = 1> <II = 1> <Delay = 2.32> <Storage> <Opcode : 'load' 'store'> <Ports = 2> <Width = 1> <Depth = 16> <RAM>
ST_2 : Operation 46 [1/1] (0.00ns)   --->   "%l1_bits_6_addr = getelementptr i1 %l1_bits_6, i64 0, i64 %zext_ln31" [bnn.cpp:31->bnn.cpp:102]   --->   Operation 46 'getelementptr' 'l1_bits_6_addr' <Predicate = true> <Delay = 0.00>
ST_2 : Operation 47 [2/2] (2.32ns)   --->   "%l1_bits_6_load = load i4 %l1_bits_6_addr" [bnn.cpp:31->bnn.cpp:102]   --->   Operation 47 'load' 'l1_bits_6_load' <Predicate = true> <Delay = 2.32> <CoreInst = "RAM">   --->   Core 81 'RAM' <Latency = 1> <II = 1> <Delay = 2.32> <Storage> <Opcode : 'load' 'store'> <Ports = 2> <Width = 1> <Depth = 16> <RAM>
ST_2 : Operation 48 [1/1] (0.00ns)   --->   "%l1_bits_7_addr = getelementptr i1 %l1_bits_7, i64 0, i64 %zext_ln31" [bnn.cpp:31->bnn.cpp:102]   --->   Operation 48 'getelementptr' 'l1_bits_7_addr' <Predicate = true> <Delay = 0.00>
ST_2 : Operation 49 [2/2] (2.32ns)   --->   "%l1_bits_7_load = load i4 %l1_bits_7_addr" [bnn.cpp:31->bnn.cpp:102]   --->   Operation 49 'load' 'l1_bits_7_load' <Predicate = true> <Delay = 2.32> <CoreInst = "RAM">   --->   Core 81 'RAM' <Latency = 1> <II = 1> <Delay = 2.32> <Storage> <Opcode : 'load' 'store'> <Ports = 2> <Width = 1> <Depth = 16> <RAM>
ST_2 : Operation 50 [1/1] (0.00ns)   --->   "%or_ln1 = bitconcatenate i4 @_ssdm_op_BitConcatenate.i4.i3.i1, i3 %trunc_ln31, i1 1" [bnn.cpp:30->bnn.cpp:102]   --->   Operation 50 'bitconcatenate' 'or_ln1' <Predicate = true> <Delay = 0.00>
ST_2 : Operation 51 [1/1] (0.00ns)   --->   "%zext_ln30 = zext i4 %or_ln1" [bnn.cpp:30->bnn.cpp:102]   --->   Operation 51 'zext' 'zext_ln30' <Predicate = true> <Delay = 0.00>
ST_2 : Operation 52 [1/1] (0.00ns)   --->   "%l1_bits_addr_1 = getelementptr i1 %l1_bits, i64 0, i64 %zext_ln30" [bnn.cpp:31->bnn.cpp:102]   --->   Operation 52 'getelementptr' 'l1_bits_addr_1' <Predicate = true> <Delay = 0.00>
ST_2 : Operation 53 [2/2] (2.32ns)   --->   "%l1_bits_load = load i4 %l1_bits_addr_1" [bnn.cpp:31->bnn.cpp:102]   --->   Operation 53 'load' 'l1_bits_load' <Predicate = true> <Delay = 2.32> <CoreInst = "RAM">   --->   Core 81 'RAM' <Latency = 1> <II = 1> <Delay = 2.32> <Storage> <Opcode : 'load' 'store'> <Ports = 2> <Width = 1> <Depth = 16> <RAM>
ST_2 : Operation 54 [1/1] (0.00ns)   --->   "%l1_bits_1_addr_1 = getelementptr i1 %l1_bits_1, i64 0, i64 %zext_ln30" [bnn.cpp:31->bnn.cpp:102]   --->   Operation 54 'getelementptr' 'l1_bits_1_addr_1' <Predicate = true> <Delay = 0.00>
ST_2 : Operation 55 [2/2] (2.32ns)   --->   "%l1_bits_1_load_1 = load i4 %l1_bits_1_addr_1" [bnn.cpp:31->bnn.cpp:102]   --->   Operation 55 'load' 'l1_bits_1_load_1' <Predicate = true> <Delay = 2.32> <CoreInst = "RAM">   --->   Core 81 'RAM' <Latency = 1> <II = 1> <Delay = 2.32> <Storage> <Opcode : 'load' 'store'> <Ports = 2> <Width = 1> <Depth = 16> <RAM>
ST_2 : Operation 56 [1/1] (0.00ns)   --->   "%l1_bits_2_addr_1 = getelementptr i1 %l1_bits_2, i64 0, i64 %zext_ln30" [bnn.cpp:31->bnn.cpp:102]   --->   Operation 56 'getelementptr' 'l1_bits_2_addr_1' <Predicate = true> <Delay = 0.00>
ST_2 : Operation 57 [2/2] (2.32ns)   --->   "%l1_bits_2_load_1 = load i4 %l1_bits_2_addr_1" [bnn.cpp:31->bnn.cpp:102]   --->   Operation 57 'load' 'l1_bits_2_load_1' <Predicate = true> <Delay = 2.32> <CoreInst = "RAM">   --->   Core 81 'RAM' <Latency = 1> <II = 1> <Delay = 2.32> <Storage> <Opcode : 'load' 'store'> <Ports = 2> <Width = 1> <Depth = 16> <RAM>
ST_2 : Operation 58 [1/1] (0.00ns)   --->   "%l1_bits_3_addr_1 = getelementptr i1 %l1_bits_3, i64 0, i64 %zext_ln30" [bnn.cpp:31->bnn.cpp:102]   --->   Operation 58 'getelementptr' 'l1_bits_3_addr_1' <Predicate = true> <Delay = 0.00>
ST_2 : Operation 59 [2/2] (2.32ns)   --->   "%l1_bits_3_load_1 = load i4 %l1_bits_3_addr_1" [bnn.cpp:31->bnn.cpp:102]   --->   Operation 59 'load' 'l1_bits_3_load_1' <Predicate = true> <Delay = 2.32> <CoreInst = "RAM">   --->   Core 81 'RAM' <Latency = 1> <II = 1> <Delay = 2.32> <Storage> <Opcode : 'load' 'store'> <Ports = 2> <Width = 1> <Depth = 16> <RAM>
ST_2 : Operation 60 [1/1] (0.00ns)   --->   "%l1_bits_4_addr_1 = getelementptr i1 %l1_bits_4, i64 0, i64 %zext_ln30" [bnn.cpp:31->bnn.cpp:102]   --->   Operation 60 'getelementptr' 'l1_bits_4_addr_1' <Predicate = true> <Delay = 0.00>
ST_2 : Operation 61 [2/2] (2.32ns)   --->   "%l1_bits_4_load_1 = load i4 %l1_bits_4_addr_1" [bnn.cpp:31->bnn.cpp:102]   --->   Operation 61 'load' 'l1_bits_4_load_1' <Predicate = true> <Delay = 2.32> <CoreInst = "RAM">   --->   Core 81 'RAM' <Latency = 1> <II = 1> <Delay = 2.32> <Storage> <Opcode : 'load' 'store'> <Ports = 2> <Width = 1> <Depth = 16> <RAM>

State 3 <SV = 2> <Delay = 6.29>
ST_3 : Operation 62 [1/1] (0.00ns)   --->   "%word_4 = bitconcatenate i5 @_ssdm_op_BitConcatenate.i5.i4.i1, i4 %select_ln31_2, i1 0" [bnn.cpp:30->bnn.cpp:102]   --->   Operation 62 'bitconcatenate' 'word_4' <Predicate = (!l1_bits_4_load)> <Delay = 0.00>
ST_3 : Operation 63 [1/1] (0.00ns)   --->   "%or_ln32_3 = bitconcatenate i5 @_ssdm_op_BitConcatenate.i5.i4.i1, i4 %select_ln31_2, i1 1" [bnn.cpp:32->bnn.cpp:102]   --->   Operation 63 'bitconcatenate' 'or_ln32_3' <Predicate = (l1_bits_4_load)> <Delay = 0.00>
ST_3 : Operation 64 [1/1] (1.21ns)   --->   "%select_ln31_3 = select i1 %l1_bits_4_load, i5 %or_ln32_3, i5 %word_4" [bnn.cpp:31->bnn.cpp:102]   --->   Operation 64 'select' 'select_ln31_3' <Predicate = true> <Delay = 1.21> <CoreInst = "Sel">   --->   Core 73 'Sel' <Latency = 0> <II = 1> <Delay = 1.21> <FuncUnit> <Opcode : 'select'> <InPorts = 3> <OutPorts = 1>
ST_3 : Operation 65 [1/1] (0.00ns)   --->   "%word_5 = bitconcatenate i6 @_ssdm_op_BitConcatenate.i6.i5.i1, i5 %select_ln31_3, i1 0" [bnn.cpp:30->bnn.cpp:102]   --->   Operation 65 'bitconcatenate' 'word_5' <Predicate = (!l1_bits_5_load)> <Delay = 0.00>
ST_3 : Operation 66 [1/1] (0.00ns)   --->   "%or_ln32_4 = bitconcatenate i6 @_ssdm_op_BitConcatenate.i6.i5.i1, i5 %select_ln31_3, i1 1" [bnn.cpp:32->bnn.cpp:102]   --->   Operation 66 'bitconcatenate' 'or_ln32_4' <Predicate = (l1_bits_5_load)> <Delay = 0.00>
ST_3 : Operation 67 [1/1] (1.18ns)   --->   "%select_ln31_4 = select i1 %l1_bits_5_load, i6 %or_ln32_4, i6 %word_5" [bnn.cpp:31->bnn.cpp:102]   --->   Operation 67 'select' 'select_ln31_4' <Predicate = true> <Delay = 1.18> <CoreInst = "Sel">   --->   Core 73 'Sel' <Latency = 0> <II = 1> <Delay = 1.18> <FuncUnit> <Opcode : 'select'> <InPorts = 3> <OutPorts = 1>
ST_3 : Operation 68 [1/1] (0.00ns)   --->   "%word_6 = bitconcatenate i7 @_ssdm_op_BitConcatenate.i7.i6.i1, i6 %select_ln31_4, i1 0" [bnn.cpp:30->bnn.cpp:102]   --->   Operation 68 'bitconcatenate' 'word_6' <Predicate = true> <Delay = 0.00>
ST_3 : Operation 69 [1/2] ( I:2.32ns O:2.32ns )   --->   "%l1_bits_6_load = load i4 %l1_bits_6_addr" [bnn.cpp:31->bnn.cpp:102]   --->   Operation 69 'load' 'l1_bits_6_load' <Predicate = true> <Delay = 2.32> <CoreInst = "RAM">   --->   Core 81 'RAM' <Latency = 1> <II = 1> <Delay = 2.32> <Storage> <Opcode : 'load' 'store'> <Ports = 2> <Width = 1> <Depth = 16> <RAM>
ST_3 : Operation 70 [1/1] (0.00ns)   --->   "%or_ln32_5 = bitconcatenate i7 @_ssdm_op_BitConcatenate.i7.i6.i1, i6 %select_ln31_4, i1 1" [bnn.cpp:32->bnn.cpp:102]   --->   Operation 70 'bitconcatenate' 'or_ln32_5' <Predicate = true> <Delay = 0.00>
ST_3 : Operation 71 [1/1] (0.99ns)   --->   "%select_ln31_5 = select i1 %l1_bits_6_load, i7 %or_ln32_5, i7 %word_6" [bnn.cpp:31->bnn.cpp:102]   --->   Operation 71 'select' 'select_ln31_5' <Predicate = true> <Delay = 0.99> <CoreInst = "Sel">   --->   Core 73 'Sel' <Latency = 0> <II = 1> <Delay = 0.99> <FuncUnit> <Opcode : 'select'> <InPorts = 3> <OutPorts = 1>
ST_3 : Operation 72 [1/1] (0.00ns)   --->   "%word_7 = bitconcatenate i8 @_ssdm_op_BitConcatenate.i8.i7.i1, i7 %select_ln31_5, i1 0" [bnn.cpp:30->bnn.cpp:102]   --->   Operation 72 'bitconcatenate' 'word_7' <Predicate = true> <Delay = 0.00>
ST_3 : Operation 73 [1/2] ( I:2.32ns O:2.32ns )   --->   "%l1_bits_7_load = load i4 %l1_bits_7_addr" [bnn.cpp:31->bnn.cpp:102]   --->   Operation 73 'load' 'l1_bits_7_load' <Predicate = true> <Delay = 2.32> <CoreInst = "RAM">   --->   Core 81 'RAM' <Latency = 1> <II = 1> <Delay = 2.32> <Storage> <Opcode : 'load' 'store'> <Ports = 2> <Width = 1> <Depth = 16> <RAM>
ST_3 : Operation 74 [1/1] (0.00ns)   --->   "%or_ln32_6 = bitconcatenate i8 @_ssdm_op_BitConcatenate.i8.i7.i1, i7 %select_ln31_5, i1 1" [bnn.cpp:32->bnn.cpp:102]   --->   Operation 74 'bitconcatenate' 'or_ln32_6' <Predicate = true> <Delay = 0.00>
ST_3 : Operation 75 [1/1] (1.24ns)   --->   "%select_ln31_6 = select i1 %l1_bits_7_load, i8 %or_ln32_6, i8 %word_7" [bnn.cpp:31->bnn.cpp:102]   --->   Operation 75 'select' 'select_ln31_6' <Predicate = true> <Delay = 1.24> <CoreInst = "Sel">   --->   Core 73 'Sel' <Latency = 0> <II = 1> <Delay = 1.24> <FuncUnit> <Opcode : 'select'> <InPorts = 3> <OutPorts = 1>
ST_3 : Operation 76 [1/1] (0.00ns)   --->   "%word_8 = bitconcatenate i9 @_ssdm_op_BitConcatenate.i9.i8.i1, i8 %select_ln31_6, i1 0" [bnn.cpp:30->bnn.cpp:102]   --->   Operation 76 'bitconcatenate' 'word_8' <Predicate = true> <Delay = 0.00>
ST_3 : Operation 77 [1/2] ( I:2.32ns O:2.32ns )   --->   "%l1_bits_load = load i4 %l1_bits_addr_1" [bnn.cpp:31->bnn.cpp:102]   --->   Operation 77 'load' 'l1_bits_load' <Predicate = true> <Delay = 2.32> <CoreInst = "RAM">   --->   Core 81 'RAM' <Latency = 1> <II = 1> <Delay = 2.32> <Storage> <Opcode : 'load' 'store'> <Ports = 2> <Width = 1> <Depth = 16> <RAM>
ST_3 : Operation 78 [1/1] (0.00ns)   --->   "%or_ln32_7 = bitconcatenate i9 @_ssdm_op_BitConcatenate.i9.i8.i1, i8 %select_ln31_6, i1 1" [bnn.cpp:32->bnn.cpp:102]   --->   Operation 78 'bitconcatenate' 'or_ln32_7' <Predicate = true> <Delay = 0.00>
ST_3 : Operation 79 [1/1] (0.96ns)   --->   "%select_ln31_7 = select i1 %l1_bits_load, i9 %or_ln32_7, i9 %word_8" [bnn.cpp:31->bnn.cpp:102]   --->   Operation 79 'select' 'select_ln31_7' <Predicate = true> <Delay = 0.96> <CoreInst = "Sel">   --->   Core 73 'Sel' <Latency = 0> <II = 1> <Delay = 0.96> <FuncUnit> <Opcode : 'select'> <InPorts = 3> <OutPorts = 1>
ST_3 : Operation 80 [1/1] (0.00ns)   --->   "%word_9 = bitconcatenate i10 @_ssdm_op_BitConcatenate.i10.i9.i1, i9 %select_ln31_7, i1 0" [bnn.cpp:30->bnn.cpp:102]   --->   Operation 80 'bitconcatenate' 'word_9' <Predicate = true> <Delay = 0.00>
ST_3 : Operation 81 [1/2] ( I:2.32ns O:2.32ns )   --->   "%l1_bits_1_load_1 = load i4 %l1_bits_1_addr_1" [bnn.cpp:31->bnn.cpp:102]   --->   Operation 81 'load' 'l1_bits_1_load_1' <Predicate = true> <Delay = 2.32> <CoreInst = "RAM">   --->   Core 81 'RAM' <Latency = 1> <II = 1> <Delay = 2.32> <Storage> <Opcode : 'load' 'store'> <Ports = 2> <Width = 1> <Depth = 16> <RAM>
ST_3 : Operation 82 [1/1] (0.00ns)   --->   "%or_ln32_8 = bitconcatenate i10 @_ssdm_op_BitConcatenate.i10.i9.i1, i9 %select_ln31_7, i1 1" [bnn.cpp:32->bnn.cpp:102]   --->   Operation 82 'bitconcatenate' 'or_ln32_8' <Predicate = true> <Delay = 0.00>
ST_3 : Operation 83 [1/1] (0.68ns)   --->   "%select_ln31_8 = select i1 %l1_bits_1_load_1, i10 %or_ln32_8, i10 %word_9" [bnn.cpp:31->bnn.cpp:102]   --->   Operation 83 'select' 'select_ln31_8' <Predicate = true> <Delay = 0.68> <CoreInst = "Sel">   --->   Core 73 'Sel' <Latency = 0> <II = 1> <Delay = 0.68> <FuncUnit> <Opcode : 'select'> <InPorts = 3> <OutPorts = 1>
ST_3 : Operation 84 [1/2] ( I:2.32ns O:2.32ns )   --->   "%l1_bits_2_load_1 = load i4 %l1_bits_2_addr_1" [bnn.cpp:31->bnn.cpp:102]   --->   Operation 84 'load' 'l1_bits_2_load_1' <Predicate = true> <Delay = 2.32> <CoreInst = "RAM">   --->   Core 81 'RAM' <Latency = 1> <II = 1> <Delay = 2.32> <Storage> <Opcode : 'load' 'store'> <Ports = 2> <Width = 1> <Depth = 16> <RAM>
ST_3 : Operation 85 [1/2] ( I:2.32ns O:2.32ns )   --->   "%l1_bits_3_load_1 = load i4 %l1_bits_3_addr_1" [bnn.cpp:31->bnn.cpp:102]   --->   Operation 85 'load' 'l1_bits_3_load_1' <Predicate = true> <Delay = 2.32> <CoreInst = "RAM">   --->   Core 81 'RAM' <Latency = 1> <II = 1> <Delay = 2.32> <Storage> <Opcode : 'load' 'store'> <Ports = 2> <Width = 1> <Depth = 16> <RAM>
ST_3 : Operation 86 [1/2] ( I:2.32ns O:2.32ns )   --->   "%l1_bits_4_load_1 = load i4 %l1_bits_4_addr_1" [bnn.cpp:31->bnn.cpp:102]   --->   Operation 86 'load' 'l1_bits_4_load_1' <Predicate = true> <Delay = 2.32> <CoreInst = "RAM">   --->   Core 81 'RAM' <Latency = 1> <II = 1> <Delay = 2.32> <Storage> <Opcode : 'load' 'store'> <Ports = 2> <Width = 1> <Depth = 16> <RAM>
ST_3 : Operation 87 [1/1] (0.00ns)   --->   "%l1_bits_5_addr_1 = getelementptr i1 %l1_bits_5, i64 0, i64 %zext_ln30" [bnn.cpp:31->bnn.cpp:102]   --->   Operation 87 'getelementptr' 'l1_bits_5_addr_1' <Predicate = true> <Delay = 0.00>
ST_3 : Operation 88 [2/2] (2.32ns)   --->   "%l1_bits_5_load_1 = load i4 %l1_bits_5_addr_1" [bnn.cpp:31->bnn.cpp:102]   --->   Operation 88 'load' 'l1_bits_5_load_1' <Predicate = true> <Delay = 2.32> <CoreInst = "RAM">   --->   Core 81 'RAM' <Latency = 1> <II = 1> <Delay = 2.32> <Storage> <Opcode : 'load' 'store'> <Ports = 2> <Width = 1> <Depth = 16> <RAM>
ST_3 : Operation 89 [1/1] (0.00ns)   --->   "%l1_bits_6_addr_1 = getelementptr i1 %l1_bits_6, i64 0, i64 %zext_ln30" [bnn.cpp:31->bnn.cpp:102]   --->   Operation 89 'getelementptr' 'l1_bits_6_addr_1' <Predicate = true> <Delay = 0.00>
ST_3 : Operation 90 [2/2] (2.32ns)   --->   "%l1_bits_6_load_1 = load i4 %l1_bits_6_addr_1" [bnn.cpp:31->bnn.cpp:102]   --->   Operation 90 'load' 'l1_bits_6_load_1' <Predicate = true> <Delay = 2.32> <CoreInst = "RAM">   --->   Core 81 'RAM' <Latency = 1> <II = 1> <Delay = 2.32> <Storage> <Opcode : 'load' 'store'> <Ports = 2> <Width = 1> <Depth = 16> <RAM>
ST_3 : Operation 91 [1/1] (0.00ns)   --->   "%l1_bits_7_addr_1 = getelementptr i1 %l1_bits_7, i64 0, i64 %zext_ln30" [bnn.cpp:31->bnn.cpp:102]   --->   Operation 91 'getelementptr' 'l1_bits_7_addr_1' <Predicate = true> <Delay = 0.00>
ST_3 : Operation 92 [2/2] (2.32ns)   --->   "%l1_bits_7_load_1 = load i4 %l1_bits_7_addr_1" [bnn.cpp:31->bnn.cpp:102]   --->   Operation 92 'load' 'l1_bits_7_load_1' <Predicate = true> <Delay = 2.32> <CoreInst = "RAM">   --->   Core 81 'RAM' <Latency = 1> <II = 1> <Delay = 2.32> <Storage> <Opcode : 'load' 'store'> <Ports = 2> <Width = 1> <Depth = 16> <RAM>
ST_3 : Operation 120 [1/1] (1.58ns)   --->   "%ret_ln0 = ret"   --->   Operation 120 'ret' 'ret_ln0' <Predicate = (icmp_ln24)> <Delay = 1.58>

State 4 <SV = 3> <Delay = 6.90>
ST_4 : Operation 93 [1/1] (0.00ns)   --->   "%zext_ln24 = zext i4 %w_2" [bnn.cpp:24->bnn.cpp:102]   --->   Operation 93 'zext' 'zext_ln24' <Predicate = true> <Delay = 0.00>
ST_4 : Operation 94 [1/1] (0.00ns)   --->   "%specpipeline_ln24 = specpipeline void @_ssdm_op_SpecPipeline, i32 4294967295, i32 0, i32 0, i32 0, void @empty_0" [bnn.cpp:24->bnn.cpp:102]   --->   Operation 94 'specpipeline' 'specpipeline_ln24' <Predicate = true> <Delay = 0.00>
ST_4 : Operation 95 [1/1] (0.00ns)   --->   "%specloopname_ln24 = specloopname void @_ssdm_op_SpecLoopName, void @empty_3" [bnn.cpp:24->bnn.cpp:102]   --->   Operation 95 'specloopname' 'specloopname_ln24' <Predicate = true> <Delay = 0.00>
ST_4 : Operation 96 [1/1] (0.00ns)   --->   "%word_18 = bitconcatenate i11 @_ssdm_op_BitConcatenate.i11.i10.i1, i10 %select_ln31_8, i1 0" [bnn.cpp:30->bnn.cpp:102]   --->   Operation 96 'bitconcatenate' 'word_18' <Predicate = (!l1_bits_2_load_1)> <Delay = 0.00>
ST_4 : Operation 97 [1/1] (0.00ns)   --->   "%or_ln32_9 = bitconcatenate i11 @_ssdm_op_BitConcatenate.i11.i10.i1, i10 %select_ln31_8, i1 1" [bnn.cpp:32->bnn.cpp:102]   --->   Operation 97 'bitconcatenate' 'or_ln32_9' <Predicate = (l1_bits_2_load_1)> <Delay = 0.00>
ST_4 : Operation 98 [1/1] (0.69ns)   --->   "%select_ln31_9 = select i1 %l1_bits_2_load_1, i11 %or_ln32_9, i11 %word_18" [bnn.cpp:31->bnn.cpp:102]   --->   Operation 98 'select' 'select_ln31_9' <Predicate = true> <Delay = 0.69> <CoreInst = "Sel">   --->   Core 73 'Sel' <Latency = 0> <II = 1> <Delay = 0.69> <FuncUnit> <Opcode : 'select'> <InPorts = 3> <OutPorts = 1>
ST_4 : Operation 99 [1/1] (0.00ns)   --->   "%word_19 = bitconcatenate i12 @_ssdm_op_BitConcatenate.i12.i11.i1, i11 %select_ln31_9, i1 0" [bnn.cpp:30->bnn.cpp:102]   --->   Operation 99 'bitconcatenate' 'word_19' <Predicate = (!l1_bits_3_load_1)> <Delay = 0.00>
ST_4 : Operation 100 [1/1] (0.00ns)   --->   "%or_ln32_s = bitconcatenate i12 @_ssdm_op_BitConcatenate.i12.i11.i1, i11 %select_ln31_9, i1 1" [bnn.cpp:32->bnn.cpp:102]   --->   Operation 100 'bitconcatenate' 'or_ln32_s' <Predicate = (l1_bits_3_load_1)> <Delay = 0.00>
ST_4 : Operation 101 [1/1] (0.69ns)   --->   "%select_ln31_10 = select i1 %l1_bits_3_load_1, i12 %or_ln32_s, i12 %word_19" [bnn.cpp:31->bnn.cpp:102]   --->   Operation 101 'select' 'select_ln31_10' <Predicate = true> <Delay = 0.69> <CoreInst = "Sel">   --->   Core 73 'Sel' <Latency = 0> <II = 1> <Delay = 0.69> <FuncUnit> <Opcode : 'select'> <InPorts = 3> <OutPorts = 1>
ST_4 : Operation 102 [1/1] (0.00ns)   --->   "%word_20 = bitconcatenate i13 @_ssdm_op_BitConcatenate.i13.i12.i1, i12 %select_ln31_10, i1 0" [bnn.cpp:30->bnn.cpp:102]   --->   Operation 102 'bitconcatenate' 'word_20' <Predicate = (!l1_bits_4_load_1)> <Delay = 0.00>
ST_4 : Operation 103 [1/1] (0.00ns)   --->   "%or_ln32_10 = bitconcatenate i13 @_ssdm_op_BitConcatenate.i13.i12.i1, i12 %select_ln31_10, i1 1" [bnn.cpp:32->bnn.cpp:102]   --->   Operation 103 'bitconcatenate' 'or_ln32_10' <Predicate = (l1_bits_4_load_1)> <Delay = 0.00>
ST_4 : Operation 104 [1/1] (0.69ns)   --->   "%select_ln31_11 = select i1 %l1_bits_4_load_1, i13 %or_ln32_10, i13 %word_20" [bnn.cpp:31->bnn.cpp:102]   --->   Operation 104 'select' 'select_ln31_11' <Predicate = true> <Delay = 0.69> <CoreInst = "Sel">   --->   Core 73 'Sel' <Latency = 0> <II = 1> <Delay = 0.69> <FuncUnit> <Opcode : 'select'> <InPorts = 3> <OutPorts = 1>
ST_4 : Operation 105 [1/1] (0.00ns)   --->   "%word_21 = bitconcatenate i14 @_ssdm_op_BitConcatenate.i14.i13.i1, i13 %select_ln31_11, i1 0" [bnn.cpp:30->bnn.cpp:102]   --->   Operation 105 'bitconcatenate' 'word_21' <Predicate = true> <Delay = 0.00>
ST_4 : Operation 106 [1/2] ( I:2.32ns O:2.32ns )   --->   "%l1_bits_5_load_1 = load i4 %l1_bits_5_addr_1" [bnn.cpp:31->bnn.cpp:102]   --->   Operation 106 'load' 'l1_bits_5_load_1' <Predicate = true> <Delay = 2.32> <CoreInst = "RAM">   --->   Core 81 'RAM' <Latency = 1> <II = 1> <Delay = 2.32> <Storage> <Opcode : 'load' 'store'> <Ports = 2> <Width = 1> <Depth = 16> <RAM>
ST_4 : Operation 107 [1/1] (0.00ns)   --->   "%or_ln32_11 = bitconcatenate i14 @_ssdm_op_BitConcatenate.i14.i13.i1, i13 %select_ln31_11, i1 1" [bnn.cpp:32->bnn.cpp:102]   --->   Operation 107 'bitconcatenate' 'or_ln32_11' <Predicate = true> <Delay = 0.00>
ST_4 : Operation 108 [1/1] (0.70ns)   --->   "%select_ln31_12 = select i1 %l1_bits_5_load_1, i14 %or_ln32_11, i14 %word_21" [bnn.cpp:31->bnn.cpp:102]   --->   Operation 108 'select' 'select_ln31_12' <Predicate = true> <Delay = 0.70> <CoreInst = "Sel">   --->   Core 73 'Sel' <Latency = 0> <II = 1> <Delay = 0.70> <FuncUnit> <Opcode : 'select'> <InPorts = 3> <OutPorts = 1>
ST_4 : Operation 109 [1/1] (0.00ns)   --->   "%word_22 = bitconcatenate i15 @_ssdm_op_BitConcatenate.i15.i14.i1, i14 %select_ln31_12, i1 0" [bnn.cpp:30->bnn.cpp:102]   --->   Operation 109 'bitconcatenate' 'word_22' <Predicate = true> <Delay = 0.00>
ST_4 : Operation 110 [1/2] ( I:2.32ns O:2.32ns )   --->   "%l1_bits_6_load_1 = load i4 %l1_bits_6_addr_1" [bnn.cpp:31->bnn.cpp:102]   --->   Operation 110 'load' 'l1_bits_6_load_1' <Predicate = true> <Delay = 2.32> <CoreInst = "RAM">   --->   Core 81 'RAM' <Latency = 1> <II = 1> <Delay = 2.32> <Storage> <Opcode : 'load' 'store'> <Ports = 2> <Width = 1> <Depth = 16> <RAM>
ST_4 : Operation 111 [1/1] (0.00ns)   --->   "%or_ln32_12 = bitconcatenate i15 @_ssdm_op_BitConcatenate.i15.i14.i1, i14 %select_ln31_12, i1 1" [bnn.cpp:32->bnn.cpp:102]   --->   Operation 111 'bitconcatenate' 'or_ln32_12' <Predicate = true> <Delay = 0.00>
ST_4 : Operation 112 [1/1] (0.75ns)   --->   "%select_ln31_13 = select i1 %l1_bits_6_load_1, i15 %or_ln32_12, i15 %word_22" [bnn.cpp:31->bnn.cpp:102]   --->   Operation 112 'select' 'select_ln31_13' <Predicate = true> <Delay = 0.75> <CoreInst = "Sel">   --->   Core 73 'Sel' <Latency = 0> <II = 1> <Delay = 0.75> <FuncUnit> <Opcode : 'select'> <InPorts = 3> <OutPorts = 1>
ST_4 : Operation 113 [1/1] (0.00ns)   --->   "%word_23 = bitconcatenate i16 @_ssdm_op_BitConcatenate.i16.i15.i1, i15 %select_ln31_13, i1 0" [bnn.cpp:30->bnn.cpp:102]   --->   Operation 113 'bitconcatenate' 'word_23' <Predicate = true> <Delay = 0.00>
ST_4 : Operation 114 [1/2] ( I:2.32ns O:2.32ns )   --->   "%l1_bits_7_load_1 = load i4 %l1_bits_7_addr_1" [bnn.cpp:31->bnn.cpp:102]   --->   Operation 114 'load' 'l1_bits_7_load_1' <Predicate = true> <Delay = 2.32> <CoreInst = "RAM">   --->   Core 81 'RAM' <Latency = 1> <II = 1> <Delay = 2.32> <Storage> <Opcode : 'load' 'store'> <Ports = 2> <Width = 1> <Depth = 16> <RAM>
ST_4 : Operation 115 [1/1] (0.00ns)   --->   "%or_ln32_13 = bitconcatenate i16 @_ssdm_op_BitConcatenate.i16.i15.i1, i15 %select_ln31_13, i1 1" [bnn.cpp:32->bnn.cpp:102]   --->   Operation 115 'bitconcatenate' 'or_ln32_13' <Predicate = true> <Delay = 0.00>
ST_4 : Operation 116 [1/1] (0.80ns)   --->   "%word_24 = select i1 %l1_bits_7_load_1, i16 %or_ln32_13, i16 %word_23" [bnn.cpp:31->bnn.cpp:102]   --->   Operation 116 'select' 'word_24' <Predicate = true> <Delay = 0.80> <CoreInst = "Sel">   --->   Core 73 'Sel' <Latency = 0> <II = 1> <Delay = 0.80> <FuncUnit> <Opcode : 'select'> <InPorts = 3> <OutPorts = 1>
ST_4 : Operation 117 [1/1] (0.00ns)   --->   "%l1_packed_addr = getelementptr i16 %l1_packed, i64 0, i64 %zext_ln24" [bnn.cpp:35->bnn.cpp:102]   --->   Operation 117 'getelementptr' 'l1_packed_addr' <Predicate = true> <Delay = 0.00>
ST_4 : Operation 118 [1/1] ( I:2.32ns O:2.32ns )   --->   "%store_ln35 = store i16 %word_24, i3 %l1_packed_addr" [bnn.cpp:35->bnn.cpp:102]   --->   Operation 118 'store' 'store_ln35' <Predicate = true> <Delay = 2.32> <CoreInst = "RAM">   --->   Core 81 'RAM' <Latency = 1> <II = 1> <Delay = 2.32> <Storage> <Opcode : 'load' 'store'> <Ports = 2> <Width = 16> <Depth = 8> <RAM>
ST_4 : Operation 119 [1/1] (0.00ns)   --->   "%br_ln24 = br void %VITIS_LOOP_27_2.i" [bnn.cpp:24->bnn.cpp:102]   --->   Operation 119 'br' 'br_ln24' <Predicate = true> <Delay = 0.00>


============================================================
+ Verbose Summary: Timing violations
============================================================
Target clock period: 10.000ns, clock uncertainty: 2.700ns.

 <State 1>: 4.911ns
The critical path consists of the following:
	'store' operation 0 bit ('store_ln24', bnn.cpp:24->bnn.cpp:102) of constant 0 on local variable 'w', bnn.cpp:24->bnn.cpp:102 [11]  (1.588 ns)
	'load' operation 4 bit ('w', bnn.cpp:31->bnn.cpp:102) on local variable 'w', bnn.cpp:24->bnn.cpp:102 [14]  (0.000 ns)
	'icmp' operation 1 bit ('icmp_ln24', bnn.cpp:24->bnn.cpp:102) [15]  (1.735 ns)
	'store' operation 0 bit ('store_ln24', bnn.cpp:24->bnn.cpp:102) of variable 'add_ln24', bnn.cpp:24->bnn.cpp:102 on local variable 'w', bnn.cpp:24->bnn.cpp:102 [107]  (1.588 ns)

 <State 2>: 5.319ns
The critical path consists of the following:
	'load' operation 1 bit ('word', bnn.cpp:31->bnn.cpp:102) on array 'l1_bits' [27]  (2.322 ns)
	'select' operation 2 bit ('select_ln31', bnn.cpp:31->bnn.cpp:102) [32]  (0.993 ns)
	'select' operation 3 bit ('select_ln31_1', bnn.cpp:31->bnn.cpp:102) [37]  (0.980 ns)
	'select' operation 4 bit ('select_ln31_2', bnn.cpp:31->bnn.cpp:102) [42]  (1.024 ns)

 <State 3>: 6.299ns
The critical path consists of the following:
	'select' operation 5 bit ('select_ln31_3', bnn.cpp:31->bnn.cpp:102) [47]  (1.215 ns)
	'select' operation 6 bit ('select_ln31_4', bnn.cpp:31->bnn.cpp:102) [52]  (1.188 ns)
	'select' operation 7 bit ('select_ln31_5', bnn.cpp:31->bnn.cpp:102) [57]  (0.993 ns)
	'select' operation 8 bit ('select_ln31_6', bnn.cpp:31->bnn.cpp:102) [64]  (1.248 ns)
	'select' operation 9 bit ('select_ln31_7', bnn.cpp:31->bnn.cpp:102) [69]  (0.968 ns)
	'select' operation 10 bit ('select_ln31_8', bnn.cpp:31->bnn.cpp:102) [74]  (0.687 ns)

 <State 4>: 6.904ns
The critical path consists of the following:
	'load' operation 1 bit ('l1_bits_5_load_1', bnn.cpp:31->bnn.cpp:102) on array 'l1_bits_5' [92]  (2.322 ns)
	'select' operation 14 bit ('select_ln31_12', bnn.cpp:31->bnn.cpp:102) [94]  (0.702 ns)
	'select' operation 15 bit ('select_ln31_13', bnn.cpp:31->bnn.cpp:102) [99]  (0.754 ns)
	'select' operation 16 bit ('word', bnn.cpp:31->bnn.cpp:102) [104]  (0.805 ns)
	'store' operation 0 bit ('store_ln35', bnn.cpp:35->bnn.cpp:102) of variable 'word', bnn.cpp:31->bnn.cpp:102 on array 'l1_packed' [106]  (2.322 ns)


============================================================
+ Verbose Summary: Binding
============================================================
N/A
* FSMD analyzer results:
  - Output states:
 - Input state : 
  - Chain level:
	State 1
	State 2
	State 3
	State 4


============================================================
+ Verbose Summary: Datapath Resource usage 
============================================================
N/A
