

================================================================
== Vitis HLS Report for 'bnn_Pipeline_VITIS_LOOP_24_11'
================================================================
* Date:           Mon Dec  8 16:26:33 2025

* Version:        2024.2 (Build 5238294 on Nov  8 2024)
* Project:        bnn.comp
* Solution:       hls (Vivado IP Flow Target)
* Product family: zynq
* Target device:  xc7z020-clg400-1


================================================================
== Performance Estimates
================================================================
+ Timing: 
    * Summary: 
    +--------+----------+----------+------------+
    |  Clock |  Target  | Estimated| Uncertainty|
    +--------+----------+----------+------------+
    |ap_clk  |  10.00 ns|  7.251 ns|     2.70 ns|
    +--------+----------+----------+------------+

+ Latency: 
    * Summary: 
    +---------+---------+-----------+-----------+-----+-----+------------------------------------------------+
    |  Latency (cycles) |   Latency (absolute)  |  Interval |                    Pipeline                    |
    |   min   |   max   |    min    |    max    | min | max |                      Type                      |
    +---------+---------+-----------+-----------+-----+-----+------------------------------------------------+
    |        8|        8|  80.000 ns|  80.000 ns|    5|    5|  loop auto-rewind stp (delay=0 clock cycles(s))|
    +---------+---------+-----------+-----------+-----+-----+------------------------------------------------+

    + Detail: 
        * Instance: 
        N/A

        * Loop: 
        +-------------------+---------+---------+----------+-----------+-----------+------+----------+
        |                   |  Latency (cycles) | Iteration|  Initiation Interval  | Trip |          |
        |     Loop Name     |   min   |   max   |  Latency |  achieved |   target  | Count| Pipelined|
        +-------------------+---------+---------+----------+-----------+-----------+------+----------+
        |- VITIS_LOOP_24_1  |        6|        6|         4|          1|          1|     4|       yes|
        +-------------------+---------+---------+----------+-----------+-----------+------+----------+

============================================================
+ Verbose Summary: Synthesis Manager
============================================================
InlineROM: 1
ExposeGlobal: 0
============================================================
+ Verbose Summary: CDFG Model
============================================================
IsTopModel: 0
ResetActiveHigh: 1
IsCombinational: 0
IsDatapathOnly: 0
HasWiredReturn: 1
HasMFsm: 2
HasVarLatency: 1
IsPipeline: 0
IsRtlPipelined: 0
IsInstanceOverlapped: 0
IsDontTouch: 0
HasImplIP: 0
IsGatedGlobalClock: 0

+ Individual pipeline summary: 
  * Pipeline-0: initiation interval (II) = 1, depth = 4


============================================================
+ Verbose Summary: Schedule
============================================================
* Number of FSM states : 4
* Pipeline : 1
  Pipeline-0 : II = 1, D = 4, States = { 1 2 3 4 }
* Dataflow Pipeline: 0

* FSM state transitions: 
1 --> 2 
2 --> 3 
3 --> 4 
4 --> 

* FSM state operations: 

State 1 <SV = 0> <Delay = 4.82>
ST_1 : Operation 7 [1/1] (0.00ns)   --->   "%w = alloca i32 1" [bnn.cpp:24->bnn.cpp:126]   --->   Operation 7 'alloca' 'w' <Predicate = true> <Delay = 0.00>
ST_1 : Operation 8 [1/1] (0.00ns)   --->   "%l2_packed = alloca i32 1" [bnn.cpp:123]   --->   Operation 8 'alloca' 'l2_packed' <Predicate = true> <Delay = 0.00>
ST_1 : Operation 9 [1/1] (0.00ns)   --->   "%l2_packed_1 = alloca i32 1" [bnn.cpp:123]   --->   Operation 9 'alloca' 'l2_packed_1' <Predicate = true> <Delay = 0.00>
ST_1 : Operation 10 [1/1] (0.00ns)   --->   "%l2_packed_2 = alloca i32 1" [bnn.cpp:123]   --->   Operation 10 'alloca' 'l2_packed_2' <Predicate = true> <Delay = 0.00>
ST_1 : Operation 11 [1/1] (0.00ns)   --->   "%l2_packed_3 = alloca i32 1" [bnn.cpp:123]   --->   Operation 11 'alloca' 'l2_packed_3' <Predicate = true> <Delay = 0.00>
ST_1 : Operation 12 [1/1] (1.58ns)   --->   "%store_ln24 = store i3 0, i3 %w" [bnn.cpp:24->bnn.cpp:126]   --->   Operation 12 'store' 'store_ln24' <Predicate = true> <Delay = 1.58>
ST_1 : Operation 13 [1/1] (0.00ns)   --->   "%br_ln0 = br void %VITIS_LOOP_27_2.i45"   --->   Operation 13 'br' 'br_ln0' <Predicate = true> <Delay = 0.00>
ST_1 : Operation 14 [1/1] (0.00ns)   --->   "%w_1 = load i3 %w" [bnn.cpp:31->bnn.cpp:126]   --->   Operation 14 'load' 'w_1' <Predicate = true> <Delay = 0.00>
ST_1 : Operation 15 [1/1] (1.65ns)   --->   "%icmp_ln24 = icmp_eq  i3 %w_1, i3 4" [bnn.cpp:24->bnn.cpp:126]   --->   Operation 15 'icmp' 'icmp_ln24' <Predicate = true> <Delay = 1.65> <CoreInst = "Cmp">   --->   Core 9 'Cmp' <Latency = 0> <II = 1> <Delay = 1.65> <FuncUnit> <Opcode : 'seteq' 'setne' 'setle' 'setge' 'setlt' 'setgt'> <InPorts = 2> <OutPorts = 1>
ST_1 : Operation 16 [1/1] (0.00ns)   --->   "%speclooptripcount_ln0 = speclooptripcount void @_ssdm_op_SpecLoopTripCount, i64 4, i64 4, i64 4"   --->   Operation 16 'speclooptripcount' 'speclooptripcount_ln0' <Predicate = true> <Delay = 0.00>
ST_1 : Operation 17 [1/1] (1.65ns)   --->   "%add_ln24 = add i3 %w_1, i3 1" [bnn.cpp:24->bnn.cpp:126]   --->   Operation 17 'add' 'add_ln24' <Predicate = true> <Delay = 1.65> <CoreInst = "Adder">   --->   Core 1 'Adder' <Latency = 0> <II = 1> <Delay = 1.65> <FuncUnit> <Opcode : 'add' 'sub'> <InPorts = 2> <OutPorts = 1>
ST_1 : Operation 18 [1/1] (0.00ns)   --->   "%br_ln24 = br i1 %icmp_ln24, void %VITIS_LOOP_27_2.i45.split, void %for.inc39.preheader.exitStub" [bnn.cpp:24->bnn.cpp:126]   --->   Operation 18 'br' 'br_ln24' <Predicate = true> <Delay = 0.00>
ST_1 : Operation 19 [1/1] (0.00ns)   --->   "%trunc_ln24 = trunc i3 %w_1" [bnn.cpp:24->bnn.cpp:126]   --->   Operation 19 'trunc' 'trunc_ln24' <Predicate = (!icmp_ln24)> <Delay = 0.00>
ST_1 : Operation 20 [1/1] (0.00ns)   --->   "%shl_ln31 = shl i3 %w_1, i3 1" [bnn.cpp:31->bnn.cpp:126]   --->   Operation 20 'shl' 'shl_ln31' <Predicate = (!icmp_ln24)> <Delay = 0.00>
ST_1 : Operation 21 [1/1] (0.00ns)   --->   "%zext_ln31 = zext i3 %shl_ln31" [bnn.cpp:31->bnn.cpp:126]   --->   Operation 21 'zext' 'zext_ln31' <Predicate = (!icmp_ln24)> <Delay = 0.00>
ST_1 : Operation 22 [1/1] (0.00ns)   --->   "%l2_bits_addr = getelementptr i1 %l2_bits, i64 0, i64 %zext_ln31" [bnn.cpp:31->bnn.cpp:126]   --->   Operation 22 'getelementptr' 'l2_bits_addr' <Predicate = (!icmp_ln24)> <Delay = 0.00>
ST_1 : Operation 23 [2/2] (2.32ns)   --->   "%word = load i3 %l2_bits_addr" [bnn.cpp:31->bnn.cpp:126]   --->   Operation 23 'load' 'word' <Predicate = (!icmp_ln24)> <Delay = 2.32> <CoreInst = "RAM">   --->   Core 81 'RAM' <Latency = 1> <II = 1> <Delay = 2.32> <Storage> <Opcode : 'load' 'store'> <Ports = 2> <Width = 1> <Depth = 8> <RAM>
ST_1 : Operation 24 [1/1] (0.00ns)   --->   "%l2_bits_1_addr = getelementptr i1 %l2_bits_1, i64 0, i64 %zext_ln31" [bnn.cpp:31->bnn.cpp:126]   --->   Operation 24 'getelementptr' 'l2_bits_1_addr' <Predicate = (!icmp_ln24)> <Delay = 0.00>
ST_1 : Operation 25 [2/2] (2.32ns)   --->   "%l2_bits_1_load = load i3 %l2_bits_1_addr" [bnn.cpp:31->bnn.cpp:126]   --->   Operation 25 'load' 'l2_bits_1_load' <Predicate = (!icmp_ln24)> <Delay = 2.32> <CoreInst = "RAM">   --->   Core 81 'RAM' <Latency = 1> <II = 1> <Delay = 2.32> <Storage> <Opcode : 'load' 'store'> <Ports = 2> <Width = 1> <Depth = 8> <RAM>
ST_1 : Operation 26 [1/1] (0.00ns)   --->   "%l2_bits_2_addr = getelementptr i1 %l2_bits_2, i64 0, i64 %zext_ln31" [bnn.cpp:31->bnn.cpp:126]   --->   Operation 26 'getelementptr' 'l2_bits_2_addr' <Predicate = (!icmp_ln24)> <Delay = 0.00>
ST_1 : Operation 27 [2/2] (2.32ns)   --->   "%l2_bits_2_load = load i3 %l2_bits_2_addr" [bnn.cpp:31->bnn.cpp:126]   --->   Operation 27 'load' 'l2_bits_2_load' <Predicate = (!icmp_ln24)> <Delay = 2.32> <CoreInst = "RAM">   --->   Core 81 'RAM' <Latency = 1> <II = 1> <Delay = 2.32> <Storage> <Opcode : 'load' 'store'> <Ports = 2> <Width = 1> <Depth = 8> <RAM>
ST_1 : Operation 28 [1/1] (1.56ns)   --->   "%switch_ln35 = switch i2 %trunc_ln24, void %arrayidx11.i5991.case.3, i2 0, void %arrayidx11.i5991.case.0, i2 1, void %arrayidx11.i5991.case.1, i2 2, void %VITIS_LOOP_27_2.i45.split.arrayidx11.i5991.exit_crit_edge" [bnn.cpp:35->bnn.cpp:126]   --->   Operation 28 'switch' 'switch_ln35' <Predicate = (!icmp_ln24)> <Delay = 1.56>
ST_1 : Operation 29 [1/1] (1.58ns)   --->   "%store_ln24 = store i3 %add_ln24, i3 %w" [bnn.cpp:24->bnn.cpp:126]   --->   Operation 29 'store' 'store_ln24' <Predicate = (!icmp_ln24)> <Delay = 1.58>
ST_1 : Operation 30 [1/1] (0.00ns)   --->   "%br_ln24 = br void %VITIS_LOOP_27_2.i45" [bnn.cpp:24->bnn.cpp:126]   --->   Operation 30 'br' 'br_ln24' <Predicate = (!icmp_ln24)> <Delay = 0.00>

State 2 <SV = 1> <Delay = 2.32>
ST_2 : Operation 31 [1/2] ( I:2.32ns O:2.32ns )   --->   "%word = load i3 %l2_bits_addr" [bnn.cpp:31->bnn.cpp:126]   --->   Operation 31 'load' 'word' <Predicate = true> <Delay = 2.32> <CoreInst = "RAM">   --->   Core 81 'RAM' <Latency = 1> <II = 1> <Delay = 2.32> <Storage> <Opcode : 'load' 'store'> <Ports = 2> <Width = 1> <Depth = 8> <RAM>
ST_2 : Operation 32 [1/2] ( I:2.32ns O:2.32ns )   --->   "%l2_bits_1_load = load i3 %l2_bits_1_addr" [bnn.cpp:31->bnn.cpp:126]   --->   Operation 32 'load' 'l2_bits_1_load' <Predicate = true> <Delay = 2.32> <CoreInst = "RAM">   --->   Core 81 'RAM' <Latency = 1> <II = 1> <Delay = 2.32> <Storage> <Opcode : 'load' 'store'> <Ports = 2> <Width = 1> <Depth = 8> <RAM>
ST_2 : Operation 33 [1/2] ( I:2.32ns O:2.32ns )   --->   "%l2_bits_2_load = load i3 %l2_bits_2_addr" [bnn.cpp:31->bnn.cpp:126]   --->   Operation 33 'load' 'l2_bits_2_load' <Predicate = true> <Delay = 2.32> <CoreInst = "RAM">   --->   Core 81 'RAM' <Latency = 1> <II = 1> <Delay = 2.32> <Storage> <Opcode : 'load' 'store'> <Ports = 2> <Width = 1> <Depth = 8> <RAM>
ST_2 : Operation 34 [1/1] (0.00ns)   --->   "%l2_bits_3_addr = getelementptr i1 %l2_bits_3, i64 0, i64 %zext_ln31" [bnn.cpp:31->bnn.cpp:126]   --->   Operation 34 'getelementptr' 'l2_bits_3_addr' <Predicate = true> <Delay = 0.00>
ST_2 : Operation 35 [2/2] (2.32ns)   --->   "%l2_bits_3_load = load i3 %l2_bits_3_addr" [bnn.cpp:31->bnn.cpp:126]   --->   Operation 35 'load' 'l2_bits_3_load' <Predicate = true> <Delay = 2.32> <CoreInst = "RAM">   --->   Core 81 'RAM' <Latency = 1> <II = 1> <Delay = 2.32> <Storage> <Opcode : 'load' 'store'> <Ports = 2> <Width = 1> <Depth = 8> <RAM>
ST_2 : Operation 36 [1/1] (0.00ns)   --->   "%l2_bits_4_addr = getelementptr i1 %l2_bits_4, i64 0, i64 %zext_ln31" [bnn.cpp:31->bnn.cpp:126]   --->   Operation 36 'getelementptr' 'l2_bits_4_addr' <Predicate = true> <Delay = 0.00>
ST_2 : Operation 37 [2/2] (2.32ns)   --->   "%l2_bits_4_load = load i3 %l2_bits_4_addr" [bnn.cpp:31->bnn.cpp:126]   --->   Operation 37 'load' 'l2_bits_4_load' <Predicate = true> <Delay = 2.32> <CoreInst = "RAM">   --->   Core 81 'RAM' <Latency = 1> <II = 1> <Delay = 2.32> <Storage> <Opcode : 'load' 'store'> <Ports = 2> <Width = 1> <Depth = 8> <RAM>
ST_2 : Operation 38 [1/1] (0.00ns)   --->   "%l2_bits_5_addr = getelementptr i1 %l2_bits_5, i64 0, i64 %zext_ln31" [bnn.cpp:31->bnn.cpp:126]   --->   Operation 38 'getelementptr' 'l2_bits_5_addr' <Predicate = true> <Delay = 0.00>
ST_2 : Operation 39 [2/2] (2.32ns)   --->   "%l2_bits_5_load = load i3 %l2_bits_5_addr" [bnn.cpp:31->bnn.cpp:126]   --->   Operation 39 'load' 'l2_bits_5_load' <Predicate = true> <Delay = 2.32> <CoreInst = "RAM">   --->   Core 81 'RAM' <Latency = 1> <II = 1> <Delay = 2.32> <Storage> <Opcode : 'load' 'store'> <Ports = 2> <Width = 1> <Depth = 8> <RAM>
ST_2 : Operation 40 [1/1] (0.00ns)   --->   "%l2_bits_6_addr = getelementptr i1 %l2_bits_6, i64 0, i64 %zext_ln31" [bnn.cpp:31->bnn.cpp:126]   --->   Operation 40 'getelementptr' 'l2_bits_6_addr' <Predicate = true> <Delay = 0.00>
ST_2 : Operation 41 [2/2] (2.32ns)   --->   "%l2_bits_6_load = load i3 %l2_bits_6_addr" [bnn.cpp:31->bnn.cpp:126]   --->   Operation 41 'load' 'l2_bits_6_load' <Predicate = true> <Delay = 2.32> <CoreInst = "RAM">   --->   Core 81 'RAM' <Latency = 1> <II = 1> <Delay = 2.32> <Storage> <Opcode : 'load' 'store'> <Ports = 2> <Width = 1> <Depth = 8> <RAM>
ST_2 : Operation 42 [1/1] (0.00ns)   --->   "%l2_bits_7_addr = getelementptr i1 %l2_bits_7, i64 0, i64 %zext_ln31" [bnn.cpp:31->bnn.cpp:126]   --->   Operation 42 'getelementptr' 'l2_bits_7_addr' <Predicate = true> <Delay = 0.00>
ST_2 : Operation 43 [2/2] (2.32ns)   --->   "%l2_bits_7_load = load i3 %l2_bits_7_addr" [bnn.cpp:31->bnn.cpp:126]   --->   Operation 43 'load' 'l2_bits_7_load' <Predicate = true> <Delay = 2.32> <CoreInst = "RAM">   --->   Core 81 'RAM' <Latency = 1> <II = 1> <Delay = 2.32> <Storage> <Opcode : 'load' 'store'> <Ports = 2> <Width = 1> <Depth = 8> <RAM>
ST_2 : Operation 44 [1/1] (0.00ns)   --->   "%or_ln30_1 = bitconcatenate i3 @_ssdm_op_BitConcatenate.i3.i2.i1, i2 %trunc_ln24, i1 1" [bnn.cpp:30->bnn.cpp:126]   --->   Operation 44 'bitconcatenate' 'or_ln30_1' <Predicate = true> <Delay = 0.00>
ST_2 : Operation 45 [1/1] (0.00ns)   --->   "%zext_ln30 = zext i3 %or_ln30_1" [bnn.cpp:30->bnn.cpp:126]   --->   Operation 45 'zext' 'zext_ln30' <Predicate = true> <Delay = 0.00>
ST_2 : Operation 46 [1/1] (0.00ns)   --->   "%l2_bits_addr_1 = getelementptr i1 %l2_bits, i64 0, i64 %zext_ln30" [bnn.cpp:31->bnn.cpp:126]   --->   Operation 46 'getelementptr' 'l2_bits_addr_1' <Predicate = true> <Delay = 0.00>
ST_2 : Operation 47 [2/2] (2.32ns)   --->   "%l2_bits_load = load i3 %l2_bits_addr_1" [bnn.cpp:31->bnn.cpp:126]   --->   Operation 47 'load' 'l2_bits_load' <Predicate = true> <Delay = 2.32> <CoreInst = "RAM">   --->   Core 81 'RAM' <Latency = 1> <II = 1> <Delay = 2.32> <Storage> <Opcode : 'load' 'store'> <Ports = 2> <Width = 1> <Depth = 8> <RAM>
ST_2 : Operation 48 [1/1] (0.00ns)   --->   "%l2_bits_1_addr_1 = getelementptr i1 %l2_bits_1, i64 0, i64 %zext_ln30" [bnn.cpp:31->bnn.cpp:126]   --->   Operation 48 'getelementptr' 'l2_bits_1_addr_1' <Predicate = true> <Delay = 0.00>
ST_2 : Operation 49 [2/2] (2.32ns)   --->   "%l2_bits_1_load_1 = load i3 %l2_bits_1_addr_1" [bnn.cpp:31->bnn.cpp:126]   --->   Operation 49 'load' 'l2_bits_1_load_1' <Predicate = true> <Delay = 2.32> <CoreInst = "RAM">   --->   Core 81 'RAM' <Latency = 1> <II = 1> <Delay = 2.32> <Storage> <Opcode : 'load' 'store'> <Ports = 2> <Width = 1> <Depth = 8> <RAM>

State 3 <SV = 2> <Delay = 6.74>
ST_3 : Operation 50 [1/1] (0.00ns)   --->   "%word_1 = bitconcatenate i2 @_ssdm_op_BitConcatenate.i2.i1.i1, i1 %word, i1 0" [bnn.cpp:30->bnn.cpp:126]   --->   Operation 50 'bitconcatenate' 'word_1' <Predicate = (!l2_bits_1_load)> <Delay = 0.00>
ST_3 : Operation 51 [1/1] (0.00ns)   --->   "%or_ln32_s = bitconcatenate i2 @_ssdm_op_BitConcatenate.i2.i1.i1, i1 %word, i1 1" [bnn.cpp:32->bnn.cpp:126]   --->   Operation 51 'bitconcatenate' 'or_ln32_s' <Predicate = (l2_bits_1_load)> <Delay = 0.00>
ST_3 : Operation 52 [1/1] (0.99ns)   --->   "%select_ln31 = select i1 %l2_bits_1_load, i2 %or_ln32_s, i2 %word_1" [bnn.cpp:31->bnn.cpp:126]   --->   Operation 52 'select' 'select_ln31' <Predicate = true> <Delay = 0.99> <CoreInst = "Sel">   --->   Core 73 'Sel' <Latency = 0> <II = 1> <Delay = 0.99> <FuncUnit> <Opcode : 'select'> <InPorts = 3> <OutPorts = 1>
ST_3 : Operation 53 [1/1] (0.00ns)   --->   "%word_2 = bitconcatenate i3 @_ssdm_op_BitConcatenate.i3.i2.i1, i2 %select_ln31, i1 0" [bnn.cpp:30->bnn.cpp:126]   --->   Operation 53 'bitconcatenate' 'word_2' <Predicate = (!l2_bits_2_load)> <Delay = 0.00>
ST_3 : Operation 54 [1/1] (0.00ns)   --->   "%or_ln32_1 = bitconcatenate i3 @_ssdm_op_BitConcatenate.i3.i2.i1, i2 %select_ln31, i1 1" [bnn.cpp:32->bnn.cpp:126]   --->   Operation 54 'bitconcatenate' 'or_ln32_1' <Predicate = (l2_bits_2_load)> <Delay = 0.00>
ST_3 : Operation 55 [1/1] (0.98ns)   --->   "%select_ln31_1 = select i1 %l2_bits_2_load, i3 %or_ln32_1, i3 %word_2" [bnn.cpp:31->bnn.cpp:126]   --->   Operation 55 'select' 'select_ln31_1' <Predicate = true> <Delay = 0.98> <CoreInst = "Sel">   --->   Core 73 'Sel' <Latency = 0> <II = 1> <Delay = 0.98> <FuncUnit> <Opcode : 'select'> <InPorts = 3> <OutPorts = 1>
ST_3 : Operation 56 [1/1] (0.00ns)   --->   "%word_3 = bitconcatenate i4 @_ssdm_op_BitConcatenate.i4.i3.i1, i3 %select_ln31_1, i1 0" [bnn.cpp:30->bnn.cpp:126]   --->   Operation 56 'bitconcatenate' 'word_3' <Predicate = true> <Delay = 0.00>
ST_3 : Operation 57 [1/2] ( I:2.32ns O:2.32ns )   --->   "%l2_bits_3_load = load i3 %l2_bits_3_addr" [bnn.cpp:31->bnn.cpp:126]   --->   Operation 57 'load' 'l2_bits_3_load' <Predicate = true> <Delay = 2.32> <CoreInst = "RAM">   --->   Core 81 'RAM' <Latency = 1> <II = 1> <Delay = 2.32> <Storage> <Opcode : 'load' 'store'> <Ports = 2> <Width = 1> <Depth = 8> <RAM>
ST_3 : Operation 58 [1/1] (0.00ns)   --->   "%or_ln32_2 = bitconcatenate i4 @_ssdm_op_BitConcatenate.i4.i3.i1, i3 %select_ln31_1, i1 1" [bnn.cpp:32->bnn.cpp:126]   --->   Operation 58 'bitconcatenate' 'or_ln32_2' <Predicate = true> <Delay = 0.00>
ST_3 : Operation 59 [1/1] (1.02ns)   --->   "%select_ln31_2 = select i1 %l2_bits_3_load, i4 %or_ln32_2, i4 %word_3" [bnn.cpp:31->bnn.cpp:126]   --->   Operation 59 'select' 'select_ln31_2' <Predicate = true> <Delay = 1.02> <CoreInst = "Sel">   --->   Core 73 'Sel' <Latency = 0> <II = 1> <Delay = 1.02> <FuncUnit> <Opcode : 'select'> <InPorts = 3> <OutPorts = 1>
ST_3 : Operation 60 [1/1] (0.00ns)   --->   "%word_4 = bitconcatenate i5 @_ssdm_op_BitConcatenate.i5.i4.i1, i4 %select_ln31_2, i1 0" [bnn.cpp:30->bnn.cpp:126]   --->   Operation 60 'bitconcatenate' 'word_4' <Predicate = true> <Delay = 0.00>
ST_3 : Operation 61 [1/2] ( I:2.32ns O:2.32ns )   --->   "%l2_bits_4_load = load i3 %l2_bits_4_addr" [bnn.cpp:31->bnn.cpp:126]   --->   Operation 61 'load' 'l2_bits_4_load' <Predicate = true> <Delay = 2.32> <CoreInst = "RAM">   --->   Core 81 'RAM' <Latency = 1> <II = 1> <Delay = 2.32> <Storage> <Opcode : 'load' 'store'> <Ports = 2> <Width = 1> <Depth = 8> <RAM>
ST_3 : Operation 62 [1/1] (0.00ns)   --->   "%or_ln32_3 = bitconcatenate i5 @_ssdm_op_BitConcatenate.i5.i4.i1, i4 %select_ln31_2, i1 1" [bnn.cpp:32->bnn.cpp:126]   --->   Operation 62 'bitconcatenate' 'or_ln32_3' <Predicate = true> <Delay = 0.00>
ST_3 : Operation 63 [1/1] (1.21ns)   --->   "%select_ln31_3 = select i1 %l2_bits_4_load, i5 %or_ln32_3, i5 %word_4" [bnn.cpp:31->bnn.cpp:126]   --->   Operation 63 'select' 'select_ln31_3' <Predicate = true> <Delay = 1.21> <CoreInst = "Sel">   --->   Core 73 'Sel' <Latency = 0> <II = 1> <Delay = 1.21> <FuncUnit> <Opcode : 'select'> <InPorts = 3> <OutPorts = 1>
ST_3 : Operation 64 [1/1] (0.00ns)   --->   "%word_5 = bitconcatenate i6 @_ssdm_op_BitConcatenate.i6.i5.i1, i5 %select_ln31_3, i1 0" [bnn.cpp:30->bnn.cpp:126]   --->   Operation 64 'bitconcatenate' 'word_5' <Predicate = true> <Delay = 0.00>
ST_3 : Operation 65 [1/2] ( I:2.32ns O:2.32ns )   --->   "%l2_bits_5_load = load i3 %l2_bits_5_addr" [bnn.cpp:31->bnn.cpp:126]   --->   Operation 65 'load' 'l2_bits_5_load' <Predicate = true> <Delay = 2.32> <CoreInst = "RAM">   --->   Core 81 'RAM' <Latency = 1> <II = 1> <Delay = 2.32> <Storage> <Opcode : 'load' 'store'> <Ports = 2> <Width = 1> <Depth = 8> <RAM>
ST_3 : Operation 66 [1/1] (0.00ns)   --->   "%or_ln32_4 = bitconcatenate i6 @_ssdm_op_BitConcatenate.i6.i5.i1, i5 %select_ln31_3, i1 1" [bnn.cpp:32->bnn.cpp:126]   --->   Operation 66 'bitconcatenate' 'or_ln32_4' <Predicate = true> <Delay = 0.00>
ST_3 : Operation 67 [1/1] (1.18ns)   --->   "%select_ln31_4 = select i1 %l2_bits_5_load, i6 %or_ln32_4, i6 %word_5" [bnn.cpp:31->bnn.cpp:126]   --->   Operation 67 'select' 'select_ln31_4' <Predicate = true> <Delay = 1.18> <CoreInst = "Sel">   --->   Core 73 'Sel' <Latency = 0> <II = 1> <Delay = 1.18> <FuncUnit> <Opcode : 'select'> <InPorts = 3> <OutPorts = 1>
ST_3 : Operation 68 [1/1] (0.00ns)   --->   "%word_6 = bitconcatenate i7 @_ssdm_op_BitConcatenate.i7.i6.i1, i6 %select_ln31_4, i1 0" [bnn.cpp:30->bnn.cpp:126]   --->   Operation 68 'bitconcatenate' 'word_6' <Predicate = true> <Delay = 0.00>
ST_3 : Operation 69 [1/2] ( I:2.32ns O:2.32ns )   --->   "%l2_bits_6_load = load i3 %l2_bits_6_addr" [bnn.cpp:31->bnn.cpp:126]   --->   Operation 69 'load' 'l2_bits_6_load' <Predicate = true> <Delay = 2.32> <CoreInst = "RAM">   --->   Core 81 'RAM' <Latency = 1> <II = 1> <Delay = 2.32> <Storage> <Opcode : 'load' 'store'> <Ports = 2> <Width = 1> <Depth = 8> <RAM>
ST_3 : Operation 70 [1/1] (0.00ns)   --->   "%or_ln32_5 = bitconcatenate i7 @_ssdm_op_BitConcatenate.i7.i6.i1, i6 %select_ln31_4, i1 1" [bnn.cpp:32->bnn.cpp:126]   --->   Operation 70 'bitconcatenate' 'or_ln32_5' <Predicate = true> <Delay = 0.00>
ST_3 : Operation 71 [1/1] (0.99ns)   --->   "%select_ln31_5 = select i1 %l2_bits_6_load, i7 %or_ln32_5, i7 %word_6" [bnn.cpp:31->bnn.cpp:126]   --->   Operation 71 'select' 'select_ln31_5' <Predicate = true> <Delay = 0.99> <CoreInst = "Sel">   --->   Core 73 'Sel' <Latency = 0> <II = 1> <Delay = 0.99> <FuncUnit> <Opcode : 'select'> <InPorts = 3> <OutPorts = 1>
ST_3 : Operation 72 [1/2] ( I:2.32ns O:2.32ns )   --->   "%l2_bits_7_load = load i3 %l2_bits_7_addr" [bnn.cpp:31->bnn.cpp:126]   --->   Operation 72 'load' 'l2_bits_7_load' <Predicate = true> <Delay = 2.32> <CoreInst = "RAM">   --->   Core 81 'RAM' <Latency = 1> <II = 1> <Delay = 2.32> <Storage> <Opcode : 'load' 'store'> <Ports = 2> <Width = 1> <Depth = 8> <RAM>
ST_3 : Operation 73 [1/2] ( I:2.32ns O:2.32ns )   --->   "%l2_bits_load = load i3 %l2_bits_addr_1" [bnn.cpp:31->bnn.cpp:126]   --->   Operation 73 'load' 'l2_bits_load' <Predicate = true> <Delay = 2.32> <CoreInst = "RAM">   --->   Core 81 'RAM' <Latency = 1> <II = 1> <Delay = 2.32> <Storage> <Opcode : 'load' 'store'> <Ports = 2> <Width = 1> <Depth = 8> <RAM>
ST_3 : Operation 74 [1/2] ( I:2.32ns O:2.32ns )   --->   "%l2_bits_1_load_1 = load i3 %l2_bits_1_addr_1" [bnn.cpp:31->bnn.cpp:126]   --->   Operation 74 'load' 'l2_bits_1_load_1' <Predicate = true> <Delay = 2.32> <CoreInst = "RAM">   --->   Core 81 'RAM' <Latency = 1> <II = 1> <Delay = 2.32> <Storage> <Opcode : 'load' 'store'> <Ports = 2> <Width = 1> <Depth = 8> <RAM>
ST_3 : Operation 75 [1/1] (0.00ns)   --->   "%l2_bits_2_addr_1 = getelementptr i1 %l2_bits_2, i64 0, i64 %zext_ln30" [bnn.cpp:31->bnn.cpp:126]   --->   Operation 75 'getelementptr' 'l2_bits_2_addr_1' <Predicate = true> <Delay = 0.00>
ST_3 : Operation 76 [2/2] (2.32ns)   --->   "%l2_bits_2_load_1 = load i3 %l2_bits_2_addr_1" [bnn.cpp:31->bnn.cpp:126]   --->   Operation 76 'load' 'l2_bits_2_load_1' <Predicate = true> <Delay = 2.32> <CoreInst = "RAM">   --->   Core 81 'RAM' <Latency = 1> <II = 1> <Delay = 2.32> <Storage> <Opcode : 'load' 'store'> <Ports = 2> <Width = 1> <Depth = 8> <RAM>
ST_3 : Operation 77 [1/1] (0.00ns)   --->   "%l2_bits_3_addr_1 = getelementptr i1 %l2_bits_3, i64 0, i64 %zext_ln30" [bnn.cpp:31->bnn.cpp:126]   --->   Operation 77 'getelementptr' 'l2_bits_3_addr_1' <Predicate = true> <Delay = 0.00>
ST_3 : Operation 78 [2/2] (2.32ns)   --->   "%l2_bits_3_load_1 = load i3 %l2_bits_3_addr_1" [bnn.cpp:31->bnn.cpp:126]   --->   Operation 78 'load' 'l2_bits_3_load_1' <Predicate = true> <Delay = 2.32> <CoreInst = "RAM">   --->   Core 81 'RAM' <Latency = 1> <II = 1> <Delay = 2.32> <Storage> <Opcode : 'load' 'store'> <Ports = 2> <Width = 1> <Depth = 8> <RAM>
ST_3 : Operation 79 [1/1] (0.00ns)   --->   "%l2_bits_4_addr_1 = getelementptr i1 %l2_bits_4, i64 0, i64 %zext_ln30" [bnn.cpp:31->bnn.cpp:126]   --->   Operation 79 'getelementptr' 'l2_bits_4_addr_1' <Predicate = true> <Delay = 0.00>
ST_3 : Operation 80 [2/2] (2.32ns)   --->   "%l2_bits_4_load_1 = load i3 %l2_bits_4_addr_1" [bnn.cpp:31->bnn.cpp:126]   --->   Operation 80 'load' 'l2_bits_4_load_1' <Predicate = true> <Delay = 2.32> <CoreInst = "RAM">   --->   Core 81 'RAM' <Latency = 1> <II = 1> <Delay = 2.32> <Storage> <Opcode : 'load' 'store'> <Ports = 2> <Width = 1> <Depth = 8> <RAM>
ST_3 : Operation 81 [1/1] (0.00ns)   --->   "%l2_bits_5_addr_1 = getelementptr i1 %l2_bits_5, i64 0, i64 %zext_ln30" [bnn.cpp:31->bnn.cpp:126]   --->   Operation 81 'getelementptr' 'l2_bits_5_addr_1' <Predicate = true> <Delay = 0.00>
ST_3 : Operation 82 [2/2] (2.32ns)   --->   "%l2_bits_5_load_1 = load i3 %l2_bits_5_addr_1" [bnn.cpp:31->bnn.cpp:126]   --->   Operation 82 'load' 'l2_bits_5_load_1' <Predicate = true> <Delay = 2.32> <CoreInst = "RAM">   --->   Core 81 'RAM' <Latency = 1> <II = 1> <Delay = 2.32> <Storage> <Opcode : 'load' 'store'> <Ports = 2> <Width = 1> <Depth = 8> <RAM>
ST_3 : Operation 83 [1/1] (0.00ns)   --->   "%l2_bits_6_addr_1 = getelementptr i1 %l2_bits_6, i64 0, i64 %zext_ln30" [bnn.cpp:31->bnn.cpp:126]   --->   Operation 83 'getelementptr' 'l2_bits_6_addr_1' <Predicate = true> <Delay = 0.00>
ST_3 : Operation 84 [2/2] (2.32ns)   --->   "%l2_bits_6_load_1 = load i3 %l2_bits_6_addr_1" [bnn.cpp:31->bnn.cpp:126]   --->   Operation 84 'load' 'l2_bits_6_load_1' <Predicate = true> <Delay = 2.32> <CoreInst = "RAM">   --->   Core 81 'RAM' <Latency = 1> <II = 1> <Delay = 2.32> <Storage> <Opcode : 'load' 'store'> <Ports = 2> <Width = 1> <Depth = 8> <RAM>
ST_3 : Operation 85 [1/1] (0.00ns)   --->   "%l2_bits_7_addr_1 = getelementptr i1 %l2_bits_7, i64 0, i64 %zext_ln30" [bnn.cpp:31->bnn.cpp:126]   --->   Operation 85 'getelementptr' 'l2_bits_7_addr_1' <Predicate = true> <Delay = 0.00>
ST_3 : Operation 86 [2/2] (2.32ns)   --->   "%l2_bits_7_load_1 = load i3 %l2_bits_7_addr_1" [bnn.cpp:31->bnn.cpp:126]   --->   Operation 86 'load' 'l2_bits_7_load_1' <Predicate = true> <Delay = 2.32> <CoreInst = "RAM">   --->   Core 81 'RAM' <Latency = 1> <II = 1> <Delay = 2.32> <Storage> <Opcode : 'load' 'store'> <Ports = 2> <Width = 1> <Depth = 8> <RAM>
ST_3 : Operation 130 [1/1] (0.00ns)   --->   "%l2_packed_load = load i16 %l2_packed"   --->   Operation 130 'load' 'l2_packed_load' <Predicate = (icmp_ln24)> <Delay = 0.00>
ST_3 : Operation 131 [1/1] (0.00ns)   --->   "%l2_packed_1_load = load i16 %l2_packed_1"   --->   Operation 131 'load' 'l2_packed_1_load' <Predicate = (icmp_ln24)> <Delay = 0.00>
ST_3 : Operation 132 [1/1] (0.00ns)   --->   "%l2_packed_2_load = load i16 %l2_packed_2"   --->   Operation 132 'load' 'l2_packed_2_load' <Predicate = (icmp_ln24)> <Delay = 0.00>
ST_3 : Operation 133 [1/1] (0.00ns)   --->   "%l2_packed_3_load = load i16 %l2_packed_3"   --->   Operation 133 'load' 'l2_packed_3_load' <Predicate = (icmp_ln24)> <Delay = 0.00>
ST_3 : Operation 134 [1/1] (0.00ns)   --->   "%write_ln0 = write void @_ssdm_op_Write.ap_auto.i16P0A, i16 %l2_packed_3_out, i16 %l2_packed_3_load"   --->   Operation 134 'write' 'write_ln0' <Predicate = (icmp_ln24)> <Delay = 0.00>
ST_3 : Operation 135 [1/1] (0.00ns)   --->   "%write_ln0 = write void @_ssdm_op_Write.ap_auto.i16P0A, i16 %l2_packed_2_out, i16 %l2_packed_2_load"   --->   Operation 135 'write' 'write_ln0' <Predicate = (icmp_ln24)> <Delay = 0.00>
ST_3 : Operation 136 [1/1] (0.00ns)   --->   "%write_ln0 = write void @_ssdm_op_Write.ap_auto.i16P0A, i16 %l2_packed_1_out, i16 %l2_packed_1_load"   --->   Operation 136 'write' 'write_ln0' <Predicate = (icmp_ln24)> <Delay = 0.00>
ST_3 : Operation 137 [1/1] (0.00ns)   --->   "%write_ln0 = write void @_ssdm_op_Write.ap_auto.i16P0A, i16 %l2_packed_out, i16 %l2_packed_load"   --->   Operation 137 'write' 'write_ln0' <Predicate = (icmp_ln24)> <Delay = 0.00>
ST_3 : Operation 138 [1/1] (1.58ns)   --->   "%ret_ln0 = ret"   --->   Operation 138 'ret' 'ret_ln0' <Predicate = (icmp_ln24)> <Delay = 1.58>

State 4 <SV = 3> <Delay = 7.25>
ST_4 : Operation 87 [1/1] (0.00ns)   --->   "%specpipeline_ln123 = specpipeline void @_ssdm_op_SpecPipeline, i32 4294967295, i32 0, i32 0, i32 0, void @empty_0" [bnn.cpp:123]   --->   Operation 87 'specpipeline' 'specpipeline_ln123' <Predicate = true> <Delay = 0.00>
ST_4 : Operation 88 [1/1] (0.00ns)   --->   "%specloopname_ln24 = specloopname void @_ssdm_op_SpecLoopName, void @empty_3" [bnn.cpp:24->bnn.cpp:126]   --->   Operation 88 'specloopname' 'specloopname_ln24' <Predicate = true> <Delay = 0.00>
ST_4 : Operation 89 [1/1] (0.00ns)   --->   "%word_7 = bitconcatenate i8 @_ssdm_op_BitConcatenate.i8.i7.i1, i7 %select_ln31_5, i1 0" [bnn.cpp:30->bnn.cpp:126]   --->   Operation 89 'bitconcatenate' 'word_7' <Predicate = (!l2_bits_7_load)> <Delay = 0.00>
ST_4 : Operation 90 [1/1] (0.00ns)   --->   "%or_ln32_6 = bitconcatenate i8 @_ssdm_op_BitConcatenate.i8.i7.i1, i7 %select_ln31_5, i1 1" [bnn.cpp:32->bnn.cpp:126]   --->   Operation 90 'bitconcatenate' 'or_ln32_6' <Predicate = (l2_bits_7_load)> <Delay = 0.00>
ST_4 : Operation 91 [1/1] (1.24ns)   --->   "%select_ln31_6 = select i1 %l2_bits_7_load, i8 %or_ln32_6, i8 %word_7" [bnn.cpp:31->bnn.cpp:126]   --->   Operation 91 'select' 'select_ln31_6' <Predicate = true> <Delay = 1.24> <CoreInst = "Sel">   --->   Core 73 'Sel' <Latency = 0> <II = 1> <Delay = 1.24> <FuncUnit> <Opcode : 'select'> <InPorts = 3> <OutPorts = 1>
ST_4 : Operation 92 [1/1] (0.00ns)   --->   "%word_8 = bitconcatenate i9 @_ssdm_op_BitConcatenate.i9.i8.i1, i8 %select_ln31_6, i1 0" [bnn.cpp:30->bnn.cpp:126]   --->   Operation 92 'bitconcatenate' 'word_8' <Predicate = (!l2_bits_load)> <Delay = 0.00>
ST_4 : Operation 93 [1/1] (0.00ns)   --->   "%or_ln32_7 = bitconcatenate i9 @_ssdm_op_BitConcatenate.i9.i8.i1, i8 %select_ln31_6, i1 1" [bnn.cpp:32->bnn.cpp:126]   --->   Operation 93 'bitconcatenate' 'or_ln32_7' <Predicate = (l2_bits_load)> <Delay = 0.00>
ST_4 : Operation 94 [1/1] (0.96ns)   --->   "%select_ln31_7 = select i1 %l2_bits_load, i9 %or_ln32_7, i9 %word_8" [bnn.cpp:31->bnn.cpp:126]   --->   Operation 94 'select' 'select_ln31_7' <Predicate = true> <Delay = 0.96> <CoreInst = "Sel">   --->   Core 73 'Sel' <Latency = 0> <II = 1> <Delay = 0.96> <FuncUnit> <Opcode : 'select'> <InPorts = 3> <OutPorts = 1>
ST_4 : Operation 95 [1/1] (0.00ns)   --->   "%word_9 = bitconcatenate i10 @_ssdm_op_BitConcatenate.i10.i9.i1, i9 %select_ln31_7, i1 0" [bnn.cpp:30->bnn.cpp:126]   --->   Operation 95 'bitconcatenate' 'word_9' <Predicate = (!l2_bits_1_load_1)> <Delay = 0.00>
ST_4 : Operation 96 [1/1] (0.00ns)   --->   "%or_ln32_8 = bitconcatenate i10 @_ssdm_op_BitConcatenate.i10.i9.i1, i9 %select_ln31_7, i1 1" [bnn.cpp:32->bnn.cpp:126]   --->   Operation 96 'bitconcatenate' 'or_ln32_8' <Predicate = (l2_bits_1_load_1)> <Delay = 0.00>
ST_4 : Operation 97 [1/1] (0.68ns)   --->   "%select_ln31_8 = select i1 %l2_bits_1_load_1, i10 %or_ln32_8, i10 %word_9" [bnn.cpp:31->bnn.cpp:126]   --->   Operation 97 'select' 'select_ln31_8' <Predicate = true> <Delay = 0.68> <CoreInst = "Sel">   --->   Core 73 'Sel' <Latency = 0> <II = 1> <Delay = 0.68> <FuncUnit> <Opcode : 'select'> <InPorts = 3> <OutPorts = 1>
ST_4 : Operation 98 [1/1] (0.00ns)   --->   "%word_10 = bitconcatenate i11 @_ssdm_op_BitConcatenate.i11.i10.i1, i10 %select_ln31_8, i1 0" [bnn.cpp:30->bnn.cpp:126]   --->   Operation 98 'bitconcatenate' 'word_10' <Predicate = true> <Delay = 0.00>
ST_4 : Operation 99 [1/2] ( I:2.32ns O:2.32ns )   --->   "%l2_bits_2_load_1 = load i3 %l2_bits_2_addr_1" [bnn.cpp:31->bnn.cpp:126]   --->   Operation 99 'load' 'l2_bits_2_load_1' <Predicate = true> <Delay = 2.32> <CoreInst = "RAM">   --->   Core 81 'RAM' <Latency = 1> <II = 1> <Delay = 2.32> <Storage> <Opcode : 'load' 'store'> <Ports = 2> <Width = 1> <Depth = 8> <RAM>
ST_4 : Operation 100 [1/1] (0.00ns)   --->   "%or_ln32_9 = bitconcatenate i11 @_ssdm_op_BitConcatenate.i11.i10.i1, i10 %select_ln31_8, i1 1" [bnn.cpp:32->bnn.cpp:126]   --->   Operation 100 'bitconcatenate' 'or_ln32_9' <Predicate = true> <Delay = 0.00>
ST_4 : Operation 101 [1/1] (0.69ns)   --->   "%select_ln31_9 = select i1 %l2_bits_2_load_1, i11 %or_ln32_9, i11 %word_10" [bnn.cpp:31->bnn.cpp:126]   --->   Operation 101 'select' 'select_ln31_9' <Predicate = true> <Delay = 0.69> <CoreInst = "Sel">   --->   Core 73 'Sel' <Latency = 0> <II = 1> <Delay = 0.69> <FuncUnit> <Opcode : 'select'> <InPorts = 3> <OutPorts = 1>
ST_4 : Operation 102 [1/1] (0.00ns)   --->   "%word_11 = bitconcatenate i12 @_ssdm_op_BitConcatenate.i12.i11.i1, i11 %select_ln31_9, i1 0" [bnn.cpp:30->bnn.cpp:126]   --->   Operation 102 'bitconcatenate' 'word_11' <Predicate = true> <Delay = 0.00>
ST_4 : Operation 103 [1/2] ( I:2.32ns O:2.32ns )   --->   "%l2_bits_3_load_1 = load i3 %l2_bits_3_addr_1" [bnn.cpp:31->bnn.cpp:126]   --->   Operation 103 'load' 'l2_bits_3_load_1' <Predicate = true> <Delay = 2.32> <CoreInst = "RAM">   --->   Core 81 'RAM' <Latency = 1> <II = 1> <Delay = 2.32> <Storage> <Opcode : 'load' 'store'> <Ports = 2> <Width = 1> <Depth = 8> <RAM>
ST_4 : Operation 104 [1/1] (0.00ns)   --->   "%or_ln32_10 = bitconcatenate i12 @_ssdm_op_BitConcatenate.i12.i11.i1, i11 %select_ln31_9, i1 1" [bnn.cpp:32->bnn.cpp:126]   --->   Operation 104 'bitconcatenate' 'or_ln32_10' <Predicate = true> <Delay = 0.00>
ST_4 : Operation 105 [1/1] (0.69ns)   --->   "%select_ln31_10 = select i1 %l2_bits_3_load_1, i12 %or_ln32_10, i12 %word_11" [bnn.cpp:31->bnn.cpp:126]   --->   Operation 105 'select' 'select_ln31_10' <Predicate = true> <Delay = 0.69> <CoreInst = "Sel">   --->   Core 73 'Sel' <Latency = 0> <II = 1> <Delay = 0.69> <FuncUnit> <Opcode : 'select'> <InPorts = 3> <OutPorts = 1>
ST_4 : Operation 106 [1/1] (0.00ns)   --->   "%word_12 = bitconcatenate i13 @_ssdm_op_BitConcatenate.i13.i12.i1, i12 %select_ln31_10, i1 0" [bnn.cpp:30->bnn.cpp:126]   --->   Operation 106 'bitconcatenate' 'word_12' <Predicate = true> <Delay = 0.00>
ST_4 : Operation 107 [1/2] ( I:2.32ns O:2.32ns )   --->   "%l2_bits_4_load_1 = load i3 %l2_bits_4_addr_1" [bnn.cpp:31->bnn.cpp:126]   --->   Operation 107 'load' 'l2_bits_4_load_1' <Predicate = true> <Delay = 2.32> <CoreInst = "RAM">   --->   Core 81 'RAM' <Latency = 1> <II = 1> <Delay = 2.32> <Storage> <Opcode : 'load' 'store'> <Ports = 2> <Width = 1> <Depth = 8> <RAM>
ST_4 : Operation 108 [1/1] (0.00ns)   --->   "%or_ln32_11 = bitconcatenate i13 @_ssdm_op_BitConcatenate.i13.i12.i1, i12 %select_ln31_10, i1 1" [bnn.cpp:32->bnn.cpp:126]   --->   Operation 108 'bitconcatenate' 'or_ln32_11' <Predicate = true> <Delay = 0.00>
ST_4 : Operation 109 [1/1] (0.69ns)   --->   "%select_ln31_11 = select i1 %l2_bits_4_load_1, i13 %or_ln32_11, i13 %word_12" [bnn.cpp:31->bnn.cpp:126]   --->   Operation 109 'select' 'select_ln31_11' <Predicate = true> <Delay = 0.69> <CoreInst = "Sel">   --->   Core 73 'Sel' <Latency = 0> <II = 1> <Delay = 0.69> <FuncUnit> <Opcode : 'select'> <InPorts = 3> <OutPorts = 1>
ST_4 : Operation 110 [1/1] (0.00ns)   --->   "%word_13 = bitconcatenate i14 @_ssdm_op_BitConcatenate.i14.i13.i1, i13 %select_ln31_11, i1 0" [bnn.cpp:30->bnn.cpp:126]   --->   Operation 110 'bitconcatenate' 'word_13' <Predicate = true> <Delay = 0.00>
ST_4 : Operation 111 [1/2] ( I:2.32ns O:2.32ns )   --->   "%l2_bits_5_load_1 = load i3 %l2_bits_5_addr_1" [bnn.cpp:31->bnn.cpp:126]   --->   Operation 111 'load' 'l2_bits_5_load_1' <Predicate = true> <Delay = 2.32> <CoreInst = "RAM">   --->   Core 81 'RAM' <Latency = 1> <II = 1> <Delay = 2.32> <Storage> <Opcode : 'load' 'store'> <Ports = 2> <Width = 1> <Depth = 8> <RAM>
ST_4 : Operation 112 [1/1] (0.00ns)   --->   "%or_ln32_12 = bitconcatenate i14 @_ssdm_op_BitConcatenate.i14.i13.i1, i13 %select_ln31_11, i1 1" [bnn.cpp:32->bnn.cpp:126]   --->   Operation 112 'bitconcatenate' 'or_ln32_12' <Predicate = true> <Delay = 0.00>
ST_4 : Operation 113 [1/1] (0.70ns)   --->   "%select_ln31_12 = select i1 %l2_bits_5_load_1, i14 %or_ln32_12, i14 %word_13" [bnn.cpp:31->bnn.cpp:126]   --->   Operation 113 'select' 'select_ln31_12' <Predicate = true> <Delay = 0.70> <CoreInst = "Sel">   --->   Core 73 'Sel' <Latency = 0> <II = 1> <Delay = 0.70> <FuncUnit> <Opcode : 'select'> <InPorts = 3> <OutPorts = 1>
ST_4 : Operation 114 [1/1] (0.00ns)   --->   "%word_14 = bitconcatenate i15 @_ssdm_op_BitConcatenate.i15.i14.i1, i14 %select_ln31_12, i1 0" [bnn.cpp:30->bnn.cpp:126]   --->   Operation 114 'bitconcatenate' 'word_14' <Predicate = true> <Delay = 0.00>
ST_4 : Operation 115 [1/2] ( I:2.32ns O:2.32ns )   --->   "%l2_bits_6_load_1 = load i3 %l2_bits_6_addr_1" [bnn.cpp:31->bnn.cpp:126]   --->   Operation 115 'load' 'l2_bits_6_load_1' <Predicate = true> <Delay = 2.32> <CoreInst = "RAM">   --->   Core 81 'RAM' <Latency = 1> <II = 1> <Delay = 2.32> <Storage> <Opcode : 'load' 'store'> <Ports = 2> <Width = 1> <Depth = 8> <RAM>
ST_4 : Operation 116 [1/1] (0.00ns)   --->   "%or_ln32_13 = bitconcatenate i15 @_ssdm_op_BitConcatenate.i15.i14.i1, i14 %select_ln31_12, i1 1" [bnn.cpp:32->bnn.cpp:126]   --->   Operation 116 'bitconcatenate' 'or_ln32_13' <Predicate = true> <Delay = 0.00>
ST_4 : Operation 117 [1/1] (0.75ns)   --->   "%select_ln31_13 = select i1 %l2_bits_6_load_1, i15 %or_ln32_13, i15 %word_14" [bnn.cpp:31->bnn.cpp:126]   --->   Operation 117 'select' 'select_ln31_13' <Predicate = true> <Delay = 0.75> <CoreInst = "Sel">   --->   Core 73 'Sel' <Latency = 0> <II = 1> <Delay = 0.75> <FuncUnit> <Opcode : 'select'> <InPorts = 3> <OutPorts = 1>
ST_4 : Operation 118 [1/1] (0.00ns)   --->   "%word_15 = bitconcatenate i16 @_ssdm_op_BitConcatenate.i16.i15.i1, i15 %select_ln31_13, i1 0" [bnn.cpp:30->bnn.cpp:126]   --->   Operation 118 'bitconcatenate' 'word_15' <Predicate = true> <Delay = 0.00>
ST_4 : Operation 119 [1/2] ( I:2.32ns O:2.32ns )   --->   "%l2_bits_7_load_1 = load i3 %l2_bits_7_addr_1" [bnn.cpp:31->bnn.cpp:126]   --->   Operation 119 'load' 'l2_bits_7_load_1' <Predicate = true> <Delay = 2.32> <CoreInst = "RAM">   --->   Core 81 'RAM' <Latency = 1> <II = 1> <Delay = 2.32> <Storage> <Opcode : 'load' 'store'> <Ports = 2> <Width = 1> <Depth = 8> <RAM>
ST_4 : Operation 120 [1/1] (0.00ns)   --->   "%or_ln32_14 = bitconcatenate i16 @_ssdm_op_BitConcatenate.i16.i15.i1, i15 %select_ln31_13, i1 1" [bnn.cpp:32->bnn.cpp:126]   --->   Operation 120 'bitconcatenate' 'or_ln32_14' <Predicate = true> <Delay = 0.00>
ST_4 : Operation 121 [1/1] (0.80ns)   --->   "%word_17 = select i1 %l2_bits_7_load_1, i16 %or_ln32_14, i16 %word_15" [bnn.cpp:31->bnn.cpp:126]   --->   Operation 121 'select' 'word_17' <Predicate = true> <Delay = 0.80> <CoreInst = "Sel">   --->   Core 73 'Sel' <Latency = 0> <II = 1> <Delay = 0.80> <FuncUnit> <Opcode : 'select'> <InPorts = 3> <OutPorts = 1>
ST_4 : Operation 122 [1/1] (0.00ns)   --->   "%store_ln123 = store i16 %word_17, i16 %l2_packed_2" [bnn.cpp:123]   --->   Operation 122 'store' 'store_ln123' <Predicate = (trunc_ln24 == 2)> <Delay = 0.00>
ST_4 : Operation 123 [1/1] (0.00ns)   --->   "%br_ln35 = br void %arrayidx11.i5991.exit" [bnn.cpp:35->bnn.cpp:126]   --->   Operation 123 'br' 'br_ln35' <Predicate = (trunc_ln24 == 2)> <Delay = 0.00>
ST_4 : Operation 124 [1/1] (0.00ns)   --->   "%store_ln123 = store i16 %word_17, i16 %l2_packed_1" [bnn.cpp:123]   --->   Operation 124 'store' 'store_ln123' <Predicate = (trunc_ln24 == 1)> <Delay = 0.00>
ST_4 : Operation 125 [1/1] (0.00ns)   --->   "%br_ln35 = br void %arrayidx11.i5991.exit" [bnn.cpp:35->bnn.cpp:126]   --->   Operation 125 'br' 'br_ln35' <Predicate = (trunc_ln24 == 1)> <Delay = 0.00>
ST_4 : Operation 126 [1/1] (0.00ns)   --->   "%store_ln123 = store i16 %word_17, i16 %l2_packed" [bnn.cpp:123]   --->   Operation 126 'store' 'store_ln123' <Predicate = (trunc_ln24 == 0)> <Delay = 0.00>
ST_4 : Operation 127 [1/1] (0.00ns)   --->   "%br_ln35 = br void %arrayidx11.i5991.exit" [bnn.cpp:35->bnn.cpp:126]   --->   Operation 127 'br' 'br_ln35' <Predicate = (trunc_ln24 == 0)> <Delay = 0.00>
ST_4 : Operation 128 [1/1] (0.00ns)   --->   "%store_ln123 = store i16 %word_17, i16 %l2_packed_3" [bnn.cpp:123]   --->   Operation 128 'store' 'store_ln123' <Predicate = (trunc_ln24 == 3)> <Delay = 0.00>
ST_4 : Operation 129 [1/1] (0.00ns)   --->   "%br_ln35 = br void %arrayidx11.i5991.exit" [bnn.cpp:35->bnn.cpp:126]   --->   Operation 129 'br' 'br_ln35' <Predicate = (trunc_ln24 == 3)> <Delay = 0.00>


============================================================
+ Verbose Summary: Timing violations
============================================================
Target clock period: 10.000ns, clock uncertainty: 2.700ns.

 <State 1>: 4.826ns
The critical path consists of the following:
	'store' operation 0 bit ('store_ln24', bnn.cpp:24->bnn.cpp:126) of constant 0 on local variable 'w', bnn.cpp:24->bnn.cpp:126 [18]  (1.588 ns)
	'load' operation 3 bit ('w', bnn.cpp:31->bnn.cpp:126) on local variable 'w', bnn.cpp:24->bnn.cpp:126 [21]  (0.000 ns)
	'icmp' operation 1 bit ('icmp_ln24', bnn.cpp:24->bnn.cpp:126) [22]  (1.650 ns)
	'store' operation 0 bit ('store_ln24', bnn.cpp:24->bnn.cpp:126) of variable 'add_ln24', bnn.cpp:24->bnn.cpp:126 on local variable 'w', bnn.cpp:24->bnn.cpp:126 [125]  (1.588 ns)

 <State 2>: 2.322ns
The critical path consists of the following:
	'load' operation 1 bit ('word', bnn.cpp:31->bnn.cpp:126) on array 'l2_bits' [33]  (2.322 ns)

 <State 3>: 6.742ns
The critical path consists of the following:
	'load' operation 1 bit ('l2_bits_3_load', bnn.cpp:31->bnn.cpp:126) on array 'l2_bits_3' [46]  (2.322 ns)
	'select' operation 4 bit ('select_ln31_2', bnn.cpp:31->bnn.cpp:126) [48]  (1.024 ns)
	'select' operation 5 bit ('select_ln31_3', bnn.cpp:31->bnn.cpp:126) [53]  (1.215 ns)
	'select' operation 6 bit ('select_ln31_4', bnn.cpp:31->bnn.cpp:126) [58]  (1.188 ns)
	'select' operation 7 bit ('select_ln31_5', bnn.cpp:31->bnn.cpp:126) [63]  (0.993 ns)

 <State 4>: 7.251ns
The critical path consists of the following:
	'select' operation 8 bit ('select_ln31_6', bnn.cpp:31->bnn.cpp:126) [70]  (1.248 ns)
	'select' operation 9 bit ('select_ln31_7', bnn.cpp:31->bnn.cpp:126) [75]  (0.968 ns)
	'select' operation 10 bit ('select_ln31_8', bnn.cpp:31->bnn.cpp:126) [80]  (0.687 ns)
	'select' operation 11 bit ('select_ln31_9', bnn.cpp:31->bnn.cpp:126) [85]  (0.692 ns)
	'select' operation 12 bit ('select_ln31_10', bnn.cpp:31->bnn.cpp:126) [90]  (0.697 ns)
	'select' operation 13 bit ('select_ln31_11', bnn.cpp:31->bnn.cpp:126) [95]  (0.700 ns)
	'select' operation 14 bit ('select_ln31_12', bnn.cpp:31->bnn.cpp:126) [100]  (0.702 ns)
	'select' operation 15 bit ('select_ln31_13', bnn.cpp:31->bnn.cpp:126) [105]  (0.754 ns)
	'select' operation 16 bit ('word', bnn.cpp:31->bnn.cpp:126) [110]  (0.805 ns)
	'store' operation 0 bit ('store_ln123', bnn.cpp:123) of variable 'word', bnn.cpp:31->bnn.cpp:126 on local variable 'l2_packed', bnn.cpp:123 [113]  (0.000 ns)


============================================================
+ Verbose Summary: Binding
============================================================
N/A
* FSMD analyzer results:
  - Output states:
 - Input state : 
  - Chain level:
	State 1
	State 2
	State 3
	State 4


============================================================
+ Verbose Summary: Datapath Resource usage 
============================================================
N/A
