

================================================================
== Vitis HLS Report for 'bnn_Pipeline_l3_loop'
================================================================
* Date:           Wed Dec 10 17:07:57 2025

* Version:        2024.2 (Build 5238294 on Nov  8 2024)
* Project:        bnn.comp
* Solution:       hls (Vivado IP Flow Target)
* Product family: zynq
* Target device:  xc7z020-clg400-1


================================================================
== Performance Estimates
================================================================
+ Timing: 
    * Summary: 
    +--------+----------+----------+------------+
    |  Clock |  Target  | Estimated| Uncertainty|
    +--------+----------+----------+------------+
    |ap_clk  |  10.00 ns|  6.990 ns|     2.70 ns|
    +--------+----------+----------+------------+

+ Latency: 
    * Summary: 
    +---------+---------+----------+----------+-----+-----+------------------------------------------------+
    |  Latency (cycles) |  Latency (absolute) |  Interval |                    Pipeline                    |
    |   min   |   max   |    min   |    max   | min | max |                      Type                      |
    +---------+---------+----------+----------+-----+-----+------------------------------------------------+
    |       15|       15|  0.150 us|  0.150 us|   11|   11|  loop auto-rewind stp (delay=0 clock cycles(s))|
    +---------+---------+----------+----------+-----+-----+------------------------------------------------+

    + Detail: 
        * Instance: 
        N/A

        * Loop: 
        +-----------+---------+---------+----------+-----------+-----------+------+----------+
        |           |  Latency (cycles) | Iteration|  Initiation Interval  | Trip |          |
        | Loop Name |   min   |   max   |  Latency |  achieved |   target  | Count| Pipelined|
        +-----------+---------+---------+----------+-----------+-----------+------+----------+
        |- l3_loop  |       13|       13|         5|          1|          1|    10|       yes|
        +-----------+---------+---------+----------+-----------+-----------+------+----------+

============================================================
+ Verbose Summary: Synthesis Manager
============================================================
InlineROM: 1
ExposeGlobal: 0
============================================================
+ Verbose Summary: CDFG Model
============================================================
IsTopModel: 0
ResetActiveHigh: 1
IsCombinational: 0
IsDatapathOnly: 0
HasWiredReturn: 1
HasMFsm: 2
HasVarLatency: 1
IsPipeline: 0
IsRtlPipelined: 0
IsInstanceOverlapped: 0
IsDontTouch: 0
HasImplIP: 0
IsGatedGlobalClock: 0

+ Individual pipeline summary: 
  * Pipeline-0: initiation interval (II) = 1, depth = 5


============================================================
+ Verbose Summary: Schedule
============================================================
* Number of FSM states : 5
* Pipeline : 1
  Pipeline-0 : II = 1, D = 5, States = { 1 2 3 4 5 }
* Dataflow Pipeline: 0

* FSM state transitions: 
1 --> 2 
2 --> 3 
3 --> 4 
4 --> 5 
5 --> 

* FSM state operations: 

State 1 <SV = 0> <Delay = 4.91>
ST_1 : Operation 8 [1/1] (0.00ns)   --->   "%n = alloca i32 1" [bnn.cpp:139]   --->   Operation 8 'alloca' 'n' <Predicate = true> <Delay = 0.00>
ST_1 : Operation 9 [1/1] (0.00ns)   --->   "%specmemcore_ln0 = specmemcore void @_ssdm_op_SpecMemCore, i32 %ys, i64 666, i64 207, i64 1"   --->   Operation 9 'specmemcore' 'specmemcore_ln0' <Predicate = true> <Delay = 0.00>
ST_1 : Operation 10 [1/1] (0.00ns)   --->   "%specinterface_ln0 = specinterface void @_ssdm_op_SpecInterface, i32 %ys, void @empty_5, i32 0, i32 0, void @empty_8, i32 1, i32 0, void @empty_8, void @empty_8, void @empty_8, i32 0, i32 0, i32 0, i32 0, void @empty_8, void @empty_8, i32 4294967295, i32 0, i32 0"   --->   Operation 10 'specinterface' 'specinterface_ln0' <Predicate = true> <Delay = 0.00>
ST_1 : Operation 11 [1/1] (0.00ns)   --->   "%p_0_0271_3110_reload_read = read i16 @_ssdm_op_Read.ap_auto.i16, i16 %p_0_0271_3110_reload"   --->   Operation 11 'read' 'p_0_0271_3110_reload_read' <Predicate = true> <Delay = 0.00>
ST_1 : Operation 12 [1/1] (0.00ns)   --->   "%p_0_0271_2108_reload_read = read i16 @_ssdm_op_Read.ap_auto.i16, i16 %p_0_0271_2108_reload"   --->   Operation 12 'read' 'p_0_0271_2108_reload_read' <Predicate = true> <Delay = 0.00>
ST_1 : Operation 13 [1/1] (0.00ns)   --->   "%p_0_0271_1106_reload_read = read i16 @_ssdm_op_Read.ap_auto.i16, i16 %p_0_0271_1106_reload"   --->   Operation 13 'read' 'p_0_0271_1106_reload_read' <Predicate = true> <Delay = 0.00>
ST_1 : Operation 14 [1/1] (0.00ns)   --->   "%p_0_0271104_reload_read = read i16 @_ssdm_op_Read.ap_auto.i16, i16 %p_0_0271104_reload"   --->   Operation 14 'read' 'p_0_0271104_reload_read' <Predicate = true> <Delay = 0.00>
ST_1 : Operation 15 [1/1] (1.58ns)   --->   "%store_ln139 = store i4 0, i4 %n" [bnn.cpp:139]   --->   Operation 15 'store' 'store_ln139' <Predicate = true> <Delay = 1.58>
ST_1 : Operation 16 [1/1] (0.00ns)   --->   "%br_ln0 = br void %for.body33"   --->   Operation 16 'br' 'br_ln0' <Predicate = true> <Delay = 0.00>
ST_1 : Operation 17 [1/1] (0.00ns)   --->   "%n_1 = load i4 %n" [bnn.cpp:139]   --->   Operation 17 'load' 'n_1' <Predicate = true> <Delay = 0.00>
ST_1 : Operation 18 [1/1] (1.73ns)   --->   "%icmp_ln139 = icmp_eq  i4 %n_1, i4 10" [bnn.cpp:139]   --->   Operation 18 'icmp' 'icmp_ln139' <Predicate = true> <Delay = 1.73> <CoreInst = "Cmp">   --->   Core 9 'Cmp' <Latency = 0> <II = 1> <Delay = 1.73> <FuncUnit> <Opcode : 'seteq' 'setne' 'setle' 'setge' 'setlt' 'setgt'> <InPorts = 2> <OutPorts = 1>
ST_1 : Operation 19 [1/1] (1.73ns)   --->   "%add_ln139 = add i4 %n_1, i4 1" [bnn.cpp:139]   --->   Operation 19 'add' 'add_ln139' <Predicate = true> <Delay = 1.73> <CoreInst = "Adder">   --->   Core 1 'Adder' <Latency = 0> <II = 1> <Delay = 1.73> <FuncUnit> <Opcode : 'add' 'sub'> <InPorts = 2> <OutPorts = 1>
ST_1 : Operation 20 [1/1] (0.00ns)   --->   "%br_ln139 = br i1 %icmp_ln139, void %for.body33.split, void %for.end45.exitStub" [bnn.cpp:139]   --->   Operation 20 'br' 'br_ln139' <Predicate = true> <Delay = 0.00>
ST_1 : Operation 21 [1/1] (0.00ns)   --->   "%shl_ln2 = bitconcatenate i6 @_ssdm_op_BitConcatenate.i6.i4.i2, i4 %n_1, i2 0" [bnn.cpp:141]   --->   Operation 21 'bitconcatenate' 'shl_ln2' <Predicate = (!icmp_ln139)> <Delay = 0.00>
ST_1 : Operation 22 [1/1] (0.00ns)   --->   "%zext_ln60 = zext i6 %shl_ln2" [bnn.cpp:60->bnn.cpp:142]   --->   Operation 22 'zext' 'zext_ln60' <Predicate = (!icmp_ln139)> <Delay = 0.00>
ST_1 : Operation 23 [1/1] (0.00ns)   --->   "%w3_addr = getelementptr i16 %w3, i64 0, i64 %zext_ln60" [bnn.cpp:60->bnn.cpp:142]   --->   Operation 23 'getelementptr' 'w3_addr' <Predicate = (!icmp_ln139)> <Delay = 0.00>
ST_1 : Operation 24 [2/2] (2.32ns)   --->   "%w3_load = load i6 %w3_addr" [bnn.cpp:60->bnn.cpp:142]   --->   Operation 24 'load' 'w3_load' <Predicate = (!icmp_ln139)> <Delay = 2.32> <CoreInst = "ROM">   --->   Core 94 'ROM' <Latency = 1> <II = 1> <Delay = 2.32> <Storage> <Opcode : 'load'> <Ports = 0> <Width = 16> <Depth = 40> <ROM>
ST_1 : Operation 25 [1/1] (0.00ns)   --->   "%or_ln60_7 = bitconcatenate i6 @_ssdm_op_BitConcatenate.i6.i4.i2, i4 %n_1, i2 1" [bnn.cpp:60->bnn.cpp:142]   --->   Operation 25 'bitconcatenate' 'or_ln60_7' <Predicate = (!icmp_ln139)> <Delay = 0.00>
ST_1 : Operation 26 [1/1] (0.00ns)   --->   "%zext_ln60_1 = zext i6 %or_ln60_7" [bnn.cpp:60->bnn.cpp:142]   --->   Operation 26 'zext' 'zext_ln60_1' <Predicate = (!icmp_ln139)> <Delay = 0.00>
ST_1 : Operation 27 [1/1] (0.00ns)   --->   "%w3_addr_1 = getelementptr i16 %w3, i64 0, i64 %zext_ln60_1" [bnn.cpp:60->bnn.cpp:142]   --->   Operation 27 'getelementptr' 'w3_addr_1' <Predicate = (!icmp_ln139)> <Delay = 0.00>
ST_1 : Operation 28 [2/2] (2.32ns)   --->   "%w3_load_1 = load i6 %w3_addr_1" [bnn.cpp:60->bnn.cpp:142]   --->   Operation 28 'load' 'w3_load_1' <Predicate = (!icmp_ln139)> <Delay = 2.32> <CoreInst = "ROM">   --->   Core 94 'ROM' <Latency = 1> <II = 1> <Delay = 2.32> <Storage> <Opcode : 'load'> <Ports = 0> <Width = 16> <Depth = 40> <ROM>
ST_1 : Operation 29 [1/1] (0.00ns)   --->   "%or_ln60_8 = bitconcatenate i6 @_ssdm_op_BitConcatenate.i6.i4.i2, i4 %n_1, i2 2" [bnn.cpp:60->bnn.cpp:142]   --->   Operation 29 'bitconcatenate' 'or_ln60_8' <Predicate = (!icmp_ln139)> <Delay = 0.00>
ST_1 : Operation 30 [1/1] (0.00ns)   --->   "%zext_ln60_2 = zext i6 %or_ln60_8" [bnn.cpp:60->bnn.cpp:142]   --->   Operation 30 'zext' 'zext_ln60_2' <Predicate = (!icmp_ln139)> <Delay = 0.00>
ST_1 : Operation 31 [1/1] (0.00ns)   --->   "%w3_addr_2 = getelementptr i16 %w3, i64 0, i64 %zext_ln60_2" [bnn.cpp:60->bnn.cpp:142]   --->   Operation 31 'getelementptr' 'w3_addr_2' <Predicate = (!icmp_ln139)> <Delay = 0.00>
ST_1 : Operation 32 [2/2] (2.32ns)   --->   "%w3_load_2 = load i6 %w3_addr_2" [bnn.cpp:60->bnn.cpp:142]   --->   Operation 32 'load' 'w3_load_2' <Predicate = (!icmp_ln139)> <Delay = 2.32> <CoreInst = "ROM">   --->   Core 94 'ROM' <Latency = 1> <II = 1> <Delay = 2.32> <Storage> <Opcode : 'load'> <Ports = 0> <Width = 16> <Depth = 40> <ROM>
ST_1 : Operation 33 [1/1] (0.00ns)   --->   "%or_ln60_9 = bitconcatenate i6 @_ssdm_op_BitConcatenate.i6.i4.i2, i4 %n_1, i2 3" [bnn.cpp:60->bnn.cpp:142]   --->   Operation 33 'bitconcatenate' 'or_ln60_9' <Predicate = (!icmp_ln139)> <Delay = 0.00>
ST_1 : Operation 34 [1/1] (0.00ns)   --->   "%zext_ln60_3 = zext i6 %or_ln60_9" [bnn.cpp:60->bnn.cpp:142]   --->   Operation 34 'zext' 'zext_ln60_3' <Predicate = (!icmp_ln139)> <Delay = 0.00>
ST_1 : Operation 35 [1/1] (0.00ns)   --->   "%w3_addr_3 = getelementptr i16 %w3, i64 0, i64 %zext_ln60_3" [bnn.cpp:60->bnn.cpp:142]   --->   Operation 35 'getelementptr' 'w3_addr_3' <Predicate = (!icmp_ln139)> <Delay = 0.00>
ST_1 : Operation 36 [2/2] (2.32ns)   --->   "%w3_load_3 = load i6 %w3_addr_3" [bnn.cpp:60->bnn.cpp:142]   --->   Operation 36 'load' 'w3_load_3' <Predicate = (!icmp_ln139)> <Delay = 2.32> <CoreInst = "ROM">   --->   Core 94 'ROM' <Latency = 1> <II = 1> <Delay = 2.32> <Storage> <Opcode : 'load'> <Ports = 0> <Width = 16> <Depth = 40> <ROM>
ST_1 : Operation 37 [1/1] (1.58ns)   --->   "%store_ln139 = store i4 %add_ln139, i4 %n" [bnn.cpp:139]   --->   Operation 37 'store' 'store_ln139' <Predicate = (!icmp_ln139)> <Delay = 1.58>

State 2 <SV = 1> <Delay = 6.44>
ST_2 : Operation 38 [1/2] ( I:2.32ns O:2.32ns )   --->   "%w3_load = load i6 %w3_addr" [bnn.cpp:60->bnn.cpp:142]   --->   Operation 38 'load' 'w3_load' <Predicate = true> <Delay = 2.32> <CoreInst = "ROM">   --->   Core 94 'ROM' <Latency = 1> <II = 1> <Delay = 2.32> <Storage> <Opcode : 'load'> <Ports = 0> <Width = 16> <Depth = 40> <ROM>
ST_2 : Operation 39 [1/1] (0.00ns) (grouped into LUT with out node xnor)   --->   "%xor_ln60 = xor i16 %p_0_0271104_reload_read, i16 65535" [bnn.cpp:60->bnn.cpp:142]   --->   Operation 39 'xor' 'xor_ln60' <Predicate = true> <Delay = 0.00> <CoreInst = "LogicGate">   --->   Core 74 'LogicGate' <Latency = 0> <II = 1> <Delay = 0.99> <FuncUnit> <Opcode : 'and' 'or' 'xor'> <InPorts = 2> <OutPorts = 1>
ST_2 : Operation 40 [1/1] (0.99ns) (out node of the LUT)   --->   "%xnor = xor i16 %w3_load, i16 %xor_ln60" [bnn.cpp:60->bnn.cpp:142]   --->   Operation 40 'xor' 'xnor' <Predicate = true> <Delay = 0.99> <CoreInst = "LogicGate">   --->   Core 74 'LogicGate' <Latency = 0> <II = 1> <Delay = 0.99> <FuncUnit> <Opcode : 'and' 'or' 'xor'> <InPorts = 2> <OutPorts = 1>
ST_2 : Operation 41 [1/1] (0.00ns)   --->   "%cnt = trunc i16 %xnor" [bnn.cpp:11->bnn.cpp:61->bnn.cpp:142]   --->   Operation 41 'trunc' 'cnt' <Predicate = true> <Delay = 0.00>
ST_2 : Operation 42 [1/1] (0.00ns)   --->   "%zext_ln8 = zext i1 %cnt" [bnn.cpp:8->bnn.cpp:61->bnn.cpp:142]   --->   Operation 42 'zext' 'zext_ln8' <Predicate = true> <Delay = 0.00>
ST_2 : Operation 43 [1/1] (0.00ns)   --->   "%tmp = bitselect i1 @_ssdm_op_BitSelect.i1.i16.i32, i16 %xnor, i32 1" [bnn.cpp:11->bnn.cpp:61->bnn.cpp:142]   --->   Operation 43 'bitselect' 'tmp' <Predicate = true> <Delay = 0.00>
ST_2 : Operation 44 [1/1] (0.00ns)   --->   "%zext_ln11 = zext i1 %tmp" [bnn.cpp:11->bnn.cpp:61->bnn.cpp:142]   --->   Operation 44 'zext' 'zext_ln11' <Predicate = true> <Delay = 0.00>
ST_2 : Operation 45 [1/1] (0.00ns)   --->   "%tmp_1 = bitselect i1 @_ssdm_op_BitSelect.i1.i16.i32, i16 %xnor, i32 2" [bnn.cpp:11->bnn.cpp:61->bnn.cpp:142]   --->   Operation 45 'bitselect' 'tmp_1' <Predicate = true> <Delay = 0.00>
ST_2 : Operation 46 [1/1] (0.00ns)   --->   "%zext_ln11_1 = zext i1 %tmp_1" [bnn.cpp:11->bnn.cpp:61->bnn.cpp:142]   --->   Operation 46 'zext' 'zext_ln11_1' <Predicate = true> <Delay = 0.00>
ST_2 : Operation 47 [1/1] (0.00ns)   --->   "%tmp_2 = bitselect i1 @_ssdm_op_BitSelect.i1.i16.i32, i16 %xnor, i32 3" [bnn.cpp:11->bnn.cpp:61->bnn.cpp:142]   --->   Operation 47 'bitselect' 'tmp_2' <Predicate = true> <Delay = 0.00>
ST_2 : Operation 48 [1/1] (0.00ns)   --->   "%zext_ln11_2 = zext i1 %tmp_2" [bnn.cpp:11->bnn.cpp:61->bnn.cpp:142]   --->   Operation 48 'zext' 'zext_ln11_2' <Predicate = true> <Delay = 0.00>
ST_2 : Operation 49 [1/1] (0.00ns)   --->   "%tmp_3 = bitselect i1 @_ssdm_op_BitSelect.i1.i16.i32, i16 %xnor, i32 4" [bnn.cpp:11->bnn.cpp:61->bnn.cpp:142]   --->   Operation 49 'bitselect' 'tmp_3' <Predicate = true> <Delay = 0.00>
ST_2 : Operation 50 [1/1] (0.00ns)   --->   "%zext_ln11_3 = zext i1 %tmp_3" [bnn.cpp:11->bnn.cpp:61->bnn.cpp:142]   --->   Operation 50 'zext' 'zext_ln11_3' <Predicate = true> <Delay = 0.00>
ST_2 : Operation 51 [1/1] (0.00ns)   --->   "%tmp_4 = bitselect i1 @_ssdm_op_BitSelect.i1.i16.i32, i16 %xnor, i32 5" [bnn.cpp:11->bnn.cpp:61->bnn.cpp:142]   --->   Operation 51 'bitselect' 'tmp_4' <Predicate = true> <Delay = 0.00>
ST_2 : Operation 52 [1/1] (0.00ns)   --->   "%zext_ln11_4 = zext i1 %tmp_4" [bnn.cpp:11->bnn.cpp:61->bnn.cpp:142]   --->   Operation 52 'zext' 'zext_ln11_4' <Predicate = true> <Delay = 0.00>
ST_2 : Operation 53 [1/1] (0.00ns)   --->   "%tmp_5 = bitselect i1 @_ssdm_op_BitSelect.i1.i16.i32, i16 %xnor, i32 6" [bnn.cpp:11->bnn.cpp:61->bnn.cpp:142]   --->   Operation 53 'bitselect' 'tmp_5' <Predicate = true> <Delay = 0.00>
ST_2 : Operation 54 [1/1] (0.00ns)   --->   "%zext_ln11_5 = zext i1 %tmp_5" [bnn.cpp:11->bnn.cpp:61->bnn.cpp:142]   --->   Operation 54 'zext' 'zext_ln11_5' <Predicate = true> <Delay = 0.00>
ST_2 : Operation 55 [1/1] (0.00ns)   --->   "%tmp_6 = bitselect i1 @_ssdm_op_BitSelect.i1.i16.i32, i16 %xnor, i32 7" [bnn.cpp:11->bnn.cpp:61->bnn.cpp:142]   --->   Operation 55 'bitselect' 'tmp_6' <Predicate = true> <Delay = 0.00>
ST_2 : Operation 56 [1/1] (0.00ns)   --->   "%zext_ln11_6 = zext i1 %tmp_6" [bnn.cpp:11->bnn.cpp:61->bnn.cpp:142]   --->   Operation 56 'zext' 'zext_ln11_6' <Predicate = true> <Delay = 0.00>
ST_2 : Operation 57 [1/1] (0.00ns)   --->   "%tmp_7 = bitselect i1 @_ssdm_op_BitSelect.i1.i16.i32, i16 %xnor, i32 8" [bnn.cpp:11->bnn.cpp:61->bnn.cpp:142]   --->   Operation 57 'bitselect' 'tmp_7' <Predicate = true> <Delay = 0.00>
ST_2 : Operation 58 [1/1] (0.00ns)   --->   "%zext_ln11_7 = zext i1 %tmp_7" [bnn.cpp:11->bnn.cpp:61->bnn.cpp:142]   --->   Operation 58 'zext' 'zext_ln11_7' <Predicate = true> <Delay = 0.00>
ST_2 : Operation 59 [1/1] (0.00ns)   --->   "%tmp_8 = bitselect i1 @_ssdm_op_BitSelect.i1.i16.i32, i16 %xnor, i32 9" [bnn.cpp:11->bnn.cpp:61->bnn.cpp:142]   --->   Operation 59 'bitselect' 'tmp_8' <Predicate = true> <Delay = 0.00>
ST_2 : Operation 60 [1/1] (0.00ns)   --->   "%zext_ln11_8 = zext i1 %tmp_8" [bnn.cpp:11->bnn.cpp:61->bnn.cpp:142]   --->   Operation 60 'zext' 'zext_ln11_8' <Predicate = true> <Delay = 0.00>
ST_2 : Operation 61 [1/1] (0.00ns)   --->   "%tmp_9 = bitselect i1 @_ssdm_op_BitSelect.i1.i16.i32, i16 %xnor, i32 10" [bnn.cpp:11->bnn.cpp:61->bnn.cpp:142]   --->   Operation 61 'bitselect' 'tmp_9' <Predicate = true> <Delay = 0.00>
ST_2 : Operation 62 [1/1] (0.00ns)   --->   "%zext_ln11_9 = zext i1 %tmp_9" [bnn.cpp:11->bnn.cpp:61->bnn.cpp:142]   --->   Operation 62 'zext' 'zext_ln11_9' <Predicate = true> <Delay = 0.00>
ST_2 : Operation 63 [1/1] (0.00ns)   --->   "%tmp_10 = bitselect i1 @_ssdm_op_BitSelect.i1.i16.i32, i16 %xnor, i32 11" [bnn.cpp:11->bnn.cpp:61->bnn.cpp:142]   --->   Operation 63 'bitselect' 'tmp_10' <Predicate = true> <Delay = 0.00>
ST_2 : Operation 64 [1/1] (0.00ns)   --->   "%zext_ln11_10 = zext i1 %tmp_10" [bnn.cpp:11->bnn.cpp:61->bnn.cpp:142]   --->   Operation 64 'zext' 'zext_ln11_10' <Predicate = true> <Delay = 0.00>
ST_2 : Operation 65 [1/1] (0.00ns)   --->   "%tmp_11 = bitselect i1 @_ssdm_op_BitSelect.i1.i16.i32, i16 %xnor, i32 12" [bnn.cpp:11->bnn.cpp:61->bnn.cpp:142]   --->   Operation 65 'bitselect' 'tmp_11' <Predicate = true> <Delay = 0.00>
ST_2 : Operation 66 [1/1] (0.00ns)   --->   "%zext_ln11_11 = zext i1 %tmp_11" [bnn.cpp:11->bnn.cpp:61->bnn.cpp:142]   --->   Operation 66 'zext' 'zext_ln11_11' <Predicate = true> <Delay = 0.00>
ST_2 : Operation 67 [1/1] (0.00ns)   --->   "%tmp_12 = bitselect i1 @_ssdm_op_BitSelect.i1.i16.i32, i16 %xnor, i32 13" [bnn.cpp:11->bnn.cpp:61->bnn.cpp:142]   --->   Operation 67 'bitselect' 'tmp_12' <Predicate = true> <Delay = 0.00>
ST_2 : Operation 68 [1/1] (0.00ns)   --->   "%zext_ln11_12 = zext i1 %tmp_12" [bnn.cpp:11->bnn.cpp:61->bnn.cpp:142]   --->   Operation 68 'zext' 'zext_ln11_12' <Predicate = true> <Delay = 0.00>
ST_2 : Operation 69 [1/1] (0.00ns)   --->   "%tmp_13 = bitselect i1 @_ssdm_op_BitSelect.i1.i16.i32, i16 %xnor, i32 14" [bnn.cpp:11->bnn.cpp:61->bnn.cpp:142]   --->   Operation 69 'bitselect' 'tmp_13' <Predicate = true> <Delay = 0.00>
ST_2 : Operation 70 [1/1] (0.00ns)   --->   "%zext_ln11_13 = zext i1 %tmp_13" [bnn.cpp:11->bnn.cpp:61->bnn.cpp:142]   --->   Operation 70 'zext' 'zext_ln11_13' <Predicate = true> <Delay = 0.00>
ST_2 : Operation 71 [1/1] (0.00ns)   --->   "%tmp_14 = bitselect i1 @_ssdm_op_BitSelect.i1.i16.i32, i16 %xnor, i32 15" [bnn.cpp:11->bnn.cpp:61->bnn.cpp:142]   --->   Operation 71 'bitselect' 'tmp_14' <Predicate = true> <Delay = 0.00>
ST_2 : Operation 72 [1/1] (0.00ns)   --->   "%zext_ln11_14 = zext i1 %tmp_14" [bnn.cpp:11->bnn.cpp:61->bnn.cpp:142]   --->   Operation 72 'zext' 'zext_ln11_14' <Predicate = true> <Delay = 0.00>
ST_2 : Operation 73 [1/1] (1.56ns)   --->   "%add_ln11 = add i2 %zext_ln11, i2 %zext_ln8" [bnn.cpp:11->bnn.cpp:61->bnn.cpp:142]   --->   Operation 73 'add' 'add_ln11' <Predicate = true> <Delay = 1.56> <CoreInst = "Adder">   --->   Core 1 'Adder' <Latency = 0> <II = 1> <Delay = 1.56> <FuncUnit> <Opcode : 'add' 'sub'> <InPorts = 2> <OutPorts = 1>
ST_2 : Operation 74 [1/1] (0.00ns)   --->   "%zext_ln11_15 = zext i2 %add_ln11" [bnn.cpp:11->bnn.cpp:61->bnn.cpp:142]   --->   Operation 74 'zext' 'zext_ln11_15' <Predicate = true> <Delay = 0.00>
ST_2 : Operation 75 [1/1] (1.56ns)   --->   "%add_ln11_1 = add i2 %zext_ln11_1, i2 %zext_ln11_2" [bnn.cpp:11->bnn.cpp:61->bnn.cpp:142]   --->   Operation 75 'add' 'add_ln11_1' <Predicate = true> <Delay = 1.56> <CoreInst = "Adder">   --->   Core 1 'Adder' <Latency = 0> <II = 1> <Delay = 1.56> <FuncUnit> <Opcode : 'add' 'sub'> <InPorts = 2> <OutPorts = 1>
ST_2 : Operation 76 [1/1] (0.00ns)   --->   "%zext_ln11_16 = zext i2 %add_ln11_1" [bnn.cpp:11->bnn.cpp:61->bnn.cpp:142]   --->   Operation 76 'zext' 'zext_ln11_16' <Predicate = true> <Delay = 0.00>
ST_2 : Operation 77 [1/1] (1.56ns)   --->   "%add_ln11_2 = add i3 %zext_ln11_16, i3 %zext_ln11_15" [bnn.cpp:11->bnn.cpp:61->bnn.cpp:142]   --->   Operation 77 'add' 'add_ln11_2' <Predicate = true> <Delay = 1.56> <CoreInst = "Adder">   --->   Core 1 'Adder' <Latency = 0> <II = 1> <Delay = 1.56> <FuncUnit> <Opcode : 'add' 'sub'> <InPorts = 2> <OutPorts = 1>
ST_2 : Operation 78 [1/1] (1.56ns)   --->   "%add_ln11_3 = add i2 %zext_ln11_3, i2 %zext_ln11_4" [bnn.cpp:11->bnn.cpp:61->bnn.cpp:142]   --->   Operation 78 'add' 'add_ln11_3' <Predicate = true> <Delay = 1.56> <CoreInst = "Adder">   --->   Core 1 'Adder' <Latency = 0> <II = 1> <Delay = 1.56> <FuncUnit> <Opcode : 'add' 'sub'> <InPorts = 2> <OutPorts = 1>
ST_2 : Operation 79 [1/1] (0.00ns)   --->   "%zext_ln11_18 = zext i2 %add_ln11_3" [bnn.cpp:11->bnn.cpp:61->bnn.cpp:142]   --->   Operation 79 'zext' 'zext_ln11_18' <Predicate = true> <Delay = 0.00>
ST_2 : Operation 80 [1/1] (1.56ns)   --->   "%add_ln11_4 = add i2 %zext_ln11_5, i2 %zext_ln11_6" [bnn.cpp:11->bnn.cpp:61->bnn.cpp:142]   --->   Operation 80 'add' 'add_ln11_4' <Predicate = true> <Delay = 1.56> <CoreInst = "Adder">   --->   Core 1 'Adder' <Latency = 0> <II = 1> <Delay = 1.56> <FuncUnit> <Opcode : 'add' 'sub'> <InPorts = 2> <OutPorts = 1>
ST_2 : Operation 81 [1/1] (0.00ns)   --->   "%zext_ln11_19 = zext i2 %add_ln11_4" [bnn.cpp:11->bnn.cpp:61->bnn.cpp:142]   --->   Operation 81 'zext' 'zext_ln11_19' <Predicate = true> <Delay = 0.00>
ST_2 : Operation 82 [1/1] (1.56ns)   --->   "%add_ln11_5 = add i3 %zext_ln11_19, i3 %zext_ln11_18" [bnn.cpp:11->bnn.cpp:61->bnn.cpp:142]   --->   Operation 82 'add' 'add_ln11_5' <Predicate = true> <Delay = 1.56> <CoreInst = "Adder">   --->   Core 1 'Adder' <Latency = 0> <II = 1> <Delay = 1.56> <FuncUnit> <Opcode : 'add' 'sub'> <InPorts = 2> <OutPorts = 1>
ST_2 : Operation 83 [1/1] (1.56ns)   --->   "%add_ln11_7 = add i2 %zext_ln11_7, i2 %zext_ln11_8" [bnn.cpp:11->bnn.cpp:61->bnn.cpp:142]   --->   Operation 83 'add' 'add_ln11_7' <Predicate = true> <Delay = 1.56> <CoreInst = "Adder">   --->   Core 1 'Adder' <Latency = 0> <II = 1> <Delay = 1.56> <FuncUnit> <Opcode : 'add' 'sub'> <InPorts = 2> <OutPorts = 1>
ST_2 : Operation 84 [1/1] (0.00ns)   --->   "%zext_ln11_22 = zext i2 %add_ln11_7" [bnn.cpp:11->bnn.cpp:61->bnn.cpp:142]   --->   Operation 84 'zext' 'zext_ln11_22' <Predicate = true> <Delay = 0.00>
ST_2 : Operation 85 [1/1] (1.56ns)   --->   "%add_ln11_8 = add i2 %zext_ln11_9, i2 %zext_ln11_10" [bnn.cpp:11->bnn.cpp:61->bnn.cpp:142]   --->   Operation 85 'add' 'add_ln11_8' <Predicate = true> <Delay = 1.56> <CoreInst = "Adder">   --->   Core 1 'Adder' <Latency = 0> <II = 1> <Delay = 1.56> <FuncUnit> <Opcode : 'add' 'sub'> <InPorts = 2> <OutPorts = 1>
ST_2 : Operation 86 [1/1] (0.00ns)   --->   "%zext_ln11_23 = zext i2 %add_ln11_8" [bnn.cpp:11->bnn.cpp:61->bnn.cpp:142]   --->   Operation 86 'zext' 'zext_ln11_23' <Predicate = true> <Delay = 0.00>
ST_2 : Operation 87 [1/1] (1.56ns)   --->   "%add_ln11_9 = add i3 %zext_ln11_23, i3 %zext_ln11_22" [bnn.cpp:11->bnn.cpp:61->bnn.cpp:142]   --->   Operation 87 'add' 'add_ln11_9' <Predicate = true> <Delay = 1.56> <CoreInst = "Adder">   --->   Core 1 'Adder' <Latency = 0> <II = 1> <Delay = 1.56> <FuncUnit> <Opcode : 'add' 'sub'> <InPorts = 2> <OutPorts = 1>
ST_2 : Operation 88 [1/1] (1.56ns)   --->   "%add_ln11_10 = add i2 %zext_ln11_11, i2 %zext_ln11_12" [bnn.cpp:11->bnn.cpp:61->bnn.cpp:142]   --->   Operation 88 'add' 'add_ln11_10' <Predicate = true> <Delay = 1.56> <CoreInst = "Adder">   --->   Core 1 'Adder' <Latency = 0> <II = 1> <Delay = 1.56> <FuncUnit> <Opcode : 'add' 'sub'> <InPorts = 2> <OutPorts = 1>
ST_2 : Operation 89 [1/1] (0.00ns)   --->   "%zext_ln11_25 = zext i2 %add_ln11_10" [bnn.cpp:11->bnn.cpp:61->bnn.cpp:142]   --->   Operation 89 'zext' 'zext_ln11_25' <Predicate = true> <Delay = 0.00>
ST_2 : Operation 90 [1/1] (1.56ns)   --->   "%add_ln11_11 = add i2 %zext_ln11_13, i2 %zext_ln11_14" [bnn.cpp:11->bnn.cpp:61->bnn.cpp:142]   --->   Operation 90 'add' 'add_ln11_11' <Predicate = true> <Delay = 1.56> <CoreInst = "Adder">   --->   Core 1 'Adder' <Latency = 0> <II = 1> <Delay = 1.56> <FuncUnit> <Opcode : 'add' 'sub'> <InPorts = 2> <OutPorts = 1>
ST_2 : Operation 91 [1/1] (0.00ns)   --->   "%zext_ln11_26 = zext i2 %add_ln11_11" [bnn.cpp:11->bnn.cpp:61->bnn.cpp:142]   --->   Operation 91 'zext' 'zext_ln11_26' <Predicate = true> <Delay = 0.00>
ST_2 : Operation 92 [1/1] (1.56ns)   --->   "%add_ln11_12 = add i3 %zext_ln11_26, i3 %zext_ln11_25" [bnn.cpp:11->bnn.cpp:61->bnn.cpp:142]   --->   Operation 92 'add' 'add_ln11_12' <Predicate = true> <Delay = 1.56> <CoreInst = "Adder">   --->   Core 1 'Adder' <Latency = 0> <II = 1> <Delay = 1.56> <FuncUnit> <Opcode : 'add' 'sub'> <InPorts = 2> <OutPorts = 1>
ST_2 : Operation 93 [1/2] ( I:2.32ns O:2.32ns )   --->   "%w3_load_1 = load i6 %w3_addr_1" [bnn.cpp:60->bnn.cpp:142]   --->   Operation 93 'load' 'w3_load_1' <Predicate = true> <Delay = 2.32> <CoreInst = "ROM">   --->   Core 94 'ROM' <Latency = 1> <II = 1> <Delay = 2.32> <Storage> <Opcode : 'load'> <Ports = 0> <Width = 16> <Depth = 40> <ROM>
ST_2 : Operation 94 [1/1] (0.00ns) (grouped into LUT with out node xnor_1)   --->   "%xor_ln60_2 = xor i16 %p_0_0271_1106_reload_read, i16 65535" [bnn.cpp:60->bnn.cpp:142]   --->   Operation 94 'xor' 'xor_ln60_2' <Predicate = true> <Delay = 0.00> <CoreInst = "LogicGate">   --->   Core 74 'LogicGate' <Latency = 0> <II = 1> <Delay = 0.99> <FuncUnit> <Opcode : 'and' 'or' 'xor'> <InPorts = 2> <OutPorts = 1>
ST_2 : Operation 95 [1/1] (0.99ns) (out node of the LUT)   --->   "%xnor_1 = xor i16 %w3_load_1, i16 %xor_ln60_2" [bnn.cpp:60->bnn.cpp:142]   --->   Operation 95 'xor' 'xnor_1' <Predicate = true> <Delay = 0.99> <CoreInst = "LogicGate">   --->   Core 74 'LogicGate' <Latency = 0> <II = 1> <Delay = 0.99> <FuncUnit> <Opcode : 'and' 'or' 'xor'> <InPorts = 2> <OutPorts = 1>
ST_2 : Operation 96 [1/1] (0.00ns)   --->   "%cnt_2 = trunc i16 %xnor_1" [bnn.cpp:11->bnn.cpp:61->bnn.cpp:142]   --->   Operation 96 'trunc' 'cnt_2' <Predicate = true> <Delay = 0.00>
ST_2 : Operation 97 [1/1] (0.00ns)   --->   "%zext_ln8_1 = zext i1 %cnt_2" [bnn.cpp:8->bnn.cpp:61->bnn.cpp:142]   --->   Operation 97 'zext' 'zext_ln8_1' <Predicate = true> <Delay = 0.00>
ST_2 : Operation 98 [1/1] (0.00ns)   --->   "%tmp_15 = bitselect i1 @_ssdm_op_BitSelect.i1.i16.i32, i16 %xnor_1, i32 1" [bnn.cpp:11->bnn.cpp:61->bnn.cpp:142]   --->   Operation 98 'bitselect' 'tmp_15' <Predicate = true> <Delay = 0.00>
ST_2 : Operation 99 [1/1] (0.00ns)   --->   "%zext_ln11_29 = zext i1 %tmp_15" [bnn.cpp:11->bnn.cpp:61->bnn.cpp:142]   --->   Operation 99 'zext' 'zext_ln11_29' <Predicate = true> <Delay = 0.00>
ST_2 : Operation 100 [1/1] (0.00ns)   --->   "%tmp_16 = bitselect i1 @_ssdm_op_BitSelect.i1.i16.i32, i16 %xnor_1, i32 2" [bnn.cpp:11->bnn.cpp:61->bnn.cpp:142]   --->   Operation 100 'bitselect' 'tmp_16' <Predicate = true> <Delay = 0.00>
ST_2 : Operation 101 [1/1] (0.00ns)   --->   "%zext_ln11_30 = zext i1 %tmp_16" [bnn.cpp:11->bnn.cpp:61->bnn.cpp:142]   --->   Operation 101 'zext' 'zext_ln11_30' <Predicate = true> <Delay = 0.00>
ST_2 : Operation 102 [1/1] (0.00ns)   --->   "%tmp_17 = bitselect i1 @_ssdm_op_BitSelect.i1.i16.i32, i16 %xnor_1, i32 3" [bnn.cpp:11->bnn.cpp:61->bnn.cpp:142]   --->   Operation 102 'bitselect' 'tmp_17' <Predicate = true> <Delay = 0.00>
ST_2 : Operation 103 [1/1] (0.00ns)   --->   "%zext_ln11_31 = zext i1 %tmp_17" [bnn.cpp:11->bnn.cpp:61->bnn.cpp:142]   --->   Operation 103 'zext' 'zext_ln11_31' <Predicate = true> <Delay = 0.00>
ST_2 : Operation 104 [1/1] (0.00ns)   --->   "%tmp_18 = bitselect i1 @_ssdm_op_BitSelect.i1.i16.i32, i16 %xnor_1, i32 4" [bnn.cpp:11->bnn.cpp:61->bnn.cpp:142]   --->   Operation 104 'bitselect' 'tmp_18' <Predicate = true> <Delay = 0.00>
ST_2 : Operation 105 [1/1] (0.00ns)   --->   "%zext_ln11_32 = zext i1 %tmp_18" [bnn.cpp:11->bnn.cpp:61->bnn.cpp:142]   --->   Operation 105 'zext' 'zext_ln11_32' <Predicate = true> <Delay = 0.00>
ST_2 : Operation 106 [1/1] (0.00ns)   --->   "%tmp_19 = bitselect i1 @_ssdm_op_BitSelect.i1.i16.i32, i16 %xnor_1, i32 5" [bnn.cpp:11->bnn.cpp:61->bnn.cpp:142]   --->   Operation 106 'bitselect' 'tmp_19' <Predicate = true> <Delay = 0.00>
ST_2 : Operation 107 [1/1] (0.00ns)   --->   "%zext_ln11_33 = zext i1 %tmp_19" [bnn.cpp:11->bnn.cpp:61->bnn.cpp:142]   --->   Operation 107 'zext' 'zext_ln11_33' <Predicate = true> <Delay = 0.00>
ST_2 : Operation 108 [1/1] (0.00ns)   --->   "%tmp_20 = bitselect i1 @_ssdm_op_BitSelect.i1.i16.i32, i16 %xnor_1, i32 6" [bnn.cpp:11->bnn.cpp:61->bnn.cpp:142]   --->   Operation 108 'bitselect' 'tmp_20' <Predicate = true> <Delay = 0.00>
ST_2 : Operation 109 [1/1] (0.00ns)   --->   "%zext_ln11_34 = zext i1 %tmp_20" [bnn.cpp:11->bnn.cpp:61->bnn.cpp:142]   --->   Operation 109 'zext' 'zext_ln11_34' <Predicate = true> <Delay = 0.00>
ST_2 : Operation 110 [1/1] (0.00ns)   --->   "%tmp_21 = bitselect i1 @_ssdm_op_BitSelect.i1.i16.i32, i16 %xnor_1, i32 7" [bnn.cpp:11->bnn.cpp:61->bnn.cpp:142]   --->   Operation 110 'bitselect' 'tmp_21' <Predicate = true> <Delay = 0.00>
ST_2 : Operation 111 [1/1] (0.00ns)   --->   "%zext_ln11_35 = zext i1 %tmp_21" [bnn.cpp:11->bnn.cpp:61->bnn.cpp:142]   --->   Operation 111 'zext' 'zext_ln11_35' <Predicate = true> <Delay = 0.00>
ST_2 : Operation 112 [1/1] (0.00ns)   --->   "%tmp_22 = bitselect i1 @_ssdm_op_BitSelect.i1.i16.i32, i16 %xnor_1, i32 8" [bnn.cpp:11->bnn.cpp:61->bnn.cpp:142]   --->   Operation 112 'bitselect' 'tmp_22' <Predicate = true> <Delay = 0.00>
ST_2 : Operation 113 [1/1] (0.00ns)   --->   "%zext_ln11_36 = zext i1 %tmp_22" [bnn.cpp:11->bnn.cpp:61->bnn.cpp:142]   --->   Operation 113 'zext' 'zext_ln11_36' <Predicate = true> <Delay = 0.00>
ST_2 : Operation 114 [1/1] (0.00ns)   --->   "%tmp_23 = bitselect i1 @_ssdm_op_BitSelect.i1.i16.i32, i16 %xnor_1, i32 9" [bnn.cpp:11->bnn.cpp:61->bnn.cpp:142]   --->   Operation 114 'bitselect' 'tmp_23' <Predicate = true> <Delay = 0.00>
ST_2 : Operation 115 [1/1] (0.00ns)   --->   "%zext_ln11_37 = zext i1 %tmp_23" [bnn.cpp:11->bnn.cpp:61->bnn.cpp:142]   --->   Operation 115 'zext' 'zext_ln11_37' <Predicate = true> <Delay = 0.00>
ST_2 : Operation 116 [1/1] (0.00ns)   --->   "%tmp_24 = bitselect i1 @_ssdm_op_BitSelect.i1.i16.i32, i16 %xnor_1, i32 10" [bnn.cpp:11->bnn.cpp:61->bnn.cpp:142]   --->   Operation 116 'bitselect' 'tmp_24' <Predicate = true> <Delay = 0.00>
ST_2 : Operation 117 [1/1] (0.00ns)   --->   "%zext_ln11_38 = zext i1 %tmp_24" [bnn.cpp:11->bnn.cpp:61->bnn.cpp:142]   --->   Operation 117 'zext' 'zext_ln11_38' <Predicate = true> <Delay = 0.00>
ST_2 : Operation 118 [1/1] (0.00ns)   --->   "%tmp_25 = bitselect i1 @_ssdm_op_BitSelect.i1.i16.i32, i16 %xnor_1, i32 11" [bnn.cpp:11->bnn.cpp:61->bnn.cpp:142]   --->   Operation 118 'bitselect' 'tmp_25' <Predicate = true> <Delay = 0.00>
ST_2 : Operation 119 [1/1] (0.00ns)   --->   "%zext_ln11_39 = zext i1 %tmp_25" [bnn.cpp:11->bnn.cpp:61->bnn.cpp:142]   --->   Operation 119 'zext' 'zext_ln11_39' <Predicate = true> <Delay = 0.00>
ST_2 : Operation 120 [1/1] (0.00ns)   --->   "%tmp_26 = bitselect i1 @_ssdm_op_BitSelect.i1.i16.i32, i16 %xnor_1, i32 12" [bnn.cpp:11->bnn.cpp:61->bnn.cpp:142]   --->   Operation 120 'bitselect' 'tmp_26' <Predicate = true> <Delay = 0.00>
ST_2 : Operation 121 [1/1] (0.00ns)   --->   "%zext_ln11_40 = zext i1 %tmp_26" [bnn.cpp:11->bnn.cpp:61->bnn.cpp:142]   --->   Operation 121 'zext' 'zext_ln11_40' <Predicate = true> <Delay = 0.00>
ST_2 : Operation 122 [1/1] (0.00ns)   --->   "%tmp_27 = bitselect i1 @_ssdm_op_BitSelect.i1.i16.i32, i16 %xnor_1, i32 13" [bnn.cpp:11->bnn.cpp:61->bnn.cpp:142]   --->   Operation 122 'bitselect' 'tmp_27' <Predicate = true> <Delay = 0.00>
ST_2 : Operation 123 [1/1] (0.00ns)   --->   "%zext_ln11_41 = zext i1 %tmp_27" [bnn.cpp:11->bnn.cpp:61->bnn.cpp:142]   --->   Operation 123 'zext' 'zext_ln11_41' <Predicate = true> <Delay = 0.00>
ST_2 : Operation 124 [1/1] (0.00ns)   --->   "%tmp_28 = bitselect i1 @_ssdm_op_BitSelect.i1.i16.i32, i16 %xnor_1, i32 14" [bnn.cpp:11->bnn.cpp:61->bnn.cpp:142]   --->   Operation 124 'bitselect' 'tmp_28' <Predicate = true> <Delay = 0.00>
ST_2 : Operation 125 [1/1] (0.00ns)   --->   "%zext_ln11_42 = zext i1 %tmp_28" [bnn.cpp:11->bnn.cpp:61->bnn.cpp:142]   --->   Operation 125 'zext' 'zext_ln11_42' <Predicate = true> <Delay = 0.00>
ST_2 : Operation 126 [1/1] (0.00ns)   --->   "%tmp_29 = bitselect i1 @_ssdm_op_BitSelect.i1.i16.i32, i16 %xnor_1, i32 15" [bnn.cpp:11->bnn.cpp:61->bnn.cpp:142]   --->   Operation 126 'bitselect' 'tmp_29' <Predicate = true> <Delay = 0.00>
ST_2 : Operation 127 [1/1] (0.00ns)   --->   "%zext_ln11_43 = zext i1 %tmp_29" [bnn.cpp:11->bnn.cpp:61->bnn.cpp:142]   --->   Operation 127 'zext' 'zext_ln11_43' <Predicate = true> <Delay = 0.00>
ST_2 : Operation 128 [1/1] (1.56ns)   --->   "%add_ln11_15 = add i2 %zext_ln11_29, i2 %zext_ln8_1" [bnn.cpp:11->bnn.cpp:61->bnn.cpp:142]   --->   Operation 128 'add' 'add_ln11_15' <Predicate = true> <Delay = 1.56> <CoreInst = "Adder">   --->   Core 1 'Adder' <Latency = 0> <II = 1> <Delay = 1.56> <FuncUnit> <Opcode : 'add' 'sub'> <InPorts = 2> <OutPorts = 1>
ST_2 : Operation 129 [1/1] (0.00ns)   --->   "%zext_ln11_44 = zext i2 %add_ln11_15" [bnn.cpp:11->bnn.cpp:61->bnn.cpp:142]   --->   Operation 129 'zext' 'zext_ln11_44' <Predicate = true> <Delay = 0.00>
ST_2 : Operation 130 [1/1] (1.56ns)   --->   "%add_ln11_16 = add i2 %zext_ln11_30, i2 %zext_ln11_31" [bnn.cpp:11->bnn.cpp:61->bnn.cpp:142]   --->   Operation 130 'add' 'add_ln11_16' <Predicate = true> <Delay = 1.56> <CoreInst = "Adder">   --->   Core 1 'Adder' <Latency = 0> <II = 1> <Delay = 1.56> <FuncUnit> <Opcode : 'add' 'sub'> <InPorts = 2> <OutPorts = 1>
ST_2 : Operation 131 [1/1] (0.00ns)   --->   "%zext_ln11_45 = zext i2 %add_ln11_16" [bnn.cpp:11->bnn.cpp:61->bnn.cpp:142]   --->   Operation 131 'zext' 'zext_ln11_45' <Predicate = true> <Delay = 0.00>
ST_2 : Operation 132 [1/1] (1.56ns)   --->   "%add_ln11_17 = add i3 %zext_ln11_45, i3 %zext_ln11_44" [bnn.cpp:11->bnn.cpp:61->bnn.cpp:142]   --->   Operation 132 'add' 'add_ln11_17' <Predicate = true> <Delay = 1.56> <CoreInst = "Adder">   --->   Core 1 'Adder' <Latency = 0> <II = 1> <Delay = 1.56> <FuncUnit> <Opcode : 'add' 'sub'> <InPorts = 2> <OutPorts = 1>
ST_2 : Operation 133 [1/1] (1.56ns)   --->   "%add_ln11_18 = add i2 %zext_ln11_32, i2 %zext_ln11_33" [bnn.cpp:11->bnn.cpp:61->bnn.cpp:142]   --->   Operation 133 'add' 'add_ln11_18' <Predicate = true> <Delay = 1.56> <CoreInst = "Adder">   --->   Core 1 'Adder' <Latency = 0> <II = 1> <Delay = 1.56> <FuncUnit> <Opcode : 'add' 'sub'> <InPorts = 2> <OutPorts = 1>
ST_2 : Operation 134 [1/1] (0.00ns)   --->   "%zext_ln11_47 = zext i2 %add_ln11_18" [bnn.cpp:11->bnn.cpp:61->bnn.cpp:142]   --->   Operation 134 'zext' 'zext_ln11_47' <Predicate = true> <Delay = 0.00>
ST_2 : Operation 135 [1/1] (1.56ns)   --->   "%add_ln11_19 = add i2 %zext_ln11_34, i2 %zext_ln11_35" [bnn.cpp:11->bnn.cpp:61->bnn.cpp:142]   --->   Operation 135 'add' 'add_ln11_19' <Predicate = true> <Delay = 1.56> <CoreInst = "Adder">   --->   Core 1 'Adder' <Latency = 0> <II = 1> <Delay = 1.56> <FuncUnit> <Opcode : 'add' 'sub'> <InPorts = 2> <OutPorts = 1>
ST_2 : Operation 136 [1/1] (0.00ns)   --->   "%zext_ln11_48 = zext i2 %add_ln11_19" [bnn.cpp:11->bnn.cpp:61->bnn.cpp:142]   --->   Operation 136 'zext' 'zext_ln11_48' <Predicate = true> <Delay = 0.00>
ST_2 : Operation 137 [1/1] (1.56ns)   --->   "%add_ln11_20 = add i3 %zext_ln11_48, i3 %zext_ln11_47" [bnn.cpp:11->bnn.cpp:61->bnn.cpp:142]   --->   Operation 137 'add' 'add_ln11_20' <Predicate = true> <Delay = 1.56> <CoreInst = "Adder">   --->   Core 1 'Adder' <Latency = 0> <II = 1> <Delay = 1.56> <FuncUnit> <Opcode : 'add' 'sub'> <InPorts = 2> <OutPorts = 1>
ST_2 : Operation 138 [1/1] (1.56ns)   --->   "%add_ln11_22 = add i2 %zext_ln11_36, i2 %zext_ln11_37" [bnn.cpp:11->bnn.cpp:61->bnn.cpp:142]   --->   Operation 138 'add' 'add_ln11_22' <Predicate = true> <Delay = 1.56> <CoreInst = "Adder">   --->   Core 1 'Adder' <Latency = 0> <II = 1> <Delay = 1.56> <FuncUnit> <Opcode : 'add' 'sub'> <InPorts = 2> <OutPorts = 1>
ST_2 : Operation 139 [1/1] (0.00ns)   --->   "%zext_ln11_51 = zext i2 %add_ln11_22" [bnn.cpp:11->bnn.cpp:61->bnn.cpp:142]   --->   Operation 139 'zext' 'zext_ln11_51' <Predicate = true> <Delay = 0.00>
ST_2 : Operation 140 [1/1] (1.56ns)   --->   "%add_ln11_23 = add i2 %zext_ln11_38, i2 %zext_ln11_39" [bnn.cpp:11->bnn.cpp:61->bnn.cpp:142]   --->   Operation 140 'add' 'add_ln11_23' <Predicate = true> <Delay = 1.56> <CoreInst = "Adder">   --->   Core 1 'Adder' <Latency = 0> <II = 1> <Delay = 1.56> <FuncUnit> <Opcode : 'add' 'sub'> <InPorts = 2> <OutPorts = 1>
ST_2 : Operation 141 [1/1] (0.00ns)   --->   "%zext_ln11_52 = zext i2 %add_ln11_23" [bnn.cpp:11->bnn.cpp:61->bnn.cpp:142]   --->   Operation 141 'zext' 'zext_ln11_52' <Predicate = true> <Delay = 0.00>
ST_2 : Operation 142 [1/1] (1.56ns)   --->   "%add_ln11_24 = add i3 %zext_ln11_52, i3 %zext_ln11_51" [bnn.cpp:11->bnn.cpp:61->bnn.cpp:142]   --->   Operation 142 'add' 'add_ln11_24' <Predicate = true> <Delay = 1.56> <CoreInst = "Adder">   --->   Core 1 'Adder' <Latency = 0> <II = 1> <Delay = 1.56> <FuncUnit> <Opcode : 'add' 'sub'> <InPorts = 2> <OutPorts = 1>
ST_2 : Operation 143 [1/1] (1.56ns)   --->   "%add_ln11_25 = add i2 %zext_ln11_40, i2 %zext_ln11_41" [bnn.cpp:11->bnn.cpp:61->bnn.cpp:142]   --->   Operation 143 'add' 'add_ln11_25' <Predicate = true> <Delay = 1.56> <CoreInst = "Adder">   --->   Core 1 'Adder' <Latency = 0> <II = 1> <Delay = 1.56> <FuncUnit> <Opcode : 'add' 'sub'> <InPorts = 2> <OutPorts = 1>
ST_2 : Operation 144 [1/1] (0.00ns)   --->   "%zext_ln11_54 = zext i2 %add_ln11_25" [bnn.cpp:11->bnn.cpp:61->bnn.cpp:142]   --->   Operation 144 'zext' 'zext_ln11_54' <Predicate = true> <Delay = 0.00>
ST_2 : Operation 145 [1/1] (1.56ns)   --->   "%add_ln11_26 = add i2 %zext_ln11_42, i2 %zext_ln11_43" [bnn.cpp:11->bnn.cpp:61->bnn.cpp:142]   --->   Operation 145 'add' 'add_ln11_26' <Predicate = true> <Delay = 1.56> <CoreInst = "Adder">   --->   Core 1 'Adder' <Latency = 0> <II = 1> <Delay = 1.56> <FuncUnit> <Opcode : 'add' 'sub'> <InPorts = 2> <OutPorts = 1>
ST_2 : Operation 146 [1/1] (0.00ns)   --->   "%zext_ln11_55 = zext i2 %add_ln11_26" [bnn.cpp:11->bnn.cpp:61->bnn.cpp:142]   --->   Operation 146 'zext' 'zext_ln11_55' <Predicate = true> <Delay = 0.00>
ST_2 : Operation 147 [1/1] (1.56ns)   --->   "%add_ln11_27 = add i3 %zext_ln11_55, i3 %zext_ln11_54" [bnn.cpp:11->bnn.cpp:61->bnn.cpp:142]   --->   Operation 147 'add' 'add_ln11_27' <Predicate = true> <Delay = 1.56> <CoreInst = "Adder">   --->   Core 1 'Adder' <Latency = 0> <II = 1> <Delay = 1.56> <FuncUnit> <Opcode : 'add' 'sub'> <InPorts = 2> <OutPorts = 1>
ST_2 : Operation 148 [1/2] ( I:2.32ns O:2.32ns )   --->   "%w3_load_2 = load i6 %w3_addr_2" [bnn.cpp:60->bnn.cpp:142]   --->   Operation 148 'load' 'w3_load_2' <Predicate = true> <Delay = 2.32> <CoreInst = "ROM">   --->   Core 94 'ROM' <Latency = 1> <II = 1> <Delay = 2.32> <Storage> <Opcode : 'load'> <Ports = 0> <Width = 16> <Depth = 40> <ROM>
ST_2 : Operation 149 [1/1] (0.00ns) (grouped into LUT with out node xnor_2)   --->   "%xor_ln60_4 = xor i16 %p_0_0271_2108_reload_read, i16 65535" [bnn.cpp:60->bnn.cpp:142]   --->   Operation 149 'xor' 'xor_ln60_4' <Predicate = true> <Delay = 0.00> <CoreInst = "LogicGate">   --->   Core 74 'LogicGate' <Latency = 0> <II = 1> <Delay = 0.99> <FuncUnit> <Opcode : 'and' 'or' 'xor'> <InPorts = 2> <OutPorts = 1>
ST_2 : Operation 150 [1/1] (0.99ns) (out node of the LUT)   --->   "%xnor_2 = xor i16 %w3_load_2, i16 %xor_ln60_4" [bnn.cpp:60->bnn.cpp:142]   --->   Operation 150 'xor' 'xnor_2' <Predicate = true> <Delay = 0.99> <CoreInst = "LogicGate">   --->   Core 74 'LogicGate' <Latency = 0> <II = 1> <Delay = 0.99> <FuncUnit> <Opcode : 'and' 'or' 'xor'> <InPorts = 2> <OutPorts = 1>
ST_2 : Operation 151 [1/1] (0.00ns)   --->   "%cnt_4 = trunc i16 %xnor_2" [bnn.cpp:11->bnn.cpp:61->bnn.cpp:142]   --->   Operation 151 'trunc' 'cnt_4' <Predicate = true> <Delay = 0.00>
ST_2 : Operation 152 [1/1] (0.00ns)   --->   "%zext_ln8_2 = zext i1 %cnt_4" [bnn.cpp:8->bnn.cpp:61->bnn.cpp:142]   --->   Operation 152 'zext' 'zext_ln8_2' <Predicate = true> <Delay = 0.00>
ST_2 : Operation 153 [1/1] (0.00ns)   --->   "%tmp_30 = bitselect i1 @_ssdm_op_BitSelect.i1.i16.i32, i16 %xnor_2, i32 1" [bnn.cpp:11->bnn.cpp:61->bnn.cpp:142]   --->   Operation 153 'bitselect' 'tmp_30' <Predicate = true> <Delay = 0.00>
ST_2 : Operation 154 [1/1] (0.00ns)   --->   "%zext_ln11_58 = zext i1 %tmp_30" [bnn.cpp:11->bnn.cpp:61->bnn.cpp:142]   --->   Operation 154 'zext' 'zext_ln11_58' <Predicate = true> <Delay = 0.00>
ST_2 : Operation 155 [1/1] (0.00ns)   --->   "%tmp_31 = bitselect i1 @_ssdm_op_BitSelect.i1.i16.i32, i16 %xnor_2, i32 2" [bnn.cpp:11->bnn.cpp:61->bnn.cpp:142]   --->   Operation 155 'bitselect' 'tmp_31' <Predicate = true> <Delay = 0.00>
ST_2 : Operation 156 [1/1] (0.00ns)   --->   "%zext_ln11_59 = zext i1 %tmp_31" [bnn.cpp:11->bnn.cpp:61->bnn.cpp:142]   --->   Operation 156 'zext' 'zext_ln11_59' <Predicate = true> <Delay = 0.00>
ST_2 : Operation 157 [1/1] (0.00ns)   --->   "%tmp_32 = bitselect i1 @_ssdm_op_BitSelect.i1.i16.i32, i16 %xnor_2, i32 3" [bnn.cpp:11->bnn.cpp:61->bnn.cpp:142]   --->   Operation 157 'bitselect' 'tmp_32' <Predicate = true> <Delay = 0.00>
ST_2 : Operation 158 [1/1] (0.00ns)   --->   "%zext_ln11_60 = zext i1 %tmp_32" [bnn.cpp:11->bnn.cpp:61->bnn.cpp:142]   --->   Operation 158 'zext' 'zext_ln11_60' <Predicate = true> <Delay = 0.00>
ST_2 : Operation 159 [1/1] (0.00ns)   --->   "%tmp_33 = bitselect i1 @_ssdm_op_BitSelect.i1.i16.i32, i16 %xnor_2, i32 4" [bnn.cpp:11->bnn.cpp:61->bnn.cpp:142]   --->   Operation 159 'bitselect' 'tmp_33' <Predicate = true> <Delay = 0.00>
ST_2 : Operation 160 [1/1] (0.00ns)   --->   "%zext_ln11_61 = zext i1 %tmp_33" [bnn.cpp:11->bnn.cpp:61->bnn.cpp:142]   --->   Operation 160 'zext' 'zext_ln11_61' <Predicate = true> <Delay = 0.00>
ST_2 : Operation 161 [1/1] (0.00ns)   --->   "%tmp_34 = bitselect i1 @_ssdm_op_BitSelect.i1.i16.i32, i16 %xnor_2, i32 5" [bnn.cpp:11->bnn.cpp:61->bnn.cpp:142]   --->   Operation 161 'bitselect' 'tmp_34' <Predicate = true> <Delay = 0.00>
ST_2 : Operation 162 [1/1] (0.00ns)   --->   "%zext_ln11_62 = zext i1 %tmp_34" [bnn.cpp:11->bnn.cpp:61->bnn.cpp:142]   --->   Operation 162 'zext' 'zext_ln11_62' <Predicate = true> <Delay = 0.00>
ST_2 : Operation 163 [1/1] (0.00ns)   --->   "%tmp_35 = bitselect i1 @_ssdm_op_BitSelect.i1.i16.i32, i16 %xnor_2, i32 6" [bnn.cpp:11->bnn.cpp:61->bnn.cpp:142]   --->   Operation 163 'bitselect' 'tmp_35' <Predicate = true> <Delay = 0.00>
ST_2 : Operation 164 [1/1] (0.00ns)   --->   "%zext_ln11_63 = zext i1 %tmp_35" [bnn.cpp:11->bnn.cpp:61->bnn.cpp:142]   --->   Operation 164 'zext' 'zext_ln11_63' <Predicate = true> <Delay = 0.00>
ST_2 : Operation 165 [1/1] (0.00ns)   --->   "%tmp_36 = bitselect i1 @_ssdm_op_BitSelect.i1.i16.i32, i16 %xnor_2, i32 7" [bnn.cpp:11->bnn.cpp:61->bnn.cpp:142]   --->   Operation 165 'bitselect' 'tmp_36' <Predicate = true> <Delay = 0.00>
ST_2 : Operation 166 [1/1] (0.00ns)   --->   "%zext_ln11_64 = zext i1 %tmp_36" [bnn.cpp:11->bnn.cpp:61->bnn.cpp:142]   --->   Operation 166 'zext' 'zext_ln11_64' <Predicate = true> <Delay = 0.00>
ST_2 : Operation 167 [1/1] (0.00ns)   --->   "%tmp_37 = bitselect i1 @_ssdm_op_BitSelect.i1.i16.i32, i16 %xnor_2, i32 8" [bnn.cpp:11->bnn.cpp:61->bnn.cpp:142]   --->   Operation 167 'bitselect' 'tmp_37' <Predicate = true> <Delay = 0.00>
ST_2 : Operation 168 [1/1] (0.00ns)   --->   "%zext_ln11_65 = zext i1 %tmp_37" [bnn.cpp:11->bnn.cpp:61->bnn.cpp:142]   --->   Operation 168 'zext' 'zext_ln11_65' <Predicate = true> <Delay = 0.00>
ST_2 : Operation 169 [1/1] (0.00ns)   --->   "%tmp_38 = bitselect i1 @_ssdm_op_BitSelect.i1.i16.i32, i16 %xnor_2, i32 9" [bnn.cpp:11->bnn.cpp:61->bnn.cpp:142]   --->   Operation 169 'bitselect' 'tmp_38' <Predicate = true> <Delay = 0.00>
ST_2 : Operation 170 [1/1] (0.00ns)   --->   "%zext_ln11_66 = zext i1 %tmp_38" [bnn.cpp:11->bnn.cpp:61->bnn.cpp:142]   --->   Operation 170 'zext' 'zext_ln11_66' <Predicate = true> <Delay = 0.00>
ST_2 : Operation 171 [1/1] (0.00ns)   --->   "%tmp_39 = bitselect i1 @_ssdm_op_BitSelect.i1.i16.i32, i16 %xnor_2, i32 10" [bnn.cpp:11->bnn.cpp:61->bnn.cpp:142]   --->   Operation 171 'bitselect' 'tmp_39' <Predicate = true> <Delay = 0.00>
ST_2 : Operation 172 [1/1] (0.00ns)   --->   "%zext_ln11_67 = zext i1 %tmp_39" [bnn.cpp:11->bnn.cpp:61->bnn.cpp:142]   --->   Operation 172 'zext' 'zext_ln11_67' <Predicate = true> <Delay = 0.00>
ST_2 : Operation 173 [1/1] (0.00ns)   --->   "%tmp_40 = bitselect i1 @_ssdm_op_BitSelect.i1.i16.i32, i16 %xnor_2, i32 11" [bnn.cpp:11->bnn.cpp:61->bnn.cpp:142]   --->   Operation 173 'bitselect' 'tmp_40' <Predicate = true> <Delay = 0.00>
ST_2 : Operation 174 [1/1] (0.00ns)   --->   "%zext_ln11_68 = zext i1 %tmp_40" [bnn.cpp:11->bnn.cpp:61->bnn.cpp:142]   --->   Operation 174 'zext' 'zext_ln11_68' <Predicate = true> <Delay = 0.00>
ST_2 : Operation 175 [1/1] (0.00ns)   --->   "%tmp_41 = bitselect i1 @_ssdm_op_BitSelect.i1.i16.i32, i16 %xnor_2, i32 12" [bnn.cpp:11->bnn.cpp:61->bnn.cpp:142]   --->   Operation 175 'bitselect' 'tmp_41' <Predicate = true> <Delay = 0.00>
ST_2 : Operation 176 [1/1] (0.00ns)   --->   "%zext_ln11_69 = zext i1 %tmp_41" [bnn.cpp:11->bnn.cpp:61->bnn.cpp:142]   --->   Operation 176 'zext' 'zext_ln11_69' <Predicate = true> <Delay = 0.00>
ST_2 : Operation 177 [1/1] (0.00ns)   --->   "%tmp_42 = bitselect i1 @_ssdm_op_BitSelect.i1.i16.i32, i16 %xnor_2, i32 13" [bnn.cpp:11->bnn.cpp:61->bnn.cpp:142]   --->   Operation 177 'bitselect' 'tmp_42' <Predicate = true> <Delay = 0.00>
ST_2 : Operation 178 [1/1] (0.00ns)   --->   "%zext_ln11_70 = zext i1 %tmp_42" [bnn.cpp:11->bnn.cpp:61->bnn.cpp:142]   --->   Operation 178 'zext' 'zext_ln11_70' <Predicate = true> <Delay = 0.00>
ST_2 : Operation 179 [1/1] (0.00ns)   --->   "%tmp_43 = bitselect i1 @_ssdm_op_BitSelect.i1.i16.i32, i16 %xnor_2, i32 14" [bnn.cpp:11->bnn.cpp:61->bnn.cpp:142]   --->   Operation 179 'bitselect' 'tmp_43' <Predicate = true> <Delay = 0.00>
ST_2 : Operation 180 [1/1] (0.00ns)   --->   "%zext_ln11_71 = zext i1 %tmp_43" [bnn.cpp:11->bnn.cpp:61->bnn.cpp:142]   --->   Operation 180 'zext' 'zext_ln11_71' <Predicate = true> <Delay = 0.00>
ST_2 : Operation 181 [1/1] (0.00ns)   --->   "%tmp_44 = bitselect i1 @_ssdm_op_BitSelect.i1.i16.i32, i16 %xnor_2, i32 15" [bnn.cpp:11->bnn.cpp:61->bnn.cpp:142]   --->   Operation 181 'bitselect' 'tmp_44' <Predicate = true> <Delay = 0.00>
ST_2 : Operation 182 [1/1] (0.00ns)   --->   "%zext_ln11_72 = zext i1 %tmp_44" [bnn.cpp:11->bnn.cpp:61->bnn.cpp:142]   --->   Operation 182 'zext' 'zext_ln11_72' <Predicate = true> <Delay = 0.00>
ST_2 : Operation 183 [1/1] (1.56ns)   --->   "%add_ln11_30 = add i2 %zext_ln11_58, i2 %zext_ln8_2" [bnn.cpp:11->bnn.cpp:61->bnn.cpp:142]   --->   Operation 183 'add' 'add_ln11_30' <Predicate = true> <Delay = 1.56> <CoreInst = "Adder">   --->   Core 1 'Adder' <Latency = 0> <II = 1> <Delay = 1.56> <FuncUnit> <Opcode : 'add' 'sub'> <InPorts = 2> <OutPorts = 1>
ST_2 : Operation 184 [1/1] (0.00ns)   --->   "%zext_ln11_73 = zext i2 %add_ln11_30" [bnn.cpp:11->bnn.cpp:61->bnn.cpp:142]   --->   Operation 184 'zext' 'zext_ln11_73' <Predicate = true> <Delay = 0.00>
ST_2 : Operation 185 [1/1] (1.56ns)   --->   "%add_ln11_31 = add i2 %zext_ln11_59, i2 %zext_ln11_60" [bnn.cpp:11->bnn.cpp:61->bnn.cpp:142]   --->   Operation 185 'add' 'add_ln11_31' <Predicate = true> <Delay = 1.56> <CoreInst = "Adder">   --->   Core 1 'Adder' <Latency = 0> <II = 1> <Delay = 1.56> <FuncUnit> <Opcode : 'add' 'sub'> <InPorts = 2> <OutPorts = 1>
ST_2 : Operation 186 [1/1] (0.00ns)   --->   "%zext_ln11_74 = zext i2 %add_ln11_31" [bnn.cpp:11->bnn.cpp:61->bnn.cpp:142]   --->   Operation 186 'zext' 'zext_ln11_74' <Predicate = true> <Delay = 0.00>
ST_2 : Operation 187 [1/1] (1.56ns)   --->   "%add_ln11_32 = add i3 %zext_ln11_74, i3 %zext_ln11_73" [bnn.cpp:11->bnn.cpp:61->bnn.cpp:142]   --->   Operation 187 'add' 'add_ln11_32' <Predicate = true> <Delay = 1.56> <CoreInst = "Adder">   --->   Core 1 'Adder' <Latency = 0> <II = 1> <Delay = 1.56> <FuncUnit> <Opcode : 'add' 'sub'> <InPorts = 2> <OutPorts = 1>
ST_2 : Operation 188 [1/1] (1.56ns)   --->   "%add_ln11_33 = add i2 %zext_ln11_61, i2 %zext_ln11_62" [bnn.cpp:11->bnn.cpp:61->bnn.cpp:142]   --->   Operation 188 'add' 'add_ln11_33' <Predicate = true> <Delay = 1.56> <CoreInst = "Adder">   --->   Core 1 'Adder' <Latency = 0> <II = 1> <Delay = 1.56> <FuncUnit> <Opcode : 'add' 'sub'> <InPorts = 2> <OutPorts = 1>
ST_2 : Operation 189 [1/1] (0.00ns)   --->   "%zext_ln11_76 = zext i2 %add_ln11_33" [bnn.cpp:11->bnn.cpp:61->bnn.cpp:142]   --->   Operation 189 'zext' 'zext_ln11_76' <Predicate = true> <Delay = 0.00>
ST_2 : Operation 190 [1/1] (1.56ns)   --->   "%add_ln11_34 = add i2 %zext_ln11_63, i2 %zext_ln11_64" [bnn.cpp:11->bnn.cpp:61->bnn.cpp:142]   --->   Operation 190 'add' 'add_ln11_34' <Predicate = true> <Delay = 1.56> <CoreInst = "Adder">   --->   Core 1 'Adder' <Latency = 0> <II = 1> <Delay = 1.56> <FuncUnit> <Opcode : 'add' 'sub'> <InPorts = 2> <OutPorts = 1>
ST_2 : Operation 191 [1/1] (0.00ns)   --->   "%zext_ln11_77 = zext i2 %add_ln11_34" [bnn.cpp:11->bnn.cpp:61->bnn.cpp:142]   --->   Operation 191 'zext' 'zext_ln11_77' <Predicate = true> <Delay = 0.00>
ST_2 : Operation 192 [1/1] (1.56ns)   --->   "%add_ln11_35 = add i3 %zext_ln11_77, i3 %zext_ln11_76" [bnn.cpp:11->bnn.cpp:61->bnn.cpp:142]   --->   Operation 192 'add' 'add_ln11_35' <Predicate = true> <Delay = 1.56> <CoreInst = "Adder">   --->   Core 1 'Adder' <Latency = 0> <II = 1> <Delay = 1.56> <FuncUnit> <Opcode : 'add' 'sub'> <InPorts = 2> <OutPorts = 1>
ST_2 : Operation 193 [1/1] (1.56ns)   --->   "%add_ln11_37 = add i2 %zext_ln11_65, i2 %zext_ln11_66" [bnn.cpp:11->bnn.cpp:61->bnn.cpp:142]   --->   Operation 193 'add' 'add_ln11_37' <Predicate = true> <Delay = 1.56> <CoreInst = "Adder">   --->   Core 1 'Adder' <Latency = 0> <II = 1> <Delay = 1.56> <FuncUnit> <Opcode : 'add' 'sub'> <InPorts = 2> <OutPorts = 1>
ST_2 : Operation 194 [1/1] (0.00ns)   --->   "%zext_ln11_80 = zext i2 %add_ln11_37" [bnn.cpp:11->bnn.cpp:61->bnn.cpp:142]   --->   Operation 194 'zext' 'zext_ln11_80' <Predicate = true> <Delay = 0.00>
ST_2 : Operation 195 [1/1] (1.56ns)   --->   "%add_ln11_38 = add i2 %zext_ln11_67, i2 %zext_ln11_68" [bnn.cpp:11->bnn.cpp:61->bnn.cpp:142]   --->   Operation 195 'add' 'add_ln11_38' <Predicate = true> <Delay = 1.56> <CoreInst = "Adder">   --->   Core 1 'Adder' <Latency = 0> <II = 1> <Delay = 1.56> <FuncUnit> <Opcode : 'add' 'sub'> <InPorts = 2> <OutPorts = 1>
ST_2 : Operation 196 [1/1] (0.00ns)   --->   "%zext_ln11_81 = zext i2 %add_ln11_38" [bnn.cpp:11->bnn.cpp:61->bnn.cpp:142]   --->   Operation 196 'zext' 'zext_ln11_81' <Predicate = true> <Delay = 0.00>
ST_2 : Operation 197 [1/1] (1.56ns)   --->   "%add_ln11_39 = add i3 %zext_ln11_81, i3 %zext_ln11_80" [bnn.cpp:11->bnn.cpp:61->bnn.cpp:142]   --->   Operation 197 'add' 'add_ln11_39' <Predicate = true> <Delay = 1.56> <CoreInst = "Adder">   --->   Core 1 'Adder' <Latency = 0> <II = 1> <Delay = 1.56> <FuncUnit> <Opcode : 'add' 'sub'> <InPorts = 2> <OutPorts = 1>
ST_2 : Operation 198 [1/1] (1.56ns)   --->   "%add_ln11_40 = add i2 %zext_ln11_69, i2 %zext_ln11_70" [bnn.cpp:11->bnn.cpp:61->bnn.cpp:142]   --->   Operation 198 'add' 'add_ln11_40' <Predicate = true> <Delay = 1.56> <CoreInst = "Adder">   --->   Core 1 'Adder' <Latency = 0> <II = 1> <Delay = 1.56> <FuncUnit> <Opcode : 'add' 'sub'> <InPorts = 2> <OutPorts = 1>
ST_2 : Operation 199 [1/1] (0.00ns)   --->   "%zext_ln11_83 = zext i2 %add_ln11_40" [bnn.cpp:11->bnn.cpp:61->bnn.cpp:142]   --->   Operation 199 'zext' 'zext_ln11_83' <Predicate = true> <Delay = 0.00>
ST_2 : Operation 200 [1/1] (1.56ns)   --->   "%add_ln11_41 = add i2 %zext_ln11_71, i2 %zext_ln11_72" [bnn.cpp:11->bnn.cpp:61->bnn.cpp:142]   --->   Operation 200 'add' 'add_ln11_41' <Predicate = true> <Delay = 1.56> <CoreInst = "Adder">   --->   Core 1 'Adder' <Latency = 0> <II = 1> <Delay = 1.56> <FuncUnit> <Opcode : 'add' 'sub'> <InPorts = 2> <OutPorts = 1>
ST_2 : Operation 201 [1/1] (0.00ns)   --->   "%zext_ln11_84 = zext i2 %add_ln11_41" [bnn.cpp:11->bnn.cpp:61->bnn.cpp:142]   --->   Operation 201 'zext' 'zext_ln11_84' <Predicate = true> <Delay = 0.00>
ST_2 : Operation 202 [1/1] (1.56ns)   --->   "%add_ln11_42 = add i3 %zext_ln11_84, i3 %zext_ln11_83" [bnn.cpp:11->bnn.cpp:61->bnn.cpp:142]   --->   Operation 202 'add' 'add_ln11_42' <Predicate = true> <Delay = 1.56> <CoreInst = "Adder">   --->   Core 1 'Adder' <Latency = 0> <II = 1> <Delay = 1.56> <FuncUnit> <Opcode : 'add' 'sub'> <InPorts = 2> <OutPorts = 1>
ST_2 : Operation 203 [1/2] ( I:2.32ns O:2.32ns )   --->   "%w3_load_3 = load i6 %w3_addr_3" [bnn.cpp:60->bnn.cpp:142]   --->   Operation 203 'load' 'w3_load_3' <Predicate = true> <Delay = 2.32> <CoreInst = "ROM">   --->   Core 94 'ROM' <Latency = 1> <II = 1> <Delay = 2.32> <Storage> <Opcode : 'load'> <Ports = 0> <Width = 16> <Depth = 40> <ROM>
ST_2 : Operation 204 [1/1] (0.00ns) (grouped into LUT with out node xnor_3)   --->   "%xor_ln60_6 = xor i16 %p_0_0271_3110_reload_read, i16 65535" [bnn.cpp:60->bnn.cpp:142]   --->   Operation 204 'xor' 'xor_ln60_6' <Predicate = true> <Delay = 0.00> <CoreInst = "LogicGate">   --->   Core 74 'LogicGate' <Latency = 0> <II = 1> <Delay = 0.99> <FuncUnit> <Opcode : 'and' 'or' 'xor'> <InPorts = 2> <OutPorts = 1>
ST_2 : Operation 205 [1/1] (0.99ns) (out node of the LUT)   --->   "%xnor_3 = xor i16 %w3_load_3, i16 %xor_ln60_6" [bnn.cpp:60->bnn.cpp:142]   --->   Operation 205 'xor' 'xnor_3' <Predicate = true> <Delay = 0.99> <CoreInst = "LogicGate">   --->   Core 74 'LogicGate' <Latency = 0> <II = 1> <Delay = 0.99> <FuncUnit> <Opcode : 'and' 'or' 'xor'> <InPorts = 2> <OutPorts = 1>
ST_2 : Operation 206 [1/1] (0.00ns)   --->   "%cnt_6 = trunc i16 %xnor_3" [bnn.cpp:11->bnn.cpp:61->bnn.cpp:142]   --->   Operation 206 'trunc' 'cnt_6' <Predicate = true> <Delay = 0.00>
ST_2 : Operation 207 [1/1] (0.00ns)   --->   "%zext_ln8_3 = zext i1 %cnt_6" [bnn.cpp:8->bnn.cpp:61->bnn.cpp:142]   --->   Operation 207 'zext' 'zext_ln8_3' <Predicate = true> <Delay = 0.00>
ST_2 : Operation 208 [1/1] (0.00ns)   --->   "%tmp_45 = bitselect i1 @_ssdm_op_BitSelect.i1.i16.i32, i16 %xnor_3, i32 1" [bnn.cpp:11->bnn.cpp:61->bnn.cpp:142]   --->   Operation 208 'bitselect' 'tmp_45' <Predicate = true> <Delay = 0.00>
ST_2 : Operation 209 [1/1] (0.00ns)   --->   "%zext_ln11_87 = zext i1 %tmp_45" [bnn.cpp:11->bnn.cpp:61->bnn.cpp:142]   --->   Operation 209 'zext' 'zext_ln11_87' <Predicate = true> <Delay = 0.00>
ST_2 : Operation 210 [1/1] (0.00ns)   --->   "%tmp_46 = bitselect i1 @_ssdm_op_BitSelect.i1.i16.i32, i16 %xnor_3, i32 2" [bnn.cpp:11->bnn.cpp:61->bnn.cpp:142]   --->   Operation 210 'bitselect' 'tmp_46' <Predicate = true> <Delay = 0.00>
ST_2 : Operation 211 [1/1] (0.00ns)   --->   "%zext_ln11_88 = zext i1 %tmp_46" [bnn.cpp:11->bnn.cpp:61->bnn.cpp:142]   --->   Operation 211 'zext' 'zext_ln11_88' <Predicate = true> <Delay = 0.00>
ST_2 : Operation 212 [1/1] (0.00ns)   --->   "%tmp_47 = bitselect i1 @_ssdm_op_BitSelect.i1.i16.i32, i16 %xnor_3, i32 3" [bnn.cpp:11->bnn.cpp:61->bnn.cpp:142]   --->   Operation 212 'bitselect' 'tmp_47' <Predicate = true> <Delay = 0.00>
ST_2 : Operation 213 [1/1] (0.00ns)   --->   "%zext_ln11_89 = zext i1 %tmp_47" [bnn.cpp:11->bnn.cpp:61->bnn.cpp:142]   --->   Operation 213 'zext' 'zext_ln11_89' <Predicate = true> <Delay = 0.00>
ST_2 : Operation 214 [1/1] (0.00ns)   --->   "%tmp_48 = bitselect i1 @_ssdm_op_BitSelect.i1.i16.i32, i16 %xnor_3, i32 4" [bnn.cpp:11->bnn.cpp:61->bnn.cpp:142]   --->   Operation 214 'bitselect' 'tmp_48' <Predicate = true> <Delay = 0.00>
ST_2 : Operation 215 [1/1] (0.00ns)   --->   "%zext_ln11_90 = zext i1 %tmp_48" [bnn.cpp:11->bnn.cpp:61->bnn.cpp:142]   --->   Operation 215 'zext' 'zext_ln11_90' <Predicate = true> <Delay = 0.00>
ST_2 : Operation 216 [1/1] (0.00ns)   --->   "%tmp_49 = bitselect i1 @_ssdm_op_BitSelect.i1.i16.i32, i16 %xnor_3, i32 5" [bnn.cpp:11->bnn.cpp:61->bnn.cpp:142]   --->   Operation 216 'bitselect' 'tmp_49' <Predicate = true> <Delay = 0.00>
ST_2 : Operation 217 [1/1] (0.00ns)   --->   "%zext_ln11_91 = zext i1 %tmp_49" [bnn.cpp:11->bnn.cpp:61->bnn.cpp:142]   --->   Operation 217 'zext' 'zext_ln11_91' <Predicate = true> <Delay = 0.00>
ST_2 : Operation 218 [1/1] (0.00ns)   --->   "%tmp_50 = bitselect i1 @_ssdm_op_BitSelect.i1.i16.i32, i16 %xnor_3, i32 6" [bnn.cpp:11->bnn.cpp:61->bnn.cpp:142]   --->   Operation 218 'bitselect' 'tmp_50' <Predicate = true> <Delay = 0.00>
ST_2 : Operation 219 [1/1] (0.00ns)   --->   "%zext_ln11_92 = zext i1 %tmp_50" [bnn.cpp:11->bnn.cpp:61->bnn.cpp:142]   --->   Operation 219 'zext' 'zext_ln11_92' <Predicate = true> <Delay = 0.00>
ST_2 : Operation 220 [1/1] (0.00ns)   --->   "%tmp_51 = bitselect i1 @_ssdm_op_BitSelect.i1.i16.i32, i16 %xnor_3, i32 7" [bnn.cpp:11->bnn.cpp:61->bnn.cpp:142]   --->   Operation 220 'bitselect' 'tmp_51' <Predicate = true> <Delay = 0.00>
ST_2 : Operation 221 [1/1] (0.00ns)   --->   "%zext_ln11_93 = zext i1 %tmp_51" [bnn.cpp:11->bnn.cpp:61->bnn.cpp:142]   --->   Operation 221 'zext' 'zext_ln11_93' <Predicate = true> <Delay = 0.00>
ST_2 : Operation 222 [1/1] (0.00ns)   --->   "%tmp_52 = bitselect i1 @_ssdm_op_BitSelect.i1.i16.i32, i16 %xnor_3, i32 8" [bnn.cpp:11->bnn.cpp:61->bnn.cpp:142]   --->   Operation 222 'bitselect' 'tmp_52' <Predicate = true> <Delay = 0.00>
ST_2 : Operation 223 [1/1] (0.00ns)   --->   "%zext_ln11_94 = zext i1 %tmp_52" [bnn.cpp:11->bnn.cpp:61->bnn.cpp:142]   --->   Operation 223 'zext' 'zext_ln11_94' <Predicate = true> <Delay = 0.00>
ST_2 : Operation 224 [1/1] (0.00ns)   --->   "%tmp_53 = bitselect i1 @_ssdm_op_BitSelect.i1.i16.i32, i16 %xnor_3, i32 9" [bnn.cpp:11->bnn.cpp:61->bnn.cpp:142]   --->   Operation 224 'bitselect' 'tmp_53' <Predicate = true> <Delay = 0.00>
ST_2 : Operation 225 [1/1] (0.00ns)   --->   "%zext_ln11_95 = zext i1 %tmp_53" [bnn.cpp:11->bnn.cpp:61->bnn.cpp:142]   --->   Operation 225 'zext' 'zext_ln11_95' <Predicate = true> <Delay = 0.00>
ST_2 : Operation 226 [1/1] (0.00ns)   --->   "%tmp_54 = bitselect i1 @_ssdm_op_BitSelect.i1.i16.i32, i16 %xnor_3, i32 10" [bnn.cpp:11->bnn.cpp:61->bnn.cpp:142]   --->   Operation 226 'bitselect' 'tmp_54' <Predicate = true> <Delay = 0.00>
ST_2 : Operation 227 [1/1] (0.00ns)   --->   "%zext_ln11_96 = zext i1 %tmp_54" [bnn.cpp:11->bnn.cpp:61->bnn.cpp:142]   --->   Operation 227 'zext' 'zext_ln11_96' <Predicate = true> <Delay = 0.00>
ST_2 : Operation 228 [1/1] (0.00ns)   --->   "%tmp_55 = bitselect i1 @_ssdm_op_BitSelect.i1.i16.i32, i16 %xnor_3, i32 11" [bnn.cpp:11->bnn.cpp:61->bnn.cpp:142]   --->   Operation 228 'bitselect' 'tmp_55' <Predicate = true> <Delay = 0.00>
ST_2 : Operation 229 [1/1] (0.00ns)   --->   "%zext_ln11_97 = zext i1 %tmp_55" [bnn.cpp:11->bnn.cpp:61->bnn.cpp:142]   --->   Operation 229 'zext' 'zext_ln11_97' <Predicate = true> <Delay = 0.00>
ST_2 : Operation 230 [1/1] (0.00ns)   --->   "%tmp_56 = bitselect i1 @_ssdm_op_BitSelect.i1.i16.i32, i16 %xnor_3, i32 12" [bnn.cpp:11->bnn.cpp:61->bnn.cpp:142]   --->   Operation 230 'bitselect' 'tmp_56' <Predicate = true> <Delay = 0.00>
ST_2 : Operation 231 [1/1] (0.00ns)   --->   "%zext_ln11_98 = zext i1 %tmp_56" [bnn.cpp:11->bnn.cpp:61->bnn.cpp:142]   --->   Operation 231 'zext' 'zext_ln11_98' <Predicate = true> <Delay = 0.00>
ST_2 : Operation 232 [1/1] (0.00ns)   --->   "%tmp_57 = bitselect i1 @_ssdm_op_BitSelect.i1.i16.i32, i16 %xnor_3, i32 13" [bnn.cpp:11->bnn.cpp:61->bnn.cpp:142]   --->   Operation 232 'bitselect' 'tmp_57' <Predicate = true> <Delay = 0.00>
ST_2 : Operation 233 [1/1] (0.00ns)   --->   "%zext_ln11_99 = zext i1 %tmp_57" [bnn.cpp:11->bnn.cpp:61->bnn.cpp:142]   --->   Operation 233 'zext' 'zext_ln11_99' <Predicate = true> <Delay = 0.00>
ST_2 : Operation 234 [1/1] (0.00ns)   --->   "%tmp_58 = bitselect i1 @_ssdm_op_BitSelect.i1.i16.i32, i16 %xnor_3, i32 14" [bnn.cpp:11->bnn.cpp:61->bnn.cpp:142]   --->   Operation 234 'bitselect' 'tmp_58' <Predicate = true> <Delay = 0.00>
ST_2 : Operation 235 [1/1] (0.00ns)   --->   "%zext_ln11_100 = zext i1 %tmp_58" [bnn.cpp:11->bnn.cpp:61->bnn.cpp:142]   --->   Operation 235 'zext' 'zext_ln11_100' <Predicate = true> <Delay = 0.00>
ST_2 : Operation 236 [1/1] (0.00ns)   --->   "%tmp_59 = bitselect i1 @_ssdm_op_BitSelect.i1.i16.i32, i16 %xnor_3, i32 15" [bnn.cpp:11->bnn.cpp:61->bnn.cpp:142]   --->   Operation 236 'bitselect' 'tmp_59' <Predicate = true> <Delay = 0.00>
ST_2 : Operation 237 [1/1] (0.00ns)   --->   "%zext_ln11_101 = zext i1 %tmp_59" [bnn.cpp:11->bnn.cpp:61->bnn.cpp:142]   --->   Operation 237 'zext' 'zext_ln11_101' <Predicate = true> <Delay = 0.00>
ST_2 : Operation 238 [1/1] (1.56ns)   --->   "%add_ln11_45 = add i2 %zext_ln11_87, i2 %zext_ln8_3" [bnn.cpp:11->bnn.cpp:61->bnn.cpp:142]   --->   Operation 238 'add' 'add_ln11_45' <Predicate = true> <Delay = 1.56> <CoreInst = "Adder">   --->   Core 1 'Adder' <Latency = 0> <II = 1> <Delay = 1.56> <FuncUnit> <Opcode : 'add' 'sub'> <InPorts = 2> <OutPorts = 1>
ST_2 : Operation 239 [1/1] (0.00ns)   --->   "%zext_ln11_102 = zext i2 %add_ln11_45" [bnn.cpp:11->bnn.cpp:61->bnn.cpp:142]   --->   Operation 239 'zext' 'zext_ln11_102' <Predicate = true> <Delay = 0.00>
ST_2 : Operation 240 [1/1] (1.56ns)   --->   "%add_ln11_46 = add i2 %zext_ln11_88, i2 %zext_ln11_89" [bnn.cpp:11->bnn.cpp:61->bnn.cpp:142]   --->   Operation 240 'add' 'add_ln11_46' <Predicate = true> <Delay = 1.56> <CoreInst = "Adder">   --->   Core 1 'Adder' <Latency = 0> <II = 1> <Delay = 1.56> <FuncUnit> <Opcode : 'add' 'sub'> <InPorts = 2> <OutPorts = 1>
ST_2 : Operation 241 [1/1] (0.00ns)   --->   "%zext_ln11_103 = zext i2 %add_ln11_46" [bnn.cpp:11->bnn.cpp:61->bnn.cpp:142]   --->   Operation 241 'zext' 'zext_ln11_103' <Predicate = true> <Delay = 0.00>
ST_2 : Operation 242 [1/1] (1.56ns)   --->   "%add_ln11_47 = add i3 %zext_ln11_103, i3 %zext_ln11_102" [bnn.cpp:11->bnn.cpp:61->bnn.cpp:142]   --->   Operation 242 'add' 'add_ln11_47' <Predicate = true> <Delay = 1.56> <CoreInst = "Adder">   --->   Core 1 'Adder' <Latency = 0> <II = 1> <Delay = 1.56> <FuncUnit> <Opcode : 'add' 'sub'> <InPorts = 2> <OutPorts = 1>
ST_2 : Operation 243 [1/1] (1.56ns)   --->   "%add_ln11_48 = add i2 %zext_ln11_90, i2 %zext_ln11_91" [bnn.cpp:11->bnn.cpp:61->bnn.cpp:142]   --->   Operation 243 'add' 'add_ln11_48' <Predicate = true> <Delay = 1.56> <CoreInst = "Adder">   --->   Core 1 'Adder' <Latency = 0> <II = 1> <Delay = 1.56> <FuncUnit> <Opcode : 'add' 'sub'> <InPorts = 2> <OutPorts = 1>
ST_2 : Operation 244 [1/1] (0.00ns)   --->   "%zext_ln11_105 = zext i2 %add_ln11_48" [bnn.cpp:11->bnn.cpp:61->bnn.cpp:142]   --->   Operation 244 'zext' 'zext_ln11_105' <Predicate = true> <Delay = 0.00>
ST_2 : Operation 245 [1/1] (1.56ns)   --->   "%add_ln11_49 = add i2 %zext_ln11_92, i2 %zext_ln11_93" [bnn.cpp:11->bnn.cpp:61->bnn.cpp:142]   --->   Operation 245 'add' 'add_ln11_49' <Predicate = true> <Delay = 1.56> <CoreInst = "Adder">   --->   Core 1 'Adder' <Latency = 0> <II = 1> <Delay = 1.56> <FuncUnit> <Opcode : 'add' 'sub'> <InPorts = 2> <OutPorts = 1>
ST_2 : Operation 246 [1/1] (0.00ns)   --->   "%zext_ln11_106 = zext i2 %add_ln11_49" [bnn.cpp:11->bnn.cpp:61->bnn.cpp:142]   --->   Operation 246 'zext' 'zext_ln11_106' <Predicate = true> <Delay = 0.00>
ST_2 : Operation 247 [1/1] (1.56ns)   --->   "%add_ln11_50 = add i3 %zext_ln11_106, i3 %zext_ln11_105" [bnn.cpp:11->bnn.cpp:61->bnn.cpp:142]   --->   Operation 247 'add' 'add_ln11_50' <Predicate = true> <Delay = 1.56> <CoreInst = "Adder">   --->   Core 1 'Adder' <Latency = 0> <II = 1> <Delay = 1.56> <FuncUnit> <Opcode : 'add' 'sub'> <InPorts = 2> <OutPorts = 1>
ST_2 : Operation 248 [1/1] (1.56ns)   --->   "%add_ln11_52 = add i2 %zext_ln11_94, i2 %zext_ln11_95" [bnn.cpp:11->bnn.cpp:61->bnn.cpp:142]   --->   Operation 248 'add' 'add_ln11_52' <Predicate = true> <Delay = 1.56> <CoreInst = "Adder">   --->   Core 1 'Adder' <Latency = 0> <II = 1> <Delay = 1.56> <FuncUnit> <Opcode : 'add' 'sub'> <InPorts = 2> <OutPorts = 1>
ST_2 : Operation 249 [1/1] (0.00ns)   --->   "%zext_ln11_109 = zext i2 %add_ln11_52" [bnn.cpp:11->bnn.cpp:61->bnn.cpp:142]   --->   Operation 249 'zext' 'zext_ln11_109' <Predicate = true> <Delay = 0.00>
ST_2 : Operation 250 [1/1] (1.56ns)   --->   "%add_ln11_53 = add i2 %zext_ln11_96, i2 %zext_ln11_97" [bnn.cpp:11->bnn.cpp:61->bnn.cpp:142]   --->   Operation 250 'add' 'add_ln11_53' <Predicate = true> <Delay = 1.56> <CoreInst = "Adder">   --->   Core 1 'Adder' <Latency = 0> <II = 1> <Delay = 1.56> <FuncUnit> <Opcode : 'add' 'sub'> <InPorts = 2> <OutPorts = 1>
ST_2 : Operation 251 [1/1] (0.00ns)   --->   "%zext_ln11_110 = zext i2 %add_ln11_53" [bnn.cpp:11->bnn.cpp:61->bnn.cpp:142]   --->   Operation 251 'zext' 'zext_ln11_110' <Predicate = true> <Delay = 0.00>
ST_2 : Operation 252 [1/1] (1.56ns)   --->   "%add_ln11_54 = add i3 %zext_ln11_110, i3 %zext_ln11_109" [bnn.cpp:11->bnn.cpp:61->bnn.cpp:142]   --->   Operation 252 'add' 'add_ln11_54' <Predicate = true> <Delay = 1.56> <CoreInst = "Adder">   --->   Core 1 'Adder' <Latency = 0> <II = 1> <Delay = 1.56> <FuncUnit> <Opcode : 'add' 'sub'> <InPorts = 2> <OutPorts = 1>
ST_2 : Operation 253 [1/1] (1.56ns)   --->   "%add_ln11_55 = add i2 %zext_ln11_98, i2 %zext_ln11_99" [bnn.cpp:11->bnn.cpp:61->bnn.cpp:142]   --->   Operation 253 'add' 'add_ln11_55' <Predicate = true> <Delay = 1.56> <CoreInst = "Adder">   --->   Core 1 'Adder' <Latency = 0> <II = 1> <Delay = 1.56> <FuncUnit> <Opcode : 'add' 'sub'> <InPorts = 2> <OutPorts = 1>
ST_2 : Operation 254 [1/1] (0.00ns)   --->   "%zext_ln11_112 = zext i2 %add_ln11_55" [bnn.cpp:11->bnn.cpp:61->bnn.cpp:142]   --->   Operation 254 'zext' 'zext_ln11_112' <Predicate = true> <Delay = 0.00>
ST_2 : Operation 255 [1/1] (1.56ns)   --->   "%add_ln11_56 = add i2 %zext_ln11_100, i2 %zext_ln11_101" [bnn.cpp:11->bnn.cpp:61->bnn.cpp:142]   --->   Operation 255 'add' 'add_ln11_56' <Predicate = true> <Delay = 1.56> <CoreInst = "Adder">   --->   Core 1 'Adder' <Latency = 0> <II = 1> <Delay = 1.56> <FuncUnit> <Opcode : 'add' 'sub'> <InPorts = 2> <OutPorts = 1>
ST_2 : Operation 256 [1/1] (0.00ns)   --->   "%zext_ln11_113 = zext i2 %add_ln11_56" [bnn.cpp:11->bnn.cpp:61->bnn.cpp:142]   --->   Operation 256 'zext' 'zext_ln11_113' <Predicate = true> <Delay = 0.00>
ST_2 : Operation 257 [1/1] (1.56ns)   --->   "%add_ln11_57 = add i3 %zext_ln11_113, i3 %zext_ln11_112" [bnn.cpp:11->bnn.cpp:61->bnn.cpp:142]   --->   Operation 257 'add' 'add_ln11_57' <Predicate = true> <Delay = 1.56> <CoreInst = "Adder">   --->   Core 1 'Adder' <Latency = 0> <II = 1> <Delay = 1.56> <FuncUnit> <Opcode : 'add' 'sub'> <InPorts = 2> <OutPorts = 1>

State 3 <SV = 2> <Delay = 6.99>
ST_3 : Operation 258 [1/1] (0.00ns)   --->   "%zext_ln11_17 = zext i3 %add_ln11_2" [bnn.cpp:11->bnn.cpp:61->bnn.cpp:142]   --->   Operation 258 'zext' 'zext_ln11_17' <Predicate = true> <Delay = 0.00>
ST_3 : Operation 259 [1/1] (0.00ns)   --->   "%zext_ln11_20 = zext i3 %add_ln11_5" [bnn.cpp:11->bnn.cpp:61->bnn.cpp:142]   --->   Operation 259 'zext' 'zext_ln11_20' <Predicate = true> <Delay = 0.00>
ST_3 : Operation 260 [1/1] (1.65ns)   --->   "%add_ln11_6 = add i4 %zext_ln11_20, i4 %zext_ln11_17" [bnn.cpp:11->bnn.cpp:61->bnn.cpp:142]   --->   Operation 260 'add' 'add_ln11_6' <Predicate = true> <Delay = 1.65> <CoreInst = "Adder">   --->   Core 1 'Adder' <Latency = 0> <II = 1> <Delay = 1.65> <FuncUnit> <Opcode : 'add' 'sub'> <InPorts = 2> <OutPorts = 1>
ST_3 : Operation 261 [1/1] (0.00ns)   --->   "%zext_ln11_21 = zext i4 %add_ln11_6" [bnn.cpp:11->bnn.cpp:61->bnn.cpp:142]   --->   Operation 261 'zext' 'zext_ln11_21' <Predicate = true> <Delay = 0.00>
ST_3 : Operation 262 [1/1] (0.00ns)   --->   "%zext_ln11_24 = zext i3 %add_ln11_9" [bnn.cpp:11->bnn.cpp:61->bnn.cpp:142]   --->   Operation 262 'zext' 'zext_ln11_24' <Predicate = true> <Delay = 0.00>
ST_3 : Operation 263 [1/1] (0.00ns)   --->   "%zext_ln11_27 = zext i3 %add_ln11_12" [bnn.cpp:11->bnn.cpp:61->bnn.cpp:142]   --->   Operation 263 'zext' 'zext_ln11_27' <Predicate = true> <Delay = 0.00>
ST_3 : Operation 264 [1/1] (1.65ns)   --->   "%add_ln11_13 = add i4 %zext_ln11_27, i4 %zext_ln11_24" [bnn.cpp:11->bnn.cpp:61->bnn.cpp:142]   --->   Operation 264 'add' 'add_ln11_13' <Predicate = true> <Delay = 1.65> <CoreInst = "Adder">   --->   Core 1 'Adder' <Latency = 0> <II = 1> <Delay = 1.65> <FuncUnit> <Opcode : 'add' 'sub'> <InPorts = 2> <OutPorts = 1>
ST_3 : Operation 265 [1/1] (0.00ns)   --->   "%zext_ln11_28 = zext i4 %add_ln11_13" [bnn.cpp:11->bnn.cpp:61->bnn.cpp:142]   --->   Operation 265 'zext' 'zext_ln11_28' <Predicate = true> <Delay = 0.00>
ST_3 : Operation 266 [1/1] (1.73ns)   --->   "%cnt_1 = add i5 %zext_ln11_28, i5 %zext_ln11_21" [bnn.cpp:11->bnn.cpp:61->bnn.cpp:142]   --->   Operation 266 'add' 'cnt_1' <Predicate = true> <Delay = 1.73> <CoreInst = "Adder">   --->   Core 1 'Adder' <Latency = 0> <II = 1> <Delay = 1.73> <FuncUnit> <Opcode : 'add' 'sub'> <InPorts = 2> <OutPorts = 1>
ST_3 : Operation 267 [1/1] (0.00ns)   --->   "%zext_ln11_46 = zext i3 %add_ln11_17" [bnn.cpp:11->bnn.cpp:61->bnn.cpp:142]   --->   Operation 267 'zext' 'zext_ln11_46' <Predicate = true> <Delay = 0.00>
ST_3 : Operation 268 [1/1] (0.00ns)   --->   "%zext_ln11_49 = zext i3 %add_ln11_20" [bnn.cpp:11->bnn.cpp:61->bnn.cpp:142]   --->   Operation 268 'zext' 'zext_ln11_49' <Predicate = true> <Delay = 0.00>
ST_3 : Operation 269 [1/1] (1.65ns)   --->   "%add_ln11_21 = add i4 %zext_ln11_49, i4 %zext_ln11_46" [bnn.cpp:11->bnn.cpp:61->bnn.cpp:142]   --->   Operation 269 'add' 'add_ln11_21' <Predicate = true> <Delay = 1.65> <CoreInst = "Adder">   --->   Core 1 'Adder' <Latency = 0> <II = 1> <Delay = 1.65> <FuncUnit> <Opcode : 'add' 'sub'> <InPorts = 2> <OutPorts = 1>
ST_3 : Operation 270 [1/1] (0.00ns)   --->   "%zext_ln11_50 = zext i4 %add_ln11_21" [bnn.cpp:11->bnn.cpp:61->bnn.cpp:142]   --->   Operation 270 'zext' 'zext_ln11_50' <Predicate = true> <Delay = 0.00>
ST_3 : Operation 271 [1/1] (0.00ns)   --->   "%zext_ln11_53 = zext i3 %add_ln11_24" [bnn.cpp:11->bnn.cpp:61->bnn.cpp:142]   --->   Operation 271 'zext' 'zext_ln11_53' <Predicate = true> <Delay = 0.00>
ST_3 : Operation 272 [1/1] (0.00ns)   --->   "%zext_ln11_56 = zext i3 %add_ln11_27" [bnn.cpp:11->bnn.cpp:61->bnn.cpp:142]   --->   Operation 272 'zext' 'zext_ln11_56' <Predicate = true> <Delay = 0.00>
ST_3 : Operation 273 [1/1] (1.65ns)   --->   "%add_ln11_28 = add i4 %zext_ln11_56, i4 %zext_ln11_53" [bnn.cpp:11->bnn.cpp:61->bnn.cpp:142]   --->   Operation 273 'add' 'add_ln11_28' <Predicate = true> <Delay = 1.65> <CoreInst = "Adder">   --->   Core 1 'Adder' <Latency = 0> <II = 1> <Delay = 1.65> <FuncUnit> <Opcode : 'add' 'sub'> <InPorts = 2> <OutPorts = 1>
ST_3 : Operation 274 [1/1] (0.00ns)   --->   "%zext_ln11_57 = zext i4 %add_ln11_28" [bnn.cpp:11->bnn.cpp:61->bnn.cpp:142]   --->   Operation 274 'zext' 'zext_ln11_57' <Predicate = true> <Delay = 0.00>
ST_3 : Operation 275 [1/1] (1.73ns)   --->   "%cnt_3 = add i5 %zext_ln11_57, i5 %zext_ln11_50" [bnn.cpp:11->bnn.cpp:61->bnn.cpp:142]   --->   Operation 275 'add' 'cnt_3' <Predicate = true> <Delay = 1.73> <CoreInst = "Adder">   --->   Core 1 'Adder' <Latency = 0> <II = 1> <Delay = 1.73> <FuncUnit> <Opcode : 'add' 'sub'> <InPorts = 2> <OutPorts = 1>
ST_3 : Operation 276 [1/1] (0.00ns)   --->   "%zext_ln11_75 = zext i3 %add_ln11_32" [bnn.cpp:11->bnn.cpp:61->bnn.cpp:142]   --->   Operation 276 'zext' 'zext_ln11_75' <Predicate = true> <Delay = 0.00>
ST_3 : Operation 277 [1/1] (0.00ns)   --->   "%zext_ln11_78 = zext i3 %add_ln11_35" [bnn.cpp:11->bnn.cpp:61->bnn.cpp:142]   --->   Operation 277 'zext' 'zext_ln11_78' <Predicate = true> <Delay = 0.00>
ST_3 : Operation 278 [1/1] (1.65ns)   --->   "%add_ln11_36 = add i4 %zext_ln11_78, i4 %zext_ln11_75" [bnn.cpp:11->bnn.cpp:61->bnn.cpp:142]   --->   Operation 278 'add' 'add_ln11_36' <Predicate = true> <Delay = 1.65> <CoreInst = "Adder">   --->   Core 1 'Adder' <Latency = 0> <II = 1> <Delay = 1.65> <FuncUnit> <Opcode : 'add' 'sub'> <InPorts = 2> <OutPorts = 1>
ST_3 : Operation 279 [1/1] (0.00ns)   --->   "%zext_ln11_79 = zext i4 %add_ln11_36" [bnn.cpp:11->bnn.cpp:61->bnn.cpp:142]   --->   Operation 279 'zext' 'zext_ln11_79' <Predicate = true> <Delay = 0.00>
ST_3 : Operation 280 [1/1] (0.00ns)   --->   "%zext_ln11_82 = zext i3 %add_ln11_39" [bnn.cpp:11->bnn.cpp:61->bnn.cpp:142]   --->   Operation 280 'zext' 'zext_ln11_82' <Predicate = true> <Delay = 0.00>
ST_3 : Operation 281 [1/1] (0.00ns)   --->   "%zext_ln11_85 = zext i3 %add_ln11_42" [bnn.cpp:11->bnn.cpp:61->bnn.cpp:142]   --->   Operation 281 'zext' 'zext_ln11_85' <Predicate = true> <Delay = 0.00>
ST_3 : Operation 282 [1/1] (1.65ns)   --->   "%add_ln11_43 = add i4 %zext_ln11_85, i4 %zext_ln11_82" [bnn.cpp:11->bnn.cpp:61->bnn.cpp:142]   --->   Operation 282 'add' 'add_ln11_43' <Predicate = true> <Delay = 1.65> <CoreInst = "Adder">   --->   Core 1 'Adder' <Latency = 0> <II = 1> <Delay = 1.65> <FuncUnit> <Opcode : 'add' 'sub'> <InPorts = 2> <OutPorts = 1>
ST_3 : Operation 283 [1/1] (0.00ns)   --->   "%zext_ln11_86 = zext i4 %add_ln11_43" [bnn.cpp:11->bnn.cpp:61->bnn.cpp:142]   --->   Operation 283 'zext' 'zext_ln11_86' <Predicate = true> <Delay = 0.00>
ST_3 : Operation 284 [1/1] (1.73ns)   --->   "%cnt_5 = add i5 %zext_ln11_86, i5 %zext_ln11_79" [bnn.cpp:11->bnn.cpp:61->bnn.cpp:142]   --->   Operation 284 'add' 'cnt_5' <Predicate = true> <Delay = 1.73> <CoreInst = "Adder">   --->   Core 1 'Adder' <Latency = 0> <II = 1> <Delay = 1.73> <FuncUnit> <Opcode : 'add' 'sub'> <InPorts = 2> <OutPorts = 1>
ST_3 : Operation 285 [1/1] (0.00ns)   --->   "%zext_ln11_104 = zext i3 %add_ln11_47" [bnn.cpp:11->bnn.cpp:61->bnn.cpp:142]   --->   Operation 285 'zext' 'zext_ln11_104' <Predicate = true> <Delay = 0.00>
ST_3 : Operation 286 [1/1] (0.00ns)   --->   "%zext_ln11_107 = zext i3 %add_ln11_50" [bnn.cpp:11->bnn.cpp:61->bnn.cpp:142]   --->   Operation 286 'zext' 'zext_ln11_107' <Predicate = true> <Delay = 0.00>
ST_3 : Operation 287 [1/1] (1.65ns)   --->   "%add_ln11_51 = add i4 %zext_ln11_107, i4 %zext_ln11_104" [bnn.cpp:11->bnn.cpp:61->bnn.cpp:142]   --->   Operation 287 'add' 'add_ln11_51' <Predicate = true> <Delay = 1.65> <CoreInst = "Adder">   --->   Core 1 'Adder' <Latency = 0> <II = 1> <Delay = 1.65> <FuncUnit> <Opcode : 'add' 'sub'> <InPorts = 2> <OutPorts = 1>
ST_3 : Operation 288 [1/1] (0.00ns)   --->   "%zext_ln11_108 = zext i4 %add_ln11_51" [bnn.cpp:11->bnn.cpp:61->bnn.cpp:142]   --->   Operation 288 'zext' 'zext_ln11_108' <Predicate = true> <Delay = 0.00>
ST_3 : Operation 289 [1/1] (0.00ns)   --->   "%zext_ln11_111 = zext i3 %add_ln11_54" [bnn.cpp:11->bnn.cpp:61->bnn.cpp:142]   --->   Operation 289 'zext' 'zext_ln11_111' <Predicate = true> <Delay = 0.00>
ST_3 : Operation 290 [1/1] (0.00ns)   --->   "%zext_ln11_114 = zext i3 %add_ln11_57" [bnn.cpp:11->bnn.cpp:61->bnn.cpp:142]   --->   Operation 290 'zext' 'zext_ln11_114' <Predicate = true> <Delay = 0.00>
ST_3 : Operation 291 [1/1] (1.65ns)   --->   "%add_ln11_58 = add i4 %zext_ln11_114, i4 %zext_ln11_111" [bnn.cpp:11->bnn.cpp:61->bnn.cpp:142]   --->   Operation 291 'add' 'add_ln11_58' <Predicate = true> <Delay = 1.65> <CoreInst = "Adder">   --->   Core 1 'Adder' <Latency = 0> <II = 1> <Delay = 1.65> <FuncUnit> <Opcode : 'add' 'sub'> <InPorts = 2> <OutPorts = 1>
ST_3 : Operation 292 [1/1] (0.00ns)   --->   "%zext_ln11_115 = zext i4 %add_ln11_58" [bnn.cpp:11->bnn.cpp:61->bnn.cpp:142]   --->   Operation 292 'zext' 'zext_ln11_115' <Predicate = true> <Delay = 0.00>
ST_3 : Operation 293 [1/1] (1.73ns)   --->   "%cnt_7 = add i5 %zext_ln11_115, i5 %zext_ln11_108" [bnn.cpp:11->bnn.cpp:61->bnn.cpp:142]   --->   Operation 293 'add' 'cnt_7' <Predicate = true> <Delay = 1.73> <CoreInst = "Adder">   --->   Core 1 'Adder' <Latency = 0> <II = 1> <Delay = 1.73> <FuncUnit> <Opcode : 'add' 'sub'> <InPorts = 2> <OutPorts = 1>
ST_3 : Operation 294 [1/1] (0.00ns)   --->   "%zext_ln61 = zext i5 %cnt_1" [bnn.cpp:61->bnn.cpp:142]   --->   Operation 294 'zext' 'zext_ln61' <Predicate = true> <Delay = 0.00>
ST_3 : Operation 295 [1/1] (0.00ns)   --->   "%zext_ln61_1 = zext i5 %cnt_3" [bnn.cpp:61->bnn.cpp:142]   --->   Operation 295 'zext' 'zext_ln61_1' <Predicate = true> <Delay = 0.00>
ST_3 : Operation 296 [1/1] (0.00ns)   --->   "%zext_ln61_2 = zext i5 %cnt_5" [bnn.cpp:61->bnn.cpp:142]   --->   Operation 296 'zext' 'zext_ln61_2' <Predicate = true> <Delay = 0.00>
ST_3 : Operation 297 [1/1] (0.00ns)   --->   "%zext_ln64 = zext i5 %cnt_7" [bnn.cpp:64->bnn.cpp:142]   --->   Operation 297 'zext' 'zext_ln64' <Predicate = true> <Delay = 0.00>
ST_3 : Operation 298 [1/1] (1.78ns)   --->   "%add_ln64 = add i6 %zext_ln61_1, i6 %zext_ln61" [bnn.cpp:64->bnn.cpp:142]   --->   Operation 298 'add' 'add_ln64' <Predicate = true> <Delay = 1.78> <CoreInst = "Adder">   --->   Core 1 'Adder' <Latency = 0> <II = 1> <Delay = 1.78> <FuncUnit> <Opcode : 'add' 'sub'> <InPorts = 2> <OutPorts = 1>
ST_3 : Operation 299 [1/1] (0.00ns)   --->   "%zext_ln64_1 = zext i6 %add_ln64" [bnn.cpp:64->bnn.cpp:142]   --->   Operation 299 'zext' 'zext_ln64_1' <Predicate = true> <Delay = 0.00>
ST_3 : Operation 300 [1/1] (1.78ns)   --->   "%add_ln64_1 = add i6 %zext_ln61_2, i6 %zext_ln64" [bnn.cpp:64->bnn.cpp:142]   --->   Operation 300 'add' 'add_ln64_1' <Predicate = true> <Delay = 1.78> <CoreInst = "Adder">   --->   Core 1 'Adder' <Latency = 0> <II = 1> <Delay = 1.78> <FuncUnit> <Opcode : 'add' 'sub'> <InPorts = 2> <OutPorts = 1>
ST_3 : Operation 301 [1/1] (0.00ns)   --->   "%zext_ln64_2 = zext i6 %add_ln64_1" [bnn.cpp:64->bnn.cpp:142]   --->   Operation 301 'zext' 'zext_ln64_2' <Predicate = true> <Delay = 0.00>
ST_3 : Operation 302 [1/1] (1.82ns)   --->   "%add_ln64_2 = add i7 %zext_ln64_2, i7 %zext_ln64_1" [bnn.cpp:64->bnn.cpp:142]   --->   Operation 302 'add' 'add_ln64_2' <Predicate = true> <Delay = 1.82> <CoreInst = "Adder">   --->   Core 1 'Adder' <Latency = 0> <II = 1> <Delay = 1.82> <FuncUnit> <Opcode : 'add' 'sub'> <InPorts = 2> <OutPorts = 1>

State 4 <SV = 3> <Delay = 4.23>
ST_4 : Operation 303 [1/1] (0.00ns)   --->   "%zext_ln139 = zext i4 %n_1" [bnn.cpp:139]   --->   Operation 303 'zext' 'zext_ln139' <Predicate = true> <Delay = 0.00>
ST_4 : Operation 304 [1/1] (0.00ns)   --->   "%shl_ln64_2 = bitconcatenate i8 @_ssdm_op_BitConcatenate.i8.i7.i1, i7 %add_ln64_2, i1 0" [bnn.cpp:64->bnn.cpp:142]   --->   Operation 304 'bitconcatenate' 'shl_ln64_2' <Predicate = true> <Delay = 0.00>
ST_4 : Operation 305 [1/1] (1.91ns)   --->   "%dot = add i8 %shl_ln64_2, i8 192" [bnn.cpp:64->bnn.cpp:142]   --->   Operation 305 'add' 'dot' <Predicate = true> <Delay = 1.91> <CoreInst = "Adder">   --->   Core 1 'Adder' <Latency = 0> <II = 1> <Delay = 1.91> <FuncUnit> <Opcode : 'add' 'sub'> <InPorts = 2> <OutPorts = 1>
ST_4 : Operation 306 [1/1] (0.00ns)   --->   "%sext_ln142 = sext i8 %dot" [bnn.cpp:142]   --->   Operation 306 'sext' 'sext_ln142' <Predicate = true> <Delay = 0.00>
ST_4 : Operation 307 [1/1] (0.00ns)   --->   "%ys_addr = getelementptr i32 %ys, i64 0, i64 %zext_ln139" [bnn.cpp:143]   --->   Operation 307 'getelementptr' 'ys_addr' <Predicate = true> <Delay = 0.00>
ST_4 : Operation 308 [2/2] (2.32ns)   --->   "%store_ln143 = store i32 %sext_ln142, i4 %ys_addr" [bnn.cpp:143]   --->   Operation 308 'store' 'store_ln143' <Predicate = true> <Delay = 2.32> <CoreInst = "RAM_1P">   --->   Core 85 'RAM_1P' <Latency = 1> <II = 1> <Delay = 2.32> <Storage> <Opcode : 'load' 'store'> <Ports = 1> <Width = 32> <Depth = 10> <RAM>
ST_4 : Operation 314 [1/1] (1.58ns)   --->   "%ret_ln0 = ret"   --->   Operation 314 'ret' 'ret_ln0' <Predicate = (icmp_ln139)> <Delay = 1.58>

State 5 <SV = 4> <Delay = 2.32>
ST_5 : Operation 309 [1/1] (0.00ns)   --->   "%specpipeline_ln140 = specpipeline void @_ssdm_op_SpecPipeline, i32 1, i32 0, i32 0, i32 0, void @empty_8" [bnn.cpp:140]   --->   Operation 309 'specpipeline' 'specpipeline_ln140' <Predicate = true> <Delay = 0.00>
ST_5 : Operation 310 [1/1] (0.00ns)   --->   "%speclooptripcount_ln139 = speclooptripcount void @_ssdm_op_SpecLoopTripCount, i64 10, i64 10, i64 10" [bnn.cpp:139]   --->   Operation 310 'speclooptripcount' 'speclooptripcount_ln139' <Predicate = true> <Delay = 0.00>
ST_5 : Operation 311 [1/1] (0.00ns)   --->   "%specloopname_ln139 = specloopname void @_ssdm_op_SpecLoopName, void @empty_1" [bnn.cpp:139]   --->   Operation 311 'specloopname' 'specloopname_ln139' <Predicate = true> <Delay = 0.00>
ST_5 : Operation 312 [1/2] ( I:2.32ns O:2.32ns )   --->   "%store_ln143 = store i32 %sext_ln142, i4 %ys_addr" [bnn.cpp:143]   --->   Operation 312 'store' 'store_ln143' <Predicate = true> <Delay = 2.32> <CoreInst = "RAM_1P">   --->   Core 85 'RAM_1P' <Latency = 1> <II = 1> <Delay = 2.32> <Storage> <Opcode : 'load' 'store'> <Ports = 1> <Width = 32> <Depth = 10> <RAM>
ST_5 : Operation 313 [1/1] (0.00ns)   --->   "%br_ln139 = br void %for.body33" [bnn.cpp:139]   --->   Operation 313 'br' 'br_ln139' <Predicate = true> <Delay = 0.00>


============================================================
+ Verbose Summary: Timing violations
============================================================
Target clock period: 10.000ns, clock uncertainty: 2.700ns.

 <State 1>: 4.911ns
The critical path consists of the following:
	'store' operation 0 bit ('store_ln139', bnn.cpp:139) of constant 0 on local variable 'n', bnn.cpp:139 [14]  (1.588 ns)
	'load' operation 4 bit ('n', bnn.cpp:139) on local variable 'n', bnn.cpp:139 [17]  (0.000 ns)
	'icmp' operation 1 bit ('icmp_ln139', bnn.cpp:139) [18]  (1.735 ns)
	'store' operation 0 bit ('store_ln139', bnn.cpp:139) of variable 'add_ln139', bnn.cpp:139 on local variable 'n', bnn.cpp:139 [308]  (1.588 ns)

 <State 2>: 6.442ns
The critical path consists of the following:
	'load' operation 16 bit ('w3_load', bnn.cpp:60->bnn.cpp:142) on array 'w3' [29]  (2.322 ns)
	'xor' operation 16 bit ('xnor', bnn.cpp:60->bnn.cpp:142) [31]  (0.990 ns)
	'add' operation 2 bit ('add_ln11_1', bnn.cpp:11->bnn.cpp:61->bnn.cpp:142) [66]  (1.565 ns)
	'add' operation 3 bit ('add_ln11_2', bnn.cpp:11->bnn.cpp:61->bnn.cpp:142) [68]  (1.565 ns)

 <State 3>: 6.990ns
The critical path consists of the following:
	'add' operation 4 bit ('add_ln11_6', bnn.cpp:11->bnn.cpp:61->bnn.cpp:142) [76]  (1.650 ns)
	'add' operation 5 bit ('cnt', bnn.cpp:11->bnn.cpp:61->bnn.cpp:142) [92]  (1.735 ns)
	'add' operation 6 bit ('add_ln64', bnn.cpp:64->bnn.cpp:142) [298]  (1.780 ns)
	'add' operation 7 bit ('add_ln64_2', bnn.cpp:64->bnn.cpp:142) [302]  (1.825 ns)

 <State 4>: 4.237ns
The critical path consists of the following:
	'add' operation 8 bit ('dot', bnn.cpp:64->bnn.cpp:142) [304]  (1.915 ns)
	'store' operation 0 bit ('store_ln143', bnn.cpp:143) of variable 'sext_ln142', bnn.cpp:142 on array 'ys' [307]  (2.322 ns)

 <State 5>: 2.322ns
The critical path consists of the following:
	'store' operation 0 bit ('store_ln143', bnn.cpp:143) of variable 'sext_ln142', bnn.cpp:142 on array 'ys' [307]  (2.322 ns)


============================================================
+ Verbose Summary: Binding
============================================================
N/A
* FSMD analyzer results:
  - Output states:
 - Input state : 
  - Chain level:
	State 1
	State 2
	State 3
	State 4
	State 5


============================================================
+ Verbose Summary: Datapath Resource usage 
============================================================
N/A
