

================================================================
== Vitis HLS Report for 'bnn_Pipeline_VITIS_LOOP_108_2_VITIS_LOOP_50_1'
================================================================
* Date:           Mon Dec  8 16:26:33 2025

* Version:        2024.2 (Build 5238294 on Nov  8 2024)
* Project:        bnn.comp
* Solution:       hls (Vivado IP Flow Target)
* Product family: zynq
* Target device:  xc7z020-clg400-1


================================================================
== Performance Estimates
================================================================
+ Timing: 
    * Summary: 
    +--------+----------+----------+------------+
    |  Clock |  Target  | Estimated| Uncertainty|
    +--------+----------+----------+------------+
    |ap_clk  |  10.00 ns|  6.888 ns|     2.70 ns|
    +--------+----------+----------+------------+

+ Latency: 
    * Summary: 
    +---------+---------+----------+----------+-----+-----+------------------------------------------------+
    |  Latency (cycles) |  Latency (absolute) |  Interval |                    Pipeline                    |
    |   min   |   max   |    min   |    max   | min | max |                      Type                      |
    +---------+---------+----------+----------+-----+-----+------------------------------------------------+
    |      518|      518|  5.180 us|  5.180 us|  513|  513|  loop auto-rewind stp (delay=0 clock cycles(s))|
    +---------+---------+----------+----------+-----+-----+------------------------------------------------+

    + Detail: 
        * Instance: 
        N/A

        * Loop: 
        +------------------------------------+---------+---------+----------+-----------+-----------+------+----------+
        |                                    |  Latency (cycles) | Iteration|  Initiation Interval  | Trip |          |
        |              Loop Name             |   min   |   max   |  Latency |  achieved |   target  | Count| Pipelined|
        +------------------------------------+---------+---------+----------+-----------+-----------+------+----------+
        |- VITIS_LOOP_108_2_VITIS_LOOP_50_1  |      516|      516|         6|          1|          1|   512|       yes|
        +------------------------------------+---------+---------+----------+-----------+-----------+------+----------+

============================================================
+ Verbose Summary: Synthesis Manager
============================================================
InlineROM: 1
ExposeGlobal: 0
============================================================
+ Verbose Summary: CDFG Model
============================================================
IsTopModel: 0
ResetActiveHigh: 1
IsCombinational: 0
IsDatapathOnly: 0
HasWiredReturn: 1
HasMFsm: 2
HasVarLatency: 1
IsPipeline: 0
IsRtlPipelined: 0
IsInstanceOverlapped: 0
IsDontTouch: 0
HasImplIP: 0
IsGatedGlobalClock: 0

+ Individual pipeline summary: 
  * Pipeline-0: initiation interval (II) = 1, depth = 6


============================================================
+ Verbose Summary: Schedule
============================================================
* Number of FSM states : 6
* Pipeline : 1
  Pipeline-0 : II = 1, D = 6, States = { 1 2 3 4 5 6 }
* Dataflow Pipeline: 0

* FSM state transitions: 
1 --> 2 
2 --> 3 
3 --> 4 
4 --> 5 
5 --> 6 
6 --> 

* FSM state operations: 

State 1 <SV = 0> <Delay = 4.90>
ST_1 : Operation 9 [1/1] (0.00ns)   --->   "%same = alloca i32 1" [bnn.cpp:48->bnn.cpp:112]   --->   Operation 9 'alloca' 'same' <Predicate = true> <Delay = 0.00>
ST_1 : Operation 10 [1/1] (0.00ns)   --->   "%w = alloca i32 1" [bnn.cpp:50->bnn.cpp:112]   --->   Operation 10 'alloca' 'w' <Predicate = true> <Delay = 0.00>
ST_1 : Operation 11 [1/1] (0.00ns)   --->   "%n_1 = alloca i32 1" [bnn.cpp:108]   --->   Operation 11 'alloca' 'n_1' <Predicate = true> <Delay = 0.00>
ST_1 : Operation 12 [1/1] (0.00ns)   --->   "%indvar_flatten6 = alloca i32 1"   --->   Operation 12 'alloca' 'indvar_flatten6' <Predicate = true> <Delay = 0.00>
ST_1 : Operation 13 [1/1] (1.58ns)   --->   "%store_ln0 = store i10 0, i10 %indvar_flatten6"   --->   Operation 13 'store' 'store_ln0' <Predicate = true> <Delay = 1.58>
ST_1 : Operation 14 [1/1] (1.58ns)   --->   "%store_ln108 = store i7 0, i7 %n_1" [bnn.cpp:108]   --->   Operation 14 'store' 'store_ln108' <Predicate = true> <Delay = 1.58>
ST_1 : Operation 15 [1/1] (1.58ns)   --->   "%store_ln50 = store i4 0, i4 %w" [bnn.cpp:50->bnn.cpp:112]   --->   Operation 15 'store' 'store_ln50' <Predicate = true> <Delay = 1.58>
ST_1 : Operation 16 [1/1] (1.58ns)   --->   "%store_ln48 = store i8 0, i8 %same" [bnn.cpp:48->bnn.cpp:112]   --->   Operation 16 'store' 'store_ln48' <Predicate = true> <Delay = 1.58>
ST_1 : Operation 17 [1/1] (0.00ns)   --->   "%br_ln0 = br void %for.inc.i28"   --->   Operation 17 'br' 'br_ln0' <Predicate = true> <Delay = 0.00>
ST_1 : Operation 18 [1/1] (0.00ns)   --->   "%indvar_flatten6_load = load i10 %indvar_flatten6" [bnn.cpp:108]   --->   Operation 18 'load' 'indvar_flatten6_load' <Predicate = true> <Delay = 0.00>
ST_1 : Operation 19 [1/1] (1.73ns)   --->   "%icmp_ln108 = icmp_eq  i10 %indvar_flatten6_load, i10 512" [bnn.cpp:108]   --->   Operation 19 'icmp' 'icmp_ln108' <Predicate = true> <Delay = 1.73> <CoreInst = "Cmp">   --->   Core 9 'Cmp' <Latency = 0> <II = 1> <Delay = 1.73> <FuncUnit> <Opcode : 'seteq' 'setne' 'setle' 'setge' 'setlt' 'setgt'> <InPorts = 2> <OutPorts = 1>
ST_1 : Operation 20 [1/1] (1.73ns)   --->   "%add_ln108 = add i10 %indvar_flatten6_load, i10 1" [bnn.cpp:108]   --->   Operation 20 'add' 'add_ln108' <Predicate = true> <Delay = 1.73> <CoreInst = "Adder">   --->   Core 1 'Adder' <Latency = 0> <II = 1> <Delay = 1.73> <FuncUnit> <Opcode : 'add' 'sub'> <InPorts = 2> <OutPorts = 1>
ST_1 : Operation 21 [1/1] (0.00ns)   --->   "%br_ln108 = br i1 %icmp_ln108, void %_ZL10binary_dotPKtS0_ii.exit43, void %VITIS_LOOP_27_2.i45.preheader.exitStub" [bnn.cpp:108]   --->   Operation 21 'br' 'br_ln108' <Predicate = true> <Delay = 0.00>
ST_1 : Operation 22 [1/1] (1.58ns)   --->   "%store_ln108 = store i10 %add_ln108, i10 %indvar_flatten6" [bnn.cpp:108]   --->   Operation 22 'store' 'store_ln108' <Predicate = (!icmp_ln108)> <Delay = 1.58>

State 2 <SV = 1> <Delay = 6.22>
ST_2 : Operation 23 [1/1] (0.00ns)   --->   "%w_load = load i4 %w" [bnn.cpp:50->bnn.cpp:112]   --->   Operation 23 'load' 'w_load' <Predicate = true> <Delay = 0.00>
ST_2 : Operation 24 [1/1] (0.00ns)   --->   "%n_1_load = load i7 %n_1" [bnn.cpp:108]   --->   Operation 24 'load' 'n_1_load' <Predicate = true> <Delay = 0.00>
ST_2 : Operation 25 [1/1] (1.73ns)   --->   "%icmp_ln50 = icmp_eq  i4 %w_load, i4 8" [bnn.cpp:50->bnn.cpp:112]   --->   Operation 25 'icmp' 'icmp_ln50' <Predicate = true> <Delay = 1.73> <CoreInst = "Cmp">   --->   Core 9 'Cmp' <Latency = 0> <II = 1> <Delay = 1.73> <FuncUnit> <Opcode : 'seteq' 'setne' 'setle' 'setge' 'setlt' 'setgt'> <InPorts = 2> <OutPorts = 1>
ST_2 : Operation 26 [1/1] (1.02ns)   --->   "%select_ln108 = select i1 %icmp_ln50, i4 0, i4 %w_load" [bnn.cpp:108]   --->   Operation 26 'select' 'select_ln108' <Predicate = true> <Delay = 1.02> <CoreInst = "Sel">   --->   Core 73 'Sel' <Latency = 0> <II = 1> <Delay = 1.02> <FuncUnit> <Opcode : 'select'> <InPorts = 3> <OutPorts = 1>
ST_2 : Operation 27 [1/1] (1.87ns)   --->   "%add_ln108_1 = add i7 %n_1_load, i7 1" [bnn.cpp:108]   --->   Operation 27 'add' 'add_ln108_1' <Predicate = true> <Delay = 1.87> <CoreInst = "Adder">   --->   Core 1 'Adder' <Latency = 0> <II = 1> <Delay = 1.87> <FuncUnit> <Opcode : 'add' 'sub'> <InPorts = 2> <OutPorts = 1>
ST_2 : Operation 28 [1/1] (0.99ns)   --->   "%select_ln108_2 = select i1 %icmp_ln50, i7 %add_ln108_1, i7 %n_1_load" [bnn.cpp:108]   --->   Operation 28 'select' 'select_ln108_2' <Predicate = true> <Delay = 0.99> <CoreInst = "Sel">   --->   Core 73 'Sel' <Latency = 0> <II = 1> <Delay = 0.99> <FuncUnit> <Opcode : 'select'> <InPorts = 3> <OutPorts = 1>
ST_2 : Operation 29 [1/1] (0.00ns)   --->   "%trunc_ln108 = trunc i7 %select_ln108_2" [bnn.cpp:108]   --->   Operation 29 'trunc' 'trunc_ln108' <Predicate = true> <Delay = 0.00>
ST_2 : Operation 30 [1/1] (0.00ns)   --->   "%trunc_ln110 = trunc i7 %select_ln108_2" [bnn.cpp:110]   --->   Operation 30 'trunc' 'trunc_ln110' <Predicate = true> <Delay = 0.00>
ST_2 : Operation 31 [1/1] (1.73ns)   --->   "%add_ln50 = add i4 %select_ln108, i4 1" [bnn.cpp:50->bnn.cpp:112]   --->   Operation 31 'add' 'add_ln50' <Predicate = true> <Delay = 1.73> <CoreInst = "Adder">   --->   Core 1 'Adder' <Latency = 0> <II = 1> <Delay = 1.73> <FuncUnit> <Opcode : 'add' 'sub'> <InPorts = 2> <OutPorts = 1>
ST_2 : Operation 32 [1/1] (1.73ns)   --->   "%icmp_ln50_2 = icmp_eq  i4 %add_ln50, i4 8" [bnn.cpp:50->bnn.cpp:112]   --->   Operation 32 'icmp' 'icmp_ln50_2' <Predicate = true> <Delay = 1.73> <CoreInst = "Cmp">   --->   Core 9 'Cmp' <Latency = 0> <II = 1> <Delay = 1.73> <FuncUnit> <Opcode : 'seteq' 'setne' 'setle' 'setge' 'setlt' 'setgt'> <InPorts = 2> <OutPorts = 1>
ST_2 : Operation 33 [1/1] (0.00ns)   --->   "%lshr_ln1 = partselect i3 @_ssdm_op_PartSelect.i3.i7.i32.i32, i7 %select_ln108_2, i32 3, i32 5" [bnn.cpp:108]   --->   Operation 33 'partselect' 'lshr_ln1' <Predicate = true> <Delay = 0.00>
ST_2 : Operation 34 [1/1] (0.00ns)   --->   "%br_ln50 = br i1 %icmp_ln50_2, void %new.latch.for.inc.i28.split, void %last.iter.for.inc.i28.split" [bnn.cpp:50->bnn.cpp:112]   --->   Operation 34 'br' 'br_ln50' <Predicate = true> <Delay = 0.00>
ST_2 : Operation 35 [1/1] (1.65ns)   --->   "%switch_ln115 = switch i3 %trunc_ln108, void %arrayidx19.case.7, i3 0, void %arrayidx19.case.0, i3 1, void %arrayidx19.case.1, i3 2, void %arrayidx19.case.2, i3 3, void %arrayidx19.case.3, i3 4, void %arrayidx19.case.4, i3 5, void %arrayidx19.case.5, i3 6, void %arrayidx19.case.6" [bnn.cpp:115]   --->   Operation 35 'switch' 'switch_ln115' <Predicate = (icmp_ln50_2)> <Delay = 1.65>
ST_2 : Operation 36 [1/1] (1.58ns)   --->   "%store_ln108 = store i7 %select_ln108_2, i7 %n_1" [bnn.cpp:108]   --->   Operation 36 'store' 'store_ln108' <Predicate = true> <Delay = 1.58>
ST_2 : Operation 37 [1/1] (1.58ns)   --->   "%store_ln50 = store i4 %add_ln50, i4 %w" [bnn.cpp:50->bnn.cpp:112]   --->   Operation 37 'store' 'store_ln50' <Predicate = true> <Delay = 1.58>

State 3 <SV = 2> <Delay = 5.07>
ST_3 : Operation 38 [1/1] (0.00ns)   --->   "%shl_ln2 = bitconcatenate i9 @_ssdm_op_BitConcatenate.i9.i6.i3, i6 %trunc_ln110, i3 0" [bnn.cpp:110]   --->   Operation 38 'bitconcatenate' 'shl_ln2' <Predicate = true> <Delay = 0.00>
ST_3 : Operation 39 [1/1] (0.00ns)   --->   "%zext_ln50 = zext i4 %select_ln108" [bnn.cpp:50->bnn.cpp:112]   --->   Operation 39 'zext' 'zext_ln50' <Predicate = true> <Delay = 0.00>
ST_3 : Operation 40 [1/1] (0.00ns)   --->   "%zext_ln50_3 = zext i4 %select_ln108" [bnn.cpp:50->bnn.cpp:112]   --->   Operation 40 'zext' 'zext_ln50_3' <Predicate = true> <Delay = 0.00>
ST_3 : Operation 41 [1/1] (0.00ns)   --->   "%l1_packed_addr = getelementptr i16 %l1_packed, i64 0, i64 %zext_ln50" [bnn.cpp:52->bnn.cpp:112]   --->   Operation 41 'getelementptr' 'l1_packed_addr' <Predicate = true> <Delay = 0.00>
ST_3 : Operation 42 [2/2] (2.32ns)   --->   "%a = load i3 %l1_packed_addr" [bnn.cpp:52->bnn.cpp:112]   --->   Operation 42 'load' 'a' <Predicate = true> <Delay = 2.32> <CoreInst = "RAM">   --->   Core 81 'RAM' <Latency = 1> <II = 1> <Delay = 2.32> <Storage> <Opcode : 'load' 'store'> <Ports = 2> <Width = 16> <Depth = 8> <RAM>
ST_3 : Operation 43 [1/1] (1.82ns)   --->   "%add_ln53 = add i9 %zext_ln50_3, i9 %shl_ln2" [bnn.cpp:53->bnn.cpp:112]   --->   Operation 43 'add' 'add_ln53' <Predicate = true> <Delay = 1.82> <CoreInst = "Adder">   --->   Core 1 'Adder' <Latency = 0> <II = 1> <Delay = 1.82> <FuncUnit> <Opcode : 'add' 'sub'> <InPorts = 2> <OutPorts = 1>
ST_3 : Operation 44 [1/1] (0.00ns)   --->   "%zext_ln53 = zext i9 %add_ln53" [bnn.cpp:53->bnn.cpp:112]   --->   Operation 44 'zext' 'zext_ln53' <Predicate = true> <Delay = 0.00>
ST_3 : Operation 45 [1/1] (0.00ns)   --->   "%w2_addr = getelementptr i16 %w2, i64 0, i64 %zext_ln53" [bnn.cpp:53->bnn.cpp:112]   --->   Operation 45 'getelementptr' 'w2_addr' <Predicate = true> <Delay = 0.00>
ST_3 : Operation 46 [2/2] (3.25ns)   --->   "%b = load i9 %w2_addr" [bnn.cpp:53->bnn.cpp:112]   --->   Operation 46 'load' 'b' <Predicate = true> <Delay = 3.25> <CoreInst = "ROM">   --->   Core 94 'ROM' <Latency = 1> <II = 1> <Delay = 3.25> <Storage> <Opcode : 'load'> <Ports = 0> <Width = 16> <Depth = 512> <ROM>

State 4 <SV = 3> <Delay = 6.38>
ST_4 : Operation 47 [1/2] ( I:2.32ns O:2.32ns )   --->   "%a = load i3 %l1_packed_addr" [bnn.cpp:52->bnn.cpp:112]   --->   Operation 47 'load' 'a' <Predicate = true> <Delay = 2.32> <CoreInst = "RAM">   --->   Core 81 'RAM' <Latency = 1> <II = 1> <Delay = 2.32> <Storage> <Opcode : 'load' 'store'> <Ports = 2> <Width = 16> <Depth = 8> <RAM>
ST_4 : Operation 48 [1/2] ( I:3.25ns O:3.25ns )   --->   "%b = load i9 %w2_addr" [bnn.cpp:53->bnn.cpp:112]   --->   Operation 48 'load' 'b' <Predicate = true> <Delay = 3.25> <CoreInst = "ROM">   --->   Core 94 'ROM' <Latency = 1> <II = 1> <Delay = 3.25> <Storage> <Opcode : 'load'> <Ports = 0> <Width = 16> <Depth = 512> <ROM>
ST_4 : Operation 49 [1/1] (0.00ns)   --->   "%trunc_ln55 = trunc i16 %b" [bnn.cpp:55->bnn.cpp:112]   --->   Operation 49 'trunc' 'trunc_ln55' <Predicate = true> <Delay = 0.00>
ST_4 : Operation 50 [1/1] (0.00ns) (grouped into LUT with out node add_ln56)   --->   "%bit_sel15 = bitselect i1 @_ssdm_op_BitSelect.i1.i16.i16, i16 %b, i16 15" [bnn.cpp:55->bnn.cpp:112]   --->   Operation 50 'bitselect' 'bit_sel15' <Predicate = true> <Delay = 0.00>
ST_4 : Operation 51 [1/1] (0.00ns) (grouped into LUT with out node add_ln56)   --->   "%xor_ln55_111 = xor i1 %bit_sel15, i1 1" [bnn.cpp:55->bnn.cpp:112]   --->   Operation 51 'xor' 'xor_ln55_111' <Predicate = true> <Delay = 0.00> <CoreInst = "LogicGate">   --->   Core 74 'LogicGate' <Latency = 0> <II = 1> <Delay = 0.97> <FuncUnit> <Opcode : 'and' 'or' 'xor'> <InPorts = 2> <OutPorts = 1>
ST_4 : Operation 52 [1/1] (0.00ns) (grouped into LUT with out node add_ln56)   --->   "%trunc_ln55_145 = trunc i16 %b" [bnn.cpp:55->bnn.cpp:112]   --->   Operation 52 'trunc' 'trunc_ln55_145' <Predicate = true> <Delay = 0.00>
ST_4 : Operation 53 [1/1] (0.00ns) (grouped into LUT with out node add_ln56)   --->   "%xor_ln55_14 = bitconcatenate i16 @_ssdm_op_BitConcatenate.i16.i1.i15, i1 %xor_ln55_111, i15 %trunc_ln55_145" [bnn.cpp:55->bnn.cpp:112]   --->   Operation 53 'bitconcatenate' 'xor_ln55_14' <Predicate = true> <Delay = 0.00>
ST_4 : Operation 54 [1/1] (0.00ns) (grouped into LUT with out node add_ln56_26)   --->   "%bit_sel16 = bitselect i1 @_ssdm_op_BitSelect.i1.i16.i32, i16 %b, i32 1" [bnn.cpp:55->bnn.cpp:112]   --->   Operation 54 'bitselect' 'bit_sel16' <Predicate = true> <Delay = 0.00>
ST_4 : Operation 55 [1/1] (0.00ns) (grouped into LUT with out node add_ln56_26)   --->   "%xor_ln55_112 = xor i1 %bit_sel16, i1 1" [bnn.cpp:55->bnn.cpp:112]   --->   Operation 55 'xor' 'xor_ln55_112' <Predicate = true> <Delay = 0.00> <CoreInst = "LogicGate">   --->   Core 74 'LogicGate' <Latency = 0> <II = 1> <Delay = 0.97> <FuncUnit> <Opcode : 'and' 'or' 'xor'> <InPorts = 2> <OutPorts = 1>
ST_4 : Operation 56 [1/1] (0.00ns) (grouped into LUT with out node add_ln56_26)   --->   "%xor_ln55_17 = bitconcatenate i2 @_ssdm_op_BitConcatenate.i2.i1.i1, i1 %xor_ln55_112, i1 %trunc_ln55" [bnn.cpp:55->bnn.cpp:112]   --->   Operation 56 'bitconcatenate' 'xor_ln55_17' <Predicate = true> <Delay = 0.00>
ST_4 : Operation 57 [1/1] (0.00ns) (grouped into LUT with out node add_ln56_26)   --->   "%trunc_ln55_146 = trunc i16 %a" [bnn.cpp:55->bnn.cpp:112]   --->   Operation 57 'trunc' 'trunc_ln55_146' <Predicate = true> <Delay = 0.00>
ST_4 : Operation 58 [1/1] (0.00ns) (grouped into LUT with out node add_ln56_23)   --->   "%bit_sel17 = bitselect i1 @_ssdm_op_BitSelect.i1.i16.i32, i16 %b, i32 2" [bnn.cpp:55->bnn.cpp:112]   --->   Operation 58 'bitselect' 'bit_sel17' <Predicate = true> <Delay = 0.00>
ST_4 : Operation 59 [1/1] (0.00ns) (grouped into LUT with out node add_ln56_23)   --->   "%xor_ln55_113 = xor i1 %bit_sel17, i1 1" [bnn.cpp:55->bnn.cpp:112]   --->   Operation 59 'xor' 'xor_ln55_113' <Predicate = true> <Delay = 0.00> <CoreInst = "LogicGate">   --->   Core 74 'LogicGate' <Latency = 0> <II = 1> <Delay = 0.97> <FuncUnit> <Opcode : 'and' 'or' 'xor'> <InPorts = 2> <OutPorts = 1>
ST_4 : Operation 60 [1/1] (0.00ns) (grouped into LUT with out node add_ln56_23)   --->   "%trunc_ln55_147 = trunc i16 %b" [bnn.cpp:55->bnn.cpp:112]   --->   Operation 60 'trunc' 'trunc_ln55_147' <Predicate = true> <Delay = 0.00>
ST_4 : Operation 61 [1/1] (0.00ns) (grouped into LUT with out node add_ln56_23)   --->   "%xor_ln55_18 = bitconcatenate i3 @_ssdm_op_BitConcatenate.i3.i1.i2, i1 %xor_ln55_113, i2 %trunc_ln55_147" [bnn.cpp:55->bnn.cpp:112]   --->   Operation 61 'bitconcatenate' 'xor_ln55_18' <Predicate = true> <Delay = 0.00>
ST_4 : Operation 62 [1/1] (0.00ns) (grouped into LUT with out node add_ln56_23)   --->   "%trunc_ln55_148 = trunc i16 %a" [bnn.cpp:55->bnn.cpp:112]   --->   Operation 62 'trunc' 'trunc_ln55_148' <Predicate = true> <Delay = 0.00>
ST_4 : Operation 63 [1/1] (0.00ns) (grouped into LUT with out node add_ln56_25)   --->   "%bit_sel18 = bitselect i1 @_ssdm_op_BitSelect.i1.i16.i32, i16 %b, i32 3" [bnn.cpp:55->bnn.cpp:112]   --->   Operation 63 'bitselect' 'bit_sel18' <Predicate = true> <Delay = 0.00>
ST_4 : Operation 64 [1/1] (0.00ns) (grouped into LUT with out node add_ln56_25)   --->   "%xor_ln55_114 = xor i1 %bit_sel18, i1 1" [bnn.cpp:55->bnn.cpp:112]   --->   Operation 64 'xor' 'xor_ln55_114' <Predicate = true> <Delay = 0.00> <CoreInst = "LogicGate">   --->   Core 74 'LogicGate' <Latency = 0> <II = 1> <Delay = 0.97> <FuncUnit> <Opcode : 'and' 'or' 'xor'> <InPorts = 2> <OutPorts = 1>
ST_4 : Operation 65 [1/1] (0.00ns) (grouped into LUT with out node add_ln56_25)   --->   "%trunc_ln55_149 = trunc i16 %b" [bnn.cpp:55->bnn.cpp:112]   --->   Operation 65 'trunc' 'trunc_ln55_149' <Predicate = true> <Delay = 0.00>
ST_4 : Operation 66 [1/1] (0.00ns) (grouped into LUT with out node add_ln56_25)   --->   "%xor_ln55_19 = bitconcatenate i4 @_ssdm_op_BitConcatenate.i4.i1.i3, i1 %xor_ln55_114, i3 %trunc_ln55_149" [bnn.cpp:55->bnn.cpp:112]   --->   Operation 66 'bitconcatenate' 'xor_ln55_19' <Predicate = true> <Delay = 0.00>
ST_4 : Operation 67 [1/1] (0.00ns) (grouped into LUT with out node add_ln56_25)   --->   "%trunc_ln55_150 = trunc i16 %a" [bnn.cpp:55->bnn.cpp:112]   --->   Operation 67 'trunc' 'trunc_ln55_150' <Predicate = true> <Delay = 0.00>
ST_4 : Operation 68 [1/1] (0.00ns) (grouped into LUT with out node add_ln56_16)   --->   "%bit_sel19 = bitselect i1 @_ssdm_op_BitSelect.i1.i16.i32, i16 %b, i32 4" [bnn.cpp:55->bnn.cpp:112]   --->   Operation 68 'bitselect' 'bit_sel19' <Predicate = true> <Delay = 0.00>
ST_4 : Operation 69 [1/1] (0.00ns) (grouped into LUT with out node add_ln56_16)   --->   "%xor_ln55_115 = xor i1 %bit_sel19, i1 1" [bnn.cpp:55->bnn.cpp:112]   --->   Operation 69 'xor' 'xor_ln55_115' <Predicate = true> <Delay = 0.00> <CoreInst = "LogicGate">   --->   Core 74 'LogicGate' <Latency = 0> <II = 1> <Delay = 0.97> <FuncUnit> <Opcode : 'and' 'or' 'xor'> <InPorts = 2> <OutPorts = 1>
ST_4 : Operation 70 [1/1] (0.00ns) (grouped into LUT with out node add_ln56_16)   --->   "%trunc_ln55_151 = trunc i16 %b" [bnn.cpp:55->bnn.cpp:112]   --->   Operation 70 'trunc' 'trunc_ln55_151' <Predicate = true> <Delay = 0.00>
ST_4 : Operation 71 [1/1] (0.00ns) (grouped into LUT with out node add_ln56_16)   --->   "%xor_ln55_20 = bitconcatenate i5 @_ssdm_op_BitConcatenate.i5.i1.i4, i1 %xor_ln55_115, i4 %trunc_ln55_151" [bnn.cpp:55->bnn.cpp:112]   --->   Operation 71 'bitconcatenate' 'xor_ln55_20' <Predicate = true> <Delay = 0.00>
ST_4 : Operation 72 [1/1] (0.00ns) (grouped into LUT with out node add_ln56_16)   --->   "%trunc_ln55_152 = trunc i16 %a" [bnn.cpp:55->bnn.cpp:112]   --->   Operation 72 'trunc' 'trunc_ln55_152' <Predicate = true> <Delay = 0.00>
ST_4 : Operation 73 [1/1] (0.00ns) (grouped into LUT with out node add_ln56_22)   --->   "%bit_sel20 = bitselect i1 @_ssdm_op_BitSelect.i1.i16.i32, i16 %b, i32 5" [bnn.cpp:55->bnn.cpp:112]   --->   Operation 73 'bitselect' 'bit_sel20' <Predicate = true> <Delay = 0.00>
ST_4 : Operation 74 [1/1] (0.00ns) (grouped into LUT with out node add_ln56_22)   --->   "%xor_ln55_116 = xor i1 %bit_sel20, i1 1" [bnn.cpp:55->bnn.cpp:112]   --->   Operation 74 'xor' 'xor_ln55_116' <Predicate = true> <Delay = 0.00> <CoreInst = "LogicGate">   --->   Core 74 'LogicGate' <Latency = 0> <II = 1> <Delay = 0.97> <FuncUnit> <Opcode : 'and' 'or' 'xor'> <InPorts = 2> <OutPorts = 1>
ST_4 : Operation 75 [1/1] (0.00ns) (grouped into LUT with out node add_ln56_22)   --->   "%trunc_ln55_153 = trunc i16 %b" [bnn.cpp:55->bnn.cpp:112]   --->   Operation 75 'trunc' 'trunc_ln55_153' <Predicate = true> <Delay = 0.00>
ST_4 : Operation 76 [1/1] (0.00ns) (grouped into LUT with out node add_ln56_22)   --->   "%xor_ln55_21 = bitconcatenate i6 @_ssdm_op_BitConcatenate.i6.i1.i5, i1 %xor_ln55_116, i5 %trunc_ln55_153" [bnn.cpp:55->bnn.cpp:112]   --->   Operation 76 'bitconcatenate' 'xor_ln55_21' <Predicate = true> <Delay = 0.00>
ST_4 : Operation 77 [1/1] (0.00ns) (grouped into LUT with out node add_ln56_22)   --->   "%trunc_ln55_154 = trunc i16 %a" [bnn.cpp:55->bnn.cpp:112]   --->   Operation 77 'trunc' 'trunc_ln55_154' <Predicate = true> <Delay = 0.00>
ST_4 : Operation 78 [1/1] (0.00ns) (grouped into LUT with out node add_ln56_16)   --->   "%bit_sel21 = bitselect i1 @_ssdm_op_BitSelect.i1.i16.i32, i16 %b, i32 6" [bnn.cpp:55->bnn.cpp:112]   --->   Operation 78 'bitselect' 'bit_sel21' <Predicate = true> <Delay = 0.00>
ST_4 : Operation 79 [1/1] (0.00ns) (grouped into LUT with out node add_ln56_16)   --->   "%xor_ln55_117 = xor i1 %bit_sel21, i1 1" [bnn.cpp:55->bnn.cpp:112]   --->   Operation 79 'xor' 'xor_ln55_117' <Predicate = true> <Delay = 0.00> <CoreInst = "LogicGate">   --->   Core 74 'LogicGate' <Latency = 0> <II = 1> <Delay = 0.97> <FuncUnit> <Opcode : 'and' 'or' 'xor'> <InPorts = 2> <OutPorts = 1>
ST_4 : Operation 80 [1/1] (0.00ns) (grouped into LUT with out node add_ln56_16)   --->   "%trunc_ln55_155 = trunc i16 %b" [bnn.cpp:55->bnn.cpp:112]   --->   Operation 80 'trunc' 'trunc_ln55_155' <Predicate = true> <Delay = 0.00>
ST_4 : Operation 81 [1/1] (0.00ns) (grouped into LUT with out node add_ln56_16)   --->   "%xor_ln55_22 = bitconcatenate i7 @_ssdm_op_BitConcatenate.i7.i1.i6, i1 %xor_ln55_117, i6 %trunc_ln55_155" [bnn.cpp:55->bnn.cpp:112]   --->   Operation 81 'bitconcatenate' 'xor_ln55_22' <Predicate = true> <Delay = 0.00>
ST_4 : Operation 82 [1/1] (0.00ns) (grouped into LUT with out node add_ln56_16)   --->   "%trunc_ln55_156 = trunc i16 %a" [bnn.cpp:55->bnn.cpp:112]   --->   Operation 82 'trunc' 'trunc_ln55_156' <Predicate = true> <Delay = 0.00>
ST_4 : Operation 83 [1/1] (0.00ns) (grouped into LUT with out node add_ln56_18)   --->   "%bit_sel22 = bitselect i1 @_ssdm_op_BitSelect.i1.i16.i32, i16 %b, i32 7" [bnn.cpp:55->bnn.cpp:112]   --->   Operation 83 'bitselect' 'bit_sel22' <Predicate = true> <Delay = 0.00>
ST_4 : Operation 84 [1/1] (0.00ns) (grouped into LUT with out node add_ln56_18)   --->   "%xor_ln55_118 = xor i1 %bit_sel22, i1 1" [bnn.cpp:55->bnn.cpp:112]   --->   Operation 84 'xor' 'xor_ln55_118' <Predicate = true> <Delay = 0.00> <CoreInst = "LogicGate">   --->   Core 74 'LogicGate' <Latency = 0> <II = 1> <Delay = 0.97> <FuncUnit> <Opcode : 'and' 'or' 'xor'> <InPorts = 2> <OutPorts = 1>
ST_4 : Operation 85 [1/1] (0.00ns) (grouped into LUT with out node add_ln56_18)   --->   "%trunc_ln55_157 = trunc i16 %b" [bnn.cpp:55->bnn.cpp:112]   --->   Operation 85 'trunc' 'trunc_ln55_157' <Predicate = true> <Delay = 0.00>
ST_4 : Operation 86 [1/1] (0.00ns) (grouped into LUT with out node add_ln56_18)   --->   "%xor_ln55_23 = bitconcatenate i8 @_ssdm_op_BitConcatenate.i8.i1.i7, i1 %xor_ln55_118, i7 %trunc_ln55_157" [bnn.cpp:55->bnn.cpp:112]   --->   Operation 86 'bitconcatenate' 'xor_ln55_23' <Predicate = true> <Delay = 0.00>
ST_4 : Operation 87 [1/1] (0.00ns) (grouped into LUT with out node add_ln56_18)   --->   "%trunc_ln55_158 = trunc i16 %a" [bnn.cpp:55->bnn.cpp:112]   --->   Operation 87 'trunc' 'trunc_ln55_158' <Predicate = true> <Delay = 0.00>
ST_4 : Operation 88 [1/1] (0.00ns) (grouped into LUT with out node add_ln56_19)   --->   "%bit_sel23 = bitselect i1 @_ssdm_op_BitSelect.i1.i16.i32, i16 %b, i32 8" [bnn.cpp:55->bnn.cpp:112]   --->   Operation 88 'bitselect' 'bit_sel23' <Predicate = true> <Delay = 0.00>
ST_4 : Operation 89 [1/1] (0.00ns) (grouped into LUT with out node add_ln56_19)   --->   "%xor_ln55_119 = xor i1 %bit_sel23, i1 1" [bnn.cpp:55->bnn.cpp:112]   --->   Operation 89 'xor' 'xor_ln55_119' <Predicate = true> <Delay = 0.00> <CoreInst = "LogicGate">   --->   Core 74 'LogicGate' <Latency = 0> <II = 1> <Delay = 0.97> <FuncUnit> <Opcode : 'and' 'or' 'xor'> <InPorts = 2> <OutPorts = 1>
ST_4 : Operation 90 [1/1] (0.00ns) (grouped into LUT with out node add_ln56_19)   --->   "%trunc_ln55_159 = trunc i16 %b" [bnn.cpp:55->bnn.cpp:112]   --->   Operation 90 'trunc' 'trunc_ln55_159' <Predicate = true> <Delay = 0.00>
ST_4 : Operation 91 [1/1] (0.00ns) (grouped into LUT with out node add_ln56_19)   --->   "%xor_ln55_24 = bitconcatenate i9 @_ssdm_op_BitConcatenate.i9.i1.i8, i1 %xor_ln55_119, i8 %trunc_ln55_159" [bnn.cpp:55->bnn.cpp:112]   --->   Operation 91 'bitconcatenate' 'xor_ln55_24' <Predicate = true> <Delay = 0.00>
ST_4 : Operation 92 [1/1] (0.00ns) (grouped into LUT with out node add_ln56_19)   --->   "%trunc_ln55_160 = trunc i16 %a" [bnn.cpp:55->bnn.cpp:112]   --->   Operation 92 'trunc' 'trunc_ln55_160' <Predicate = true> <Delay = 0.00>
ST_4 : Operation 93 [1/1] (0.00ns) (grouped into LUT with out node add_ln56_22)   --->   "%bit_sel24 = bitselect i1 @_ssdm_op_BitSelect.i1.i16.i32, i16 %b, i32 9" [bnn.cpp:55->bnn.cpp:112]   --->   Operation 93 'bitselect' 'bit_sel24' <Predicate = true> <Delay = 0.00>
ST_4 : Operation 94 [1/1] (0.00ns) (grouped into LUT with out node add_ln56_22)   --->   "%xor_ln55_120 = xor i1 %bit_sel24, i1 1" [bnn.cpp:55->bnn.cpp:112]   --->   Operation 94 'xor' 'xor_ln55_120' <Predicate = true> <Delay = 0.00> <CoreInst = "LogicGate">   --->   Core 74 'LogicGate' <Latency = 0> <II = 1> <Delay = 0.97> <FuncUnit> <Opcode : 'and' 'or' 'xor'> <InPorts = 2> <OutPorts = 1>
ST_4 : Operation 95 [1/1] (0.00ns) (grouped into LUT with out node add_ln56_22)   --->   "%trunc_ln55_161 = trunc i16 %b" [bnn.cpp:55->bnn.cpp:112]   --->   Operation 95 'trunc' 'trunc_ln55_161' <Predicate = true> <Delay = 0.00>
ST_4 : Operation 96 [1/1] (0.00ns) (grouped into LUT with out node add_ln56_22)   --->   "%xor_ln55_25 = bitconcatenate i10 @_ssdm_op_BitConcatenate.i10.i1.i9, i1 %xor_ln55_120, i9 %trunc_ln55_161" [bnn.cpp:55->bnn.cpp:112]   --->   Operation 96 'bitconcatenate' 'xor_ln55_25' <Predicate = true> <Delay = 0.00>
ST_4 : Operation 97 [1/1] (0.00ns) (grouped into LUT with out node add_ln56_22)   --->   "%trunc_ln55_162 = trunc i16 %a" [bnn.cpp:55->bnn.cpp:112]   --->   Operation 97 'trunc' 'trunc_ln55_162' <Predicate = true> <Delay = 0.00>
ST_4 : Operation 98 [1/1] (0.00ns) (grouped into LUT with out node add_ln56_18)   --->   "%bit_sel25 = bitselect i1 @_ssdm_op_BitSelect.i1.i16.i32, i16 %b, i32 10" [bnn.cpp:55->bnn.cpp:112]   --->   Operation 98 'bitselect' 'bit_sel25' <Predicate = true> <Delay = 0.00>
ST_4 : Operation 99 [1/1] (0.00ns) (grouped into LUT with out node add_ln56_18)   --->   "%xor_ln55_121 = xor i1 %bit_sel25, i1 1" [bnn.cpp:55->bnn.cpp:112]   --->   Operation 99 'xor' 'xor_ln55_121' <Predicate = true> <Delay = 0.00> <CoreInst = "LogicGate">   --->   Core 74 'LogicGate' <Latency = 0> <II = 1> <Delay = 0.97> <FuncUnit> <Opcode : 'and' 'or' 'xor'> <InPorts = 2> <OutPorts = 1>
ST_4 : Operation 100 [1/1] (0.00ns) (grouped into LUT with out node add_ln56_18)   --->   "%trunc_ln55_163 = trunc i16 %b" [bnn.cpp:55->bnn.cpp:112]   --->   Operation 100 'trunc' 'trunc_ln55_163' <Predicate = true> <Delay = 0.00>
ST_4 : Operation 101 [1/1] (0.00ns) (grouped into LUT with out node add_ln56_18)   --->   "%xor_ln55_26 = bitconcatenate i11 @_ssdm_op_BitConcatenate.i11.i1.i10, i1 %xor_ln55_121, i10 %trunc_ln55_163" [bnn.cpp:55->bnn.cpp:112]   --->   Operation 101 'bitconcatenate' 'xor_ln55_26' <Predicate = true> <Delay = 0.00>
ST_4 : Operation 102 [1/1] (0.00ns) (grouped into LUT with out node add_ln56_18)   --->   "%trunc_ln55_164 = trunc i16 %a" [bnn.cpp:55->bnn.cpp:112]   --->   Operation 102 'trunc' 'trunc_ln55_164' <Predicate = true> <Delay = 0.00>
ST_4 : Operation 103 [1/1] (0.00ns) (grouped into LUT with out node add_ln56_26)   --->   "%bit_sel26 = bitselect i1 @_ssdm_op_BitSelect.i1.i16.i32, i16 %b, i32 11" [bnn.cpp:55->bnn.cpp:112]   --->   Operation 103 'bitselect' 'bit_sel26' <Predicate = true> <Delay = 0.00>
ST_4 : Operation 104 [1/1] (0.00ns) (grouped into LUT with out node add_ln56_26)   --->   "%xor_ln55_122 = xor i1 %bit_sel26, i1 1" [bnn.cpp:55->bnn.cpp:112]   --->   Operation 104 'xor' 'xor_ln55_122' <Predicate = true> <Delay = 0.00> <CoreInst = "LogicGate">   --->   Core 74 'LogicGate' <Latency = 0> <II = 1> <Delay = 0.97> <FuncUnit> <Opcode : 'and' 'or' 'xor'> <InPorts = 2> <OutPorts = 1>
ST_4 : Operation 105 [1/1] (0.00ns) (grouped into LUT with out node add_ln56_26)   --->   "%trunc_ln55_165 = trunc i16 %b" [bnn.cpp:55->bnn.cpp:112]   --->   Operation 105 'trunc' 'trunc_ln55_165' <Predicate = true> <Delay = 0.00>
ST_4 : Operation 106 [1/1] (0.00ns) (grouped into LUT with out node add_ln56_26)   --->   "%xor_ln55_27 = bitconcatenate i12 @_ssdm_op_BitConcatenate.i12.i1.i11, i1 %xor_ln55_122, i11 %trunc_ln55_165" [bnn.cpp:55->bnn.cpp:112]   --->   Operation 106 'bitconcatenate' 'xor_ln55_27' <Predicate = true> <Delay = 0.00>
ST_4 : Operation 107 [1/1] (0.00ns) (grouped into LUT with out node add_ln56_26)   --->   "%trunc_ln55_166 = trunc i16 %a" [bnn.cpp:55->bnn.cpp:112]   --->   Operation 107 'trunc' 'trunc_ln55_166' <Predicate = true> <Delay = 0.00>
ST_4 : Operation 108 [1/1] (0.00ns) (grouped into LUT with out node add_ln56_19)   --->   "%bit_sel27 = bitselect i1 @_ssdm_op_BitSelect.i1.i16.i32, i16 %b, i32 12" [bnn.cpp:55->bnn.cpp:112]   --->   Operation 108 'bitselect' 'bit_sel27' <Predicate = true> <Delay = 0.00>
ST_4 : Operation 109 [1/1] (0.00ns) (grouped into LUT with out node add_ln56_19)   --->   "%xor_ln55_123 = xor i1 %bit_sel27, i1 1" [bnn.cpp:55->bnn.cpp:112]   --->   Operation 109 'xor' 'xor_ln55_123' <Predicate = true> <Delay = 0.00> <CoreInst = "LogicGate">   --->   Core 74 'LogicGate' <Latency = 0> <II = 1> <Delay = 0.97> <FuncUnit> <Opcode : 'and' 'or' 'xor'> <InPorts = 2> <OutPorts = 1>
ST_4 : Operation 110 [1/1] (0.00ns) (grouped into LUT with out node add_ln56_19)   --->   "%trunc_ln55_167 = trunc i16 %b" [bnn.cpp:55->bnn.cpp:112]   --->   Operation 110 'trunc' 'trunc_ln55_167' <Predicate = true> <Delay = 0.00>
ST_4 : Operation 111 [1/1] (0.00ns) (grouped into LUT with out node add_ln56_19)   --->   "%xor_ln55_28 = bitconcatenate i13 @_ssdm_op_BitConcatenate.i13.i1.i12, i1 %xor_ln55_123, i12 %trunc_ln55_167" [bnn.cpp:55->bnn.cpp:112]   --->   Operation 111 'bitconcatenate' 'xor_ln55_28' <Predicate = true> <Delay = 0.00>
ST_4 : Operation 112 [1/1] (0.00ns) (grouped into LUT with out node add_ln56_19)   --->   "%trunc_ln55_168 = trunc i16 %a" [bnn.cpp:55->bnn.cpp:112]   --->   Operation 112 'trunc' 'trunc_ln55_168' <Predicate = true> <Delay = 0.00>
ST_4 : Operation 113 [1/1] (0.00ns) (grouped into LUT with out node add_ln56_23)   --->   "%bit_sel28 = bitselect i1 @_ssdm_op_BitSelect.i1.i16.i32, i16 %b, i32 13" [bnn.cpp:55->bnn.cpp:112]   --->   Operation 113 'bitselect' 'bit_sel28' <Predicate = true> <Delay = 0.00>
ST_4 : Operation 114 [1/1] (0.00ns) (grouped into LUT with out node add_ln56_23)   --->   "%xor_ln55_124 = xor i1 %bit_sel28, i1 1" [bnn.cpp:55->bnn.cpp:112]   --->   Operation 114 'xor' 'xor_ln55_124' <Predicate = true> <Delay = 0.00> <CoreInst = "LogicGate">   --->   Core 74 'LogicGate' <Latency = 0> <II = 1> <Delay = 0.97> <FuncUnit> <Opcode : 'and' 'or' 'xor'> <InPorts = 2> <OutPorts = 1>
ST_4 : Operation 115 [1/1] (0.00ns) (grouped into LUT with out node add_ln56_23)   --->   "%trunc_ln55_169 = trunc i16 %b" [bnn.cpp:55->bnn.cpp:112]   --->   Operation 115 'trunc' 'trunc_ln55_169' <Predicate = true> <Delay = 0.00>
ST_4 : Operation 116 [1/1] (0.00ns) (grouped into LUT with out node add_ln56_23)   --->   "%xor_ln55_29 = bitconcatenate i14 @_ssdm_op_BitConcatenate.i14.i1.i13, i1 %xor_ln55_124, i13 %trunc_ln55_169" [bnn.cpp:55->bnn.cpp:112]   --->   Operation 116 'bitconcatenate' 'xor_ln55_29' <Predicate = true> <Delay = 0.00>
ST_4 : Operation 117 [1/1] (0.00ns) (grouped into LUT with out node add_ln56_23)   --->   "%trunc_ln55_170 = trunc i16 %a" [bnn.cpp:55->bnn.cpp:112]   --->   Operation 117 'trunc' 'trunc_ln55_170' <Predicate = true> <Delay = 0.00>
ST_4 : Operation 118 [1/1] (0.00ns) (grouped into LUT with out node add_ln56_25)   --->   "%bit_sel29 = bitselect i1 @_ssdm_op_BitSelect.i1.i16.i32, i16 %b, i32 14" [bnn.cpp:55->bnn.cpp:112]   --->   Operation 118 'bitselect' 'bit_sel29' <Predicate = true> <Delay = 0.00>
ST_4 : Operation 119 [1/1] (0.00ns) (grouped into LUT with out node add_ln56_25)   --->   "%xor_ln55_125 = xor i1 %bit_sel29, i1 1" [bnn.cpp:55->bnn.cpp:112]   --->   Operation 119 'xor' 'xor_ln55_125' <Predicate = true> <Delay = 0.00> <CoreInst = "LogicGate">   --->   Core 74 'LogicGate' <Latency = 0> <II = 1> <Delay = 0.97> <FuncUnit> <Opcode : 'and' 'or' 'xor'> <InPorts = 2> <OutPorts = 1>
ST_4 : Operation 120 [1/1] (0.00ns) (grouped into LUT with out node add_ln56_25)   --->   "%trunc_ln55_171 = trunc i16 %b" [bnn.cpp:55->bnn.cpp:112]   --->   Operation 120 'trunc' 'trunc_ln55_171' <Predicate = true> <Delay = 0.00>
ST_4 : Operation 121 [1/1] (0.00ns) (grouped into LUT with out node add_ln56_25)   --->   "%xor_ln55_30 = bitconcatenate i15 @_ssdm_op_BitConcatenate.i15.i1.i14, i1 %xor_ln55_125, i14 %trunc_ln55_171" [bnn.cpp:55->bnn.cpp:112]   --->   Operation 121 'bitconcatenate' 'xor_ln55_30' <Predicate = true> <Delay = 0.00>
ST_4 : Operation 122 [1/1] (0.00ns) (grouped into LUT with out node add_ln56_25)   --->   "%trunc_ln55_172 = trunc i16 %a" [bnn.cpp:55->bnn.cpp:112]   --->   Operation 122 'trunc' 'trunc_ln55_172' <Predicate = true> <Delay = 0.00>
ST_4 : Operation 123 [1/1] (0.00ns) (grouped into LUT with out node add_ln56)   --->   "%xor_ln55_32 = xor i1 %trunc_ln55, i1 1" [bnn.cpp:55->bnn.cpp:112]   --->   Operation 123 'xor' 'xor_ln55_32' <Predicate = true> <Delay = 0.00> <CoreInst = "LogicGate">   --->   Core 74 'LogicGate' <Latency = 0> <II = 1> <Delay = 0.97> <FuncUnit> <Opcode : 'and' 'or' 'xor'> <InPorts = 2> <OutPorts = 1>
ST_4 : Operation 124 [1/1] (0.00ns) (grouped into LUT with out node add_ln56)   --->   "%trunc_ln55_173 = trunc i16 %a" [bnn.cpp:55->bnn.cpp:112]   --->   Operation 124 'trunc' 'trunc_ln55_173' <Predicate = true> <Delay = 0.00>
ST_4 : Operation 125 [1/1] (0.00ns) (grouped into LUT with out node add_ln56)   --->   "%xnor = xor i16 %a, i16 %xor_ln55_14" [bnn.cpp:55->bnn.cpp:112]   --->   Operation 125 'xor' 'xnor' <Predicate = true> <Delay = 0.00> <CoreInst = "LogicGate">   --->   Core 74 'LogicGate' <Latency = 0> <II = 1> <Delay = 0.99> <FuncUnit> <Opcode : 'and' 'or' 'xor'> <InPorts = 2> <OutPorts = 1>
ST_4 : Operation 126 [1/1] (0.00ns) (grouped into LUT with out node add_ln56)   --->   "%xor_ln11 = xor i1 %trunc_ln55_173, i1 %xor_ln55_32" [bnn.cpp:11->bnn.cpp:56->bnn.cpp:112]   --->   Operation 126 'xor' 'xor_ln11' <Predicate = true> <Delay = 0.00> <CoreInst = "LogicGate">   --->   Core 74 'LogicGate' <Latency = 0> <II = 1> <Delay = 0.97> <FuncUnit> <Opcode : 'and' 'or' 'xor'> <InPorts = 2> <OutPorts = 1>
ST_4 : Operation 127 [1/1] (0.00ns) (grouped into LUT with out node add_ln56_25)   --->   "%xor_ln11_15 = xor i15 %trunc_ln55_172, i15 %xor_ln55_30" [bnn.cpp:11->bnn.cpp:56->bnn.cpp:112]   --->   Operation 127 'xor' 'xor_ln11_15' <Predicate = true> <Delay = 0.00> <CoreInst = "LogicGate">   --->   Core 74 'LogicGate' <Latency = 0> <II = 1> <Delay = 0.99> <FuncUnit> <Opcode : 'and' 'or' 'xor'> <InPorts = 2> <OutPorts = 1>
ST_4 : Operation 128 [1/1] (0.00ns) (grouped into LUT with out node add_ln56_23)   --->   "%xor_ln11_16 = xor i14 %trunc_ln55_170, i14 %xor_ln55_29" [bnn.cpp:11->bnn.cpp:56->bnn.cpp:112]   --->   Operation 128 'xor' 'xor_ln11_16' <Predicate = true> <Delay = 0.00> <CoreInst = "LogicGate">   --->   Core 74 'LogicGate' <Latency = 0> <II = 1> <Delay = 0.99> <FuncUnit> <Opcode : 'and' 'or' 'xor'> <InPorts = 2> <OutPorts = 1>
ST_4 : Operation 129 [1/1] (0.00ns) (grouped into LUT with out node add_ln56_19)   --->   "%xor_ln11_17 = xor i13 %trunc_ln55_168, i13 %xor_ln55_28" [bnn.cpp:11->bnn.cpp:56->bnn.cpp:112]   --->   Operation 129 'xor' 'xor_ln11_17' <Predicate = true> <Delay = 0.00> <CoreInst = "LogicGate">   --->   Core 74 'LogicGate' <Latency = 0> <II = 1> <Delay = 0.99> <FuncUnit> <Opcode : 'and' 'or' 'xor'> <InPorts = 2> <OutPorts = 1>
ST_4 : Operation 130 [1/1] (0.00ns) (grouped into LUT with out node add_ln56_26)   --->   "%xor_ln11_18 = xor i12 %trunc_ln55_166, i12 %xor_ln55_27" [bnn.cpp:11->bnn.cpp:56->bnn.cpp:112]   --->   Operation 130 'xor' 'xor_ln11_18' <Predicate = true> <Delay = 0.00> <CoreInst = "LogicGate">   --->   Core 74 'LogicGate' <Latency = 0> <II = 1> <Delay = 0.99> <FuncUnit> <Opcode : 'and' 'or' 'xor'> <InPorts = 2> <OutPorts = 1>
ST_4 : Operation 131 [1/1] (0.00ns) (grouped into LUT with out node add_ln56_18)   --->   "%xor_ln11_19 = xor i11 %trunc_ln55_164, i11 %xor_ln55_26" [bnn.cpp:11->bnn.cpp:56->bnn.cpp:112]   --->   Operation 131 'xor' 'xor_ln11_19' <Predicate = true> <Delay = 0.00> <CoreInst = "LogicGate">   --->   Core 74 'LogicGate' <Latency = 0> <II = 1> <Delay = 0.99> <FuncUnit> <Opcode : 'and' 'or' 'xor'> <InPorts = 2> <OutPorts = 1>
ST_4 : Operation 132 [1/1] (0.00ns) (grouped into LUT with out node add_ln56_22)   --->   "%xor_ln11_20 = xor i10 %trunc_ln55_162, i10 %xor_ln55_25" [bnn.cpp:11->bnn.cpp:56->bnn.cpp:112]   --->   Operation 132 'xor' 'xor_ln11_20' <Predicate = true> <Delay = 0.00> <CoreInst = "LogicGate">   --->   Core 74 'LogicGate' <Latency = 0> <II = 1> <Delay = 0.99> <FuncUnit> <Opcode : 'and' 'or' 'xor'> <InPorts = 2> <OutPorts = 1>
ST_4 : Operation 133 [1/1] (0.00ns) (grouped into LUT with out node add_ln56_19)   --->   "%xor_ln11_21 = xor i9 %trunc_ln55_160, i9 %xor_ln55_24" [bnn.cpp:11->bnn.cpp:56->bnn.cpp:112]   --->   Operation 133 'xor' 'xor_ln11_21' <Predicate = true> <Delay = 0.00> <CoreInst = "LogicGate">   --->   Core 74 'LogicGate' <Latency = 0> <II = 1> <Delay = 0.99> <FuncUnit> <Opcode : 'and' 'or' 'xor'> <InPorts = 2> <OutPorts = 1>
ST_4 : Operation 134 [1/1] (0.00ns) (grouped into LUT with out node add_ln56_18)   --->   "%xor_ln11_22 = xor i8 %trunc_ln55_158, i8 %xor_ln55_23" [bnn.cpp:11->bnn.cpp:56->bnn.cpp:112]   --->   Operation 134 'xor' 'xor_ln11_22' <Predicate = true> <Delay = 0.00> <CoreInst = "LogicGate">   --->   Core 74 'LogicGate' <Latency = 0> <II = 1> <Delay = 0.99> <FuncUnit> <Opcode : 'and' 'or' 'xor'> <InPorts = 2> <OutPorts = 1>
ST_4 : Operation 135 [1/1] (0.00ns) (grouped into LUT with out node add_ln56_16)   --->   "%xor_ln11_23 = xor i7 %trunc_ln55_156, i7 %xor_ln55_22" [bnn.cpp:11->bnn.cpp:56->bnn.cpp:112]   --->   Operation 135 'xor' 'xor_ln11_23' <Predicate = true> <Delay = 0.00> <CoreInst = "LogicGate">   --->   Core 74 'LogicGate' <Latency = 0> <II = 1> <Delay = 0.99> <FuncUnit> <Opcode : 'and' 'or' 'xor'> <InPorts = 2> <OutPorts = 1>
ST_4 : Operation 136 [1/1] (0.00ns) (grouped into LUT with out node add_ln56_22)   --->   "%xor_ln11_24 = xor i6 %trunc_ln55_154, i6 %xor_ln55_21" [bnn.cpp:11->bnn.cpp:56->bnn.cpp:112]   --->   Operation 136 'xor' 'xor_ln11_24' <Predicate = true> <Delay = 0.00> <CoreInst = "LogicGate">   --->   Core 74 'LogicGate' <Latency = 0> <II = 1> <Delay = 0.97> <FuncUnit> <Opcode : 'and' 'or' 'xor'> <InPorts = 2> <OutPorts = 1>
ST_4 : Operation 137 [1/1] (0.00ns) (grouped into LUT with out node add_ln56_16)   --->   "%xor_ln11_25 = xor i5 %trunc_ln55_152, i5 %xor_ln55_20" [bnn.cpp:11->bnn.cpp:56->bnn.cpp:112]   --->   Operation 137 'xor' 'xor_ln11_25' <Predicate = true> <Delay = 0.00> <CoreInst = "LogicGate">   --->   Core 74 'LogicGate' <Latency = 0> <II = 1> <Delay = 0.78> <FuncUnit> <Opcode : 'and' 'or' 'xor'> <InPorts = 2> <OutPorts = 1>
ST_4 : Operation 138 [1/1] (0.00ns) (grouped into LUT with out node add_ln56_25)   --->   "%xor_ln11_26 = xor i4 %trunc_ln55_150, i4 %xor_ln55_19" [bnn.cpp:11->bnn.cpp:56->bnn.cpp:112]   --->   Operation 138 'xor' 'xor_ln11_26' <Predicate = true> <Delay = 0.00> <CoreInst = "LogicGate">   --->   Core 74 'LogicGate' <Latency = 0> <II = 1> <Delay = 0.97> <FuncUnit> <Opcode : 'and' 'or' 'xor'> <InPorts = 2> <OutPorts = 1>
ST_4 : Operation 139 [1/1] (0.00ns) (grouped into LUT with out node add_ln56_23)   --->   "%xor_ln11_27 = xor i3 %trunc_ln55_148, i3 %xor_ln55_18" [bnn.cpp:11->bnn.cpp:56->bnn.cpp:112]   --->   Operation 139 'xor' 'xor_ln11_27' <Predicate = true> <Delay = 0.00> <CoreInst = "LogicGate">   --->   Core 74 'LogicGate' <Latency = 0> <II = 1> <Delay = 0.96> <FuncUnit> <Opcode : 'and' 'or' 'xor'> <InPorts = 2> <OutPorts = 1>
ST_4 : Operation 140 [1/1] (0.00ns) (grouped into LUT with out node add_ln56_26)   --->   "%xor_ln11_28 = xor i2 %trunc_ln55_146, i2 %xor_ln55_17" [bnn.cpp:11->bnn.cpp:56->bnn.cpp:112]   --->   Operation 140 'xor' 'xor_ln11_28' <Predicate = true> <Delay = 0.00> <CoreInst = "LogicGate">   --->   Core 74 'LogicGate' <Latency = 0> <II = 1> <Delay = 0.97> <FuncUnit> <Opcode : 'and' 'or' 'xor'> <InPorts = 2> <OutPorts = 1>
ST_4 : Operation 141 [1/1] (0.00ns) (grouped into LUT with out node add_ln56_26)   --->   "%tmp = bitselect i1 @_ssdm_op_BitSelect.i1.i2.i32, i2 %xor_ln11_28, i32 1" [bnn.cpp:11->bnn.cpp:56->bnn.cpp:112]   --->   Operation 141 'bitselect' 'tmp' <Predicate = true> <Delay = 0.00>
ST_4 : Operation 142 [1/1] (0.00ns) (grouped into LUT with out node add_ln56_23)   --->   "%tmp_78 = bitselect i1 @_ssdm_op_BitSelect.i1.i3.i32, i3 %xor_ln11_27, i32 2" [bnn.cpp:11->bnn.cpp:56->bnn.cpp:112]   --->   Operation 142 'bitselect' 'tmp_78' <Predicate = true> <Delay = 0.00>
ST_4 : Operation 143 [1/1] (0.00ns) (grouped into LUT with out node add_ln56_25)   --->   "%tmp_79 = bitselect i1 @_ssdm_op_BitSelect.i1.i4.i32, i4 %xor_ln11_26, i32 3" [bnn.cpp:11->bnn.cpp:56->bnn.cpp:112]   --->   Operation 143 'bitselect' 'tmp_79' <Predicate = true> <Delay = 0.00>
ST_4 : Operation 144 [1/1] (0.00ns) (grouped into LUT with out node add_ln56_16)   --->   "%tmp_80 = bitselect i1 @_ssdm_op_BitSelect.i1.i5.i32, i5 %xor_ln11_25, i32 4" [bnn.cpp:11->bnn.cpp:56->bnn.cpp:112]   --->   Operation 144 'bitselect' 'tmp_80' <Predicate = true> <Delay = 0.00>
ST_4 : Operation 145 [1/1] (0.00ns) (grouped into LUT with out node add_ln56_22)   --->   "%tmp_81 = bitselect i1 @_ssdm_op_BitSelect.i1.i6.i32, i6 %xor_ln11_24, i32 5" [bnn.cpp:11->bnn.cpp:56->bnn.cpp:112]   --->   Operation 145 'bitselect' 'tmp_81' <Predicate = true> <Delay = 0.00>
ST_4 : Operation 146 [1/1] (0.00ns) (grouped into LUT with out node add_ln56_16)   --->   "%tmp_82 = bitselect i1 @_ssdm_op_BitSelect.i1.i7.i32, i7 %xor_ln11_23, i32 6" [bnn.cpp:11->bnn.cpp:56->bnn.cpp:112]   --->   Operation 146 'bitselect' 'tmp_82' <Predicate = true> <Delay = 0.00>
ST_4 : Operation 147 [1/1] (0.00ns) (grouped into LUT with out node add_ln56_18)   --->   "%tmp_83 = bitselect i1 @_ssdm_op_BitSelect.i1.i8.i32, i8 %xor_ln11_22, i32 7" [bnn.cpp:11->bnn.cpp:56->bnn.cpp:112]   --->   Operation 147 'bitselect' 'tmp_83' <Predicate = true> <Delay = 0.00>
ST_4 : Operation 148 [1/1] (0.00ns) (grouped into LUT with out node add_ln56_19)   --->   "%tmp_84 = bitselect i1 @_ssdm_op_BitSelect.i1.i9.i32, i9 %xor_ln11_21, i32 8" [bnn.cpp:11->bnn.cpp:56->bnn.cpp:112]   --->   Operation 148 'bitselect' 'tmp_84' <Predicate = true> <Delay = 0.00>
ST_4 : Operation 149 [1/1] (0.00ns) (grouped into LUT with out node add_ln56_22)   --->   "%tmp_85 = bitselect i1 @_ssdm_op_BitSelect.i1.i10.i32, i10 %xor_ln11_20, i32 9" [bnn.cpp:11->bnn.cpp:56->bnn.cpp:112]   --->   Operation 149 'bitselect' 'tmp_85' <Predicate = true> <Delay = 0.00>
ST_4 : Operation 150 [1/1] (0.00ns) (grouped into LUT with out node add_ln56_18)   --->   "%tmp_86 = bitselect i1 @_ssdm_op_BitSelect.i1.i11.i32, i11 %xor_ln11_19, i32 10" [bnn.cpp:11->bnn.cpp:56->bnn.cpp:112]   --->   Operation 150 'bitselect' 'tmp_86' <Predicate = true> <Delay = 0.00>
ST_4 : Operation 151 [1/1] (0.00ns) (grouped into LUT with out node add_ln56_26)   --->   "%tmp_87 = bitselect i1 @_ssdm_op_BitSelect.i1.i12.i32, i12 %xor_ln11_18, i32 11" [bnn.cpp:11->bnn.cpp:56->bnn.cpp:112]   --->   Operation 151 'bitselect' 'tmp_87' <Predicate = true> <Delay = 0.00>
ST_4 : Operation 152 [1/1] (0.00ns) (grouped into LUT with out node add_ln56_19)   --->   "%tmp_88 = bitselect i1 @_ssdm_op_BitSelect.i1.i13.i32, i13 %xor_ln11_17, i32 12" [bnn.cpp:11->bnn.cpp:56->bnn.cpp:112]   --->   Operation 152 'bitselect' 'tmp_88' <Predicate = true> <Delay = 0.00>
ST_4 : Operation 153 [1/1] (0.00ns) (grouped into LUT with out node add_ln56_23)   --->   "%tmp_89 = bitselect i1 @_ssdm_op_BitSelect.i1.i14.i32, i14 %xor_ln11_16, i32 13" [bnn.cpp:11->bnn.cpp:56->bnn.cpp:112]   --->   Operation 153 'bitselect' 'tmp_89' <Predicate = true> <Delay = 0.00>
ST_4 : Operation 154 [1/1] (0.00ns) (grouped into LUT with out node add_ln56_25)   --->   "%tmp_90 = bitselect i1 @_ssdm_op_BitSelect.i1.i15.i32, i15 %xor_ln11_15, i32 14" [bnn.cpp:11->bnn.cpp:56->bnn.cpp:112]   --->   Operation 154 'bitselect' 'tmp_90' <Predicate = true> <Delay = 0.00>
ST_4 : Operation 155 [1/1] (0.00ns) (grouped into LUT with out node add_ln56)   --->   "%tmp_91 = bitselect i1 @_ssdm_op_BitSelect.i1.i16.i32, i16 %xnor, i32 15" [bnn.cpp:56->bnn.cpp:112]   --->   Operation 155 'bitselect' 'tmp_91' <Predicate = true> <Delay = 0.00>
ST_4 : Operation 156 [1/1] (0.00ns) (grouped into LUT with out node add_ln56)   --->   "%zext_ln56 = zext i1 %tmp_91" [bnn.cpp:56->bnn.cpp:112]   --->   Operation 156 'zext' 'zext_ln56' <Predicate = true> <Delay = 0.00>
ST_4 : Operation 157 [1/1] (0.00ns) (grouped into LUT with out node add_ln56_16)   --->   "%zext_ln56_30 = zext i1 %tmp_82" [bnn.cpp:56->bnn.cpp:112]   --->   Operation 157 'zext' 'zext_ln56_30' <Predicate = true> <Delay = 0.00>
ST_4 : Operation 158 [1/1] (0.00ns) (grouped into LUT with out node add_ln56_16)   --->   "%zext_ln56_31 = zext i1 %tmp_80" [bnn.cpp:56->bnn.cpp:112]   --->   Operation 158 'zext' 'zext_ln56_31' <Predicate = true> <Delay = 0.00>
ST_4 : Operation 159 [1/1] (0.00ns) (grouped into LUT with out node add_ln56_18)   --->   "%zext_ln56_32 = zext i1 %tmp_83" [bnn.cpp:56->bnn.cpp:112]   --->   Operation 159 'zext' 'zext_ln56_32' <Predicate = true> <Delay = 0.00>
ST_4 : Operation 160 [1/1] (0.00ns) (grouped into LUT with out node add_ln56_18)   --->   "%zext_ln56_33 = zext i1 %tmp_86" [bnn.cpp:56->bnn.cpp:112]   --->   Operation 160 'zext' 'zext_ln56_33' <Predicate = true> <Delay = 0.00>
ST_4 : Operation 161 [1/1] (0.00ns) (grouped into LUT with out node add_ln56_19)   --->   "%zext_ln56_34 = zext i1 %tmp_88" [bnn.cpp:56->bnn.cpp:112]   --->   Operation 161 'zext' 'zext_ln56_34' <Predicate = true> <Delay = 0.00>
ST_4 : Operation 162 [1/1] (0.00ns) (grouped into LUT with out node add_ln56_19)   --->   "%zext_ln56_35 = zext i1 %tmp_84" [bnn.cpp:56->bnn.cpp:112]   --->   Operation 162 'zext' 'zext_ln56_35' <Predicate = true> <Delay = 0.00>
ST_4 : Operation 163 [1/1] (0.00ns) (grouped into LUT with out node add_ln56_22)   --->   "%zext_ln56_36 = zext i1 %tmp_85" [bnn.cpp:56->bnn.cpp:112]   --->   Operation 163 'zext' 'zext_ln56_36' <Predicate = true> <Delay = 0.00>
ST_4 : Operation 164 [1/1] (0.00ns) (grouped into LUT with out node add_ln56_22)   --->   "%zext_ln56_37 = zext i1 %tmp_81" [bnn.cpp:56->bnn.cpp:112]   --->   Operation 164 'zext' 'zext_ln56_37' <Predicate = true> <Delay = 0.00>
ST_4 : Operation 165 [1/1] (0.00ns) (grouped into LUT with out node add_ln56_23)   --->   "%zext_ln56_38 = zext i1 %tmp_89" [bnn.cpp:56->bnn.cpp:112]   --->   Operation 165 'zext' 'zext_ln56_38' <Predicate = true> <Delay = 0.00>
ST_4 : Operation 166 [1/1] (0.00ns) (grouped into LUT with out node add_ln56_23)   --->   "%zext_ln56_39 = zext i1 %tmp_78" [bnn.cpp:56->bnn.cpp:112]   --->   Operation 166 'zext' 'zext_ln56_39' <Predicate = true> <Delay = 0.00>
ST_4 : Operation 167 [1/1] (0.00ns) (grouped into LUT with out node add_ln56_25)   --->   "%zext_ln56_40 = zext i1 %tmp_79" [bnn.cpp:56->bnn.cpp:112]   --->   Operation 167 'zext' 'zext_ln56_40' <Predicate = true> <Delay = 0.00>
ST_4 : Operation 168 [1/1] (0.00ns) (grouped into LUT with out node add_ln56_25)   --->   "%zext_ln56_41 = zext i1 %tmp_90" [bnn.cpp:56->bnn.cpp:112]   --->   Operation 168 'zext' 'zext_ln56_41' <Predicate = true> <Delay = 0.00>
ST_4 : Operation 169 [1/1] (0.00ns) (grouped into LUT with out node add_ln56_26)   --->   "%zext_ln56_42 = zext i1 %tmp" [bnn.cpp:56->bnn.cpp:112]   --->   Operation 169 'zext' 'zext_ln56_42' <Predicate = true> <Delay = 0.00>
ST_4 : Operation 170 [1/1] (0.00ns) (grouped into LUT with out node add_ln56)   --->   "%zext_ln56_43 = zext i1 %xor_ln11" [bnn.cpp:56->bnn.cpp:112]   --->   Operation 170 'zext' 'zext_ln56_43' <Predicate = true> <Delay = 0.00>
ST_4 : Operation 171 [1/1] (0.00ns) (grouped into LUT with out node add_ln56_26)   --->   "%zext_ln56_44 = zext i1 %tmp_87" [bnn.cpp:56->bnn.cpp:112]   --->   Operation 171 'zext' 'zext_ln56_44' <Predicate = true> <Delay = 0.00>
ST_4 : Operation 172 [1/1] (1.56ns) (out node of the LUT)   --->   "%add_ln56 = add i2 %zext_ln56_43, i2 %zext_ln56" [bnn.cpp:56->bnn.cpp:112]   --->   Operation 172 'add' 'add_ln56' <Predicate = true> <Delay = 1.56> <CoreInst = "Adder">   --->   Core 1 'Adder' <Latency = 0> <II = 1> <Delay = 1.56> <FuncUnit> <Opcode : 'add' 'sub'> <InPorts = 2> <OutPorts = 1>
ST_4 : Operation 173 [1/1] (0.00ns)   --->   "%zext_ln56_45 = zext i2 %add_ln56" [bnn.cpp:56->bnn.cpp:112]   --->   Operation 173 'zext' 'zext_ln56_45' <Predicate = true> <Delay = 0.00>
ST_4 : Operation 174 [1/1] (1.56ns) (out node of the LUT)   --->   "%add_ln56_16 = add i2 %zext_ln56_31, i2 %zext_ln56_30" [bnn.cpp:56->bnn.cpp:112]   --->   Operation 174 'add' 'add_ln56_16' <Predicate = true> <Delay = 1.56> <CoreInst = "Adder">   --->   Core 1 'Adder' <Latency = 0> <II = 1> <Delay = 1.56> <FuncUnit> <Opcode : 'add' 'sub'> <InPorts = 2> <OutPorts = 1>
ST_4 : Operation 175 [1/1] (0.00ns)   --->   "%zext_ln56_46 = zext i2 %add_ln56_16" [bnn.cpp:56->bnn.cpp:112]   --->   Operation 175 'zext' 'zext_ln56_46' <Predicate = true> <Delay = 0.00>
ST_4 : Operation 176 [1/1] (1.56ns)   --->   "%add_ln56_17 = add i3 %zext_ln56_46, i3 %zext_ln56_45" [bnn.cpp:56->bnn.cpp:112]   --->   Operation 176 'add' 'add_ln56_17' <Predicate = true> <Delay = 1.56> <CoreInst = "Adder">   --->   Core 1 'Adder' <Latency = 0> <II = 1> <Delay = 1.56> <FuncUnit> <Opcode : 'add' 'sub'> <InPorts = 2> <OutPorts = 1>
ST_4 : Operation 177 [1/1] (1.56ns) (out node of the LUT)   --->   "%add_ln56_18 = add i2 %zext_ln56_33, i2 %zext_ln56_32" [bnn.cpp:56->bnn.cpp:112]   --->   Operation 177 'add' 'add_ln56_18' <Predicate = true> <Delay = 1.56> <CoreInst = "Adder">   --->   Core 1 'Adder' <Latency = 0> <II = 1> <Delay = 1.56> <FuncUnit> <Opcode : 'add' 'sub'> <InPorts = 2> <OutPorts = 1>
ST_4 : Operation 178 [1/1] (0.00ns)   --->   "%zext_ln56_48 = zext i2 %add_ln56_18" [bnn.cpp:56->bnn.cpp:112]   --->   Operation 178 'zext' 'zext_ln56_48' <Predicate = true> <Delay = 0.00>
ST_4 : Operation 179 [1/1] (1.56ns) (out node of the LUT)   --->   "%add_ln56_19 = add i2 %zext_ln56_35, i2 %zext_ln56_34" [bnn.cpp:56->bnn.cpp:112]   --->   Operation 179 'add' 'add_ln56_19' <Predicate = true> <Delay = 1.56> <CoreInst = "Adder">   --->   Core 1 'Adder' <Latency = 0> <II = 1> <Delay = 1.56> <FuncUnit> <Opcode : 'add' 'sub'> <InPorts = 2> <OutPorts = 1>
ST_4 : Operation 180 [1/1] (0.00ns)   --->   "%zext_ln56_49 = zext i2 %add_ln56_19" [bnn.cpp:56->bnn.cpp:112]   --->   Operation 180 'zext' 'zext_ln56_49' <Predicate = true> <Delay = 0.00>
ST_4 : Operation 181 [1/1] (1.56ns)   --->   "%add_ln56_20 = add i3 %zext_ln56_49, i3 %zext_ln56_48" [bnn.cpp:56->bnn.cpp:112]   --->   Operation 181 'add' 'add_ln56_20' <Predicate = true> <Delay = 1.56> <CoreInst = "Adder">   --->   Core 1 'Adder' <Latency = 0> <II = 1> <Delay = 1.56> <FuncUnit> <Opcode : 'add' 'sub'> <InPorts = 2> <OutPorts = 1>
ST_4 : Operation 182 [1/1] (1.56ns) (out node of the LUT)   --->   "%add_ln56_22 = add i2 %zext_ln56_37, i2 %zext_ln56_36" [bnn.cpp:56->bnn.cpp:112]   --->   Operation 182 'add' 'add_ln56_22' <Predicate = true> <Delay = 1.56> <CoreInst = "Adder">   --->   Core 1 'Adder' <Latency = 0> <II = 1> <Delay = 1.56> <FuncUnit> <Opcode : 'add' 'sub'> <InPorts = 2> <OutPorts = 1>
ST_4 : Operation 183 [1/1] (0.00ns)   --->   "%zext_ln56_52 = zext i2 %add_ln56_22" [bnn.cpp:56->bnn.cpp:112]   --->   Operation 183 'zext' 'zext_ln56_52' <Predicate = true> <Delay = 0.00>
ST_4 : Operation 184 [1/1] (1.56ns) (out node of the LUT)   --->   "%add_ln56_23 = add i2 %zext_ln56_39, i2 %zext_ln56_38" [bnn.cpp:56->bnn.cpp:112]   --->   Operation 184 'add' 'add_ln56_23' <Predicate = true> <Delay = 1.56> <CoreInst = "Adder">   --->   Core 1 'Adder' <Latency = 0> <II = 1> <Delay = 1.56> <FuncUnit> <Opcode : 'add' 'sub'> <InPorts = 2> <OutPorts = 1>
ST_4 : Operation 185 [1/1] (0.00ns)   --->   "%zext_ln56_53 = zext i2 %add_ln56_23" [bnn.cpp:56->bnn.cpp:112]   --->   Operation 185 'zext' 'zext_ln56_53' <Predicate = true> <Delay = 0.00>
ST_4 : Operation 186 [1/1] (1.56ns)   --->   "%add_ln56_24 = add i3 %zext_ln56_53, i3 %zext_ln56_52" [bnn.cpp:56->bnn.cpp:112]   --->   Operation 186 'add' 'add_ln56_24' <Predicate = true> <Delay = 1.56> <CoreInst = "Adder">   --->   Core 1 'Adder' <Latency = 0> <II = 1> <Delay = 1.56> <FuncUnit> <Opcode : 'add' 'sub'> <InPorts = 2> <OutPorts = 1>
ST_4 : Operation 187 [1/1] (1.56ns) (out node of the LUT)   --->   "%add_ln56_25 = add i2 %zext_ln56_41, i2 %zext_ln56_40" [bnn.cpp:56->bnn.cpp:112]   --->   Operation 187 'add' 'add_ln56_25' <Predicate = true> <Delay = 1.56> <CoreInst = "Adder">   --->   Core 1 'Adder' <Latency = 0> <II = 1> <Delay = 1.56> <FuncUnit> <Opcode : 'add' 'sub'> <InPorts = 2> <OutPorts = 1>
ST_4 : Operation 188 [1/1] (0.00ns)   --->   "%zext_ln56_55 = zext i2 %add_ln56_25" [bnn.cpp:56->bnn.cpp:112]   --->   Operation 188 'zext' 'zext_ln56_55' <Predicate = true> <Delay = 0.00>
ST_4 : Operation 189 [1/1] (1.56ns) (out node of the LUT)   --->   "%add_ln56_26 = add i2 %zext_ln56_42, i2 %zext_ln56_44" [bnn.cpp:56->bnn.cpp:112]   --->   Operation 189 'add' 'add_ln56_26' <Predicate = true> <Delay = 1.56> <CoreInst = "Adder">   --->   Core 1 'Adder' <Latency = 0> <II = 1> <Delay = 1.56> <FuncUnit> <Opcode : 'add' 'sub'> <InPorts = 2> <OutPorts = 1>
ST_4 : Operation 190 [1/1] (0.00ns)   --->   "%zext_ln56_56 = zext i2 %add_ln56_26" [bnn.cpp:56->bnn.cpp:112]   --->   Operation 190 'zext' 'zext_ln56_56' <Predicate = true> <Delay = 0.00>
ST_4 : Operation 191 [1/1] (1.56ns)   --->   "%add_ln56_27 = add i3 %zext_ln56_56, i3 %zext_ln56_55" [bnn.cpp:56->bnn.cpp:112]   --->   Operation 191 'add' 'add_ln56_27' <Predicate = true> <Delay = 1.56> <CoreInst = "Adder">   --->   Core 1 'Adder' <Latency = 0> <II = 1> <Delay = 1.56> <FuncUnit> <Opcode : 'add' 'sub'> <InPorts = 2> <OutPorts = 1>

State 5 <SV = 4> <Delay = 6.88>
ST_5 : Operation 192 [1/1] (0.00ns)   --->   "%same_load = load i8 %same" [bnn.cpp:108]   --->   Operation 192 'load' 'same_load' <Predicate = (!icmp_ln50)> <Delay = 0.00>
ST_5 : Operation 193 [1/1] (0.00ns) (grouped into LUT with out node same_2)   --->   "%select_ln108_1 = select i1 %icmp_ln50, i8 0, i8 %same_load" [bnn.cpp:108]   --->   Operation 193 'select' 'select_ln108_1' <Predicate = true> <Delay = 0.00> <CoreInst = "Sel">   --->   Core 73 'Sel' <Latency = 0> <II = 1> <Delay = 1.24> <FuncUnit> <Opcode : 'select'> <InPorts = 3> <OutPorts = 1>
ST_5 : Operation 194 [1/1] (0.00ns)   --->   "%zext_ln56_47 = zext i3 %add_ln56_17" [bnn.cpp:56->bnn.cpp:112]   --->   Operation 194 'zext' 'zext_ln56_47' <Predicate = true> <Delay = 0.00>
ST_5 : Operation 195 [1/1] (0.00ns)   --->   "%zext_ln56_50 = zext i3 %add_ln56_20" [bnn.cpp:56->bnn.cpp:112]   --->   Operation 195 'zext' 'zext_ln56_50' <Predicate = true> <Delay = 0.00>
ST_5 : Operation 196 [1/1] (1.65ns)   --->   "%add_ln56_21 = add i4 %zext_ln56_50, i4 %zext_ln56_47" [bnn.cpp:56->bnn.cpp:112]   --->   Operation 196 'add' 'add_ln56_21' <Predicate = true> <Delay = 1.65> <CoreInst = "Adder">   --->   Core 1 'Adder' <Latency = 0> <II = 1> <Delay = 1.65> <FuncUnit> <Opcode : 'add' 'sub'> <InPorts = 2> <OutPorts = 1>
ST_5 : Operation 197 [1/1] (0.00ns)   --->   "%zext_ln56_51 = zext i4 %add_ln56_21" [bnn.cpp:56->bnn.cpp:112]   --->   Operation 197 'zext' 'zext_ln56_51' <Predicate = true> <Delay = 0.00>
ST_5 : Operation 198 [1/1] (0.00ns)   --->   "%zext_ln56_54 = zext i3 %add_ln56_24" [bnn.cpp:56->bnn.cpp:112]   --->   Operation 198 'zext' 'zext_ln56_54' <Predicate = true> <Delay = 0.00>
ST_5 : Operation 199 [1/1] (0.00ns)   --->   "%zext_ln56_57 = zext i3 %add_ln56_27" [bnn.cpp:56->bnn.cpp:112]   --->   Operation 199 'zext' 'zext_ln56_57' <Predicate = true> <Delay = 0.00>
ST_5 : Operation 200 [1/1] (1.65ns)   --->   "%add_ln56_28 = add i4 %zext_ln56_57, i4 %zext_ln56_54" [bnn.cpp:56->bnn.cpp:112]   --->   Operation 200 'add' 'add_ln56_28' <Predicate = true> <Delay = 1.65> <CoreInst = "Adder">   --->   Core 1 'Adder' <Latency = 0> <II = 1> <Delay = 1.65> <FuncUnit> <Opcode : 'add' 'sub'> <InPorts = 2> <OutPorts = 1>
ST_5 : Operation 201 [1/1] (0.00ns)   --->   "%zext_ln56_58 = zext i4 %add_ln56_28" [bnn.cpp:56->bnn.cpp:112]   --->   Operation 201 'zext' 'zext_ln56_58' <Predicate = true> <Delay = 0.00>
ST_5 : Operation 202 [1/1] (1.73ns)   --->   "%add_ln56_29 = add i5 %zext_ln56_58, i5 %zext_ln56_51" [bnn.cpp:56->bnn.cpp:112]   --->   Operation 202 'add' 'add_ln56_29' <Predicate = true> <Delay = 1.73> <CoreInst = "Adder">   --->   Core 1 'Adder' <Latency = 0> <II = 1> <Delay = 1.73> <FuncUnit> <Opcode : 'add' 'sub'> <InPorts = 2> <OutPorts = 1>
ST_5 : Operation 203 [1/1] (0.00ns) (grouped into LUT with out node same_2)   --->   "%zext_ln56_59 = zext i5 %add_ln56_29" [bnn.cpp:56->bnn.cpp:112]   --->   Operation 203 'zext' 'zext_ln56_59' <Predicate = true> <Delay = 0.00>
ST_5 : Operation 204 [1/1] (1.91ns) (out node of the LUT)   --->   "%same_2 = add i8 %select_ln108_1, i8 %zext_ln56_59" [bnn.cpp:56->bnn.cpp:112]   --->   Operation 204 'add' 'same_2' <Predicate = true> <Delay = 1.91> <CoreInst = "Adder">   --->   Core 1 'Adder' <Latency = 0> <II = 1> <Delay = 1.91> <FuncUnit> <Opcode : 'add' 'sub'> <InPorts = 2> <OutPorts = 1>
ST_5 : Operation 205 [1/1] (0.00ns)   --->   "%br_ln115 = br void %arrayidx19.exit" [bnn.cpp:115]   --->   Operation 205 'br' 'br_ln115' <Predicate = (icmp_ln50_2 & trunc_ln108 == 6)> <Delay = 0.00>
ST_5 : Operation 206 [1/1] (0.00ns)   --->   "%br_ln115 = br void %arrayidx19.exit" [bnn.cpp:115]   --->   Operation 206 'br' 'br_ln115' <Predicate = (icmp_ln50_2 & trunc_ln108 == 5)> <Delay = 0.00>
ST_5 : Operation 207 [1/1] (0.00ns)   --->   "%br_ln115 = br void %arrayidx19.exit" [bnn.cpp:115]   --->   Operation 207 'br' 'br_ln115' <Predicate = (icmp_ln50_2 & trunc_ln108 == 4)> <Delay = 0.00>
ST_5 : Operation 208 [1/1] (0.00ns)   --->   "%br_ln115 = br void %arrayidx19.exit" [bnn.cpp:115]   --->   Operation 208 'br' 'br_ln115' <Predicate = (icmp_ln50_2 & trunc_ln108 == 3)> <Delay = 0.00>
ST_5 : Operation 209 [1/1] (0.00ns)   --->   "%br_ln115 = br void %arrayidx19.exit" [bnn.cpp:115]   --->   Operation 209 'br' 'br_ln115' <Predicate = (icmp_ln50_2 & trunc_ln108 == 2)> <Delay = 0.00>
ST_5 : Operation 210 [1/1] (0.00ns)   --->   "%br_ln115 = br void %arrayidx19.exit" [bnn.cpp:115]   --->   Operation 210 'br' 'br_ln115' <Predicate = (icmp_ln50_2 & trunc_ln108 == 1)> <Delay = 0.00>
ST_5 : Operation 211 [1/1] (0.00ns)   --->   "%br_ln115 = br void %arrayidx19.exit" [bnn.cpp:115]   --->   Operation 211 'br' 'br_ln115' <Predicate = (icmp_ln50_2 & trunc_ln108 == 0)> <Delay = 0.00>
ST_5 : Operation 212 [1/1] (0.00ns)   --->   "%br_ln115 = br void %arrayidx19.exit" [bnn.cpp:115]   --->   Operation 212 'br' 'br_ln115' <Predicate = (icmp_ln50_2 & trunc_ln108 == 7)> <Delay = 0.00>
ST_5 : Operation 213 [1/1] (1.58ns)   --->   "%store_ln48 = store i8 %same_2, i8 %same" [bnn.cpp:48->bnn.cpp:112]   --->   Operation 213 'store' 'store_ln48' <Predicate = true> <Delay = 1.58>
ST_5 : Operation 214 [1/1] (0.00ns)   --->   "%br_ln50 = br void %for.inc.i28" [bnn.cpp:50->bnn.cpp:112]   --->   Operation 214 'br' 'br_ln50' <Predicate = true> <Delay = 0.00>
ST_5 : Operation 239 [1/1] (1.58ns)   --->   "%ret_ln0 = ret"   --->   Operation 239 'ret' 'ret_ln0' <Predicate = (icmp_ln108)> <Delay = 1.58>

State 6 <SV = 5> <Delay = 5.96>
ST_6 : Operation 215 [1/1] (0.00ns)   --->   "%specloopname_ln0 = specloopname void @_ssdm_op_SpecLoopName, void @VITIS_LOOP_108_2_VITIS_LOOP_50_1_str"   --->   Operation 215 'specloopname' 'specloopname_ln0' <Predicate = true> <Delay = 0.00>
ST_6 : Operation 216 [1/1] (0.00ns)   --->   "%speclooptripcount_ln0 = speclooptripcount void @_ssdm_op_SpecLoopTripCount, i64 512, i64 512, i64 512"   --->   Operation 216 'speclooptripcount' 'speclooptripcount_ln0' <Predicate = true> <Delay = 0.00>
ST_6 : Operation 217 [1/1] (0.00ns)   --->   "%specpipeline_ln48 = specpipeline void @_ssdm_op_SpecPipeline, i32 4294967295, i32 0, i32 0, i32 0, void @empty_0" [bnn.cpp:48->bnn.cpp:112]   --->   Operation 217 'specpipeline' 'specpipeline_ln48' <Predicate = true> <Delay = 0.00>
ST_6 : Operation 218 [1/1] (0.00ns)   --->   "%zext_ln108 = zext i3 %lshr_ln1" [bnn.cpp:108]   --->   Operation 218 'zext' 'zext_ln108' <Predicate = true> <Delay = 0.00>
ST_6 : Operation 219 [1/1] (0.00ns)   --->   "%shl_ln60_1 = bitconcatenate i9 @_ssdm_op_BitConcatenate.i9.i8.i1, i8 %same_2, i1 0" [bnn.cpp:60->bnn.cpp:112]   --->   Operation 219 'bitconcatenate' 'shl_ln60_1' <Predicate = true> <Delay = 0.00>
ST_6 : Operation 220 [1/1] (1.82ns)   --->   "%dot = add i9 %shl_ln60_1, i9 384" [bnn.cpp:60->bnn.cpp:112]   --->   Operation 220 'add' 'dot' <Predicate = true> <Delay = 1.82> <CoreInst = "Adder">   --->   Core 1 'Adder' <Latency = 0> <II = 1> <Delay = 1.82> <FuncUnit> <Opcode : 'add' 'sub'> <InPorts = 2> <OutPorts = 1>
ST_6 : Operation 221 [1/1] (1.82ns)   --->   "%icmp_ln115 = icmp_slt  i9 %dot, i9 1" [bnn.cpp:115]   --->   Operation 221 'icmp' 'icmp_ln115' <Predicate = true> <Delay = 1.82> <CoreInst = "Cmp">   --->   Core 9 'Cmp' <Latency = 0> <II = 1> <Delay = 1.82> <FuncUnit> <Opcode : 'seteq' 'setne' 'setle' 'setge' 'setlt' 'setgt'> <InPorts = 2> <OutPorts = 1>
ST_6 : Operation 222 [1/1] (0.00ns)   --->   "%l2_bits_addr = getelementptr i1 %l2_bits, i64 0, i64 %zext_ln108" [bnn.cpp:115]   --->   Operation 222 'getelementptr' 'l2_bits_addr' <Predicate = true> <Delay = 0.00>
ST_6 : Operation 223 [1/1] (0.00ns)   --->   "%l2_bits_1_addr = getelementptr i1 %l2_bits_1, i64 0, i64 %zext_ln108" [bnn.cpp:115]   --->   Operation 223 'getelementptr' 'l2_bits_1_addr' <Predicate = true> <Delay = 0.00>
ST_6 : Operation 224 [1/1] (0.00ns)   --->   "%l2_bits_2_addr = getelementptr i1 %l2_bits_2, i64 0, i64 %zext_ln108" [bnn.cpp:115]   --->   Operation 224 'getelementptr' 'l2_bits_2_addr' <Predicate = true> <Delay = 0.00>
ST_6 : Operation 225 [1/1] (0.00ns)   --->   "%l2_bits_3_addr = getelementptr i1 %l2_bits_3, i64 0, i64 %zext_ln108" [bnn.cpp:115]   --->   Operation 225 'getelementptr' 'l2_bits_3_addr' <Predicate = true> <Delay = 0.00>
ST_6 : Operation 226 [1/1] (0.00ns)   --->   "%l2_bits_4_addr = getelementptr i1 %l2_bits_4, i64 0, i64 %zext_ln108" [bnn.cpp:115]   --->   Operation 226 'getelementptr' 'l2_bits_4_addr' <Predicate = true> <Delay = 0.00>
ST_6 : Operation 227 [1/1] (0.00ns)   --->   "%l2_bits_5_addr = getelementptr i1 %l2_bits_5, i64 0, i64 %zext_ln108" [bnn.cpp:115]   --->   Operation 227 'getelementptr' 'l2_bits_5_addr' <Predicate = true> <Delay = 0.00>
ST_6 : Operation 228 [1/1] (0.00ns)   --->   "%l2_bits_6_addr = getelementptr i1 %l2_bits_6, i64 0, i64 %zext_ln108" [bnn.cpp:115]   --->   Operation 228 'getelementptr' 'l2_bits_6_addr' <Predicate = true> <Delay = 0.00>
ST_6 : Operation 229 [1/1] (0.00ns)   --->   "%l2_bits_7_addr = getelementptr i1 %l2_bits_7, i64 0, i64 %zext_ln108" [bnn.cpp:115]   --->   Operation 229 'getelementptr' 'l2_bits_7_addr' <Predicate = true> <Delay = 0.00>
ST_6 : Operation 230 [1/1] ( I:2.32ns O:2.32ns )   --->   "%store_ln115 = store i1 %icmp_ln115, i3 %l2_bits_6_addr" [bnn.cpp:115]   --->   Operation 230 'store' 'store_ln115' <Predicate = (icmp_ln50_2 & trunc_ln108 == 6)> <Delay = 2.32> <CoreInst = "RAM">   --->   Core 81 'RAM' <Latency = 1> <II = 1> <Delay = 2.32> <Storage> <Opcode : 'load' 'store'> <Ports = 2> <Width = 1> <Depth = 8> <RAM>
ST_6 : Operation 231 [1/1] ( I:2.32ns O:2.32ns )   --->   "%store_ln115 = store i1 %icmp_ln115, i3 %l2_bits_5_addr" [bnn.cpp:115]   --->   Operation 231 'store' 'store_ln115' <Predicate = (icmp_ln50_2 & trunc_ln108 == 5)> <Delay = 2.32> <CoreInst = "RAM">   --->   Core 81 'RAM' <Latency = 1> <II = 1> <Delay = 2.32> <Storage> <Opcode : 'load' 'store'> <Ports = 2> <Width = 1> <Depth = 8> <RAM>
ST_6 : Operation 232 [1/1] ( I:2.32ns O:2.32ns )   --->   "%store_ln115 = store i1 %icmp_ln115, i3 %l2_bits_4_addr" [bnn.cpp:115]   --->   Operation 232 'store' 'store_ln115' <Predicate = (icmp_ln50_2 & trunc_ln108 == 4)> <Delay = 2.32> <CoreInst = "RAM">   --->   Core 81 'RAM' <Latency = 1> <II = 1> <Delay = 2.32> <Storage> <Opcode : 'load' 'store'> <Ports = 2> <Width = 1> <Depth = 8> <RAM>
ST_6 : Operation 233 [1/1] ( I:2.32ns O:2.32ns )   --->   "%store_ln115 = store i1 %icmp_ln115, i3 %l2_bits_3_addr" [bnn.cpp:115]   --->   Operation 233 'store' 'store_ln115' <Predicate = (icmp_ln50_2 & trunc_ln108 == 3)> <Delay = 2.32> <CoreInst = "RAM">   --->   Core 81 'RAM' <Latency = 1> <II = 1> <Delay = 2.32> <Storage> <Opcode : 'load' 'store'> <Ports = 2> <Width = 1> <Depth = 8> <RAM>
ST_6 : Operation 234 [1/1] ( I:2.32ns O:2.32ns )   --->   "%store_ln115 = store i1 %icmp_ln115, i3 %l2_bits_2_addr" [bnn.cpp:115]   --->   Operation 234 'store' 'store_ln115' <Predicate = (icmp_ln50_2 & trunc_ln108 == 2)> <Delay = 2.32> <CoreInst = "RAM">   --->   Core 81 'RAM' <Latency = 1> <II = 1> <Delay = 2.32> <Storage> <Opcode : 'load' 'store'> <Ports = 2> <Width = 1> <Depth = 8> <RAM>
ST_6 : Operation 235 [1/1] ( I:2.32ns O:2.32ns )   --->   "%store_ln115 = store i1 %icmp_ln115, i3 %l2_bits_1_addr" [bnn.cpp:115]   --->   Operation 235 'store' 'store_ln115' <Predicate = (icmp_ln50_2 & trunc_ln108 == 1)> <Delay = 2.32> <CoreInst = "RAM">   --->   Core 81 'RAM' <Latency = 1> <II = 1> <Delay = 2.32> <Storage> <Opcode : 'load' 'store'> <Ports = 2> <Width = 1> <Depth = 8> <RAM>
ST_6 : Operation 236 [1/1] ( I:2.32ns O:2.32ns )   --->   "%store_ln115 = store i1 %icmp_ln115, i3 %l2_bits_addr" [bnn.cpp:115]   --->   Operation 236 'store' 'store_ln115' <Predicate = (icmp_ln50_2 & trunc_ln108 == 0)> <Delay = 2.32> <CoreInst = "RAM">   --->   Core 81 'RAM' <Latency = 1> <II = 1> <Delay = 2.32> <Storage> <Opcode : 'load' 'store'> <Ports = 2> <Width = 1> <Depth = 8> <RAM>
ST_6 : Operation 237 [1/1] ( I:2.32ns O:2.32ns )   --->   "%store_ln115 = store i1 %icmp_ln115, i3 %l2_bits_7_addr" [bnn.cpp:115]   --->   Operation 237 'store' 'store_ln115' <Predicate = (icmp_ln50_2 & trunc_ln108 == 7)> <Delay = 2.32> <CoreInst = "RAM">   --->   Core 81 'RAM' <Latency = 1> <II = 1> <Delay = 2.32> <Storage> <Opcode : 'load' 'store'> <Ports = 2> <Width = 1> <Depth = 8> <RAM>
ST_6 : Operation 238 [1/1] (0.00ns)   --->   "%br_ln50 = br void %new.latch.for.inc.i28.split" [bnn.cpp:50->bnn.cpp:112]   --->   Operation 238 'br' 'br_ln50' <Predicate = (icmp_ln50_2)> <Delay = 0.00>


============================================================
+ Verbose Summary: Timing violations
============================================================
Target clock period: 10.000ns, clock uncertainty: 2.700ns.

 <State 1>: 4.907ns
The critical path consists of the following:
	'store' operation 0 bit ('store_ln0') of constant 0 on local variable 'indvar_flatten6' [15]  (1.588 ns)
	'load' operation 10 bit ('indvar_flatten6_load', bnn.cpp:108) on local variable 'indvar_flatten6' [21]  (0.000 ns)
	'icmp' operation 1 bit ('icmp_ln108', bnn.cpp:108) [22]  (1.731 ns)
	'store' operation 0 bit ('store_ln108', bnn.cpp:108) of variable 'add_ln108', bnn.cpp:108 on local variable 'indvar_flatten6' [247]  (1.588 ns)

 <State 2>: 6.229ns
The critical path consists of the following:
	'load' operation 4 bit ('w_load', bnn.cpp:50->bnn.cpp:112) on local variable 'w', bnn.cpp:50->bnn.cpp:112 [27]  (0.000 ns)
	'icmp' operation 1 bit ('icmp_ln50', bnn.cpp:50->bnn.cpp:112) [31]  (1.735 ns)
	'select' operation 4 bit ('select_ln108', bnn.cpp:108) [32]  (1.024 ns)
	'add' operation 4 bit ('add_ln50', bnn.cpp:50->bnn.cpp:112) [202]  (1.735 ns)
	'icmp' operation 1 bit ('icmp_ln50_2', bnn.cpp:50->bnn.cpp:112) [203]  (1.735 ns)

 <State 3>: 5.077ns
The critical path consists of the following:
	'add' operation 9 bit ('add_ln53', bnn.cpp:53->bnn.cpp:112) [44]  (1.823 ns)
	'getelementptr' operation 9 bit ('w2_addr', bnn.cpp:53->bnn.cpp:112) [46]  (0.000 ns)
	'load' operation 16 bit ('b', bnn.cpp:53->bnn.cpp:112) on array 'w2' [47]  (3.254 ns)

 <State 4>: 6.384ns
The critical path consists of the following:
	'load' operation 16 bit ('b', bnn.cpp:53->bnn.cpp:112) on array 'w2' [47]  (3.254 ns)
	'xor' operation 1 bit ('xor_ln55_111', bnn.cpp:55->bnn.cpp:112) [50]  (0.000 ns)
	'xor' operation 16 bit ('xnor', bnn.cpp:55->bnn.cpp:112) [124]  (0.000 ns)
	'add' operation 2 bit ('add_ln56', bnn.cpp:56->bnn.cpp:112) [171]  (1.565 ns)
	'add' operation 3 bit ('add_ln56_17', bnn.cpp:56->bnn.cpp:112) [175]  (1.565 ns)

 <State 5>: 6.888ns
The critical path consists of the following:
	'add' operation 4 bit ('add_ln56_21', bnn.cpp:56->bnn.cpp:112) [183]  (1.650 ns)
	'add' operation 5 bit ('add_ln56_29', bnn.cpp:56->bnn.cpp:112) [199]  (1.735 ns)
	'add' operation 8 bit ('same', bnn.cpp:56->bnn.cpp:112) [201]  (1.915 ns)
	'store' operation 0 bit ('store_ln48', bnn.cpp:48->bnn.cpp:112) of variable 'same', bnn.cpp:56->bnn.cpp:112 on local variable 'same', bnn.cpp:48->bnn.cpp:112 [250]  (1.588 ns)

 <State 6>: 5.968ns
The critical path consists of the following:
	'add' operation 9 bit ('dot', bnn.cpp:60->bnn.cpp:112) [207]  (1.823 ns)
	'icmp' operation 1 bit ('icmp_ln115', bnn.cpp:115) [208]  (1.823 ns)
	'store' operation 0 bit ('store_ln115', bnn.cpp:115) of variable 'icmp_ln115', bnn.cpp:115 on array 'l2_bits_6' [221]  (2.322 ns)


============================================================
+ Verbose Summary: Binding
============================================================
N/A
* FSMD analyzer results:
  - Output states:
 - Input state : 
  - Chain level:
	State 1
	State 2
	State 3
	State 4
	State 5
	State 6


============================================================
+ Verbose Summary: Datapath Resource usage 
============================================================
N/A
