

================================================================
== Vitis HLS Report for 'bnn_Pipeline_pack_loop1'
================================================================
* Date:           Wed Dec 10 17:07:57 2025

* Version:        2024.2 (Build 5238294 on Nov  8 2024)
* Project:        bnn.comp
* Solution:       hls (Vivado IP Flow Target)
* Product family: zynq
* Target device:  xc7z020-clg400-1


================================================================
== Performance Estimates
================================================================
+ Timing: 
    * Summary: 
    +--------+----------+----------+------------+
    |  Clock |  Target  | Estimated| Uncertainty|
    +--------+----------+----------+------------+
    |ap_clk  |  10.00 ns|  4.826 ns|     2.70 ns|
    +--------+----------+----------+------------+

+ Latency: 
    * Summary: 
    +---------+---------+-----------+-----------+-----+-----+------------------------------------------------+
    |  Latency (cycles) |   Latency (absolute)  |  Interval |                    Pipeline                    |
    |   min   |   max   |    min    |    max    | min | max |                      Type                      |
    +---------+---------+-----------+-----------+-----+-----+------------------------------------------------+
    |        6|        6|  60.000 ns|  60.000 ns|    5|    5|  loop auto-rewind stp (delay=0 clock cycles(s))|
    +---------+---------+-----------+-----------+-----+-----+------------------------------------------------+

    + Detail: 
        * Instance: 
        N/A

        * Loop: 
        +-------------+---------+---------+----------+-----------+-----------+------+----------+
        |             |  Latency (cycles) | Iteration|  Initiation Interval  | Trip |          |
        |  Loop Name  |   min   |   max   |  Latency |  achieved |   target  | Count| Pipelined|
        +-------------+---------+---------+----------+-----------+-----------+------+----------+
        |- pack_loop  |        4|        4|         1|          1|          1|     4|       yes|
        +-------------+---------+---------+----------+-----------+-----------+------+----------+

============================================================
+ Verbose Summary: Synthesis Manager
============================================================
InlineROM: 1
ExposeGlobal: 0
============================================================
+ Verbose Summary: CDFG Model
============================================================
IsTopModel: 0
ResetActiveHigh: 1
IsCombinational: 0
IsDatapathOnly: 0
HasWiredReturn: 1
HasMFsm: 2
HasVarLatency: 1
IsPipeline: 0
IsRtlPipelined: 0
IsInstanceOverlapped: 0
IsDontTouch: 0
HasImplIP: 0
IsGatedGlobalClock: 0

+ Individual pipeline summary: 
  * Pipeline-0: initiation interval (II) = 1, depth = 1


============================================================
+ Verbose Summary: Schedule
============================================================
* Number of FSM states : 1
* Pipeline : 1
  Pipeline-0 : II = 1, D = 1, States = { 1 }
* Dataflow Pipeline: 0

* FSM state transitions: 
1 --> 

* FSM state operations: 

State 1 <SV = 0> <Delay = 4.82>
ST_1 : Operation 4 [1/1] (0.00ns)   --->   "%w = alloca i32 1" [bnn.cpp:26->bnn.cpp:135]   --->   Operation 4 'alloca' 'w' <Predicate = true> <Delay = 0.00>
ST_1 : Operation 5 [1/1] (0.00ns)   --->   "%p_0_0271104 = alloca i32 1"   --->   Operation 5 'alloca' 'p_0_0271104' <Predicate = true> <Delay = 0.00>
ST_1 : Operation 6 [1/1] (0.00ns)   --->   "%p_0_0271_1106 = alloca i32 1"   --->   Operation 6 'alloca' 'p_0_0271_1106' <Predicate = true> <Delay = 0.00>
ST_1 : Operation 7 [1/1] (0.00ns)   --->   "%p_0_0271_2108 = alloca i32 1"   --->   Operation 7 'alloca' 'p_0_0271_2108' <Predicate = true> <Delay = 0.00>
ST_1 : Operation 8 [1/1] (0.00ns)   --->   "%p_0_0271_3110 = alloca i32 1"   --->   Operation 8 'alloca' 'p_0_0271_3110' <Predicate = true> <Delay = 0.00>
ST_1 : Operation 9 [1/1] (0.00ns)   --->   "%l2_bits_63_reload_read = read i1 @_ssdm_op_Read.ap_auto.i1, i1 %l2_bits_63_reload"   --->   Operation 9 'read' 'l2_bits_63_reload_read' <Predicate = true> <Delay = 0.00>
ST_1 : Operation 10 [1/1] (0.00ns)   --->   "%l2_bits_47_reload_read = read i1 @_ssdm_op_Read.ap_auto.i1, i1 %l2_bits_47_reload"   --->   Operation 10 'read' 'l2_bits_47_reload_read' <Predicate = true> <Delay = 0.00>
ST_1 : Operation 11 [1/1] (0.00ns)   --->   "%l2_bits_31_reload_read = read i1 @_ssdm_op_Read.ap_auto.i1, i1 %l2_bits_31_reload"   --->   Operation 11 'read' 'l2_bits_31_reload_read' <Predicate = true> <Delay = 0.00>
ST_1 : Operation 12 [1/1] (0.00ns)   --->   "%l2_bits_15_reload_read = read i1 @_ssdm_op_Read.ap_auto.i1, i1 %l2_bits_15_reload"   --->   Operation 12 'read' 'l2_bits_15_reload_read' <Predicate = true> <Delay = 0.00>
ST_1 : Operation 13 [1/1] (0.00ns)   --->   "%l2_bits_62_reload_read = read i1 @_ssdm_op_Read.ap_auto.i1, i1 %l2_bits_62_reload"   --->   Operation 13 'read' 'l2_bits_62_reload_read' <Predicate = true> <Delay = 0.00>
ST_1 : Operation 14 [1/1] (0.00ns)   --->   "%l2_bits_46_reload_read = read i1 @_ssdm_op_Read.ap_auto.i1, i1 %l2_bits_46_reload"   --->   Operation 14 'read' 'l2_bits_46_reload_read' <Predicate = true> <Delay = 0.00>
ST_1 : Operation 15 [1/1] (0.00ns)   --->   "%l2_bits_30_reload_read = read i1 @_ssdm_op_Read.ap_auto.i1, i1 %l2_bits_30_reload"   --->   Operation 15 'read' 'l2_bits_30_reload_read' <Predicate = true> <Delay = 0.00>
ST_1 : Operation 16 [1/1] (0.00ns)   --->   "%l2_bits_14_reload_read = read i1 @_ssdm_op_Read.ap_auto.i1, i1 %l2_bits_14_reload"   --->   Operation 16 'read' 'l2_bits_14_reload_read' <Predicate = true> <Delay = 0.00>
ST_1 : Operation 17 [1/1] (0.00ns)   --->   "%l2_bits_61_reload_read = read i1 @_ssdm_op_Read.ap_auto.i1, i1 %l2_bits_61_reload"   --->   Operation 17 'read' 'l2_bits_61_reload_read' <Predicate = true> <Delay = 0.00>
ST_1 : Operation 18 [1/1] (0.00ns)   --->   "%l2_bits_45_reload_read = read i1 @_ssdm_op_Read.ap_auto.i1, i1 %l2_bits_45_reload"   --->   Operation 18 'read' 'l2_bits_45_reload_read' <Predicate = true> <Delay = 0.00>
ST_1 : Operation 19 [1/1] (0.00ns)   --->   "%l2_bits_29_reload_read = read i1 @_ssdm_op_Read.ap_auto.i1, i1 %l2_bits_29_reload"   --->   Operation 19 'read' 'l2_bits_29_reload_read' <Predicate = true> <Delay = 0.00>
ST_1 : Operation 20 [1/1] (0.00ns)   --->   "%l2_bits_13_reload_read = read i1 @_ssdm_op_Read.ap_auto.i1, i1 %l2_bits_13_reload"   --->   Operation 20 'read' 'l2_bits_13_reload_read' <Predicate = true> <Delay = 0.00>
ST_1 : Operation 21 [1/1] (0.00ns)   --->   "%l2_bits_60_reload_read = read i1 @_ssdm_op_Read.ap_auto.i1, i1 %l2_bits_60_reload"   --->   Operation 21 'read' 'l2_bits_60_reload_read' <Predicate = true> <Delay = 0.00>
ST_1 : Operation 22 [1/1] (0.00ns)   --->   "%l2_bits_44_reload_read = read i1 @_ssdm_op_Read.ap_auto.i1, i1 %l2_bits_44_reload"   --->   Operation 22 'read' 'l2_bits_44_reload_read' <Predicate = true> <Delay = 0.00>
ST_1 : Operation 23 [1/1] (0.00ns)   --->   "%l2_bits_28_reload_read = read i1 @_ssdm_op_Read.ap_auto.i1, i1 %l2_bits_28_reload"   --->   Operation 23 'read' 'l2_bits_28_reload_read' <Predicate = true> <Delay = 0.00>
ST_1 : Operation 24 [1/1] (0.00ns)   --->   "%l2_bits_12_reload_read = read i1 @_ssdm_op_Read.ap_auto.i1, i1 %l2_bits_12_reload"   --->   Operation 24 'read' 'l2_bits_12_reload_read' <Predicate = true> <Delay = 0.00>
ST_1 : Operation 25 [1/1] (0.00ns)   --->   "%l2_bits_59_reload_read = read i1 @_ssdm_op_Read.ap_auto.i1, i1 %l2_bits_59_reload"   --->   Operation 25 'read' 'l2_bits_59_reload_read' <Predicate = true> <Delay = 0.00>
ST_1 : Operation 26 [1/1] (0.00ns)   --->   "%l2_bits_43_reload_read = read i1 @_ssdm_op_Read.ap_auto.i1, i1 %l2_bits_43_reload"   --->   Operation 26 'read' 'l2_bits_43_reload_read' <Predicate = true> <Delay = 0.00>
ST_1 : Operation 27 [1/1] (0.00ns)   --->   "%l2_bits_27_reload_read = read i1 @_ssdm_op_Read.ap_auto.i1, i1 %l2_bits_27_reload"   --->   Operation 27 'read' 'l2_bits_27_reload_read' <Predicate = true> <Delay = 0.00>
ST_1 : Operation 28 [1/1] (0.00ns)   --->   "%l2_bits_11_reload_read = read i1 @_ssdm_op_Read.ap_auto.i1, i1 %l2_bits_11_reload"   --->   Operation 28 'read' 'l2_bits_11_reload_read' <Predicate = true> <Delay = 0.00>
ST_1 : Operation 29 [1/1] (0.00ns)   --->   "%l2_bits_58_reload_read = read i1 @_ssdm_op_Read.ap_auto.i1, i1 %l2_bits_58_reload"   --->   Operation 29 'read' 'l2_bits_58_reload_read' <Predicate = true> <Delay = 0.00>
ST_1 : Operation 30 [1/1] (0.00ns)   --->   "%l2_bits_42_reload_read = read i1 @_ssdm_op_Read.ap_auto.i1, i1 %l2_bits_42_reload"   --->   Operation 30 'read' 'l2_bits_42_reload_read' <Predicate = true> <Delay = 0.00>
ST_1 : Operation 31 [1/1] (0.00ns)   --->   "%l2_bits_26_reload_read = read i1 @_ssdm_op_Read.ap_auto.i1, i1 %l2_bits_26_reload"   --->   Operation 31 'read' 'l2_bits_26_reload_read' <Predicate = true> <Delay = 0.00>
ST_1 : Operation 32 [1/1] (0.00ns)   --->   "%l2_bits_10_reload_read = read i1 @_ssdm_op_Read.ap_auto.i1, i1 %l2_bits_10_reload"   --->   Operation 32 'read' 'l2_bits_10_reload_read' <Predicate = true> <Delay = 0.00>
ST_1 : Operation 33 [1/1] (0.00ns)   --->   "%l2_bits_57_reload_read = read i1 @_ssdm_op_Read.ap_auto.i1, i1 %l2_bits_57_reload"   --->   Operation 33 'read' 'l2_bits_57_reload_read' <Predicate = true> <Delay = 0.00>
ST_1 : Operation 34 [1/1] (0.00ns)   --->   "%l2_bits_41_reload_read = read i1 @_ssdm_op_Read.ap_auto.i1, i1 %l2_bits_41_reload"   --->   Operation 34 'read' 'l2_bits_41_reload_read' <Predicate = true> <Delay = 0.00>
ST_1 : Operation 35 [1/1] (0.00ns)   --->   "%l2_bits_25_reload_read = read i1 @_ssdm_op_Read.ap_auto.i1, i1 %l2_bits_25_reload"   --->   Operation 35 'read' 'l2_bits_25_reload_read' <Predicate = true> <Delay = 0.00>
ST_1 : Operation 36 [1/1] (0.00ns)   --->   "%l2_bits_9_reload_read = read i1 @_ssdm_op_Read.ap_auto.i1, i1 %l2_bits_9_reload"   --->   Operation 36 'read' 'l2_bits_9_reload_read' <Predicate = true> <Delay = 0.00>
ST_1 : Operation 37 [1/1] (0.00ns)   --->   "%l2_bits_56_reload_read = read i1 @_ssdm_op_Read.ap_auto.i1, i1 %l2_bits_56_reload"   --->   Operation 37 'read' 'l2_bits_56_reload_read' <Predicate = true> <Delay = 0.00>
ST_1 : Operation 38 [1/1] (0.00ns)   --->   "%l2_bits_40_reload_read = read i1 @_ssdm_op_Read.ap_auto.i1, i1 %l2_bits_40_reload"   --->   Operation 38 'read' 'l2_bits_40_reload_read' <Predicate = true> <Delay = 0.00>
ST_1 : Operation 39 [1/1] (0.00ns)   --->   "%l2_bits_24_reload_read = read i1 @_ssdm_op_Read.ap_auto.i1, i1 %l2_bits_24_reload"   --->   Operation 39 'read' 'l2_bits_24_reload_read' <Predicate = true> <Delay = 0.00>
ST_1 : Operation 40 [1/1] (0.00ns)   --->   "%l2_bits_8_reload_read = read i1 @_ssdm_op_Read.ap_auto.i1, i1 %l2_bits_8_reload"   --->   Operation 40 'read' 'l2_bits_8_reload_read' <Predicate = true> <Delay = 0.00>
ST_1 : Operation 41 [1/1] (0.00ns)   --->   "%l2_bits_55_reload_read = read i1 @_ssdm_op_Read.ap_auto.i1, i1 %l2_bits_55_reload"   --->   Operation 41 'read' 'l2_bits_55_reload_read' <Predicate = true> <Delay = 0.00>
ST_1 : Operation 42 [1/1] (0.00ns)   --->   "%l2_bits_39_reload_read = read i1 @_ssdm_op_Read.ap_auto.i1, i1 %l2_bits_39_reload"   --->   Operation 42 'read' 'l2_bits_39_reload_read' <Predicate = true> <Delay = 0.00>
ST_1 : Operation 43 [1/1] (0.00ns)   --->   "%l2_bits_23_reload_read = read i1 @_ssdm_op_Read.ap_auto.i1, i1 %l2_bits_23_reload"   --->   Operation 43 'read' 'l2_bits_23_reload_read' <Predicate = true> <Delay = 0.00>
ST_1 : Operation 44 [1/1] (0.00ns)   --->   "%l2_bits_7_reload_read = read i1 @_ssdm_op_Read.ap_auto.i1, i1 %l2_bits_7_reload"   --->   Operation 44 'read' 'l2_bits_7_reload_read' <Predicate = true> <Delay = 0.00>
ST_1 : Operation 45 [1/1] (0.00ns)   --->   "%l2_bits_54_reload_read = read i1 @_ssdm_op_Read.ap_auto.i1, i1 %l2_bits_54_reload"   --->   Operation 45 'read' 'l2_bits_54_reload_read' <Predicate = true> <Delay = 0.00>
ST_1 : Operation 46 [1/1] (0.00ns)   --->   "%l2_bits_38_reload_read = read i1 @_ssdm_op_Read.ap_auto.i1, i1 %l2_bits_38_reload"   --->   Operation 46 'read' 'l2_bits_38_reload_read' <Predicate = true> <Delay = 0.00>
ST_1 : Operation 47 [1/1] (0.00ns)   --->   "%l2_bits_22_reload_read = read i1 @_ssdm_op_Read.ap_auto.i1, i1 %l2_bits_22_reload"   --->   Operation 47 'read' 'l2_bits_22_reload_read' <Predicate = true> <Delay = 0.00>
ST_1 : Operation 48 [1/1] (0.00ns)   --->   "%l2_bits_6_reload_read = read i1 @_ssdm_op_Read.ap_auto.i1, i1 %l2_bits_6_reload"   --->   Operation 48 'read' 'l2_bits_6_reload_read' <Predicate = true> <Delay = 0.00>
ST_1 : Operation 49 [1/1] (0.00ns)   --->   "%l2_bits_53_reload_read = read i1 @_ssdm_op_Read.ap_auto.i1, i1 %l2_bits_53_reload"   --->   Operation 49 'read' 'l2_bits_53_reload_read' <Predicate = true> <Delay = 0.00>
ST_1 : Operation 50 [1/1] (0.00ns)   --->   "%l2_bits_37_reload_read = read i1 @_ssdm_op_Read.ap_auto.i1, i1 %l2_bits_37_reload"   --->   Operation 50 'read' 'l2_bits_37_reload_read' <Predicate = true> <Delay = 0.00>
ST_1 : Operation 51 [1/1] (0.00ns)   --->   "%l2_bits_21_reload_read = read i1 @_ssdm_op_Read.ap_auto.i1, i1 %l2_bits_21_reload"   --->   Operation 51 'read' 'l2_bits_21_reload_read' <Predicate = true> <Delay = 0.00>
ST_1 : Operation 52 [1/1] (0.00ns)   --->   "%l2_bits_5_reload_read = read i1 @_ssdm_op_Read.ap_auto.i1, i1 %l2_bits_5_reload"   --->   Operation 52 'read' 'l2_bits_5_reload_read' <Predicate = true> <Delay = 0.00>
ST_1 : Operation 53 [1/1] (0.00ns)   --->   "%l2_bits_52_reload_read = read i1 @_ssdm_op_Read.ap_auto.i1, i1 %l2_bits_52_reload"   --->   Operation 53 'read' 'l2_bits_52_reload_read' <Predicate = true> <Delay = 0.00>
ST_1 : Operation 54 [1/1] (0.00ns)   --->   "%l2_bits_36_reload_read = read i1 @_ssdm_op_Read.ap_auto.i1, i1 %l2_bits_36_reload"   --->   Operation 54 'read' 'l2_bits_36_reload_read' <Predicate = true> <Delay = 0.00>
ST_1 : Operation 55 [1/1] (0.00ns)   --->   "%l2_bits_20_reload_read = read i1 @_ssdm_op_Read.ap_auto.i1, i1 %l2_bits_20_reload"   --->   Operation 55 'read' 'l2_bits_20_reload_read' <Predicate = true> <Delay = 0.00>
ST_1 : Operation 56 [1/1] (0.00ns)   --->   "%l2_bits_4_reload_read = read i1 @_ssdm_op_Read.ap_auto.i1, i1 %l2_bits_4_reload"   --->   Operation 56 'read' 'l2_bits_4_reload_read' <Predicate = true> <Delay = 0.00>
ST_1 : Operation 57 [1/1] (0.00ns)   --->   "%l2_bits_51_reload_read = read i1 @_ssdm_op_Read.ap_auto.i1, i1 %l2_bits_51_reload"   --->   Operation 57 'read' 'l2_bits_51_reload_read' <Predicate = true> <Delay = 0.00>
ST_1 : Operation 58 [1/1] (0.00ns)   --->   "%l2_bits_35_reload_read = read i1 @_ssdm_op_Read.ap_auto.i1, i1 %l2_bits_35_reload"   --->   Operation 58 'read' 'l2_bits_35_reload_read' <Predicate = true> <Delay = 0.00>
ST_1 : Operation 59 [1/1] (0.00ns)   --->   "%l2_bits_19_reload_read = read i1 @_ssdm_op_Read.ap_auto.i1, i1 %l2_bits_19_reload"   --->   Operation 59 'read' 'l2_bits_19_reload_read' <Predicate = true> <Delay = 0.00>
ST_1 : Operation 60 [1/1] (0.00ns)   --->   "%l2_bits_3_reload_read = read i1 @_ssdm_op_Read.ap_auto.i1, i1 %l2_bits_3_reload"   --->   Operation 60 'read' 'l2_bits_3_reload_read' <Predicate = true> <Delay = 0.00>
ST_1 : Operation 61 [1/1] (0.00ns)   --->   "%l2_bits_50_reload_read = read i1 @_ssdm_op_Read.ap_auto.i1, i1 %l2_bits_50_reload"   --->   Operation 61 'read' 'l2_bits_50_reload_read' <Predicate = true> <Delay = 0.00>
ST_1 : Operation 62 [1/1] (0.00ns)   --->   "%l2_bits_34_reload_read = read i1 @_ssdm_op_Read.ap_auto.i1, i1 %l2_bits_34_reload"   --->   Operation 62 'read' 'l2_bits_34_reload_read' <Predicate = true> <Delay = 0.00>
ST_1 : Operation 63 [1/1] (0.00ns)   --->   "%l2_bits_18_reload_read = read i1 @_ssdm_op_Read.ap_auto.i1, i1 %l2_bits_18_reload"   --->   Operation 63 'read' 'l2_bits_18_reload_read' <Predicate = true> <Delay = 0.00>
ST_1 : Operation 64 [1/1] (0.00ns)   --->   "%l2_bits_2_reload_read = read i1 @_ssdm_op_Read.ap_auto.i1, i1 %l2_bits_2_reload"   --->   Operation 64 'read' 'l2_bits_2_reload_read' <Predicate = true> <Delay = 0.00>
ST_1 : Operation 65 [1/1] (0.00ns)   --->   "%l2_bits_49_reload_read = read i1 @_ssdm_op_Read.ap_auto.i1, i1 %l2_bits_49_reload"   --->   Operation 65 'read' 'l2_bits_49_reload_read' <Predicate = true> <Delay = 0.00>
ST_1 : Operation 66 [1/1] (0.00ns)   --->   "%l2_bits_33_reload_read = read i1 @_ssdm_op_Read.ap_auto.i1, i1 %l2_bits_33_reload"   --->   Operation 66 'read' 'l2_bits_33_reload_read' <Predicate = true> <Delay = 0.00>
ST_1 : Operation 67 [1/1] (0.00ns)   --->   "%l2_bits_17_reload_read = read i1 @_ssdm_op_Read.ap_auto.i1, i1 %l2_bits_17_reload"   --->   Operation 67 'read' 'l2_bits_17_reload_read' <Predicate = true> <Delay = 0.00>
ST_1 : Operation 68 [1/1] (0.00ns)   --->   "%l2_bits_1_reload_read = read i1 @_ssdm_op_Read.ap_auto.i1, i1 %l2_bits_1_reload"   --->   Operation 68 'read' 'l2_bits_1_reload_read' <Predicate = true> <Delay = 0.00>
ST_1 : Operation 69 [1/1] (0.00ns)   --->   "%l2_bits_48_reload_read = read i1 @_ssdm_op_Read.ap_auto.i1, i1 %l2_bits_48_reload"   --->   Operation 69 'read' 'l2_bits_48_reload_read' <Predicate = true> <Delay = 0.00>
ST_1 : Operation 70 [1/1] (0.00ns)   --->   "%l2_bits_32_reload_read = read i1 @_ssdm_op_Read.ap_auto.i1, i1 %l2_bits_32_reload"   --->   Operation 70 'read' 'l2_bits_32_reload_read' <Predicate = true> <Delay = 0.00>
ST_1 : Operation 71 [1/1] (0.00ns)   --->   "%l2_bits_16_reload_read = read i1 @_ssdm_op_Read.ap_auto.i1, i1 %l2_bits_16_reload"   --->   Operation 71 'read' 'l2_bits_16_reload_read' <Predicate = true> <Delay = 0.00>
ST_1 : Operation 72 [1/1] (0.00ns)   --->   "%l2_bits_reload_read = read i1 @_ssdm_op_Read.ap_auto.i1, i1 %l2_bits_reload"   --->   Operation 72 'read' 'l2_bits_reload_read' <Predicate = true> <Delay = 0.00>
ST_1 : Operation 73 [1/1] (1.58ns)   --->   "%store_ln26 = store i3 0, i3 %w" [bnn.cpp:26->bnn.cpp:135]   --->   Operation 73 'store' 'store_ln26' <Predicate = true> <Delay = 1.58>
ST_1 : Operation 74 [1/1] (0.00ns)   --->   "%br_ln0 = br void %for.body.i65"   --->   Operation 74 'br' 'br_ln0' <Predicate = true> <Delay = 0.00>
ST_1 : Operation 75 [1/1] (0.00ns)   --->   "%w_1 = load i3 %w" [bnn.cpp:26->bnn.cpp:135]   --->   Operation 75 'load' 'w_1' <Predicate = true> <Delay = 0.00>
ST_1 : Operation 76 [1/1] (1.65ns)   --->   "%icmp_ln26 = icmp_eq  i3 %w_1, i3 4" [bnn.cpp:26->bnn.cpp:135]   --->   Operation 76 'icmp' 'icmp_ln26' <Predicate = true> <Delay = 1.65> <CoreInst = "Cmp">   --->   Core 9 'Cmp' <Latency = 0> <II = 1> <Delay = 1.65> <FuncUnit> <Opcode : 'seteq' 'setne' 'setle' 'setge' 'setlt' 'setgt'> <InPorts = 2> <OutPorts = 1>
ST_1 : Operation 77 [1/1] (1.65ns)   --->   "%add_ln26 = add i3 %w_1, i3 1" [bnn.cpp:26->bnn.cpp:135]   --->   Operation 77 'add' 'add_ln26' <Predicate = true> <Delay = 1.65> <CoreInst = "Adder">   --->   Core 1 'Adder' <Latency = 0> <II = 1> <Delay = 1.65> <FuncUnit> <Opcode : 'add' 'sub'> <InPorts = 2> <OutPorts = 1>
ST_1 : Operation 78 [1/1] (0.00ns)   --->   "%br_ln26 = br i1 %icmp_ln26, void %for.body.i65.split, void %for.body33.preheader.exitStub" [bnn.cpp:26->bnn.cpp:135]   --->   Operation 78 'br' 'br_ln26' <Predicate = true> <Delay = 0.00>
ST_1 : Operation 79 [1/1] (0.00ns)   --->   "%trunc_ln26 = trunc i3 %w_1" [bnn.cpp:26->bnn.cpp:135]   --->   Operation 79 'trunc' 'trunc_ln26' <Predicate = (!icmp_ln26)> <Delay = 0.00>
ST_1 : Operation 80 [1/1] (0.00ns)   --->   "%specpipeline_ln27 = specpipeline void @_ssdm_op_SpecPipeline, i32 1, i32 0, i32 0, i32 0, void @empty_8" [bnn.cpp:27->bnn.cpp:135]   --->   Operation 80 'specpipeline' 'specpipeline_ln27' <Predicate = (!icmp_ln26)> <Delay = 0.00>
ST_1 : Operation 81 [1/1] (0.00ns)   --->   "%speclooptripcount_ln26 = speclooptripcount void @_ssdm_op_SpecLoopTripCount, i64 4, i64 4, i64 4" [bnn.cpp:26->bnn.cpp:135]   --->   Operation 81 'speclooptripcount' 'speclooptripcount_ln26' <Predicate = (!icmp_ln26)> <Delay = 0.00>
ST_1 : Operation 82 [1/1] (0.00ns)   --->   "%specloopname_ln26 = specloopname void @_ssdm_op_SpecLoopName, void @empty_0" [bnn.cpp:26->bnn.cpp:135]   --->   Operation 82 'specloopname' 'specloopname_ln26' <Predicate = (!icmp_ln26)> <Delay = 0.00>
ST_1 : Operation 83 [1/1] (1.82ns)   --->   "%word = sparsemux i1 @_ssdm_op_SparseMux.ap_auto.4i1.i1.i2, i2 0, i1 %l2_bits_reload_read, i2 1, i1 %l2_bits_16_reload_read, i2 2, i1 %l2_bits_32_reload_read, i2 3, i1 %l2_bits_48_reload_read, i1 0, i2 %trunc_ln26" [bnn.cpp:36->bnn.cpp:135]   --->   Operation 83 'sparsemux' 'word' <Predicate = (!icmp_ln26)> <Delay = 1.82> <CoreInst = "BinarySparseMux_DontCare">   --->   Core 137 'BinarySparseMux_DontCare' <Latency = 0> <II = 1> <Delay = 1.82> <FuncUnit> <Opcode : 'sparsemux'> <InPorts = 2> <OutPorts = 1>
ST_1 : Operation 84 [1/1] (1.82ns)   --->   "%tmp_s = sparsemux i1 @_ssdm_op_SparseMux.ap_auto.4i1.i1.i2, i2 0, i1 %l2_bits_1_reload_read, i2 1, i1 %l2_bits_17_reload_read, i2 2, i1 %l2_bits_33_reload_read, i2 3, i1 %l2_bits_49_reload_read, i1 0, i2 %trunc_ln26" [bnn.cpp:36->bnn.cpp:135]   --->   Operation 84 'sparsemux' 'tmp_s' <Predicate = (!icmp_ln26)> <Delay = 1.82> <CoreInst = "BinarySparseMux_DontCare">   --->   Core 137 'BinarySparseMux_DontCare' <Latency = 0> <II = 1> <Delay = 1.82> <FuncUnit> <Opcode : 'sparsemux'> <InPorts = 2> <OutPorts = 1>
ST_1 : Operation 85 [1/1] (1.82ns)   --->   "%tmp_1 = sparsemux i1 @_ssdm_op_SparseMux.ap_auto.4i1.i1.i2, i2 0, i1 %l2_bits_2_reload_read, i2 1, i1 %l2_bits_18_reload_read, i2 2, i1 %l2_bits_34_reload_read, i2 3, i1 %l2_bits_50_reload_read, i1 0, i2 %trunc_ln26" [bnn.cpp:36->bnn.cpp:135]   --->   Operation 85 'sparsemux' 'tmp_1' <Predicate = (!icmp_ln26)> <Delay = 1.82> <CoreInst = "BinarySparseMux_DontCare">   --->   Core 137 'BinarySparseMux_DontCare' <Latency = 0> <II = 1> <Delay = 1.82> <FuncUnit> <Opcode : 'sparsemux'> <InPorts = 2> <OutPorts = 1>
ST_1 : Operation 86 [1/1] (1.82ns)   --->   "%tmp_2 = sparsemux i1 @_ssdm_op_SparseMux.ap_auto.4i1.i1.i2, i2 0, i1 %l2_bits_3_reload_read, i2 1, i1 %l2_bits_19_reload_read, i2 2, i1 %l2_bits_35_reload_read, i2 3, i1 %l2_bits_51_reload_read, i1 0, i2 %trunc_ln26" [bnn.cpp:36->bnn.cpp:135]   --->   Operation 86 'sparsemux' 'tmp_2' <Predicate = (!icmp_ln26)> <Delay = 1.82> <CoreInst = "BinarySparseMux_DontCare">   --->   Core 137 'BinarySparseMux_DontCare' <Latency = 0> <II = 1> <Delay = 1.82> <FuncUnit> <Opcode : 'sparsemux'> <InPorts = 2> <OutPorts = 1>
ST_1 : Operation 87 [1/1] (1.82ns)   --->   "%tmp_3 = sparsemux i1 @_ssdm_op_SparseMux.ap_auto.4i1.i1.i2, i2 0, i1 %l2_bits_4_reload_read, i2 1, i1 %l2_bits_20_reload_read, i2 2, i1 %l2_bits_36_reload_read, i2 3, i1 %l2_bits_52_reload_read, i1 0, i2 %trunc_ln26" [bnn.cpp:36->bnn.cpp:135]   --->   Operation 87 'sparsemux' 'tmp_3' <Predicate = (!icmp_ln26)> <Delay = 1.82> <CoreInst = "BinarySparseMux_DontCare">   --->   Core 137 'BinarySparseMux_DontCare' <Latency = 0> <II = 1> <Delay = 1.82> <FuncUnit> <Opcode : 'sparsemux'> <InPorts = 2> <OutPorts = 1>
ST_1 : Operation 88 [1/1] (1.82ns)   --->   "%tmp_4 = sparsemux i1 @_ssdm_op_SparseMux.ap_auto.4i1.i1.i2, i2 0, i1 %l2_bits_5_reload_read, i2 1, i1 %l2_bits_21_reload_read, i2 2, i1 %l2_bits_37_reload_read, i2 3, i1 %l2_bits_53_reload_read, i1 0, i2 %trunc_ln26" [bnn.cpp:36->bnn.cpp:135]   --->   Operation 88 'sparsemux' 'tmp_4' <Predicate = (!icmp_ln26)> <Delay = 1.82> <CoreInst = "BinarySparseMux_DontCare">   --->   Core 137 'BinarySparseMux_DontCare' <Latency = 0> <II = 1> <Delay = 1.82> <FuncUnit> <Opcode : 'sparsemux'> <InPorts = 2> <OutPorts = 1>
ST_1 : Operation 89 [1/1] (1.82ns)   --->   "%tmp_5 = sparsemux i1 @_ssdm_op_SparseMux.ap_auto.4i1.i1.i2, i2 0, i1 %l2_bits_6_reload_read, i2 1, i1 %l2_bits_22_reload_read, i2 2, i1 %l2_bits_38_reload_read, i2 3, i1 %l2_bits_54_reload_read, i1 0, i2 %trunc_ln26" [bnn.cpp:36->bnn.cpp:135]   --->   Operation 89 'sparsemux' 'tmp_5' <Predicate = (!icmp_ln26)> <Delay = 1.82> <CoreInst = "BinarySparseMux_DontCare">   --->   Core 137 'BinarySparseMux_DontCare' <Latency = 0> <II = 1> <Delay = 1.82> <FuncUnit> <Opcode : 'sparsemux'> <InPorts = 2> <OutPorts = 1>
ST_1 : Operation 90 [1/1] (1.82ns)   --->   "%tmp_6 = sparsemux i1 @_ssdm_op_SparseMux.ap_auto.4i1.i1.i2, i2 0, i1 %l2_bits_7_reload_read, i2 1, i1 %l2_bits_23_reload_read, i2 2, i1 %l2_bits_39_reload_read, i2 3, i1 %l2_bits_55_reload_read, i1 0, i2 %trunc_ln26" [bnn.cpp:36->bnn.cpp:135]   --->   Operation 90 'sparsemux' 'tmp_6' <Predicate = (!icmp_ln26)> <Delay = 1.82> <CoreInst = "BinarySparseMux_DontCare">   --->   Core 137 'BinarySparseMux_DontCare' <Latency = 0> <II = 1> <Delay = 1.82> <FuncUnit> <Opcode : 'sparsemux'> <InPorts = 2> <OutPorts = 1>
ST_1 : Operation 91 [1/1] (1.82ns)   --->   "%tmp_7 = sparsemux i1 @_ssdm_op_SparseMux.ap_auto.4i1.i1.i2, i2 0, i1 %l2_bits_8_reload_read, i2 1, i1 %l2_bits_24_reload_read, i2 2, i1 %l2_bits_40_reload_read, i2 3, i1 %l2_bits_56_reload_read, i1 0, i2 %trunc_ln26" [bnn.cpp:36->bnn.cpp:135]   --->   Operation 91 'sparsemux' 'tmp_7' <Predicate = (!icmp_ln26)> <Delay = 1.82> <CoreInst = "BinarySparseMux_DontCare">   --->   Core 137 'BinarySparseMux_DontCare' <Latency = 0> <II = 1> <Delay = 1.82> <FuncUnit> <Opcode : 'sparsemux'> <InPorts = 2> <OutPorts = 1>
ST_1 : Operation 92 [1/1] (1.82ns)   --->   "%tmp_8 = sparsemux i1 @_ssdm_op_SparseMux.ap_auto.4i1.i1.i2, i2 0, i1 %l2_bits_9_reload_read, i2 1, i1 %l2_bits_25_reload_read, i2 2, i1 %l2_bits_41_reload_read, i2 3, i1 %l2_bits_57_reload_read, i1 0, i2 %trunc_ln26" [bnn.cpp:36->bnn.cpp:135]   --->   Operation 92 'sparsemux' 'tmp_8' <Predicate = (!icmp_ln26)> <Delay = 1.82> <CoreInst = "BinarySparseMux_DontCare">   --->   Core 137 'BinarySparseMux_DontCare' <Latency = 0> <II = 1> <Delay = 1.82> <FuncUnit> <Opcode : 'sparsemux'> <InPorts = 2> <OutPorts = 1>
ST_1 : Operation 93 [1/1] (1.82ns)   --->   "%tmp_9 = sparsemux i1 @_ssdm_op_SparseMux.ap_auto.4i1.i1.i2, i2 0, i1 %l2_bits_10_reload_read, i2 1, i1 %l2_bits_26_reload_read, i2 2, i1 %l2_bits_42_reload_read, i2 3, i1 %l2_bits_58_reload_read, i1 0, i2 %trunc_ln26" [bnn.cpp:36->bnn.cpp:135]   --->   Operation 93 'sparsemux' 'tmp_9' <Predicate = (!icmp_ln26)> <Delay = 1.82> <CoreInst = "BinarySparseMux_DontCare">   --->   Core 137 'BinarySparseMux_DontCare' <Latency = 0> <II = 1> <Delay = 1.82> <FuncUnit> <Opcode : 'sparsemux'> <InPorts = 2> <OutPorts = 1>
ST_1 : Operation 94 [1/1] (1.82ns)   --->   "%tmp_10 = sparsemux i1 @_ssdm_op_SparseMux.ap_auto.4i1.i1.i2, i2 0, i1 %l2_bits_11_reload_read, i2 1, i1 %l2_bits_27_reload_read, i2 2, i1 %l2_bits_43_reload_read, i2 3, i1 %l2_bits_59_reload_read, i1 0, i2 %trunc_ln26" [bnn.cpp:36->bnn.cpp:135]   --->   Operation 94 'sparsemux' 'tmp_10' <Predicate = (!icmp_ln26)> <Delay = 1.82> <CoreInst = "BinarySparseMux_DontCare">   --->   Core 137 'BinarySparseMux_DontCare' <Latency = 0> <II = 1> <Delay = 1.82> <FuncUnit> <Opcode : 'sparsemux'> <InPorts = 2> <OutPorts = 1>
ST_1 : Operation 95 [1/1] (1.82ns)   --->   "%tmp_11 = sparsemux i1 @_ssdm_op_SparseMux.ap_auto.4i1.i1.i2, i2 0, i1 %l2_bits_12_reload_read, i2 1, i1 %l2_bits_28_reload_read, i2 2, i1 %l2_bits_44_reload_read, i2 3, i1 %l2_bits_60_reload_read, i1 0, i2 %trunc_ln26" [bnn.cpp:36->bnn.cpp:135]   --->   Operation 95 'sparsemux' 'tmp_11' <Predicate = (!icmp_ln26)> <Delay = 1.82> <CoreInst = "BinarySparseMux_DontCare">   --->   Core 137 'BinarySparseMux_DontCare' <Latency = 0> <II = 1> <Delay = 1.82> <FuncUnit> <Opcode : 'sparsemux'> <InPorts = 2> <OutPorts = 1>
ST_1 : Operation 96 [1/1] (1.82ns)   --->   "%tmp_12 = sparsemux i1 @_ssdm_op_SparseMux.ap_auto.4i1.i1.i2, i2 0, i1 %l2_bits_13_reload_read, i2 1, i1 %l2_bits_29_reload_read, i2 2, i1 %l2_bits_45_reload_read, i2 3, i1 %l2_bits_61_reload_read, i1 0, i2 %trunc_ln26" [bnn.cpp:36->bnn.cpp:135]   --->   Operation 96 'sparsemux' 'tmp_12' <Predicate = (!icmp_ln26)> <Delay = 1.82> <CoreInst = "BinarySparseMux_DontCare">   --->   Core 137 'BinarySparseMux_DontCare' <Latency = 0> <II = 1> <Delay = 1.82> <FuncUnit> <Opcode : 'sparsemux'> <InPorts = 2> <OutPorts = 1>
ST_1 : Operation 97 [1/1] (1.82ns)   --->   "%tmp_13 = sparsemux i1 @_ssdm_op_SparseMux.ap_auto.4i1.i1.i2, i2 0, i1 %l2_bits_14_reload_read, i2 1, i1 %l2_bits_30_reload_read, i2 2, i1 %l2_bits_46_reload_read, i2 3, i1 %l2_bits_62_reload_read, i1 0, i2 %trunc_ln26" [bnn.cpp:36->bnn.cpp:135]   --->   Operation 97 'sparsemux' 'tmp_13' <Predicate = (!icmp_ln26)> <Delay = 1.82> <CoreInst = "BinarySparseMux_DontCare">   --->   Core 137 'BinarySparseMux_DontCare' <Latency = 0> <II = 1> <Delay = 1.82> <FuncUnit> <Opcode : 'sparsemux'> <InPorts = 2> <OutPorts = 1>
ST_1 : Operation 98 [1/1] (1.82ns)   --->   "%tmp_14 = sparsemux i1 @_ssdm_op_SparseMux.ap_auto.4i1.i1.i2, i2 0, i1 %l2_bits_15_reload_read, i2 1, i1 %l2_bits_31_reload_read, i2 2, i1 %l2_bits_47_reload_read, i2 3, i1 %l2_bits_63_reload_read, i1 0, i2 %trunc_ln26" [bnn.cpp:36->bnn.cpp:135]   --->   Operation 98 'sparsemux' 'tmp_14' <Predicate = (!icmp_ln26)> <Delay = 1.82> <CoreInst = "BinarySparseMux_DontCare">   --->   Core 137 'BinarySparseMux_DontCare' <Latency = 0> <II = 1> <Delay = 1.82> <FuncUnit> <Opcode : 'sparsemux'> <InPorts = 2> <OutPorts = 1>
ST_1 : Operation 99 [1/1] (0.00ns)   --->   "%word_2 = bitconcatenate i16 @_ssdm_op_BitConcatenate.i16.i1.i1.i1.i1.i1.i1.i1.i1.i1.i1.i1.i1.i1.i1.i1.i1, i1 %word, i1 %tmp_s, i1 %tmp_1, i1 %tmp_2, i1 %tmp_3, i1 %tmp_4, i1 %tmp_5, i1 %tmp_6, i1 %tmp_7, i1 %tmp_8, i1 %tmp_9, i1 %tmp_10, i1 %tmp_11, i1 %tmp_12, i1 %tmp_13, i1 %tmp_14" [bnn.cpp:36->bnn.cpp:135]   --->   Operation 99 'bitconcatenate' 'word_2' <Predicate = (!icmp_ln26)> <Delay = 0.00>
ST_1 : Operation 100 [1/1] (1.56ns)   --->   "%switch_ln39 = switch i2 %trunc_ln26, void %arrayidx9.i233.case.3, i2 0, void %for.body.i65.split.arrayidx9.i233.exit_crit_edge, i2 1, void %arrayidx9.i233.case.1, i2 2, void %arrayidx9.i233.case.2" [bnn.cpp:39->bnn.cpp:135]   --->   Operation 100 'switch' 'switch_ln39' <Predicate = (!icmp_ln26)> <Delay = 1.56>
ST_1 : Operation 101 [1/1] (0.00ns)   --->   "%store_ln36 = store i16 %word_2, i16 %p_0_0271_2108" [bnn.cpp:36->bnn.cpp:135]   --->   Operation 101 'store' 'store_ln36' <Predicate = (!icmp_ln26 & trunc_ln26 == 2)> <Delay = 0.00>
ST_1 : Operation 102 [1/1] (0.00ns)   --->   "%br_ln39 = br void %arrayidx9.i233.exit" [bnn.cpp:39->bnn.cpp:135]   --->   Operation 102 'br' 'br_ln39' <Predicate = (!icmp_ln26 & trunc_ln26 == 2)> <Delay = 0.00>
ST_1 : Operation 103 [1/1] (0.00ns)   --->   "%store_ln36 = store i16 %word_2, i16 %p_0_0271_1106" [bnn.cpp:36->bnn.cpp:135]   --->   Operation 103 'store' 'store_ln36' <Predicate = (!icmp_ln26 & trunc_ln26 == 1)> <Delay = 0.00>
ST_1 : Operation 104 [1/1] (0.00ns)   --->   "%br_ln39 = br void %arrayidx9.i233.exit" [bnn.cpp:39->bnn.cpp:135]   --->   Operation 104 'br' 'br_ln39' <Predicate = (!icmp_ln26 & trunc_ln26 == 1)> <Delay = 0.00>
ST_1 : Operation 105 [1/1] (0.00ns)   --->   "%store_ln36 = store i16 %word_2, i16 %p_0_0271104" [bnn.cpp:36->bnn.cpp:135]   --->   Operation 105 'store' 'store_ln36' <Predicate = (!icmp_ln26 & trunc_ln26 == 0)> <Delay = 0.00>
ST_1 : Operation 106 [1/1] (0.00ns)   --->   "%br_ln39 = br void %arrayidx9.i233.exit" [bnn.cpp:39->bnn.cpp:135]   --->   Operation 106 'br' 'br_ln39' <Predicate = (!icmp_ln26 & trunc_ln26 == 0)> <Delay = 0.00>
ST_1 : Operation 107 [1/1] (0.00ns)   --->   "%store_ln36 = store i16 %word_2, i16 %p_0_0271_3110" [bnn.cpp:36->bnn.cpp:135]   --->   Operation 107 'store' 'store_ln36' <Predicate = (!icmp_ln26 & trunc_ln26 == 3)> <Delay = 0.00>
ST_1 : Operation 108 [1/1] (0.00ns)   --->   "%br_ln39 = br void %arrayidx9.i233.exit" [bnn.cpp:39->bnn.cpp:135]   --->   Operation 108 'br' 'br_ln39' <Predicate = (!icmp_ln26 & trunc_ln26 == 3)> <Delay = 0.00>
ST_1 : Operation 109 [1/1] (1.58ns)   --->   "%store_ln26 = store i3 %add_ln26, i3 %w" [bnn.cpp:26->bnn.cpp:135]   --->   Operation 109 'store' 'store_ln26' <Predicate = (!icmp_ln26)> <Delay = 1.58>
ST_1 : Operation 110 [1/1] (0.00ns)   --->   "%br_ln26 = br void %for.body.i65" [bnn.cpp:26->bnn.cpp:135]   --->   Operation 110 'br' 'br_ln26' <Predicate = (!icmp_ln26)> <Delay = 0.00>
ST_1 : Operation 111 [1/1] (0.00ns)   --->   "%p_0_0271104_load = load i16 %p_0_0271104"   --->   Operation 111 'load' 'p_0_0271104_load' <Predicate = (icmp_ln26)> <Delay = 0.00>
ST_1 : Operation 112 [1/1] (0.00ns)   --->   "%p_0_0271_1106_load = load i16 %p_0_0271_1106"   --->   Operation 112 'load' 'p_0_0271_1106_load' <Predicate = (icmp_ln26)> <Delay = 0.00>
ST_1 : Operation 113 [1/1] (0.00ns)   --->   "%p_0_0271_2108_load = load i16 %p_0_0271_2108"   --->   Operation 113 'load' 'p_0_0271_2108_load' <Predicate = (icmp_ln26)> <Delay = 0.00>
ST_1 : Operation 114 [1/1] (0.00ns)   --->   "%p_0_0271_3110_load = load i16 %p_0_0271_3110"   --->   Operation 114 'load' 'p_0_0271_3110_load' <Predicate = (icmp_ln26)> <Delay = 0.00>
ST_1 : Operation 115 [1/1] (0.00ns)   --->   "%write_ln0 = write void @_ssdm_op_Write.ap_auto.i16P0A, i16 %p_0_0271_3110_out, i16 %p_0_0271_3110_load"   --->   Operation 115 'write' 'write_ln0' <Predicate = (icmp_ln26)> <Delay = 0.00>
ST_1 : Operation 116 [1/1] (0.00ns)   --->   "%write_ln0 = write void @_ssdm_op_Write.ap_auto.i16P0A, i16 %p_0_0271_2108_out, i16 %p_0_0271_2108_load"   --->   Operation 116 'write' 'write_ln0' <Predicate = (icmp_ln26)> <Delay = 0.00>
ST_1 : Operation 117 [1/1] (0.00ns)   --->   "%write_ln0 = write void @_ssdm_op_Write.ap_auto.i16P0A, i16 %p_0_0271_1106_out, i16 %p_0_0271_1106_load"   --->   Operation 117 'write' 'write_ln0' <Predicate = (icmp_ln26)> <Delay = 0.00>
ST_1 : Operation 118 [1/1] (0.00ns)   --->   "%write_ln0 = write void @_ssdm_op_Write.ap_auto.i16P0A, i16 %p_0_0271104_out, i16 %p_0_0271104_load"   --->   Operation 118 'write' 'write_ln0' <Predicate = (icmp_ln26)> <Delay = 0.00>
ST_1 : Operation 119 [1/1] (1.58ns)   --->   "%ret_ln0 = ret"   --->   Operation 119 'ret' 'ret_ln0' <Predicate = (icmp_ln26)> <Delay = 1.58>


============================================================
+ Verbose Summary: Timing violations
============================================================
Target clock period: 10.000ns, clock uncertainty: 2.700ns.

 <State 1>: 4.826ns
The critical path consists of the following:
	'store' operation 0 bit ('store_ln26', bnn.cpp:26->bnn.cpp:135) of constant 0 on local variable 'w', bnn.cpp:26->bnn.cpp:135 [138]  (1.588 ns)
	'load' operation 3 bit ('w', bnn.cpp:26->bnn.cpp:135) on local variable 'w', bnn.cpp:26->bnn.cpp:135 [141]  (0.000 ns)
	'icmp' operation 1 bit ('icmp_ln26', bnn.cpp:26->bnn.cpp:135) [142]  (1.650 ns)
	'store' operation 0 bit ('store_ln26', bnn.cpp:26->bnn.cpp:135) of variable 'add_ln26', bnn.cpp:26->bnn.cpp:135 on local variable 'w', bnn.cpp:26->bnn.cpp:135 [181]  (1.588 ns)


============================================================
+ Verbose Summary: Binding
============================================================
N/A
* FSMD analyzer results:
  - Output states:
 - Input state : 
  - Chain level:
	State 1


============================================================
+ Verbose Summary: Datapath Resource usage 
============================================================
N/A
