  **** HLS Build v2024.2 5238294
Sourcing Tcl script '/home/linux/ieng6/students/769/zeh003/Desktop/CSE-237C-Starter/project_files/project3/dft_32_precomputed/dft.tcl'
INFO: [HLS 200-1510] Running: open_component dft.comp -reset 
INFO: [HLS 200-10] Creating and opening project '/home/linux/ieng6/students/769/zeh003/Desktop/CSE-237C-Starter/project_files/project3/dft_32_precomputed/dft.comp'.
INFO: [HLS 200-10] Creating and opening solution '/home/linux/ieng6/students/769/zeh003/Desktop/CSE-237C-Starter/project_files/project3/dft_32_precomputed/dft.comp/hls'.
INFO: [HLS 200-10] Cleaning up the solution database.
INFO: [HLS 200-1505] Using default flow_target 'vivado'
Resolution: For help on HLS 200-1505 see docs.xilinx.com/access/sources/dita/topic?Doc_Version=2024.2%20English&url=ug1448-hls-guidance&resourceid=200-1505.html
INFO: [HLS 200-1510] Running: add_files dft.cpp 
INFO: [HLS 200-10] Adding design file 'dft.cpp' to the project
INFO: [HLS 200-1510] Running: add_files -tb dft-top.cpp 
WARNING: [HLS 200-40] Cannot find test bench file 'dft-top.cpp'
INFO: [HLS 200-1510] Running: set_top dft 
Running: set_top dft
INFO: [HLS 200-1510] Running: set_part xc7z020-clg400-1 
INFO: [HLS 200-1611] Setting target device to 'xc7z020-clg400-1'
Running: set_part xc7z020-clg400-1
INFO: [HLS 200-1510] Running: create_clock -period 10 
INFO: [SYN 201-201] Setting up clock 'default' with a period of 10ns.
INFO: [HLS 200-1510] Running: csynth_design 
WARNING: [HLS 200-1998] cannot find relative file path '../../dft-top.cpp' in directory(s): /home/linux/ieng6/students/769/zeh003/Desktop/CSE-237C-Starter/project_files/project3/dft_32_precomputed/dft.comp/solution /home/linux/ieng6/students/769/zeh003/Desktop/CSE-237C-Starter/project_files/project3/dft_32_precomputed
WARNING: [HLS 200-1998] cannot find relative file path '../../dft-top.cpp' in directory(s): /home/linux/ieng6/students/769/zeh003/Desktop/CSE-237C-Starter/project_files/project3/dft_32_precomputed/dft.comp/solution /home/linux/ieng6/students/769/zeh003/Desktop/CSE-237C-Starter/project_files/project3/dft_32_precomputed
INFO: [HLS 200-111] Finished File checks and directory preparation: CPU user time: 0.12 seconds. CPU system time: 0.05 seconds. Elapsed time: 2.76 seconds; current allocated memory: 658.941 MB.
INFO: [HLS 200-10] Analyzing design file 'dft.cpp' ... 
INFO: [HLS 200-111] Finished Source Code Analysis and Preprocessing: CPU user time: 0.52 seconds. CPU system time: 0.54 seconds. Elapsed time: 1.26 seconds; current allocated memory: 660.340 MB.
INFO: [HLS 200-777] Using interface defaults for 'Vivado' flow target.
INFO: [HLS 200-1995] There were 67 instructions in the design after the 'Compile/Link' phase of compilation. See the Design Size Report for more details: /home/linux/ieng6/students/769/zeh003/Desktop/CSE-237C-Starter/project_files/project3/dft_32_precomputed/dft.comp/hls/syn/report/csynth_design_size.rpt
INFO: [HLS 200-1995] There were 662 instructions in the design after the 'Unroll/Inline (step 1)' phase of compilation. See the Design Size Report for more details: /home/linux/ieng6/students/769/zeh003/Desktop/CSE-237C-Starter/project_files/project3/dft_32_precomputed/dft.comp/hls/syn/report/csynth_design_size.rpt
INFO: [HLS 200-1995] There were 523 instructions in the design after the 'Unroll/Inline (step 2)' phase of compilation. See the Design Size Report for more details: /home/linux/ieng6/students/769/zeh003/Desktop/CSE-237C-Starter/project_files/project3/dft_32_precomputed/dft.comp/hls/syn/report/csynth_design_size.rpt
INFO: [HLS 200-1995] There were 522 instructions in the design after the 'Unroll/Inline (step 3)' phase of compilation. See the Design Size Report for more details: /home/linux/ieng6/students/769/zeh003/Desktop/CSE-237C-Starter/project_files/project3/dft_32_precomputed/dft.comp/hls/syn/report/csynth_design_size.rpt
INFO: [HLS 200-1995] There were 522 instructions in the design after the 'Unroll/Inline (step 4)' phase of compilation. See the Design Size Report for more details: /home/linux/ieng6/students/769/zeh003/Desktop/CSE-237C-Starter/project_files/project3/dft_32_precomputed/dft.comp/hls/syn/report/csynth_design_size.rpt
INFO: [HLS 200-1995] There were 2,700 instructions in the design after the 'Array/Struct (step 1)' phase of compilation. See the Design Size Report for more details: /home/linux/ieng6/students/769/zeh003/Desktop/CSE-237C-Starter/project_files/project3/dft_32_precomputed/dft.comp/hls/syn/report/csynth_design_size.rpt
INFO: [HLS 200-1995] There were 681 instructions in the design after the 'Array/Struct (step 2)' phase of compilation. See the Design Size Report for more details: /home/linux/ieng6/students/769/zeh003/Desktop/CSE-237C-Starter/project_files/project3/dft_32_precomputed/dft.comp/hls/syn/report/csynth_design_size.rpt
INFO: [HLS 200-1995] There were 681 instructions in the design after the 'Array/Struct (step 3)' phase of compilation. See the Design Size Report for more details: /home/linux/ieng6/students/769/zeh003/Desktop/CSE-237C-Starter/project_files/project3/dft_32_precomputed/dft.comp/hls/syn/report/csynth_design_size.rpt
INFO: [HLS 200-1995] There were 681 instructions in the design after the 'Array/Struct (step 4)' phase of compilation. See the Design Size Report for more details: /home/linux/ieng6/students/769/zeh003/Desktop/CSE-237C-Starter/project_files/project3/dft_32_precomputed/dft.comp/hls/syn/report/csynth_design_size.rpt
INFO: [HLS 200-1995] There were 681 instructions in the design after the 'Array/Struct (step 5)' phase of compilation. See the Design Size Report for more details: /home/linux/ieng6/students/769/zeh003/Desktop/CSE-237C-Starter/project_files/project3/dft_32_precomputed/dft.comp/hls/syn/report/csynth_design_size.rpt
INFO: [HLS 200-1995] There were 681 instructions in the design after the 'Performance (step 1)' phase of compilation. See the Design Size Report for more details: /home/linux/ieng6/students/769/zeh003/Desktop/CSE-237C-Starter/project_files/project3/dft_32_precomputed/dft.comp/hls/syn/report/csynth_design_size.rpt
INFO: [HLS 200-1995] There were 681 instructions in the design after the 'Performance (step 2)' phase of compilation. See the Design Size Report for more details: /home/linux/ieng6/students/769/zeh003/Desktop/CSE-237C-Starter/project_files/project3/dft_32_precomputed/dft.comp/hls/syn/report/csynth_design_size.rpt
INFO: [HLS 200-1995] There were 681 instructions in the design after the 'Performance (step 3)' phase of compilation. See the Design Size Report for more details: /home/linux/ieng6/students/769/zeh003/Desktop/CSE-237C-Starter/project_files/project3/dft_32_precomputed/dft.comp/hls/syn/report/csynth_design_size.rpt
INFO: [HLS 200-1995] There were 681 instructions in the design after the 'Performance (step 4)' phase of compilation. See the Design Size Report for more details: /home/linux/ieng6/students/769/zeh003/Desktop/CSE-237C-Starter/project_files/project3/dft_32_precomputed/dft.comp/hls/syn/report/csynth_design_size.rpt
INFO: [HLS 200-1995] There were 1,003 instructions in the design after the 'HW Transforms (step 1)' phase of compilation. See the Design Size Report for more details: /home/linux/ieng6/students/769/zeh003/Desktop/CSE-237C-Starter/project_files/project3/dft_32_precomputed/dft.comp/hls/syn/report/csynth_design_size.rpt
INFO: [HLS 200-1995] There were 1,008 instructions in the design after the 'HW Transforms (step 2)' phase of compilation. See the Design Size Report for more details: /home/linux/ieng6/students/769/zeh003/Desktop/CSE-237C-Starter/project_files/project3/dft_32_precomputed/dft.comp/hls/syn/report/csynth_design_size.rpt
INFO: [HLS 214-359] Unrolling loop 'VITIS_LOOP_20_2' (dft.cpp:20:20) in function 'dft': changing partial unrolling into complete unrolling since the unrolling factor (=32) is no less than the loop trip count (=32). (dft.cpp:5:0)
INFO: [HLS 214-186] Unrolling loop 'VITIS_LOOP_20_2' (dft.cpp:20:20) in function 'dft' completely with a factor of 32 (dft.cpp:5:0)
INFO: [HLS 214-248] Applying array_partition to '_ZL15sin_coeff_table': Complete partitioning on dimension 2. (./coefficients32_2D.h:39:0)
INFO: [HLS 214-248] Applying array_partition to '_ZL15cos_coeff_table': Complete partitioning on dimension 2. (./coefficients32_2D.h:4:0)
INFO: [HLS 214-248] Applying array_partition to 'input_R': Complete partitioning on dimension 1. (dft.cpp:5:0)
INFO: [HLS 214-248] Applying array_partition to 'input_I': Complete partitioning on dimension 1. (dft.cpp:5:0)
INFO: [HLS 214-248] Applying array_partition to 'output_R': Complete partitioning on dimension 1. (dft.cpp:5:0)
INFO: [HLS 214-248] Applying array_partition to 'output_I': Complete partitioning on dimension 1. (dft.cpp:5:0)
INFO: [HLS 214-376] automatically set the pipeline for Loop< VITIS_LOOP_16_1> at dft.cpp:16:19 
INFO: [HLS 200-111] Finished Compiling Optimization and Transform: CPU user time: 4.23 seconds. CPU system time: 0.66 seconds. Elapsed time: 9.16 seconds; current allocated memory: 670.008 MB.
INFO: [HLS 200-111] Finished Checking Pragmas: CPU user time: 0 seconds. CPU system time: 0 seconds. Elapsed time: 0 seconds; current allocated memory: 670.008 MB.
INFO: [HLS 200-10] Starting code transformations ...
INFO: [HLS 200-111] Finished Standard Transforms: CPU user time: 0.07 seconds. CPU system time: 0 seconds. Elapsed time: 0.1 seconds; current allocated memory: 671.094 MB.
INFO: [HLS 200-10] Checking synthesizability ...
INFO: [HLS 200-111] Finished Checking Synthesizability: CPU user time: 0.08 seconds. CPU system time: 0 seconds. Elapsed time: 0.09 seconds; current allocated memory: 671.570 MB.
INFO: [HLS 200-111] Finished Loop, function and other optimizations: CPU user time: 0.34 seconds. CPU system time: 0.03 seconds. Elapsed time: 0.38 seconds; current allocated memory: 695.773 MB.
INFO: [HLS 200-111] Finished Architecture Synthesis: CPU user time: 0.22 seconds. CPU system time: 0 seconds. Elapsed time: 0.24 seconds; current allocated memory: 695.773 MB.
INFO: [HLS 200-10] Starting hardware synthesis ...
INFO: [HLS 200-10] Synthesizing 'dft' ...
INFO: [HLS 200-10] ----------------------------------------------------------------
INFO: [HLS 200-42] -- Implementing module 'dft' 
INFO: [HLS 200-10] ----------------------------------------------------------------
INFO: [SCHED 204-11] Starting scheduling ...
INFO: [SCHED 204-61] Pipelining loop 'VITIS_LOOP_16_1'.
INFO: [HLS 200-1470] Pipelining result : Target II = NA, Final II = 1, Depth = 171, loop 'VITIS_LOOP_16_1'
INFO: [SCHED 204-11] Finished scheduling.
INFO: [HLS 200-111] Finished Scheduling: CPU user time: 0.65 seconds. CPU system time: 0.05 seconds. Elapsed time: 0.79 seconds; current allocated memory: 698.484 MB.
INFO: [BIND 205-100] Starting micro-architecture generation ...
INFO: [BIND 205-101] Performing variable lifetime analysis.
INFO: [BIND 205-101] Exploring resource sharing.
INFO: [BIND 205-101] Binding ...
INFO: [BIND 205-100] Finished micro-architecture generation.
INFO: [HLS 200-111] Finished Binding: CPU user time: 0.21 seconds. CPU system time: 0.02 seconds. Elapsed time: 0.26 seconds; current allocated memory: 698.484 MB.
INFO: [HLS 200-10] ----------------------------------------------------------------
INFO: [HLS 200-10] -- Generating RTL for module 'dft' 
INFO: [HLS 200-10] ----------------------------------------------------------------
INFO: [RTGEN 206-500] Setting interface mode on port 'dft/input_R_0' to 'ap_none'.
INFO: [RTGEN 206-500] Setting interface mode on port 'dft/input_R_1' to 'ap_none'.
INFO: [RTGEN 206-500] Setting interface mode on port 'dft/input_R_2' to 'ap_none'.
INFO: [RTGEN 206-500] Setting interface mode on port 'dft/input_R_3' to 'ap_none'.
INFO: [RTGEN 206-500] Setting interface mode on port 'dft/input_R_4' to 'ap_none'.
INFO: [RTGEN 206-500] Setting interface mode on port 'dft/input_R_5' to 'ap_none'.
INFO: [RTGEN 206-500] Setting interface mode on port 'dft/input_R_6' to 'ap_none'.
INFO: [RTGEN 206-500] Setting interface mode on port 'dft/input_R_7' to 'ap_none'.
INFO: [RTGEN 206-500] Setting interface mode on port 'dft/input_R_8' to 'ap_none'.
INFO: [RTGEN 206-500] Setting interface mode on port 'dft/input_R_9' to 'ap_none'.
INFO: [RTGEN 206-500] Setting interface mode on port 'dft/input_R_10' to 'ap_none'.
INFO: [RTGEN 206-500] Setting interface mode on port 'dft/input_R_11' to 'ap_none'.
INFO: [RTGEN 206-500] Setting interface mode on port 'dft/input_R_12' to 'ap_none'.
INFO: [RTGEN 206-500] Setting interface mode on port 'dft/input_R_13' to 'ap_none'.
INFO: [RTGEN 206-500] Setting interface mode on port 'dft/input_R_14' to 'ap_none'.
INFO: [RTGEN 206-500] Setting interface mode on port 'dft/input_R_15' to 'ap_none'.
INFO: [RTGEN 206-500] Setting interface mode on port 'dft/input_R_16' to 'ap_none'.
INFO: [RTGEN 206-500] Setting interface mode on port 'dft/input_R_17' to 'ap_none'.
INFO: [RTGEN 206-500] Setting interface mode on port 'dft/input_R_18' to 'ap_none'.
INFO: [RTGEN 206-500] Setting interface mode on port 'dft/input_R_19' to 'ap_none'.
INFO: [RTGEN 206-500] Setting interface mode on port 'dft/input_R_20' to 'ap_none'.
INFO: [RTGEN 206-500] Setting interface mode on port 'dft/input_R_21' to 'ap_none'.
INFO: [RTGEN 206-500] Setting interface mode on port 'dft/input_R_22' to 'ap_none'.
INFO: [RTGEN 206-500] Setting interface mode on port 'dft/input_R_23' to 'ap_none'.
INFO: [RTGEN 206-500] Setting interface mode on port 'dft/input_R_24' to 'ap_none'.
INFO: [RTGEN 206-500] Setting interface mode on port 'dft/input_R_25' to 'ap_none'.
INFO: [RTGEN 206-500] Setting interface mode on port 'dft/input_R_26' to 'ap_none'.
INFO: [RTGEN 206-500] Setting interface mode on port 'dft/input_R_27' to 'ap_none'.
INFO: [RTGEN 206-500] Setting interface mode on port 'dft/input_R_28' to 'ap_none'.
INFO: [RTGEN 206-500] Setting interface mode on port 'dft/input_R_29' to 'ap_none'.
INFO: [RTGEN 206-500] Setting interface mode on port 'dft/input_R_30' to 'ap_none'.
INFO: [RTGEN 206-500] Setting interface mode on port 'dft/input_R_31' to 'ap_none'.
INFO: [RTGEN 206-500] Setting interface mode on port 'dft/input_I_0' to 'ap_none'.
INFO: [RTGEN 206-500] Setting interface mode on port 'dft/input_I_1' to 'ap_none'.
INFO: [RTGEN 206-500] Setting interface mode on port 'dft/input_I_2' to 'ap_none'.
INFO: [RTGEN 206-500] Setting interface mode on port 'dft/input_I_3' to 'ap_none'.
INFO: [RTGEN 206-500] Setting interface mode on port 'dft/input_I_4' to 'ap_none'.
INFO: [RTGEN 206-500] Setting interface mode on port 'dft/input_I_5' to 'ap_none'.
INFO: [RTGEN 206-500] Setting interface mode on port 'dft/input_I_6' to 'ap_none'.
INFO: [RTGEN 206-500] Setting interface mode on port 'dft/input_I_7' to 'ap_none'.
INFO: [RTGEN 206-500] Setting interface mode on port 'dft/input_I_8' to 'ap_none'.
INFO: [RTGEN 206-500] Setting interface mode on port 'dft/input_I_9' to 'ap_none'.
INFO: [RTGEN 206-500] Setting interface mode on port 'dft/input_I_10' to 'ap_none'.
INFO: [RTGEN 206-500] Setting interface mode on port 'dft/input_I_11' to 'ap_none'.
INFO: [RTGEN 206-500] Setting interface mode on port 'dft/input_I_12' to 'ap_none'.
INFO: [RTGEN 206-500] Setting interface mode on port 'dft/input_I_13' to 'ap_none'.
INFO: [RTGEN 206-500] Setting interface mode on port 'dft/input_I_14' to 'ap_none'.
INFO: [RTGEN 206-500] Setting interface mode on port 'dft/input_I_15' to 'ap_none'.
INFO: [RTGEN 206-500] Setting interface mode on port 'dft/input_I_16' to 'ap_none'.
INFO: [RTGEN 206-500] Setting interface mode on port 'dft/input_I_17' to 'ap_none'.
INFO: [RTGEN 206-500] Setting interface mode on port 'dft/input_I_18' to 'ap_none'.
INFO: [RTGEN 206-500] Setting interface mode on port 'dft/input_I_19' to 'ap_none'.
INFO: [RTGEN 206-500] Setting interface mode on port 'dft/input_I_20' to 'ap_none'.
INFO: [RTGEN 206-500] Setting interface mode on port 'dft/input_I_21' to 'ap_none'.
INFO: [RTGEN 206-500] Setting interface mode on port 'dft/input_I_22' to 'ap_none'.
INFO: [RTGEN 206-500] Setting interface mode on port 'dft/input_I_23' to 'ap_none'.
INFO: [RTGEN 206-500] Setting interface mode on port 'dft/input_I_24' to 'ap_none'.
INFO: [RTGEN 206-500] Setting interface mode on port 'dft/input_I_25' to 'ap_none'.
INFO: [RTGEN 206-500] Setting interface mode on port 'dft/input_I_26' to 'ap_none'.
INFO: [RTGEN 206-500] Setting interface mode on port 'dft/input_I_27' to 'ap_none'.
INFO: [RTGEN 206-500] Setting interface mode on port 'dft/input_I_28' to 'ap_none'.
INFO: [RTGEN 206-500] Setting interface mode on port 'dft/input_I_29' to 'ap_none'.
INFO: [RTGEN 206-500] Setting interface mode on port 'dft/input_I_30' to 'ap_none'.
INFO: [RTGEN 206-500] Setting interface mode on port 'dft/input_I_31' to 'ap_none'.
INFO: [RTGEN 206-500] Setting interface mode on port 'dft/output_R_0' to 'ap_vld'.
INFO: [RTGEN 206-500] Setting interface mode on port 'dft/output_R_1' to 'ap_vld'.
INFO: [RTGEN 206-500] Setting interface mode on port 'dft/output_R_2' to 'ap_vld'.
INFO: [RTGEN 206-500] Setting interface mode on port 'dft/output_R_3' to 'ap_vld'.
INFO: [RTGEN 206-500] Setting interface mode on port 'dft/output_R_4' to 'ap_vld'.
INFO: [RTGEN 206-500] Setting interface mode on port 'dft/output_R_5' to 'ap_vld'.
INFO: [RTGEN 206-500] Setting interface mode on port 'dft/output_R_6' to 'ap_vld'.
INFO: [RTGEN 206-500] Setting interface mode on port 'dft/output_R_7' to 'ap_vld'.
INFO: [RTGEN 206-500] Setting interface mode on port 'dft/output_R_8' to 'ap_vld'.
INFO: [RTGEN 206-500] Setting interface mode on port 'dft/output_R_9' to 'ap_vld'.
INFO: [RTGEN 206-500] Setting interface mode on port 'dft/output_R_10' to 'ap_vld'.
INFO: [RTGEN 206-500] Setting interface mode on port 'dft/output_R_11' to 'ap_vld'.
INFO: [RTGEN 206-500] Setting interface mode on port 'dft/output_R_12' to 'ap_vld'.
INFO: [RTGEN 206-500] Setting interface mode on port 'dft/output_R_13' to 'ap_vld'.
INFO: [RTGEN 206-500] Setting interface mode on port 'dft/output_R_14' to 'ap_vld'.
INFO: [RTGEN 206-500] Setting interface mode on port 'dft/output_R_15' to 'ap_vld'.
INFO: [RTGEN 206-500] Setting interface mode on port 'dft/output_R_16' to 'ap_vld'.
INFO: [RTGEN 206-500] Setting interface mode on port 'dft/output_R_17' to 'ap_vld'.
INFO: [RTGEN 206-500] Setting interface mode on port 'dft/output_R_18' to 'ap_vld'.
INFO: [RTGEN 206-500] Setting interface mode on port 'dft/output_R_19' to 'ap_vld'.
INFO: [RTGEN 206-500] Setting interface mode on port 'dft/output_R_20' to 'ap_vld'.
INFO: [RTGEN 206-500] Setting interface mode on port 'dft/output_R_21' to 'ap_vld'.
INFO: [RTGEN 206-500] Setting interface mode on port 'dft/output_R_22' to 'ap_vld'.
INFO: [RTGEN 206-500] Setting interface mode on port 'dft/output_R_23' to 'ap_vld'.
INFO: [RTGEN 206-500] Setting interface mode on port 'dft/output_R_24' to 'ap_vld'.
INFO: [RTGEN 206-500] Setting interface mode on port 'dft/output_R_25' to 'ap_vld'.
INFO: [RTGEN 206-500] Setting interface mode on port 'dft/output_R_26' to 'ap_vld'.
INFO: [RTGEN 206-500] Setting interface mode on port 'dft/output_R_27' to 'ap_vld'.
INFO: [RTGEN 206-500] Setting interface mode on port 'dft/output_R_28' to 'ap_vld'.
INFO: [RTGEN 206-500] Setting interface mode on port 'dft/output_R_29' to 'ap_vld'.
INFO: [RTGEN 206-500] Setting interface mode on port 'dft/output_R_30' to 'ap_vld'.
INFO: [RTGEN 206-500] Setting interface mode on port 'dft/output_R_31' to 'ap_vld'.
INFO: [RTGEN 206-500] Setting interface mode on port 'dft/output_I_0' to 'ap_vld'.
INFO: [RTGEN 206-500] Setting interface mode on port 'dft/output_I_1' to 'ap_vld'.
INFO: [RTGEN 206-500] Setting interface mode on port 'dft/output_I_2' to 'ap_vld'.
INFO: [RTGEN 206-500] Setting interface mode on port 'dft/output_I_3' to 'ap_vld'.
INFO: [RTGEN 206-500] Setting interface mode on port 'dft/output_I_4' to 'ap_vld'.
INFO: [RTGEN 206-500] Setting interface mode on port 'dft/output_I_5' to 'ap_vld'.
INFO: [RTGEN 206-500] Setting interface mode on port 'dft/output_I_6' to 'ap_vld'.
INFO: [RTGEN 206-500] Setting interface mode on port 'dft/output_I_7' to 'ap_vld'.
INFO: [RTGEN 206-500] Setting interface mode on port 'dft/output_I_8' to 'ap_vld'.
INFO: [RTGEN 206-500] Setting interface mode on port 'dft/output_I_9' to 'ap_vld'.
INFO: [RTGEN 206-500] Setting interface mode on port 'dft/output_I_10' to 'ap_vld'.
INFO: [RTGEN 206-500] Setting interface mode on port 'dft/output_I_11' to 'ap_vld'.
INFO: [RTGEN 206-500] Setting interface mode on port 'dft/output_I_12' to 'ap_vld'.
INFO: [RTGEN 206-500] Setting interface mode on port 'dft/output_I_13' to 'ap_vld'.
INFO: [RTGEN 206-500] Setting interface mode on port 'dft/output_I_14' to 'ap_vld'.
INFO: [RTGEN 206-500] Setting interface mode on port 'dft/output_I_15' to 'ap_vld'.
INFO: [RTGEN 206-500] Setting interface mode on port 'dft/output_I_16' to 'ap_vld'.
INFO: [RTGEN 206-500] Setting interface mode on port 'dft/output_I_17' to 'ap_vld'.
INFO: [RTGEN 206-500] Setting interface mode on port 'dft/output_I_18' to 'ap_vld'.
INFO: [RTGEN 206-500] Setting interface mode on port 'dft/output_I_19' to 'ap_vld'.
INFO: [RTGEN 206-500] Setting interface mode on port 'dft/output_I_20' to 'ap_vld'.
INFO: [RTGEN 206-500] Setting interface mode on port 'dft/output_I_21' to 'ap_vld'.
INFO: [RTGEN 206-500] Setting interface mode on port 'dft/output_I_22' to 'ap_vld'.
INFO: [RTGEN 206-500] Setting interface mode on port 'dft/output_I_23' to 'ap_vld'.
INFO: [RTGEN 206-500] Setting interface mode on port 'dft/output_I_24' to 'ap_vld'.
INFO: [RTGEN 206-500] Setting interface mode on port 'dft/output_I_25' to 'ap_vld'.
INFO: [RTGEN 206-500] Setting interface mode on port 'dft/output_I_26' to 'ap_vld'.
INFO: [RTGEN 206-500] Setting interface mode on port 'dft/output_I_27' to 'ap_vld'.
INFO: [RTGEN 206-500] Setting interface mode on port 'dft/output_I_28' to 'ap_vld'.
INFO: [RTGEN 206-500] Setting interface mode on port 'dft/output_I_29' to 'ap_vld'.
INFO: [RTGEN 206-500] Setting interface mode on port 'dft/output_I_30' to 'ap_vld'.
INFO: [RTGEN 206-500] Setting interface mode on port 'dft/output_I_31' to 'ap_vld'.
INFO: [RTGEN 206-500] Setting interface mode on function 'dft' to 'ap_ctrl_hs'.
INFO: [HLS 200-1030] Apply Unified Pipeline Control on module 'dft' pipeline 'VITIS_LOOP_16_1' pipeline type 'loop pipeline'
INFO: [RTGEN 206-104] Estimated max fanout for 'dft' is 179339 from HDL expression: (1'b0 == ap_block_pp0_stage0_11001)
INFO: [RTGEN 206-100] Generating core module 'fadd_32ns_32ns_32_5_full_dsp_1': 96 instance(s).
INFO: [RTGEN 206-100] Generating core module 'fmul_32ns_32ns_32_4_max_dsp_1': 128 instance(s).
INFO: [RTGEN 206-100] Generating core module 'fsub_32ns_32ns_32_5_full_dsp_1': 32 instance(s).
INFO: [RTGEN 206-100] Finished creating RTL model for 'dft'.
INFO: [RTMG 210-279] Implementing memory 'dft_p_ZL15cos_coeff_table_0_ROM_AUTO_1R' using auto ROMs.
INFO: [RTMG 210-279] Implementing memory 'dft_p_ZL15sin_coeff_table_0_ROM_AUTO_1R' using auto ROMs.
INFO: [RTMG 210-279] Implementing memory 'dft_p_ZL15cos_coeff_table_1_ROM_AUTO_1R' using auto ROMs.
INFO: [RTMG 210-279] Implementing memory 'dft_p_ZL15sin_coeff_table_1_ROM_AUTO_1R' using auto ROMs.
INFO: [RTMG 210-279] Implementing memory 'dft_p_ZL15cos_coeff_table_2_ROM_AUTO_1R' using auto ROMs.
INFO: [RTMG 210-279] Implementing memory 'dft_p_ZL15sin_coeff_table_2_ROM_AUTO_1R' using auto ROMs.
INFO: [RTMG 210-279] Implementing memory 'dft_p_ZL15cos_coeff_table_3_ROM_AUTO_1R' using auto ROMs.
INFO: [RTMG 210-279] Implementing memory 'dft_p_ZL15sin_coeff_table_3_ROM_AUTO_1R' using auto ROMs.
INFO: [RTMG 210-279] Implementing memory 'dft_p_ZL15cos_coeff_table_4_ROM_AUTO_1R' using auto ROMs.
INFO: [RTMG 210-279] Implementing memory 'dft_p_ZL15sin_coeff_table_4_ROM_AUTO_1R' using auto ROMs.
INFO: [RTMG 210-279] Implementing memory 'dft_p_ZL15cos_coeff_table_5_ROM_AUTO_1R' using auto ROMs.
INFO: [RTMG 210-279] Implementing memory 'dft_p_ZL15sin_coeff_table_5_ROM_AUTO_1R' using auto ROMs.
INFO: [RTMG 210-279] Implementing memory 'dft_p_ZL15cos_coeff_table_6_ROM_AUTO_1R' using auto ROMs.
INFO: [RTMG 210-279] Implementing memory 'dft_p_ZL15sin_coeff_table_6_ROM_AUTO_1R' using auto ROMs.
INFO: [RTMG 210-279] Implementing memory 'dft_p_ZL15cos_coeff_table_7_ROM_AUTO_1R' using auto ROMs.
INFO: [RTMG 210-279] Implementing memory 'dft_p_ZL15sin_coeff_table_7_ROM_AUTO_1R' using auto ROMs.
INFO: [RTMG 210-279] Implementing memory 'dft_p_ZL15cos_coeff_table_8_ROM_AUTO_1R' using auto ROMs.
INFO: [RTMG 210-279] Implementing memory 'dft_p_ZL15sin_coeff_table_8_ROM_AUTO_1R' using auto ROMs.
INFO: [RTMG 210-279] Implementing memory 'dft_p_ZL15cos_coeff_table_9_ROM_AUTO_1R' using auto ROMs.
INFO: [RTMG 210-279] Implementing memory 'dft_p_ZL15sin_coeff_table_9_ROM_AUTO_1R' using auto ROMs.
INFO: [RTMG 210-279] Implementing memory 'dft_p_ZL15cos_coeff_table_10_ROM_AUTO_1R' using auto ROMs.
INFO: [RTMG 210-279] Implementing memory 'dft_p_ZL15sin_coeff_table_10_ROM_AUTO_1R' using auto ROMs.
INFO: [RTMG 210-279] Implementing memory 'dft_p_ZL15cos_coeff_table_11_ROM_AUTO_1R' using auto ROMs.
INFO: [RTMG 210-279] Implementing memory 'dft_p_ZL15sin_coeff_table_11_ROM_AUTO_1R' using auto ROMs.
INFO: [RTMG 210-279] Implementing memory 'dft_p_ZL15cos_coeff_table_12_ROM_AUTO_1R' using auto ROMs.
INFO: [RTMG 210-279] Implementing memory 'dft_p_ZL15sin_coeff_table_12_ROM_AUTO_1R' using auto ROMs.
INFO: [RTMG 210-279] Implementing memory 'dft_p_ZL15cos_coeff_table_13_ROM_AUTO_1R' using auto ROMs.
INFO: [RTMG 210-279] Implementing memory 'dft_p_ZL15sin_coeff_table_13_ROM_AUTO_1R' using auto ROMs.
INFO: [RTMG 210-279] Implementing memory 'dft_p_ZL15cos_coeff_table_14_ROM_AUTO_1R' using auto ROMs.
INFO: [RTMG 210-279] Implementing memory 'dft_p_ZL15sin_coeff_table_14_ROM_AUTO_1R' using auto ROMs.
INFO: [RTMG 210-279] Implementing memory 'dft_p_ZL15cos_coeff_table_15_ROM_AUTO_1R' using auto ROMs.
INFO: [RTMG 210-279] Implementing memory 'dft_p_ZL15sin_coeff_table_15_ROM_AUTO_1R' using auto ROMs.
INFO: [RTMG 210-279] Implementing memory 'dft_p_ZL15cos_coeff_table_16_ROM_AUTO_1R' using auto ROMs.
INFO: [RTMG 210-279] Implementing memory 'dft_p_ZL15sin_coeff_table_16_ROM_AUTO_1R' using auto ROMs.
INFO: [RTMG 210-279] Implementing memory 'dft_p_ZL15cos_coeff_table_17_ROM_AUTO_1R' using auto ROMs.
INFO: [RTMG 210-279] Implementing memory 'dft_p_ZL15sin_coeff_table_17_ROM_AUTO_1R' using auto ROMs.
INFO: [RTMG 210-279] Implementing memory 'dft_p_ZL15cos_coeff_table_18_ROM_AUTO_1R' using auto ROMs.
INFO: [RTMG 210-279] Implementing memory 'dft_p_ZL15sin_coeff_table_18_ROM_AUTO_1R' using auto ROMs.
INFO: [RTMG 210-279] Implementing memory 'dft_p_ZL15cos_coeff_table_19_ROM_AUTO_1R' using auto ROMs.
INFO: [RTMG 210-279] Implementing memory 'dft_p_ZL15sin_coeff_table_19_ROM_AUTO_1R' using auto ROMs.
INFO: [RTMG 210-279] Implementing memory 'dft_p_ZL15cos_coeff_table_20_ROM_AUTO_1R' using auto ROMs.
INFO: [RTMG 210-279] Implementing memory 'dft_p_ZL15sin_coeff_table_20_ROM_AUTO_1R' using auto ROMs.
INFO: [RTMG 210-279] Implementing memory 'dft_p_ZL15sin_coeff_table_21_ROM_AUTO_1R' using auto ROMs.
INFO: [RTMG 210-279] Implementing memory 'dft_p_ZL15cos_coeff_table_22_ROM_AUTO_1R' using auto ROMs.
INFO: [RTMG 210-279] Implementing memory 'dft_p_ZL15sin_coeff_table_22_ROM_AUTO_1R' using auto ROMs.
INFO: [RTMG 210-279] Implementing memory 'dft_p_ZL15cos_coeff_table_23_ROM_AUTO_1R' using auto ROMs.
INFO: [RTMG 210-279] Implementing memory 'dft_p_ZL15sin_coeff_table_23_ROM_AUTO_1R' using auto ROMs.
INFO: [RTMG 210-279] Implementing memory 'dft_p_ZL15cos_coeff_table_24_ROM_AUTO_1R' using auto ROMs.
INFO: [RTMG 210-279] Implementing memory 'dft_p_ZL15sin_coeff_table_24_ROM_AUTO_1R' using auto ROMs.
INFO: [RTMG 210-279] Implementing memory 'dft_p_ZL15sin_coeff_table_25_ROM_AUTO_1R' using auto ROMs.
INFO: [RTMG 210-279] Implementing memory 'dft_p_ZL15cos_coeff_table_26_ROM_AUTO_1R' using auto ROMs.
INFO: [RTMG 210-279] Implementing memory 'dft_p_ZL15sin_coeff_table_26_ROM_AUTO_1R' using auto ROMs.
INFO: [RTMG 210-279] Implementing memory 'dft_p_ZL15cos_coeff_table_27_ROM_AUTO_1R' using auto ROMs.
INFO: [RTMG 210-279] Implementing memory 'dft_p_ZL15sin_coeff_table_27_ROM_AUTO_1R' using auto ROMs.
INFO: [RTMG 210-279] Implementing memory 'dft_p_ZL15cos_coeff_table_28_ROM_AUTO_1R' using auto ROMs.
INFO: [RTMG 210-279] Implementing memory 'dft_p_ZL15sin_coeff_table_28_ROM_AUTO_1R' using auto ROMs.
INFO: [RTMG 210-279] Implementing memory 'dft_p_ZL15cos_coeff_table_29_ROM_AUTO_1R' using auto ROMs.
INFO: [RTMG 210-279] Implementing memory 'dft_p_ZL15sin_coeff_table_29_ROM_AUTO_1R' using auto ROMs.
INFO: [RTMG 210-279] Implementing memory 'dft_p_ZL15cos_coeff_table_30_ROM_AUTO_1R' using auto ROMs.
INFO: [RTMG 210-279] Implementing memory 'dft_p_ZL15sin_coeff_table_30_ROM_AUTO_1R' using auto ROMs.
INFO: [RTMG 210-279] Implementing memory 'dft_p_ZL15cos_coeff_table_31_ROM_AUTO_1R' using auto ROMs.
INFO: [RTMG 210-279] Implementing memory 'dft_p_ZL15sin_coeff_table_31_ROM_AUTO_1R' using auto ROMs.
INFO: [HLS 200-111] Finished Creating RTL model: CPU user time: 1.44 seconds. CPU system time: 0.14 seconds. Elapsed time: 2.83 seconds; current allocated memory: 723.230 MB.
INFO: [HLS 200-111] Finished Generating all RTL models: CPU user time: 1.34 seconds. CPU system time: 0.28 seconds. Elapsed time: 3.8 seconds; current allocated memory: 738.223 MB.
INFO: [HLS 200-111] Finished Updating report files: CPU user time: 2.9 seconds. CPU system time: 0.06 seconds. Elapsed time: 3.18 seconds; current allocated memory: 750.602 MB.
INFO: [VHDL 208-304] Generating VHDL RTL for dft.
INFO: [VLOG 209-307] Generating Verilog RTL for dft.
INFO: [HLS 200-790] **** Loop Constraint Status: All loop constraints were satisfied.
INFO: [HLS 200-789] **** Estimated Fmax: 137.82 MHz
INFO: [HLS 200-2161] Finished Command csynth_design Elapsed time: 00:00:24; Allocated memory: 107.660 MB.
INFO: [HLS 200-112] Total CPU user time: 18.97 seconds. Total CPU system time: 3.09 seconds. Total elapsed time: 36.34 seconds; peak allocated memory: 750.602 MB.
INFO: [vitis-run 60-791] Total elapsed time: 0h 0m 38s
INFO: [vitis-run 60-1662] Stopping dispatch session having empty uuid.
