Fri Nov  7 15:10:15 2025: Running xcd server. This server was built by gradle.
Fri Nov  7 15:10:15 2025: Server was asked to start on port: '39193'
Fri Nov  7 15:10:15 2025: Server is using token UUID: '53b3a42c-a0e4-48dc-a923-3446c0bef7dc'
Fri Nov  7 15:10:15 2025: SESSION_MGR: creating session with session uuid: '6d04a3e9-ade5-4ab9-8d63-1f78fcd2ec76' and name 'default'
Fri Nov  7 15:10:15 2025: Attempting to start server on port '39193'
Fri Nov  7 15:10:15 2025: XCD main fifo: created main fifo '/tmp/xcdmain53b3a42c-a0e4-48dc-a923-3446c0bef7dc', fd read = 15
Fri Nov  7 15:10:15 2025: Running Dispatch Server
Fri Nov  7 15:10:15 2025: Version 2.2.0
Fri Nov  7 15:10:15 2025: Dispatch Server: Accepted socket connection from client
Fri Nov  7 15:10:15 2025: Starting Socket connection
Fri Nov  7 15:10:15 2025: EXCHANGE_TOKEN received, server token: 53b3a42c-a0e4-48dc-a923-3446c0bef7dc, passed token: 53b3a42c-a0e4-48dc-a923-3446c0bef7dc
Fri Nov  7 15:10:15 2025: SESSION_MGR: creating session with session uuid: '65090868-6de9-4b01-85b5-cdd367c9da7d' and name 'vitis_hls'
Fri Nov  7 15:10:15 2025: KERNEL_SVC: creating session with uuid: '65090868-6de9-4b01-85b5-cdd367c9da7d' and name 'vitis_hls'
Fri Nov  7 15:10:15 2025: GUIDANCE_SMGR: creating guidance session with uuid: '65090868-6de9-4b01-85b5-cdd367c9da7d' and name 'vitis_hls'
Fri Nov  7 15:10:32 2025: STOP_SERVER received, server token: 53b3a42c-a0e4-48dc-a923-3446c0bef7dc, passed token: 53b3a42c-a0e4-48dc-a923-3446c0bef7dc
Fri Nov  7 15:10:32 2025: Socket received request to stop server.
Fri Nov  7 15:10:32 2025: Dispatch Server: do_await_stop
Fri Nov  7 15:10:32 2025: Dispatch Server: stopping mainFifo_
Fri Nov  7 15:10:32 2025: XCD main fifo: Stopping
Fri Nov  7 15:10:32 2025: XCD main fifo: do_read error code: Operation canceled
Fri Nov  7 15:10:32 2025: XCD main fifo: bytes_transferred: 0
Fri Nov  7 15:10:32 2025: SERVER: destructor for server bound to port 39193
Fri Nov  7 15:10:32 2025: XCD main fifo: Good unlink of /tmp/xcdmain53b3a42c-a0e4-48dc-a923-3446c0bef7dc
Fri Nov  7 15:10:32 2025: Server exiting with status 0.
Fri Nov  7 15:10:32 2025: Closing log file.
Fri Nov  7 15:11:03 2025: Running xcd server. This server was built by gradle.
Fri Nov  7 15:11:03 2025: Server was asked to start on port: '43545'
Fri Nov  7 15:11:03 2025: Server is using token UUID: 'f6e9dd6a-9b08-466c-b637-d3f858151bf9'
Fri Nov  7 15:11:03 2025: SESSION_MGR: creating session with session uuid: '6d04a3e9-ade5-4ab9-8d63-1f78fcd2ec76' and name 'default'
Fri Nov  7 15:11:03 2025: Attempting to start server on port '43545'
Fri Nov  7 15:11:03 2025: XCD main fifo: created main fifo '/tmp/xcdmainf6e9dd6a-9b08-466c-b637-d3f858151bf9', fd read = 15
Fri Nov  7 15:11:03 2025: Running Dispatch Server
Fri Nov  7 15:11:03 2025: Version 2.2.0
Fri Nov  7 15:11:04 2025: Dispatch Server: Accepted socket connection from client
Fri Nov  7 15:11:04 2025: Starting Socket connection
Fri Nov  7 15:11:04 2025: EXCHANGE_TOKEN received, server token: f6e9dd6a-9b08-466c-b637-d3f858151bf9, passed token: f6e9dd6a-9b08-466c-b637-d3f858151bf9
Fri Nov  7 15:11:04 2025: SESSION_MGR: creating session with session uuid: '07d324d8-f8eb-43d5-acf5-39c20e55c552' and name 'vitis_hls'
Fri Nov  7 15:11:04 2025: KERNEL_SVC: creating session with uuid: '07d324d8-f8eb-43d5-acf5-39c20e55c552' and name 'vitis_hls'
Fri Nov  7 15:11:04 2025: GUIDANCE_SMGR: creating guidance session with uuid: '07d324d8-f8eb-43d5-acf5-39c20e55c552' and name 'vitis_hls'
Fri Nov  7 15:11:50 2025: STOP_SERVER received, server token: f6e9dd6a-9b08-466c-b637-d3f858151bf9, passed token: f6e9dd6a-9b08-466c-b637-d3f858151bf9
Fri Nov  7 15:11:50 2025: Socket received request to stop server.
Fri Nov  7 15:11:50 2025: Dispatch Server: do_await_stop
Fri Nov  7 15:11:50 2025: Dispatch Server: stopping mainFifo_
Fri Nov  7 15:11:50 2025: XCD main fifo: Stopping
Fri Nov  7 15:11:50 2025: XCD main fifo: do_read error code: Operation canceled
Fri Nov  7 15:11:50 2025: XCD main fifo: bytes_transferred: 0
Fri Nov  7 15:11:50 2025: SERVER: destructor for server bound to port 43545
Fri Nov  7 15:11:50 2025: XCD main fifo: Good unlink of /tmp/xcdmainf6e9dd6a-9b08-466c-b637-d3f858151bf9
Fri Nov  7 15:11:50 2025: Server exiting with status 0.
Fri Nov  7 15:11:50 2025: Closing log file.
