

================================================================
== Vitis HLS Report for 'axis_fp_example'
================================================================
* Date:           Fri Nov  7 15:10:31 2025

* Version:        2024.2 (Build 5238294 on Nov  8 2024)
* Project:        axis_fp_example.comp
* Solution:       hls (Vivado IP Flow Target)
* Product family: zynq
* Target device:  xc7z020-clg400-1


================================================================
== Performance Estimates
================================================================
+ Timing: 
    * Summary: 
    +--------+----------+----------+------------+
    |  Clock |  Target  | Estimated| Uncertainty|
    +--------+----------+----------+------------+
    |ap_clk  |  10.00 ns|  7.256 ns|     2.70 ns|
    +--------+----------+----------+------------+

+ Latency: 
    * Summary: 
    +---------+---------+----------+----------+-----+-----+------------------------------------------------+
    |  Latency (cycles) |  Latency (absolute) |  Interval |                    Pipeline                    |
    |   min   |   max   |    min   |    max   | min | max |                      Type                      |
    +---------+---------+----------+----------+-----+-----+------------------------------------------------+
    |        ?|        ?|         ?|         ?|    0|    0|  loop auto-rewind stp (delay=0 clock cycles(s))|
    +---------+---------+----------+----------+-----+-----+------------------------------------------------+

    + Detail: 
        * Instance: 
        N/A

        * Loop: 
        +-------------------+---------+---------+----------+-----------+-----------+------+----------+
        |                   |  Latency (cycles) | Iteration|  Initiation Interval  | Trip |          |
        |     Loop Name     |   min   |   max   |  Latency |  achieved |   target  | Count| Pipelined|
        +-------------------+---------+---------+----------+-----------+-----------+------+----------+
        |- VITIS_LOOP_17_1  |        ?|        ?|         8|          1|          1|     ?|       yes|
        +-------------------+---------+---------+----------+-----------+-----------+------+----------+



================================================================
== Utilization Estimates
================================================================
* Summary: 
+-----------------+---------+-----+--------+-------+-----+
|       Name      | BRAM_18K| DSP |   FF   |  LUT  | URAM|
+-----------------+---------+-----+--------+-------+-----+
|DSP              |        -|    -|       -|      -|    -|
|Expression       |        -|    -|       0|     12|    -|
|FIFO             |        -|    -|       -|      -|    -|
|Instance         |        0|    4|     446|    820|    -|
|Memory           |        -|    -|       -|      -|    -|
|Multiplexer      |        -|    -|       0|     54|    -|
|Register         |        -|    -|     547|    192|    -|
+-----------------+---------+-----+--------+-------+-----+
|Total            |        0|    4|     993|   1078|    0|
+-----------------+---------+-----+--------+-------+-----+
|Available        |      280|  220|  106400|  53200|    0|
+-----------------+---------+-----+--------+-------+-----+
|Utilization (%)  |        0|    1|      ~0|      2|    0|
+-----------------+---------+-----+--------+-------+-----+

+ Detail: 
    * Instance: 
    +-----------------------------------+--------------------------------+---------+----+-----+-----+-----+
    |              Instance             |             Module             | BRAM_18K| DSP|  FF | LUT | URAM|
    +-----------------------------------+--------------------------------+---------+----+-----+-----+-----+
    |control_s_axi_U                    |control_s_axi                   |        0|   0|   36|   40|    0|
    |fadd_32ns_32ns_32_5_full_dsp_1_U1  |fadd_32ns_32ns_32_5_full_dsp_1  |        0|   2|  205|  390|    0|
    |fsub_32ns_32ns_32_5_full_dsp_1_U2  |fsub_32ns_32ns_32_5_full_dsp_1  |        0|   2|  205|  390|    0|
    +-----------------------------------+--------------------------------+---------+----+-----+-----+-----+
    |Total                              |                                |        0|   4|  446|  820|    0|
    +-----------------------------------+--------------------------------+---------+----+-----+-----+-----+

    * DSP: 
    N/A

    * Memory: 
    N/A

    * FIFO: 
    N/A

    * Expression: 
    +---------------------------------------+----------+----+---+----+------------+------------+
    |             Variable Name             | Operation| DSP| FF| LUT| Bitwidth P0| Bitwidth P1|
    +---------------------------------------+----------+----+---+----+------------+------------+
    |ap_block_pp0_stage0_01001_grp1         |        or|   0|  0|   2|           1|           1|
    |ap_block_pp0_stage0_11001              |        or|   0|  0|   2|           1|           1|
    |ap_block_state1_pp0_stage0_iter0       |        or|   0|  0|   2|           1|           1|
    |ap_block_state7_pp0_stage0_iter6_grp1  |        or|   0|  0|   2|           1|           1|
    |or_ln33_fu_174_p2                      |        or|   0|  0|   2|           1|           1|
    |ap_enable_pp0                          |       xor|   0|  0|   2|           1|           2|
    +---------------------------------------+----------+----+---+----+------------+------------+
    |Total                                  |          |   0|  0|  12|           6|           7|
    +---------------------------------------+----------+----+---+----+------------+------------+

    * Multiplexer: 
    +----------------------------------+----+-----------+-----+-----------+
    |               Name               | LUT| Input Size| Bits| Total Bits|
    +----------------------------------+----+-----------+-----+-----------+
    |A_TDATA_blk_n                     |   9|          2|    1|          2|
    |B_TDATA_blk_n                     |   9|          2|    1|          2|
    |C_TDATA_blk_n                     |   9|          2|    1|          2|
    |D_TDATA_blk_n                     |   9|          2|    1|          2|
    |ap_done_int                       |   9|          2|    1|          2|
    |ap_loop_exit_ready_pp0_iter7_reg  |   9|          2|    1|          2|
    +----------------------------------+----+-----------+-----+-----------+
    |Total                             |  54|         12|    6|         12|
    +----------------------------------+----+-----------+-----+-----------+

    * Register: 
    +-------------------------------------------+----+----+-----+-----------+
    |                    Name                   | FF | LUT| Bits| Const Bits|
    +-------------------------------------------+----+----+-----+-----------+
    |Apkt_keep_reg_203                          |   4|   0|    4|          0|
    |Apkt_last_reg_213                          |   1|   0|    1|          0|
    |Apkt_strb_reg_208                          |   4|   0|    4|          0|
    |Bpkt_keep_reg_223                          |   4|   0|    4|          0|
    |Bpkt_last_reg_233                          |   1|   0|    1|          0|
    |Bpkt_strb_reg_228                          |   4|   0|    4|          0|
    |Cdata_reg_254                              |  32|   0|   32|          0|
    |Ddata_reg_259                              |  32|   0|   32|          0|
    |ap_CS_fsm                                  |   1|   0|    1|          0|
    |ap_block_pp0_stage0_subdone_grp1_done_reg  |   1|   0|    1|          0|
    |ap_done_reg                                |   1|   0|    1|          0|
    |ap_enable_reg_pp0_iter1                    |   1|   0|    1|          0|
    |ap_enable_reg_pp0_iter2                    |   1|   0|    1|          0|
    |ap_enable_reg_pp0_iter3                    |   1|   0|    1|          0|
    |ap_enable_reg_pp0_iter4                    |   1|   0|    1|          0|
    |ap_enable_reg_pp0_iter5                    |   1|   0|    1|          0|
    |ap_enable_reg_pp0_iter6                    |   1|   0|    1|          0|
    |ap_enable_reg_pp0_iter7                    |   1|   0|    1|          0|
    |ap_loop_exit_ready_pp0_iter1_reg           |   1|   0|    1|          0|
    |ap_loop_exit_ready_pp0_iter2_reg           |   1|   0|    1|          0|
    |ap_loop_exit_ready_pp0_iter3_reg           |   1|   0|    1|          0|
    |ap_loop_exit_ready_pp0_iter4_reg           |   1|   0|    1|          0|
    |ap_loop_exit_ready_pp0_iter5_reg           |   1|   0|    1|          0|
    |ap_loop_exit_ready_pp0_iter6_reg           |   1|   0|    1|          0|
    |ap_loop_exit_ready_pp0_iter7_reg           |   1|   0|    1|          0|
    |p_0_reg_198                                |  32|   0|   32|          0|
    |p_3_reg_218                                |  32|   0|   32|          0|
    |Apkt_keep_reg_203                          |  64|  32|    4|          0|
    |Apkt_last_reg_213                          |  64|  32|    1|          0|
    |Apkt_strb_reg_208                          |  64|  32|    4|          0|
    |Bpkt_keep_reg_223                          |  64|  32|    4|          0|
    |Bpkt_last_reg_233                          |  64|  32|    1|          0|
    |Bpkt_strb_reg_228                          |  64|  32|    4|          0|
    +-------------------------------------------+----+----+-----+-----------+
    |Total                                      | 547| 192|  181|          0|
    +-------------------------------------------+----+----+-----+-----------+



================================================================
== Interface
================================================================
* Summary: 
+-----------------------+-----+-----+------------+-----------------+--------------+
|       RTL Ports       | Dir | Bits|  Protocol  |  Source Object  |    C Type    |
+-----------------------+-----+-----+------------+-----------------+--------------+
|s_axi_control_AWVALID  |   in|    1|       s_axi|          control|   return void|
|s_axi_control_AWREADY  |  out|    1|       s_axi|          control|   return void|
|s_axi_control_AWADDR   |   in|    4|       s_axi|          control|   return void|
|s_axi_control_WVALID   |   in|    1|       s_axi|          control|   return void|
|s_axi_control_WREADY   |  out|    1|       s_axi|          control|   return void|
|s_axi_control_WDATA    |   in|   32|       s_axi|          control|   return void|
|s_axi_control_WSTRB    |   in|    4|       s_axi|          control|   return void|
|s_axi_control_ARVALID  |   in|    1|       s_axi|          control|   return void|
|s_axi_control_ARREADY  |  out|    1|       s_axi|          control|   return void|
|s_axi_control_ARADDR   |   in|    4|       s_axi|          control|   return void|
|s_axi_control_RVALID   |  out|    1|       s_axi|          control|   return void|
|s_axi_control_RREADY   |   in|    1|       s_axi|          control|   return void|
|s_axi_control_RDATA    |  out|   32|       s_axi|          control|   return void|
|s_axi_control_RRESP    |  out|    2|       s_axi|          control|   return void|
|s_axi_control_BVALID   |  out|    1|       s_axi|          control|   return void|
|s_axi_control_BREADY   |   in|    1|       s_axi|          control|   return void|
|s_axi_control_BRESP    |  out|    2|       s_axi|          control|   return void|
|ap_clk                 |   in|    1|  ap_ctrl_hs|  axis_fp_example|  return value|
|ap_rst_n               |   in|    1|  ap_ctrl_hs|  axis_fp_example|  return value|
|interrupt              |  out|    1|  ap_ctrl_hs|  axis_fp_example|  return value|
|A_TVALID               |   in|    1|        axis|       A_V_last_V|       pointer|
|A_TREADY               |  out|    1|        axis|       A_V_last_V|       pointer|
|A_TLAST                |   in|    1|        axis|       A_V_last_V|       pointer|
|B_TVALID               |   in|    1|        axis|       B_V_last_V|       pointer|
|B_TREADY               |  out|    1|        axis|       B_V_last_V|       pointer|
|B_TLAST                |   in|    1|        axis|       B_V_last_V|       pointer|
|C_TREADY               |   in|    1|        axis|       C_V_last_V|       pointer|
|C_TVALID               |  out|    1|        axis|       C_V_last_V|       pointer|
|C_TLAST                |  out|    1|        axis|       C_V_last_V|       pointer|
|D_TREADY               |   in|    1|        axis|       D_V_last_V|       pointer|
|D_TVALID               |  out|    1|        axis|       D_V_last_V|       pointer|
|D_TLAST                |  out|    1|        axis|       D_V_last_V|       pointer|
|A_TDATA                |   in|   32|        axis|       A_V_data_V|       pointer|
|A_TKEEP                |   in|    4|        axis|       A_V_keep_V|       pointer|
|A_TSTRB                |   in|    4|        axis|       A_V_strb_V|       pointer|
|B_TDATA                |   in|   32|        axis|       B_V_data_V|       pointer|
|B_TKEEP                |   in|    4|        axis|       B_V_keep_V|       pointer|
|B_TSTRB                |   in|    4|        axis|       B_V_strb_V|       pointer|
|C_TDATA                |  out|   32|        axis|       C_V_data_V|       pointer|
|C_TKEEP                |  out|    4|        axis|       C_V_keep_V|       pointer|
|C_TSTRB                |  out|    4|        axis|       C_V_strb_V|       pointer|
|D_TDATA                |  out|   32|        axis|       D_V_data_V|       pointer|
|D_TKEEP                |  out|    4|        axis|       D_V_keep_V|       pointer|
|D_TSTRB                |  out|    4|        axis|       D_V_strb_V|       pointer|
+-----------------------+-----+-----+------------+-----------------+--------------+

============================================================
+ Verbose Summary: Synthesis Manager
============================================================
InlineROM: 1
ExposeGlobal: 0
============================================================
+ Verbose Summary: CDFG Model
============================================================
IsTopModel: 1
ResetActiveHigh: 1
IsCombinational: 2
IsDatapathOnly: 2
HasWiredReturn: 1
HasMFsm: 2
HasVarLatency: 1
IsPipeline: 0
IsRtlPipelined: 0
IsInstanceOverlapped: 0
IsDontTouch: 0
HasImplIP: 0
IsGatedGlobalClock: 0

+ Individual pipeline summary: 
  * Pipeline-0: initiation interval (II) = 1, depth = 8


============================================================
+ Verbose Summary: Schedule
============================================================
* Number of FSM states : 8
* Pipeline : 1
  Pipeline-0 : II = 1, D = 8, States = { 1 2 3 4 5 6 7 8 }
* Dataflow Pipeline: 0

* FSM state transitions: 
1 --> 2 
2 --> 3 
3 --> 4 
4 --> 5 
5 --> 6 
6 --> 7 
7 --> 8 
8 --> 

* FSM state operations: 

State 1 <SV = 0> <Delay = 1.49>
ST_1 : Operation 11 [1/1] (0.00ns)   --->   "%spectopmodule_ln5 = spectopmodule void @_ssdm_op_SpecTopModule, void @empty_8" [axis_fp_example.cpp:5]   --->   Operation 11 'spectopmodule' 'spectopmodule_ln5' <Predicate = true> <Delay = 0.00>
ST_1 : Operation 12 [1/1] (0.00ns)   --->   "%specinterface_ln0 = specinterface void @_ssdm_op_SpecInterface, i32 %A_V_data_V, i4 %A_V_keep_V, i4 %A_V_strb_V, i1 %A_V_last_V, void @empty, i32 1, i32 1, void @empty_0, i32 0, i32 0, void @empty_1, void @empty_1, void @empty_1, i32 0, i32 0, i32 0, i32 0, void @empty_1, void @empty_1, i32 4294967295, i32 0, i32 0"   --->   Operation 12 'specinterface' 'specinterface_ln0' <Predicate = true> <Delay = 0.00>
ST_1 : Operation 13 [1/1] (0.00ns)   --->   "%specbitsmap_ln0 = specbitsmap void @_ssdm_op_SpecBitsMap, i32 %A_V_data_V"   --->   Operation 13 'specbitsmap' 'specbitsmap_ln0' <Predicate = true> <Delay = 0.00>
ST_1 : Operation 14 [1/1] (0.00ns)   --->   "%specbitsmap_ln0 = specbitsmap void @_ssdm_op_SpecBitsMap, i4 %A_V_keep_V"   --->   Operation 14 'specbitsmap' 'specbitsmap_ln0' <Predicate = true> <Delay = 0.00>
ST_1 : Operation 15 [1/1] (0.00ns)   --->   "%specbitsmap_ln0 = specbitsmap void @_ssdm_op_SpecBitsMap, i4 %A_V_strb_V"   --->   Operation 15 'specbitsmap' 'specbitsmap_ln0' <Predicate = true> <Delay = 0.00>
ST_1 : Operation 16 [1/1] (0.00ns)   --->   "%specbitsmap_ln0 = specbitsmap void @_ssdm_op_SpecBitsMap, i1 %A_V_last_V"   --->   Operation 16 'specbitsmap' 'specbitsmap_ln0' <Predicate = true> <Delay = 0.00>
ST_1 : Operation 17 [1/1] (0.00ns)   --->   "%specinterface_ln0 = specinterface void @_ssdm_op_SpecInterface, i32 %B_V_data_V, i4 %B_V_keep_V, i4 %B_V_strb_V, i1 %B_V_last_V, void @empty, i32 1, i32 1, void @empty_0, i32 0, i32 0, void @empty_1, void @empty_1, void @empty_1, i32 0, i32 0, i32 0, i32 0, void @empty_1, void @empty_1, i32 4294967295, i32 0, i32 0"   --->   Operation 17 'specinterface' 'specinterface_ln0' <Predicate = true> <Delay = 0.00>
ST_1 : Operation 18 [1/1] (0.00ns)   --->   "%specbitsmap_ln0 = specbitsmap void @_ssdm_op_SpecBitsMap, i32 %B_V_data_V"   --->   Operation 18 'specbitsmap' 'specbitsmap_ln0' <Predicate = true> <Delay = 0.00>
ST_1 : Operation 19 [1/1] (0.00ns)   --->   "%specbitsmap_ln0 = specbitsmap void @_ssdm_op_SpecBitsMap, i4 %B_V_keep_V"   --->   Operation 19 'specbitsmap' 'specbitsmap_ln0' <Predicate = true> <Delay = 0.00>
ST_1 : Operation 20 [1/1] (0.00ns)   --->   "%specbitsmap_ln0 = specbitsmap void @_ssdm_op_SpecBitsMap, i4 %B_V_strb_V"   --->   Operation 20 'specbitsmap' 'specbitsmap_ln0' <Predicate = true> <Delay = 0.00>
ST_1 : Operation 21 [1/1] (0.00ns)   --->   "%specbitsmap_ln0 = specbitsmap void @_ssdm_op_SpecBitsMap, i1 %B_V_last_V"   --->   Operation 21 'specbitsmap' 'specbitsmap_ln0' <Predicate = true> <Delay = 0.00>
ST_1 : Operation 22 [1/1] (0.00ns)   --->   "%specinterface_ln0 = specinterface void @_ssdm_op_SpecInterface, i32 %C_V_data_V, i4 %C_V_keep_V, i4 %C_V_strb_V, i1 %C_V_last_V, void @empty, i32 1, i32 1, void @empty_0, i32 0, i32 0, void @empty_1, void @empty_1, void @empty_1, i32 0, i32 0, i32 0, i32 0, void @empty_1, void @empty_1, i32 4294967295, i32 0, i32 0"   --->   Operation 22 'specinterface' 'specinterface_ln0' <Predicate = true> <Delay = 0.00>
ST_1 : Operation 23 [1/1] (0.00ns)   --->   "%specbitsmap_ln0 = specbitsmap void @_ssdm_op_SpecBitsMap, i32 %C_V_data_V"   --->   Operation 23 'specbitsmap' 'specbitsmap_ln0' <Predicate = true> <Delay = 0.00>
ST_1 : Operation 24 [1/1] (0.00ns)   --->   "%specbitsmap_ln0 = specbitsmap void @_ssdm_op_SpecBitsMap, i4 %C_V_keep_V"   --->   Operation 24 'specbitsmap' 'specbitsmap_ln0' <Predicate = true> <Delay = 0.00>
ST_1 : Operation 25 [1/1] (0.00ns)   --->   "%specbitsmap_ln0 = specbitsmap void @_ssdm_op_SpecBitsMap, i4 %C_V_strb_V"   --->   Operation 25 'specbitsmap' 'specbitsmap_ln0' <Predicate = true> <Delay = 0.00>
ST_1 : Operation 26 [1/1] (0.00ns)   --->   "%specbitsmap_ln0 = specbitsmap void @_ssdm_op_SpecBitsMap, i1 %C_V_last_V"   --->   Operation 26 'specbitsmap' 'specbitsmap_ln0' <Predicate = true> <Delay = 0.00>
ST_1 : Operation 27 [1/1] (0.00ns)   --->   "%specinterface_ln0 = specinterface void @_ssdm_op_SpecInterface, i32 %D_V_data_V, i4 %D_V_keep_V, i4 %D_V_strb_V, i1 %D_V_last_V, void @empty, i32 1, i32 1, void @empty_0, i32 0, i32 0, void @empty_1, void @empty_1, void @empty_1, i32 0, i32 0, i32 0, i32 0, void @empty_1, void @empty_1, i32 4294967295, i32 0, i32 0"   --->   Operation 27 'specinterface' 'specinterface_ln0' <Predicate = true> <Delay = 0.00>
ST_1 : Operation 28 [1/1] (0.00ns)   --->   "%specbitsmap_ln0 = specbitsmap void @_ssdm_op_SpecBitsMap, i32 %D_V_data_V"   --->   Operation 28 'specbitsmap' 'specbitsmap_ln0' <Predicate = true> <Delay = 0.00>
ST_1 : Operation 29 [1/1] (0.00ns)   --->   "%specbitsmap_ln0 = specbitsmap void @_ssdm_op_SpecBitsMap, i4 %D_V_keep_V"   --->   Operation 29 'specbitsmap' 'specbitsmap_ln0' <Predicate = true> <Delay = 0.00>
ST_1 : Operation 30 [1/1] (0.00ns)   --->   "%specbitsmap_ln0 = specbitsmap void @_ssdm_op_SpecBitsMap, i4 %D_V_strb_V"   --->   Operation 30 'specbitsmap' 'specbitsmap_ln0' <Predicate = true> <Delay = 0.00>
ST_1 : Operation 31 [1/1] (0.00ns)   --->   "%specbitsmap_ln0 = specbitsmap void @_ssdm_op_SpecBitsMap, i1 %D_V_last_V"   --->   Operation 31 'specbitsmap' 'specbitsmap_ln0' <Predicate = true> <Delay = 0.00>
ST_1 : Operation 32 [1/1] (0.00ns)   --->   "%specinterface_ln0 = specinterface void @_ssdm_op_SpecInterface, i32 0, void @empty_2, i32 0, i32 0, void @empty_1, i32 0, i32 0, void @empty_3, void @empty_1, void @empty_1, i32 0, i32 0, i32 0, i32 0, void @empty_1, void @empty_1, i32 4294967295, i32 0, i32 0"   --->   Operation 32 'specinterface' 'specinterface_ln0' <Predicate = true> <Delay = 0.00>
ST_1 : Operation 33 [1/1] (0.00ns)   --->   "%specaxissidechannel_ln17 = specaxissidechannel void @_ssdm_op_SpecAXISSideChannel, i32 %C_V_data_V, i4 %C_V_keep_V, i4 %C_V_strb_V, i1 0, i1 %C_V_last_V, i1 0, i1 0, void @empty_4" [axis_fp_example.cpp:17]   --->   Operation 33 'specaxissidechannel' 'specaxissidechannel_ln17' <Predicate = true> <Delay = 0.00>
ST_1 : Operation 34 [1/1] (0.00ns)   --->   "%specaxissidechannel_ln17 = specaxissidechannel void @_ssdm_op_SpecAXISSideChannel, i32 %D_V_data_V, i4 %D_V_keep_V, i4 %D_V_strb_V, i1 0, i1 %D_V_last_V, i1 0, i1 0, void @empty_5" [axis_fp_example.cpp:17]   --->   Operation 34 'specaxissidechannel' 'specaxissidechannel_ln17' <Predicate = true> <Delay = 0.00>
ST_1 : Operation 35 [1/1] (0.00ns)   --->   "%specaxissidechannel_ln17 = specaxissidechannel void @_ssdm_op_SpecAXISSideChannel, i32 %B_V_data_V, i4 %B_V_keep_V, i4 %B_V_strb_V, i1 0, i1 %B_V_last_V, i1 0, i1 0, void @empty_6" [axis_fp_example.cpp:17]   --->   Operation 35 'specaxissidechannel' 'specaxissidechannel_ln17' <Predicate = true> <Delay = 0.00>
ST_1 : Operation 36 [1/1] (0.00ns)   --->   "%specaxissidechannel_ln17 = specaxissidechannel void @_ssdm_op_SpecAXISSideChannel, i32 %A_V_data_V, i4 %A_V_keep_V, i4 %A_V_strb_V, i1 0, i1 %A_V_last_V, i1 0, i1 0, void @empty_7" [axis_fp_example.cpp:17]   --->   Operation 36 'specaxissidechannel' 'specaxissidechannel_ln17' <Predicate = true> <Delay = 0.00>
ST_1 : Operation 37 [1/1] (0.00ns)   --->   "%br_ln17 = br void %while.body" [axis_fp_example.cpp:17]   --->   Operation 37 'br' 'br_ln17' <Predicate = true> <Delay = 0.00>
ST_1 : Operation 38 [1/1] (0.51ns)   --->   "%empty = read i41 @_ssdm_op_Read.axis.volatile.i32P0A.i4P0A.i4P0A.i1P0A, i32 %A_V_data_V, i4 %A_V_keep_V, i4 %A_V_strb_V, i1 %A_V_last_V" [axis_fp_example.cpp:18]   --->   Operation 38 'read' 'empty' <Predicate = true> <Delay = 0.51> <CoreInst = "regslice">   --->   Core 135 'regslice' <Latency = 0> <II = 1> <Delay = 1.86> <Adapter> <Opcode : 'read' 'write'>
ST_1 : Operation 39 [1/1] (0.00ns)   --->   "%p_0 = extractvalue i41 %empty" [axis_fp_example.cpp:18]   --->   Operation 39 'extractvalue' 'p_0' <Predicate = true> <Delay = 0.00>
ST_1 : Operation 40 [1/1] (0.00ns)   --->   "%Apkt_keep = extractvalue i41 %empty" [axis_fp_example.cpp:18]   --->   Operation 40 'extractvalue' 'Apkt_keep' <Predicate = true> <Delay = 0.00>
ST_1 : Operation 41 [1/1] (0.00ns)   --->   "%Apkt_strb = extractvalue i41 %empty" [axis_fp_example.cpp:18]   --->   Operation 41 'extractvalue' 'Apkt_strb' <Predicate = true> <Delay = 0.00>
ST_1 : Operation 42 [1/1] (0.00ns)   --->   "%Apkt_last = extractvalue i41 %empty" [axis_fp_example.cpp:18]   --->   Operation 42 'extractvalue' 'Apkt_last' <Predicate = true> <Delay = 0.00>
ST_1 : Operation 43 [1/1] (0.51ns)   --->   "%empty_12 = read i41 @_ssdm_op_Read.axis.volatile.i32P0A.i4P0A.i4P0A.i1P0A, i32 %B_V_data_V, i4 %B_V_keep_V, i4 %B_V_strb_V, i1 %B_V_last_V" [axis_fp_example.cpp:19]   --->   Operation 43 'read' 'empty_12' <Predicate = true> <Delay = 0.51> <CoreInst = "regslice">   --->   Core 135 'regslice' <Latency = 0> <II = 1> <Delay = 1.86> <Adapter> <Opcode : 'read' 'write'>
ST_1 : Operation 44 [1/1] (0.00ns)   --->   "%p_3 = extractvalue i41 %empty_12" [axis_fp_example.cpp:19]   --->   Operation 44 'extractvalue' 'p_3' <Predicate = true> <Delay = 0.00>
ST_1 : Operation 45 [1/1] (0.00ns)   --->   "%Bpkt_keep = extractvalue i41 %empty_12" [axis_fp_example.cpp:19]   --->   Operation 45 'extractvalue' 'Bpkt_keep' <Predicate = true> <Delay = 0.00>
ST_1 : Operation 46 [1/1] (0.00ns)   --->   "%Bpkt_strb = extractvalue i41 %empty_12" [axis_fp_example.cpp:19]   --->   Operation 46 'extractvalue' 'Bpkt_strb' <Predicate = true> <Delay = 0.00>
ST_1 : Operation 47 [1/1] (0.00ns)   --->   "%Bpkt_last = extractvalue i41 %empty_12" [axis_fp_example.cpp:19]   --->   Operation 47 'extractvalue' 'Bpkt_last' <Predicate = true> <Delay = 0.00>
ST_1 : Operation 48 [1/1] (0.97ns)   --->   "%or_ln33 = or i1 %Apkt_last, i1 %Bpkt_last" [axis_fp_example.cpp:33]   --->   Operation 48 'or' 'or_ln33' <Predicate = true> <Delay = 0.97> <CoreInst = "LogicGate">   --->   Core 74 'LogicGate' <Latency = 0> <II = 1> <Delay = 0.97> <FuncUnit> <Opcode : 'and' 'or' 'xor'> <InPorts = 2> <OutPorts = 1>
ST_1 : Operation 49 [1/1] (0.00ns)   --->   "%br_ln33 = br i1 %or_ln33, void %if.end, void %while.end" [axis_fp_example.cpp:33]   --->   Operation 49 'br' 'br_ln33' <Predicate = true> <Delay = 0.00>
ST_1 : Operation 50 [1/1] (0.00ns)   --->   "%specpipeline_ln17 = specpipeline void @_ssdm_op_SpecPipeline, i32 4294967295, i32 0, i32 0, i32 0, void @empty_1" [axis_fp_example.cpp:17]   --->   Operation 50 'specpipeline' 'specpipeline_ln17' <Predicate = (!or_ln33)> <Delay = 0.00>
ST_1 : Operation 51 [1/1] (0.00ns)   --->   "%specloopname_ln17 = specloopname void @_ssdm_op_SpecLoopName, void @empty_9" [axis_fp_example.cpp:17]   --->   Operation 51 'specloopname' 'specloopname_ln17' <Predicate = (!or_ln33)> <Delay = 0.00>
ST_1 : Operation 52 [1/1] (0.00ns)   --->   "%br_ln17 = br void %while.body" [axis_fp_example.cpp:17]   --->   Operation 52 'br' 'br_ln17' <Predicate = (!or_ln33)> <Delay = 0.00>

State 2 <SV = 1> <Delay = 7.25>
ST_2 : Operation 53 [1/1] (0.00ns)   --->   "%Apkt_data_1 = bitcast i32 %p_0" [axis_fp_example.cpp:18]   --->   Operation 53 'bitcast' 'Apkt_data_1' <Predicate = true> <Delay = 0.00>
ST_2 : Operation 54 [1/1] (0.00ns)   --->   "%Bpkt_data_1 = bitcast i32 %p_3" [axis_fp_example.cpp:19]   --->   Operation 54 'bitcast' 'Bpkt_data_1' <Predicate = true> <Delay = 0.00>
ST_2 : Operation 55 [5/5] (7.25ns)   --->   "%Cdata = fadd i32 %Apkt_data_1, i32 %Bpkt_data_1" [axis_fp_example.cpp:24]   --->   Operation 55 'fadd' 'Cdata' <Predicate = true> <Delay = 7.25> <CoreInst = "FAddSub_fulldsp">   --->   Core 18 'FAddSub_fulldsp' <Latency = 4> <II = 1> <Delay = 7.25> <FuncUnit> <Opcode : 'fadd' 'fsub'> <InPorts = 2> <OutPorts = 1>
ST_2 : Operation 56 [5/5] (7.25ns)   --->   "%Ddata = fsub i32 %Apkt_data_1, i32 %Bpkt_data_1" [axis_fp_example.cpp:25]   --->   Operation 56 'fsub' 'Ddata' <Predicate = true> <Delay = 7.25> <CoreInst = "FAddSub_fulldsp">   --->   Core 18 'FAddSub_fulldsp' <Latency = 4> <II = 1> <Delay = 7.25> <FuncUnit> <Opcode : 'fadd' 'fsub'> <InPorts = 2> <OutPorts = 1>

State 3 <SV = 2> <Delay = 7.25>
ST_3 : Operation 57 [4/5] (7.25ns)   --->   "%Cdata = fadd i32 %Apkt_data_1, i32 %Bpkt_data_1" [axis_fp_example.cpp:24]   --->   Operation 57 'fadd' 'Cdata' <Predicate = true> <Delay = 7.25> <CoreInst = "FAddSub_fulldsp">   --->   Core 18 'FAddSub_fulldsp' <Latency = 4> <II = 1> <Delay = 7.25> <FuncUnit> <Opcode : 'fadd' 'fsub'> <InPorts = 2> <OutPorts = 1>
ST_3 : Operation 58 [4/5] (7.25ns)   --->   "%Ddata = fsub i32 %Apkt_data_1, i32 %Bpkt_data_1" [axis_fp_example.cpp:25]   --->   Operation 58 'fsub' 'Ddata' <Predicate = true> <Delay = 7.25> <CoreInst = "FAddSub_fulldsp">   --->   Core 18 'FAddSub_fulldsp' <Latency = 4> <II = 1> <Delay = 7.25> <FuncUnit> <Opcode : 'fadd' 'fsub'> <InPorts = 2> <OutPorts = 1>

State 4 <SV = 3> <Delay = 7.25>
ST_4 : Operation 59 [3/5] (7.25ns)   --->   "%Cdata = fadd i32 %Apkt_data_1, i32 %Bpkt_data_1" [axis_fp_example.cpp:24]   --->   Operation 59 'fadd' 'Cdata' <Predicate = true> <Delay = 7.25> <CoreInst = "FAddSub_fulldsp">   --->   Core 18 'FAddSub_fulldsp' <Latency = 4> <II = 1> <Delay = 7.25> <FuncUnit> <Opcode : 'fadd' 'fsub'> <InPorts = 2> <OutPorts = 1>
ST_4 : Operation 60 [3/5] (7.25ns)   --->   "%Ddata = fsub i32 %Apkt_data_1, i32 %Bpkt_data_1" [axis_fp_example.cpp:25]   --->   Operation 60 'fsub' 'Ddata' <Predicate = true> <Delay = 7.25> <CoreInst = "FAddSub_fulldsp">   --->   Core 18 'FAddSub_fulldsp' <Latency = 4> <II = 1> <Delay = 7.25> <FuncUnit> <Opcode : 'fadd' 'fsub'> <InPorts = 2> <OutPorts = 1>

State 5 <SV = 4> <Delay = 7.25>
ST_5 : Operation 61 [2/5] (7.25ns)   --->   "%Cdata = fadd i32 %Apkt_data_1, i32 %Bpkt_data_1" [axis_fp_example.cpp:24]   --->   Operation 61 'fadd' 'Cdata' <Predicate = true> <Delay = 7.25> <CoreInst = "FAddSub_fulldsp">   --->   Core 18 'FAddSub_fulldsp' <Latency = 4> <II = 1> <Delay = 7.25> <FuncUnit> <Opcode : 'fadd' 'fsub'> <InPorts = 2> <OutPorts = 1>
ST_5 : Operation 62 [2/5] (7.25ns)   --->   "%Ddata = fsub i32 %Apkt_data_1, i32 %Bpkt_data_1" [axis_fp_example.cpp:25]   --->   Operation 62 'fsub' 'Ddata' <Predicate = true> <Delay = 7.25> <CoreInst = "FAddSub_fulldsp">   --->   Core 18 'FAddSub_fulldsp' <Latency = 4> <II = 1> <Delay = 7.25> <FuncUnit> <Opcode : 'fadd' 'fsub'> <InPorts = 2> <OutPorts = 1>

State 6 <SV = 5> <Delay = 7.25>
ST_6 : Operation 63 [1/5] (7.25ns)   --->   "%Cdata = fadd i32 %Apkt_data_1, i32 %Bpkt_data_1" [axis_fp_example.cpp:24]   --->   Operation 63 'fadd' 'Cdata' <Predicate = true> <Delay = 7.25> <CoreInst = "FAddSub_fulldsp">   --->   Core 18 'FAddSub_fulldsp' <Latency = 4> <II = 1> <Delay = 7.25> <FuncUnit> <Opcode : 'fadd' 'fsub'> <InPorts = 2> <OutPorts = 1>
ST_6 : Operation 64 [1/5] (7.25ns)   --->   "%Ddata = fsub i32 %Apkt_data_1, i32 %Bpkt_data_1" [axis_fp_example.cpp:25]   --->   Operation 64 'fsub' 'Ddata' <Predicate = true> <Delay = 7.25> <CoreInst = "FAddSub_fulldsp">   --->   Core 18 'FAddSub_fulldsp' <Latency = 4> <II = 1> <Delay = 7.25> <FuncUnit> <Opcode : 'fadd' 'fsub'> <InPorts = 2> <OutPorts = 1>

State 7 <SV = 6> <Delay = 1.29>
ST_7 : Operation 65 [1/1] (0.00ns)   --->   "%bitcast_ln31 = bitcast i32 %Cdata" [axis_fp_example.cpp:31]   --->   Operation 65 'bitcast' 'bitcast_ln31' <Predicate = true> <Delay = 0.00>
ST_7 : Operation 66 [2/2] (1.29ns)   --->   "%write_ln31 = write void @_ssdm_op_Write.axis.volatile.i32P0A.i4P0A.i4P0A.i1P0A, i32 %C_V_data_V, i4 %C_V_keep_V, i4 %C_V_strb_V, i1 %C_V_last_V, i32 %bitcast_ln31, i4 %Apkt_keep, i4 %Apkt_strb, i1 %Apkt_last" [axis_fp_example.cpp:31]   --->   Operation 66 'write' 'write_ln31' <Predicate = true> <Delay = 1.29> <CoreInst = "regslice">   --->   Core 135 'regslice' <Latency = 0> <II = 1> <Delay = 1.86> <Adapter> <Opcode : 'read' 'write'>
ST_7 : Operation 67 [1/1] (0.00ns)   --->   "%bitcast_ln32 = bitcast i32 %Ddata" [axis_fp_example.cpp:32]   --->   Operation 67 'bitcast' 'bitcast_ln32' <Predicate = true> <Delay = 0.00>
ST_7 : Operation 68 [2/2] (1.29ns)   --->   "%write_ln32 = write void @_ssdm_op_Write.axis.volatile.i32P0A.i4P0A.i4P0A.i1P0A, i32 %D_V_data_V, i4 %D_V_keep_V, i4 %D_V_strb_V, i1 %D_V_last_V, i32 %bitcast_ln32, i4 %Bpkt_keep, i4 %Bpkt_strb, i1 %Bpkt_last" [axis_fp_example.cpp:32]   --->   Operation 68 'write' 'write_ln32' <Predicate = true> <Delay = 1.29> <CoreInst = "regslice">   --->   Core 135 'regslice' <Latency = 0> <II = 1> <Delay = 1.86> <Adapter> <Opcode : 'read' 'write'>

State 8 <SV = 7> <Delay = 1.58>
ST_8 : Operation 69 [1/2] (1.29ns)   --->   "%write_ln31 = write void @_ssdm_op_Write.axis.volatile.i32P0A.i4P0A.i4P0A.i1P0A, i32 %C_V_data_V, i4 %C_V_keep_V, i4 %C_V_strb_V, i1 %C_V_last_V, i32 %bitcast_ln31, i4 %Apkt_keep, i4 %Apkt_strb, i1 %Apkt_last" [axis_fp_example.cpp:31]   --->   Operation 69 'write' 'write_ln31' <Predicate = true> <Delay = 1.29> <CoreInst = "regslice">   --->   Core 135 'regslice' <Latency = 0> <II = 1> <Delay = 1.86> <Adapter> <Opcode : 'read' 'write'>
ST_8 : Operation 70 [1/2] (1.29ns)   --->   "%write_ln32 = write void @_ssdm_op_Write.axis.volatile.i32P0A.i4P0A.i4P0A.i1P0A, i32 %D_V_data_V, i4 %D_V_keep_V, i4 %D_V_strb_V, i1 %D_V_last_V, i32 %bitcast_ln32, i4 %Bpkt_keep, i4 %Bpkt_strb, i1 %Bpkt_last" [axis_fp_example.cpp:32]   --->   Operation 70 'write' 'write_ln32' <Predicate = true> <Delay = 1.29> <CoreInst = "regslice">   --->   Core 135 'regslice' <Latency = 0> <II = 1> <Delay = 1.86> <Adapter> <Opcode : 'read' 'write'>
ST_8 : Operation 71 [1/1] (1.58ns)   --->   "%ret_ln38 = ret" [axis_fp_example.cpp:38]   --->   Operation 71 'ret' 'ret_ln38' <Predicate = (or_ln33)> <Delay = 1.58>


============================================================
+ Verbose Summary: Binding
============================================================
STG Binding: 
---------------- STG Properties BEGIN ----------------
- Is combinational: 0
- Is one-state seq: 0
- Is datapath-only: 0
- Is pipelined: 0
- Is top level: 1
Port [ Return ] is wired: 1; IO mode=ap_ctrl_hs:ce=0
Port [ A_V_data_V]:  wired=1; compound=1; hidden=0; nouse=0; global=0; static=0; extern=0; dir=0; type=0; pingpong=0; private_global=0; IO mode=axis:ce=0
Port [ A_V_keep_V]:  wired=1; compound=1; hidden=0; nouse=0; global=0; static=0; extern=0; dir=0; type=0; pingpong=0; private_global=0; IO mode=axis:ce=0
Port [ A_V_strb_V]:  wired=1; compound=1; hidden=0; nouse=0; global=0; static=0; extern=0; dir=0; type=0; pingpong=0; private_global=0; IO mode=axis:ce=0
Port [ A_V_last_V]:  wired=1; compound=1; hidden=0; nouse=0; global=0; static=0; extern=0; dir=0; type=0; pingpong=0; private_global=0; IO mode=axis:ce=0
Port [ B_V_data_V]:  wired=1; compound=1; hidden=0; nouse=0; global=0; static=0; extern=0; dir=0; type=0; pingpong=0; private_global=0; IO mode=axis:ce=0
Port [ B_V_keep_V]:  wired=1; compound=1; hidden=0; nouse=0; global=0; static=0; extern=0; dir=0; type=0; pingpong=0; private_global=0; IO mode=axis:ce=0
Port [ B_V_strb_V]:  wired=1; compound=1; hidden=0; nouse=0; global=0; static=0; extern=0; dir=0; type=0; pingpong=0; private_global=0; IO mode=axis:ce=0
Port [ B_V_last_V]:  wired=1; compound=1; hidden=0; nouse=0; global=0; static=0; extern=0; dir=0; type=0; pingpong=0; private_global=0; IO mode=axis:ce=0
Port [ C_V_data_V]:  wired=1; compound=1; hidden=0; nouse=0; global=0; static=0; extern=0; dir=1; type=0; pingpong=0; private_global=0; IO mode=axis:ce=0
Port [ C_V_keep_V]:  wired=1; compound=1; hidden=0; nouse=0; global=0; static=0; extern=0; dir=1; type=0; pingpong=0; private_global=0; IO mode=axis:ce=0
Port [ C_V_strb_V]:  wired=1; compound=1; hidden=0; nouse=0; global=0; static=0; extern=0; dir=1; type=0; pingpong=0; private_global=0; IO mode=axis:ce=0
Port [ C_V_last_V]:  wired=1; compound=1; hidden=0; nouse=0; global=0; static=0; extern=0; dir=1; type=0; pingpong=0; private_global=0; IO mode=axis:ce=0
Port [ D_V_data_V]:  wired=1; compound=1; hidden=0; nouse=0; global=0; static=0; extern=0; dir=1; type=0; pingpong=0; private_global=0; IO mode=axis:ce=0
Port [ D_V_keep_V]:  wired=1; compound=1; hidden=0; nouse=0; global=0; static=0; extern=0; dir=1; type=0; pingpong=0; private_global=0; IO mode=axis:ce=0
Port [ D_V_strb_V]:  wired=1; compound=1; hidden=0; nouse=0; global=0; static=0; extern=0; dir=1; type=0; pingpong=0; private_global=0; IO mode=axis:ce=0
Port [ D_V_last_V]:  wired=1; compound=1; hidden=0; nouse=0; global=0; static=0; extern=0; dir=1; type=0; pingpong=0; private_global=0; IO mode=axis:ce=0
---------------- STG Properties END ------------------

---------------- Datapath Model BEGIN ----------------

<LifeTime>
<method=bitvector/>
spectopmodule_ln5        (spectopmodule      ) [ 000000000]
specinterface_ln0        (specinterface      ) [ 000000000]
specbitsmap_ln0          (specbitsmap        ) [ 000000000]
specbitsmap_ln0          (specbitsmap        ) [ 000000000]
specbitsmap_ln0          (specbitsmap        ) [ 000000000]
specbitsmap_ln0          (specbitsmap        ) [ 000000000]
specinterface_ln0        (specinterface      ) [ 000000000]
specbitsmap_ln0          (specbitsmap        ) [ 000000000]
specbitsmap_ln0          (specbitsmap        ) [ 000000000]
specbitsmap_ln0          (specbitsmap        ) [ 000000000]
specbitsmap_ln0          (specbitsmap        ) [ 000000000]
specinterface_ln0        (specinterface      ) [ 000000000]
specbitsmap_ln0          (specbitsmap        ) [ 000000000]
specbitsmap_ln0          (specbitsmap        ) [ 000000000]
specbitsmap_ln0          (specbitsmap        ) [ 000000000]
specbitsmap_ln0          (specbitsmap        ) [ 000000000]
specinterface_ln0        (specinterface      ) [ 000000000]
specbitsmap_ln0          (specbitsmap        ) [ 000000000]
specbitsmap_ln0          (specbitsmap        ) [ 000000000]
specbitsmap_ln0          (specbitsmap        ) [ 000000000]
specbitsmap_ln0          (specbitsmap        ) [ 000000000]
specinterface_ln0        (specinterface      ) [ 000000000]
specaxissidechannel_ln17 (specaxissidechannel) [ 000000000]
specaxissidechannel_ln17 (specaxissidechannel) [ 000000000]
specaxissidechannel_ln17 (specaxissidechannel) [ 000000000]
specaxissidechannel_ln17 (specaxissidechannel) [ 000000000]
br_ln17                  (br                 ) [ 000000000]
empty                    (read               ) [ 000000000]
p_0                      (extractvalue       ) [ 011000000]
Apkt_keep                (extractvalue       ) [ 011111111]
Apkt_strb                (extractvalue       ) [ 011111111]
Apkt_last                (extractvalue       ) [ 011111111]
empty_12                 (read               ) [ 000000000]
p_3                      (extractvalue       ) [ 011000000]
Bpkt_keep                (extractvalue       ) [ 011111111]
Bpkt_strb                (extractvalue       ) [ 011111111]
Bpkt_last                (extractvalue       ) [ 011111111]
or_ln33                  (or                 ) [ 011111111]
br_ln33                  (br                 ) [ 000000000]
specpipeline_ln17        (specpipeline       ) [ 000000000]
specloopname_ln17        (specloopname       ) [ 000000000]
br_ln17                  (br                 ) [ 000000000]
Apkt_data_1              (bitcast            ) [ 010111100]
Bpkt_data_1              (bitcast            ) [ 010111100]
Cdata                    (fadd               ) [ 010000010]
Ddata                    (fsub               ) [ 010000010]
bitcast_ln31             (bitcast            ) [ 010000001]
bitcast_ln32             (bitcast            ) [ 010000001]
write_ln31               (write              ) [ 000000000]
write_ln32               (write              ) [ 000000000]
ret_ln38                 (ret                ) [ 000000000]
</LifeTime>

<model>

<comp_list>
<comp id="0" class="1000" name="A_V_data_V">
<pin_list>
<pin id="1" dir="1" index="0" bw="1" slack="0"/>
</pin_list>
<bind>
<StgValue><ssdm name="A_V_data_V"/></StgValue>
</bind>
</comp>

<comp id="2" class="1000" name="A_V_keep_V">
<pin_list>
<pin id="3" dir="1" index="0" bw="1" slack="0"/>
</pin_list>
<bind>
<StgValue><ssdm name="A_V_keep_V"/></StgValue>
</bind>
</comp>

<comp id="4" class="1000" name="A_V_strb_V">
<pin_list>
<pin id="5" dir="1" index="0" bw="1" slack="0"/>
</pin_list>
<bind>
<StgValue><ssdm name="A_V_strb_V"/></StgValue>
</bind>
</comp>

<comp id="6" class="1000" name="A_V_last_V">
<pin_list>
<pin id="7" dir="1" index="0" bw="1" slack="0"/>
</pin_list>
<bind>
<StgValue><ssdm name="A_V_last_V"/></StgValue>
</bind>
</comp>

<comp id="8" class="1000" name="B_V_data_V">
<pin_list>
<pin id="9" dir="1" index="0" bw="1" slack="0"/>
</pin_list>
<bind>
<StgValue><ssdm name="B_V_data_V"/></StgValue>
</bind>
</comp>

<comp id="10" class="1000" name="B_V_keep_V">
<pin_list>
<pin id="11" dir="1" index="0" bw="1" slack="0"/>
</pin_list>
<bind>
<StgValue><ssdm name="B_V_keep_V"/></StgValue>
</bind>
</comp>

<comp id="12" class="1000" name="B_V_strb_V">
<pin_list>
<pin id="13" dir="1" index="0" bw="1" slack="0"/>
</pin_list>
<bind>
<StgValue><ssdm name="B_V_strb_V"/></StgValue>
</bind>
</comp>

<comp id="14" class="1000" name="B_V_last_V">
<pin_list>
<pin id="15" dir="1" index="0" bw="1" slack="0"/>
</pin_list>
<bind>
<StgValue><ssdm name="B_V_last_V"/></StgValue>
</bind>
</comp>

<comp id="16" class="1000" name="C_V_data_V">
<pin_list>
<pin id="17" dir="1" index="0" bw="1" slack="0"/>
</pin_list>
<bind>
<StgValue><ssdm name="C_V_data_V"/></StgValue>
</bind>
</comp>

<comp id="18" class="1000" name="C_V_keep_V">
<pin_list>
<pin id="19" dir="1" index="0" bw="1" slack="0"/>
</pin_list>
<bind>
<StgValue><ssdm name="C_V_keep_V"/></StgValue>
</bind>
</comp>

<comp id="20" class="1000" name="C_V_strb_V">
<pin_list>
<pin id="21" dir="1" index="0" bw="1" slack="0"/>
</pin_list>
<bind>
<StgValue><ssdm name="C_V_strb_V"/></StgValue>
</bind>
</comp>

<comp id="22" class="1000" name="C_V_last_V">
<pin_list>
<pin id="23" dir="1" index="0" bw="1" slack="0"/>
</pin_list>
<bind>
<StgValue><ssdm name="C_V_last_V"/></StgValue>
</bind>
</comp>

<comp id="24" class="1000" name="D_V_data_V">
<pin_list>
<pin id="25" dir="1" index="0" bw="1" slack="0"/>
</pin_list>
<bind>
<StgValue><ssdm name="D_V_data_V"/></StgValue>
</bind>
</comp>

<comp id="26" class="1000" name="D_V_keep_V">
<pin_list>
<pin id="27" dir="1" index="0" bw="1" slack="0"/>
</pin_list>
<bind>
<StgValue><ssdm name="D_V_keep_V"/></StgValue>
</bind>
</comp>

<comp id="28" class="1000" name="D_V_strb_V">
<pin_list>
<pin id="29" dir="1" index="0" bw="1" slack="0"/>
</pin_list>
<bind>
<StgValue><ssdm name="D_V_strb_V"/></StgValue>
</bind>
</comp>

<comp id="30" class="1000" name="D_V_last_V">
<pin_list>
<pin id="31" dir="1" index="0" bw="1" slack="0"/>
</pin_list>
<bind>
<StgValue><ssdm name="D_V_last_V"/></StgValue>
</bind>
</comp>

<comp id="32" class="1001" name="const_32">
<pin_list>
<pin id="33" dir="1" index="0" bw="1" slack="2147483647"/>
</pin_list>
<bind>
<StgValue><ssdm name="_ssdm_op_SpecTopModule"/></StgValue>
</bind>
</comp>

<comp id="34" class="1001" name="const_34">
<pin_list>
<pin id="35" dir="1" index="0" bw="1" slack="2147483647"/>
</pin_list>
<bind>
<StgValue><ssdm name="empty_8"/></StgValue>
</bind>
</comp>

<comp id="36" class="1001" name="const_36">
<pin_list>
<pin id="37" dir="1" index="0" bw="1" slack="2147483647"/>
</pin_list>
<bind>
<StgValue><ssdm name="_ssdm_op_SpecInterface"/></StgValue>
</bind>
</comp>

<comp id="38" class="1001" name="const_38">
<pin_list>
<pin id="39" dir="1" index="0" bw="1" slack="2147483647"/>
</pin_list>
<bind>
<StgValue><ssdm name="empty"/></StgValue>
</bind>
</comp>

<comp id="40" class="1001" name="const_40">
<pin_list>
<pin id="41" dir="1" index="0" bw="1" slack="2147483647"/>
</pin_list>
<bind>
<StgValue><ssdm name=""/></StgValue>
</bind>
</comp>

<comp id="42" class="1001" name="const_42">
<pin_list>
<pin id="43" dir="1" index="0" bw="1" slack="2147483647"/>
</pin_list>
<bind>
<StgValue><ssdm name="empty_0"/></StgValue>
</bind>
</comp>

<comp id="44" class="1001" name="const_44">
<pin_list>
<pin id="45" dir="1" index="0" bw="1" slack="2147483647"/>
</pin_list>
<bind>
<StgValue><ssdm name=""/></StgValue>
</bind>
</comp>

<comp id="46" class="1001" name="const_46">
<pin_list>
<pin id="47" dir="1" index="0" bw="1" slack="2147483647"/>
</pin_list>
<bind>
<StgValue><ssdm name="empty_1"/></StgValue>
</bind>
</comp>

<comp id="48" class="1001" name="const_48">
<pin_list>
<pin id="49" dir="1" index="0" bw="1" slack="2147483647"/>
</pin_list>
<bind>
<StgValue><ssdm name=""/></StgValue>
</bind>
</comp>

<comp id="50" class="1001" name="const_50">
<pin_list>
<pin id="51" dir="1" index="0" bw="1" slack="2147483647"/>
</pin_list>
<bind>
<StgValue><ssdm name="_ssdm_op_SpecBitsMap"/></StgValue>
</bind>
</comp>

<comp id="52" class="1001" name="const_52">
<pin_list>
<pin id="53" dir="1" index="0" bw="1" slack="2147483647"/>
</pin_list>
<bind>
<StgValue><ssdm name="empty_2"/></StgValue>
</bind>
</comp>

<comp id="54" class="1001" name="const_54">
<pin_list>
<pin id="55" dir="1" index="0" bw="1" slack="2147483647"/>
</pin_list>
<bind>
<StgValue><ssdm name="empty_3"/></StgValue>
</bind>
</comp>

<comp id="56" class="1001" name="const_56">
<pin_list>
<pin id="57" dir="1" index="0" bw="1" slack="2147483647"/>
</pin_list>
<bind>
<StgValue><ssdm name="_ssdm_op_SpecAXISSideChannel"/></StgValue>
</bind>
</comp>

<comp id="58" class="1001" name="const_58">
<pin_list>
<pin id="59" dir="1" index="0" bw="1" slack="2147483647"/>
</pin_list>
<bind>
<StgValue><ssdm name=""/></StgValue>
</bind>
</comp>

<comp id="60" class="1001" name="const_60">
<pin_list>
<pin id="61" dir="1" index="0" bw="1" slack="2147483647"/>
</pin_list>
<bind>
<StgValue><ssdm name="empty_4"/></StgValue>
</bind>
</comp>

<comp id="62" class="1001" name="const_62">
<pin_list>
<pin id="63" dir="1" index="0" bw="1" slack="2147483647"/>
</pin_list>
<bind>
<StgValue><ssdm name="empty_5"/></StgValue>
</bind>
</comp>

<comp id="64" class="1001" name="const_64">
<pin_list>
<pin id="65" dir="1" index="0" bw="1" slack="2147483647"/>
</pin_list>
<bind>
<StgValue><ssdm name="empty_6"/></StgValue>
</bind>
</comp>

<comp id="66" class="1001" name="const_66">
<pin_list>
<pin id="67" dir="1" index="0" bw="1" slack="2147483647"/>
</pin_list>
<bind>
<StgValue><ssdm name="empty_7"/></StgValue>
</bind>
</comp>

<comp id="68" class="1001" name="const_68">
<pin_list>
<pin id="69" dir="1" index="0" bw="1" slack="0"/>
</pin_list>
<bind>
<StgValue><ssdm name="_ssdm_op_Read.axis.volatile.i32P0A.i4P0A.i4P0A.i1P0A"/></StgValue>
</bind>
</comp>

<comp id="70" class="1001" name="const_70">
<pin_list>
<pin id="71" dir="1" index="0" bw="1" slack="2147483647"/>
</pin_list>
<bind>
<StgValue><ssdm name="_ssdm_op_SpecPipeline"/></StgValue>
</bind>
</comp>

<comp id="72" class="1001" name="const_72">
<pin_list>
<pin id="73" dir="1" index="0" bw="1" slack="2147483647"/>
</pin_list>
<bind>
<StgValue><ssdm name="_ssdm_op_SpecLoopName"/></StgValue>
</bind>
</comp>

<comp id="74" class="1001" name="const_74">
<pin_list>
<pin id="75" dir="1" index="0" bw="1" slack="2147483647"/>
</pin_list>
<bind>
<StgValue><ssdm name="empty_9"/></StgValue>
</bind>
</comp>

<comp id="76" class="1001" name="const_76">
<pin_list>
<pin id="77" dir="1" index="0" bw="1" slack="0"/>
</pin_list>
<bind>
<StgValue><ssdm name="_ssdm_op_Write.axis.volatile.i32P0A.i4P0A.i4P0A.i1P0A"/></StgValue>
</bind>
</comp>

<comp id="78" class="1004" name="empty_read_fu_78">
<pin_list>
<pin id="79" dir="0" index="0" bw="41" slack="0"/>
<pin id="80" dir="0" index="1" bw="32" slack="0"/>
<pin id="81" dir="0" index="2" bw="4" slack="0"/>
<pin id="82" dir="0" index="3" bw="4" slack="0"/>
<pin id="83" dir="0" index="4" bw="1" slack="0"/>
<pin id="84" dir="1" index="5" bw="41" slack="0"/>
</pin_list>
<bind>
<opcode="read(1150) " fcode="read"/>
<opset="empty/1 "/>
</bind>
</comp>

<comp id="90" class="1004" name="empty_12_read_fu_90">
<pin_list>
<pin id="91" dir="0" index="0" bw="41" slack="0"/>
<pin id="92" dir="0" index="1" bw="32" slack="0"/>
<pin id="93" dir="0" index="2" bw="4" slack="0"/>
<pin id="94" dir="0" index="3" bw="4" slack="0"/>
<pin id="95" dir="0" index="4" bw="1" slack="0"/>
<pin id="96" dir="1" index="5" bw="41" slack="0"/>
</pin_list>
<bind>
<opcode="read(1150) " fcode="read"/>
<opset="empty_12/1 "/>
</bind>
</comp>

<comp id="102" class="1004" name="grp_write_fu_102">
<pin_list>
<pin id="103" dir="0" index="0" bw="0" slack="0"/>
<pin id="104" dir="0" index="1" bw="32" slack="0"/>
<pin id="105" dir="0" index="2" bw="4" slack="0"/>
<pin id="106" dir="0" index="3" bw="4" slack="0"/>
<pin id="107" dir="0" index="4" bw="1" slack="0"/>
<pin id="108" dir="0" index="5" bw="32" slack="0"/>
<pin id="109" dir="0" index="6" bw="4" slack="6"/>
<pin id="110" dir="0" index="7" bw="4" slack="6"/>
<pin id="111" dir="0" index="8" bw="1" slack="6"/>
<pin id="112" dir="1" index="9" bw="0" slack="2147483647"/>
</pin_list>
<bind>
<opcode="write(1151) " fcode="write"/>
<opset="write_ln31/7 "/>
</bind>
</comp>

<comp id="118" class="1004" name="grp_write_fu_118">
<pin_list>
<pin id="119" dir="0" index="0" bw="0" slack="0"/>
<pin id="120" dir="0" index="1" bw="32" slack="0"/>
<pin id="121" dir="0" index="2" bw="4" slack="0"/>
<pin id="122" dir="0" index="3" bw="4" slack="0"/>
<pin id="123" dir="0" index="4" bw="1" slack="0"/>
<pin id="124" dir="0" index="5" bw="32" slack="0"/>
<pin id="125" dir="0" index="6" bw="4" slack="6"/>
<pin id="126" dir="0" index="7" bw="4" slack="6"/>
<pin id="127" dir="0" index="8" bw="1" slack="6"/>
<pin id="128" dir="1" index="9" bw="0" slack="2147483647"/>
</pin_list>
<bind>
<opcode="write(1151) " fcode="write"/>
<opset="write_ln32/7 "/>
</bind>
</comp>

<comp id="134" class="1004" name="grp_fu_134">
<pin_list>
<pin id="135" dir="0" index="0" bw="32" slack="0"/>
<pin id="136" dir="0" index="1" bw="32" slack="0"/>
<pin id="137" dir="1" index="2" bw="32" slack="1"/>
</pin_list>
<bind>
<opcode="fadd(9) " fcode="fadd"/>
<opset="Cdata/2 "/>
</bind>
</comp>

<comp id="138" class="1004" name="grp_fu_138">
<pin_list>
<pin id="139" dir="0" index="0" bw="32" slack="0"/>
<pin id="140" dir="0" index="1" bw="32" slack="0"/>
<pin id="141" dir="1" index="2" bw="32" slack="1"/>
</pin_list>
<bind>
<opcode="fsub(11) " fcode="fadd"/>
<opset="Ddata/2 "/>
</bind>
</comp>

<comp id="142" class="1004" name="p_0_fu_142">
<pin_list>
<pin id="143" dir="0" index="0" bw="41" slack="0"/>
<pin id="144" dir="1" index="1" bw="32" slack="1"/>
</pin_list>
<bind>
<opcode="extractvalue(56) " fcode="extractvalue"/>
<opset="p_0/1 "/>
</bind>
</comp>

<comp id="146" class="1004" name="Apkt_keep_fu_146">
<pin_list>
<pin id="147" dir="0" index="0" bw="41" slack="0"/>
<pin id="148" dir="1" index="1" bw="4" slack="6"/>
</pin_list>
<bind>
<opcode="extractvalue(56) " fcode="extractvalue"/>
<opset="Apkt_keep/1 "/>
</bind>
</comp>

<comp id="150" class="1004" name="Apkt_strb_fu_150">
<pin_list>
<pin id="151" dir="0" index="0" bw="41" slack="0"/>
<pin id="152" dir="1" index="1" bw="4" slack="6"/>
</pin_list>
<bind>
<opcode="extractvalue(56) " fcode="extractvalue"/>
<opset="Apkt_strb/1 "/>
</bind>
</comp>

<comp id="154" class="1004" name="Apkt_last_fu_154">
<pin_list>
<pin id="155" dir="0" index="0" bw="41" slack="0"/>
<pin id="156" dir="1" index="1" bw="1" slack="0"/>
</pin_list>
<bind>
<opcode="extractvalue(56) " fcode="extractvalue"/>
<opset="Apkt_last/1 "/>
</bind>
</comp>

<comp id="158" class="1004" name="p_3_fu_158">
<pin_list>
<pin id="159" dir="0" index="0" bw="41" slack="0"/>
<pin id="160" dir="1" index="1" bw="32" slack="1"/>
</pin_list>
<bind>
<opcode="extractvalue(56) " fcode="extractvalue"/>
<opset="p_3/1 "/>
</bind>
</comp>

<comp id="162" class="1004" name="Bpkt_keep_fu_162">
<pin_list>
<pin id="163" dir="0" index="0" bw="41" slack="0"/>
<pin id="164" dir="1" index="1" bw="4" slack="6"/>
</pin_list>
<bind>
<opcode="extractvalue(56) " fcode="extractvalue"/>
<opset="Bpkt_keep/1 "/>
</bind>
</comp>

<comp id="166" class="1004" name="Bpkt_strb_fu_166">
<pin_list>
<pin id="167" dir="0" index="0" bw="41" slack="0"/>
<pin id="168" dir="1" index="1" bw="4" slack="6"/>
</pin_list>
<bind>
<opcode="extractvalue(56) " fcode="extractvalue"/>
<opset="Bpkt_strb/1 "/>
</bind>
</comp>

<comp id="170" class="1004" name="Bpkt_last_fu_170">
<pin_list>
<pin id="171" dir="0" index="0" bw="41" slack="0"/>
<pin id="172" dir="1" index="1" bw="1" slack="0"/>
</pin_list>
<bind>
<opcode="extractvalue(56) " fcode="extractvalue"/>
<opset="Bpkt_last/1 "/>
</bind>
</comp>

<comp id="174" class="1004" name="or_ln33_fu_174">
<pin_list>
<pin id="175" dir="0" index="0" bw="1" slack="0"/>
<pin id="176" dir="0" index="1" bw="1" slack="0"/>
<pin id="177" dir="1" index="2" bw="1" slack="7"/>
</pin_list>
<bind>
<opcode="or(24) " fcode="or"/>
<opset="or_ln33/1 "/>
</bind>
</comp>

<comp id="180" class="1004" name="Apkt_data_1_fu_180">
<pin_list>
<pin id="181" dir="0" index="0" bw="32" slack="1"/>
<pin id="182" dir="1" index="1" bw="32" slack="0"/>
</pin_list>
<bind>
<opcode="bitcast(44) " fcode="bitcast"/>
<opset="Apkt_data_1/2 "/>
</bind>
</comp>

<comp id="185" class="1004" name="Bpkt_data_1_fu_185">
<pin_list>
<pin id="186" dir="0" index="0" bw="32" slack="1"/>
<pin id="187" dir="1" index="1" bw="32" slack="0"/>
</pin_list>
<bind>
<opcode="bitcast(44) " fcode="bitcast"/>
<opset="Bpkt_data_1/2 "/>
</bind>
</comp>

<comp id="190" class="1004" name="bitcast_ln31_fu_190">
<pin_list>
<pin id="191" dir="0" index="0" bw="32" slack="1"/>
<pin id="192" dir="1" index="1" bw="32" slack="0"/>
</pin_list>
<bind>
<opcode="bitcast(44) " fcode="bitcast"/>
<opset="bitcast_ln31/7 "/>
</bind>
</comp>

<comp id="194" class="1004" name="bitcast_ln32_fu_194">
<pin_list>
<pin id="195" dir="0" index="0" bw="32" slack="1"/>
<pin id="196" dir="1" index="1" bw="32" slack="0"/>
</pin_list>
<bind>
<opcode="bitcast(44) " fcode="bitcast"/>
<opset="bitcast_ln32/7 "/>
</bind>
</comp>

<comp id="198" class="1005" name="p_0_reg_198">
<pin_list>
<pin id="199" dir="0" index="0" bw="32" slack="1"/>
<pin id="200" dir="1" index="1" bw="32" slack="1"/>
</pin_list>
<bind>
<opset="p_0 "/>
</bind>
</comp>

<comp id="203" class="1005" name="Apkt_keep_reg_203">
<pin_list>
<pin id="204" dir="0" index="0" bw="4" slack="6"/>
<pin id="205" dir="1" index="1" bw="4" slack="6"/>
</pin_list>
<bind>
<opset="Apkt_keep "/>
</bind>
</comp>

<comp id="208" class="1005" name="Apkt_strb_reg_208">
<pin_list>
<pin id="209" dir="0" index="0" bw="4" slack="6"/>
<pin id="210" dir="1" index="1" bw="4" slack="6"/>
</pin_list>
<bind>
<opset="Apkt_strb "/>
</bind>
</comp>

<comp id="213" class="1005" name="Apkt_last_reg_213">
<pin_list>
<pin id="214" dir="0" index="0" bw="1" slack="6"/>
<pin id="215" dir="1" index="1" bw="1" slack="6"/>
</pin_list>
<bind>
<opset="Apkt_last "/>
</bind>
</comp>

<comp id="218" class="1005" name="p_3_reg_218">
<pin_list>
<pin id="219" dir="0" index="0" bw="32" slack="1"/>
<pin id="220" dir="1" index="1" bw="32" slack="1"/>
</pin_list>
<bind>
<opset="p_3 "/>
</bind>
</comp>

<comp id="223" class="1005" name="Bpkt_keep_reg_223">
<pin_list>
<pin id="224" dir="0" index="0" bw="4" slack="6"/>
<pin id="225" dir="1" index="1" bw="4" slack="6"/>
</pin_list>
<bind>
<opset="Bpkt_keep "/>
</bind>
</comp>

<comp id="228" class="1005" name="Bpkt_strb_reg_228">
<pin_list>
<pin id="229" dir="0" index="0" bw="4" slack="6"/>
<pin id="230" dir="1" index="1" bw="4" slack="6"/>
</pin_list>
<bind>
<opset="Bpkt_strb "/>
</bind>
</comp>

<comp id="233" class="1005" name="Bpkt_last_reg_233">
<pin_list>
<pin id="234" dir="0" index="0" bw="1" slack="6"/>
<pin id="235" dir="1" index="1" bw="1" slack="6"/>
</pin_list>
<bind>
<opset="Bpkt_last "/>
</bind>
</comp>

<comp id="238" class="1005" name="or_ln33_reg_238">
<pin_list>
<pin id="239" dir="0" index="0" bw="1" slack="7"/>
<pin id="240" dir="1" index="1" bw="1" slack="2147483647"/>
</pin_list>
<bind>
<opset="or_ln33 "/>
</bind>
</comp>

<comp id="242" class="1005" name="Apkt_data_1_reg_242">
<pin_list>
<pin id="243" dir="0" index="0" bw="32" slack="1"/>
<pin id="244" dir="1" index="1" bw="32" slack="1"/>
</pin_list>
<bind>
<opset="Apkt_data_1 "/>
</bind>
</comp>

<comp id="248" class="1005" name="Bpkt_data_1_reg_248">
<pin_list>
<pin id="249" dir="0" index="0" bw="32" slack="1"/>
<pin id="250" dir="1" index="1" bw="32" slack="1"/>
</pin_list>
<bind>
<opset="Bpkt_data_1 "/>
</bind>
</comp>

<comp id="254" class="1005" name="Cdata_reg_254">
<pin_list>
<pin id="255" dir="0" index="0" bw="32" slack="1"/>
<pin id="256" dir="1" index="1" bw="32" slack="1"/>
</pin_list>
<bind>
<opset="Cdata "/>
</bind>
</comp>

<comp id="259" class="1005" name="Ddata_reg_259">
<pin_list>
<pin id="260" dir="0" index="0" bw="32" slack="1"/>
<pin id="261" dir="1" index="1" bw="32" slack="1"/>
</pin_list>
<bind>
<opset="Ddata "/>
</bind>
</comp>

<comp id="264" class="1005" name="bitcast_ln31_reg_264">
<pin_list>
<pin id="265" dir="0" index="0" bw="32" slack="1"/>
<pin id="266" dir="1" index="1" bw="32" slack="1"/>
</pin_list>
<bind>
<opset="bitcast_ln31 "/>
</bind>
</comp>

<comp id="269" class="1005" name="bitcast_ln32_reg_269">
<pin_list>
<pin id="270" dir="0" index="0" bw="32" slack="1"/>
<pin id="271" dir="1" index="1" bw="32" slack="1"/>
</pin_list>
<bind>
<opset="bitcast_ln32 "/>
</bind>
</comp>

</comp_list>

<net_list>
<net id="85"><net_src comp="68" pin="0"/><net_sink comp="78" pin=0"/></net>

<net id="86"><net_src comp="0" pin="0"/><net_sink comp="78" pin=1"/></net>

<net id="87"><net_src comp="2" pin="0"/><net_sink comp="78" pin=2"/></net>

<net id="88"><net_src comp="4" pin="0"/><net_sink comp="78" pin=3"/></net>

<net id="89"><net_src comp="6" pin="0"/><net_sink comp="78" pin=4"/></net>

<net id="97"><net_src comp="68" pin="0"/><net_sink comp="90" pin=0"/></net>

<net id="98"><net_src comp="8" pin="0"/><net_sink comp="90" pin=1"/></net>

<net id="99"><net_src comp="10" pin="0"/><net_sink comp="90" pin=2"/></net>

<net id="100"><net_src comp="12" pin="0"/><net_sink comp="90" pin=3"/></net>

<net id="101"><net_src comp="14" pin="0"/><net_sink comp="90" pin=4"/></net>

<net id="113"><net_src comp="76" pin="0"/><net_sink comp="102" pin=0"/></net>

<net id="114"><net_src comp="16" pin="0"/><net_sink comp="102" pin=1"/></net>

<net id="115"><net_src comp="18" pin="0"/><net_sink comp="102" pin=2"/></net>

<net id="116"><net_src comp="20" pin="0"/><net_sink comp="102" pin=3"/></net>

<net id="117"><net_src comp="22" pin="0"/><net_sink comp="102" pin=4"/></net>

<net id="129"><net_src comp="76" pin="0"/><net_sink comp="118" pin=0"/></net>

<net id="130"><net_src comp="24" pin="0"/><net_sink comp="118" pin=1"/></net>

<net id="131"><net_src comp="26" pin="0"/><net_sink comp="118" pin=2"/></net>

<net id="132"><net_src comp="28" pin="0"/><net_sink comp="118" pin=3"/></net>

<net id="133"><net_src comp="30" pin="0"/><net_sink comp="118" pin=4"/></net>

<net id="145"><net_src comp="78" pin="5"/><net_sink comp="142" pin=0"/></net>

<net id="149"><net_src comp="78" pin="5"/><net_sink comp="146" pin=0"/></net>

<net id="153"><net_src comp="78" pin="5"/><net_sink comp="150" pin=0"/></net>

<net id="157"><net_src comp="78" pin="5"/><net_sink comp="154" pin=0"/></net>

<net id="161"><net_src comp="90" pin="5"/><net_sink comp="158" pin=0"/></net>

<net id="165"><net_src comp="90" pin="5"/><net_sink comp="162" pin=0"/></net>

<net id="169"><net_src comp="90" pin="5"/><net_sink comp="166" pin=0"/></net>

<net id="173"><net_src comp="90" pin="5"/><net_sink comp="170" pin=0"/></net>

<net id="178"><net_src comp="154" pin="1"/><net_sink comp="174" pin=0"/></net>

<net id="179"><net_src comp="170" pin="1"/><net_sink comp="174" pin=1"/></net>

<net id="183"><net_src comp="180" pin="1"/><net_sink comp="134" pin=0"/></net>

<net id="184"><net_src comp="180" pin="1"/><net_sink comp="138" pin=0"/></net>

<net id="188"><net_src comp="185" pin="1"/><net_sink comp="134" pin=1"/></net>

<net id="189"><net_src comp="185" pin="1"/><net_sink comp="138" pin=1"/></net>

<net id="193"><net_src comp="190" pin="1"/><net_sink comp="102" pin=5"/></net>

<net id="197"><net_src comp="194" pin="1"/><net_sink comp="118" pin=5"/></net>

<net id="201"><net_src comp="142" pin="1"/><net_sink comp="198" pin=0"/></net>

<net id="202"><net_src comp="198" pin="1"/><net_sink comp="180" pin=0"/></net>

<net id="206"><net_src comp="146" pin="1"/><net_sink comp="203" pin=0"/></net>

<net id="207"><net_src comp="203" pin="1"/><net_sink comp="102" pin=6"/></net>

<net id="211"><net_src comp="150" pin="1"/><net_sink comp="208" pin=0"/></net>

<net id="212"><net_src comp="208" pin="1"/><net_sink comp="102" pin=7"/></net>

<net id="216"><net_src comp="154" pin="1"/><net_sink comp="213" pin=0"/></net>

<net id="217"><net_src comp="213" pin="1"/><net_sink comp="102" pin=8"/></net>

<net id="221"><net_src comp="158" pin="1"/><net_sink comp="218" pin=0"/></net>

<net id="222"><net_src comp="218" pin="1"/><net_sink comp="185" pin=0"/></net>

<net id="226"><net_src comp="162" pin="1"/><net_sink comp="223" pin=0"/></net>

<net id="227"><net_src comp="223" pin="1"/><net_sink comp="118" pin=6"/></net>

<net id="231"><net_src comp="166" pin="1"/><net_sink comp="228" pin=0"/></net>

<net id="232"><net_src comp="228" pin="1"/><net_sink comp="118" pin=7"/></net>

<net id="236"><net_src comp="170" pin="1"/><net_sink comp="233" pin=0"/></net>

<net id="237"><net_src comp="233" pin="1"/><net_sink comp="118" pin=8"/></net>

<net id="241"><net_src comp="174" pin="2"/><net_sink comp="238" pin=0"/></net>

<net id="245"><net_src comp="180" pin="1"/><net_sink comp="242" pin=0"/></net>

<net id="246"><net_src comp="242" pin="1"/><net_sink comp="134" pin=0"/></net>

<net id="247"><net_src comp="242" pin="1"/><net_sink comp="138" pin=0"/></net>

<net id="251"><net_src comp="185" pin="1"/><net_sink comp="248" pin=0"/></net>

<net id="252"><net_src comp="248" pin="1"/><net_sink comp="134" pin=1"/></net>

<net id="253"><net_src comp="248" pin="1"/><net_sink comp="138" pin=1"/></net>

<net id="257"><net_src comp="134" pin="2"/><net_sink comp="254" pin=0"/></net>

<net id="258"><net_src comp="254" pin="1"/><net_sink comp="190" pin=0"/></net>

<net id="262"><net_src comp="138" pin="2"/><net_sink comp="259" pin=0"/></net>

<net id="263"><net_src comp="259" pin="1"/><net_sink comp="194" pin=0"/></net>

<net id="267"><net_src comp="190" pin="1"/><net_sink comp="264" pin=0"/></net>

<net id="268"><net_src comp="264" pin="1"/><net_sink comp="102" pin=5"/></net>

<net id="272"><net_src comp="194" pin="1"/><net_sink comp="269" pin=0"/></net>

<net id="273"><net_src comp="269" pin="1"/><net_sink comp="118" pin=5"/></net>

</net_list>

</model> 
---------------- Datapath Model END ------------------

* FSMD analyzer results:
  - Output states:
	Port: C_V_data_V | {8 }
	Port: C_V_keep_V | {8 }
	Port: C_V_strb_V | {8 }
	Port: C_V_last_V | {8 }
	Port: D_V_data_V | {8 }
	Port: D_V_keep_V | {8 }
	Port: D_V_strb_V | {8 }
	Port: D_V_last_V | {8 }
 - Input state : 
	Port: axis_fp_example : A_V_data_V | {1 }
	Port: axis_fp_example : A_V_keep_V | {1 }
	Port: axis_fp_example : A_V_strb_V | {1 }
	Port: axis_fp_example : A_V_last_V | {1 }
	Port: axis_fp_example : B_V_data_V | {1 }
	Port: axis_fp_example : B_V_keep_V | {1 }
	Port: axis_fp_example : B_V_strb_V | {1 }
	Port: axis_fp_example : B_V_last_V | {1 }
  - Chain level:
	State 1
		or_ln33 : 1
		br_ln33 : 1
	State 2
		Cdata : 1
		Ddata : 1
	State 3
	State 4
	State 5
	State 6
	State 7
		write_ln31 : 1
		write_ln32 : 1
	State 8


============================================================
+ Verbose Summary: Datapath Resource usage 
============================================================

* Functional unit list:
|----------|---------------------|---------|---------|---------|
| Operation|   Functional Unit   |   DSP   |    FF   |   LUT   |
|----------|---------------------|---------|---------|---------|
|   fadd   |      grp_fu_134     |    2    |   205   |   390   |
|          |      grp_fu_138     |    2    |   205   |   390   |
|----------|---------------------|---------|---------|---------|
|    or    |    or_ln33_fu_174   |    0    |    0    |    2    |
|----------|---------------------|---------|---------|---------|
|   read   |   empty_read_fu_78  |    0    |    0    |    0    |
|          | empty_12_read_fu_90 |    0    |    0    |    0    |
|----------|---------------------|---------|---------|---------|
|   write  |   grp_write_fu_102  |    0    |    0    |    0    |
|          |   grp_write_fu_118  |    0    |    0    |    0    |
|----------|---------------------|---------|---------|---------|
|          |      p_0_fu_142     |    0    |    0    |    0    |
|          |   Apkt_keep_fu_146  |    0    |    0    |    0    |
|          |   Apkt_strb_fu_150  |    0    |    0    |    0    |
|extractvalue|   Apkt_last_fu_154  |    0    |    0    |    0    |
|          |      p_3_fu_158     |    0    |    0    |    0    |
|          |   Bpkt_keep_fu_162  |    0    |    0    |    0    |
|          |   Bpkt_strb_fu_166  |    0    |    0    |    0    |
|          |   Bpkt_last_fu_170  |    0    |    0    |    0    |
|----------|---------------------|---------|---------|---------|
|   Total  |                     |    4    |   410   |   782   |
|----------|---------------------|---------|---------|---------|

Memories:
N/A

* Register list:
+--------------------+--------+
|                    |   FF   |
+--------------------+--------+
| Apkt_data_1_reg_242|   32   |
|  Apkt_keep_reg_203 |    4   |
|  Apkt_last_reg_213 |    1   |
|  Apkt_strb_reg_208 |    4   |
| Bpkt_data_1_reg_248|   32   |
|  Bpkt_keep_reg_223 |    4   |
|  Bpkt_last_reg_233 |    1   |
|  Bpkt_strb_reg_228 |    4   |
|    Cdata_reg_254   |   32   |
|    Ddata_reg_259   |   32   |
|bitcast_ln31_reg_264|   32   |
|bitcast_ln32_reg_269|   32   |
|   or_ln33_reg_238  |    1   |
|     p_0_reg_198    |   32   |
|     p_3_reg_218    |   32   |
+--------------------+--------+
|        Total       |   275  |
+--------------------+--------+

* Multiplexer (MUX) list: 
|------------------|------|------|------|--------||---------||---------||---------|
|       Comp       |  Pin | Size |  BW  | S x BW ||  Delay  ||    FF   ||   LUT   |
|------------------|------|------|------|--------||---------||---------||---------|
| grp_write_fu_102 |  p5  |   2  |  32  |   64   ||    0    ||    9    |
| grp_write_fu_118 |  p5  |   2  |  32  |   64   ||    0    ||    9    |
|    grp_fu_134    |  p0  |   2  |  32  |   64   ||    0    ||    9    |
|    grp_fu_134    |  p1  |   2  |  32  |   64   ||    0    ||    9    |
|    grp_fu_138    |  p0  |   2  |  32  |   64   ||    0    ||    9    |
|    grp_fu_138    |  p1  |   2  |  32  |   64   ||    0    ||    9    |
|------------------|------|------|------|--------||---------||---------||---------|
|       Total      |      |      |      |   384  ||  9.528  ||    0    ||    54   |
|------------------|------|------|------|--------||---------||---------||---------|



* Summary:
+-----------+--------+--------+--------+--------+
|           |   DSP  |  Delay |   FF   |   LUT  |
+-----------+--------+--------+--------+--------+
|  Function |    4   |    -   |   410  |   782  |
|   Memory  |    -   |    -   |    -   |    -   |
|Multiplexer|    -   |    9   |    0   |   54   |
|  Register |    -   |    -   |   275  |    -   |
+-----------+--------+--------+--------+--------+
|   Total   |    4   |    9   |   685  |   836  |
+-----------+--------+--------+--------+--------+
