  **** HLS Build v2024.2 5238294
Sourcing Tcl script '/home/linux/ieng6/students/769/zeh003/Desktop/CSE-237C-Starter/project_files/project5_bnn/hls/export_bnn.tcl'
INFO: [HLS 200-1510] Running: open_component bnn.comp 
INFO: [HLS 200-10] Creating and opening project '/home/linux/ieng6/students/769/zeh003/Desktop/CSE-237C-Starter/project_files/project5_bnn/hls/bnn.comp'.
INFO: [HLS 200-10] Opening solution '/home/linux/ieng6/students/769/zeh003/Desktop/CSE-237C-Starter/project_files/project5_bnn/hls/bnn.comp/hls'.
INFO: [SYN 201-201] Setting up clock 'default' with a period of 10ns.
INFO: [HLS 200-1611] Setting target device to 'xc7z020-clg400-1'
INFO: [HLS 200-1505] Using flow_target 'vivado'
Resolution: For help on HLS 200-1505 see docs.xilinx.com/access/sources/dita/topic?Doc_Version=2024.2%20English&url=ug1448-hls-guidance&resourceid=200-1505.html
WARNING: [HLS 200-2001] file not found '../../../bnn-top.cpp' see [hls] from /home/linux/ieng6/students/769/zeh003/Desktop/CSE-237C-Starter/project_files/project5_bnn/hls/bnn.comp/hls_config.cfg(8)
INFO: [HLS 200-1465] Applying ini 'syn.file=../bnn.cpp' from /home/linux/ieng6/students/769/zeh003/Desktop/CSE-237C-Starter/project_files/project5_bnn/hls/bnn.comp/hls_config.cfg(6)
INFO: [HLS 200-10] Adding design file 'bnn.cpp' to the project
INFO: [HLS 200-1465] Applying ini 'tb.file=../../../bnn-top.cpp' from /home/linux/ieng6/students/769/zeh003/Desktop/CSE-237C-Starter/project_files/project5_bnn/hls/bnn.comp/hls_config.cfg(8)
WARNING: [HLS 200-40] Cannot find test bench file '../../../bnn-top.cpp'
INFO: [HLS 200-1465] Applying ini 'syn.top=bnn' from /home/linux/ieng6/students/769/zeh003/Desktop/CSE-237C-Starter/project_files/project5_bnn/hls/bnn.comp/hls_config.cfg(7)
INFO: [HLS 200-1465] Applying ini 'flow_target=vivado' from /home/linux/ieng6/students/769/zeh003/Desktop/CSE-237C-Starter/project_files/project5_bnn/hls/bnn.comp/hls_config.cfg(5)
INFO: [HLS 200-1505] Using flow_target 'vivado'
Resolution: For help on HLS 200-1505 see docs.xilinx.com/access/sources/dita/topic?Doc_Version=2024.2%20English&url=ug1448-hls-guidance&resourceid=200-1505.html
INFO: [HLS 200-1465] Applying ini 'part=xc7z020-clg400-1' from /home/linux/ieng6/students/769/zeh003/Desktop/CSE-237C-Starter/project_files/project5_bnn/hls/bnn.comp/hls_config.cfg(1)
INFO: [HLS 200-1465] Applying ini 'clock=10ns' from /home/linux/ieng6/students/769/zeh003/Desktop/CSE-237C-Starter/project_files/project5_bnn/hls/bnn.comp/hls_config.cfg(4)
INFO: [SYN 201-201] Setting up clock 'default' with a period of 10ns.
WARNING: [HLS 200-1998] cannot find relative file path '../../../../../bnn-top.cpp' in directory(s): /home/linux/ieng6/students/769/zeh003/Desktop/CSE-237C-Starter/project_files/project5_bnn/hls/bnn.comp/solution /home/linux/ieng6/students/769/zeh003/Desktop/CSE-237C-Starter/project_files/project5_bnn/hls
INFO: [HLS 200-1510] Running: export_design -format ip_catalog -rtl verilog -version 1.0 -ipname bnn 
WARNING: [HLS 200-1998] cannot find relative file path '../../../../../bnn-top.cpp' in directory(s): /home/linux/ieng6/students/769/zeh003/Desktop/CSE-237C-Starter/project_files/project5_bnn/hls/bnn.comp/solution /home/linux/ieng6/students/769/zeh003/Desktop/CSE-237C-Starter/project_files/project5_bnn/hls
INFO: [IMPL 213-8] Exporting RTL as a Vivado IP.

****** Vivado v2024.2 (64-bit)
  **** SW Build 5239630 on Fri Nov 08 22:34:34 MST 2024
  **** IP Build 5239520 on Sun Nov 10 16:12:51 MST 2024
  **** SharedData Build 5239561 on Fri Nov 08 14:39:27 MST 2024
  **** Start of session at: Mon Dec  8 16:30:48 2025
    ** Copyright 1986-2022 Xilinx, Inc. All Rights Reserved.
    ** Copyright 2022-2024 Advanced Micro Devices, Inc. All Rights Reserved.

source run_ippack.tcl -notrace
INFO: calling package_hls_ip ip_types=vitis sysgen json_file=/home/linux/ieng6/students/769/zeh003/Desktop/CSE-237C-Starter/project_files/project5_bnn/hls/bnn.comp/hls/hls_data.json outdir=/home/linux/ieng6/students/769/zeh003/Desktop/CSE-237C-Starter/project_files/project5_bnn/hls/bnn.comp/hls/impl/ip srcdir=/home/linux/ieng6/students/769/zeh003/Desktop/CSE-237C-Starter/project_files/project5_bnn/hls/bnn.comp/hls sort_interfaces_ports=false
INFO: Copied 1 ipmisc file(s) to /home/linux/ieng6/students/769/zeh003/Desktop/CSE-237C-Starter/project_files/project5_bnn/hls/bnn.comp/hls/impl/ip/misc
INFO: Copied 19 verilog file(s) to /home/linux/ieng6/students/769/zeh003/Desktop/CSE-237C-Starter/project_files/project5_bnn/hls/bnn.comp/hls/impl/ip/hdl/verilog
INFO: Copied 15 vhdl file(s) to /home/linux/ieng6/students/769/zeh003/Desktop/CSE-237C-Starter/project_files/project5_bnn/hls/bnn.comp/hls/impl/ip/hdl/vhdl
ipx::create_core: Time (s): cpu = 00:00:10 ; elapsed = 00:00:11 . Memory (MB): peak = 1536.266 ; gain = 78.855 ; free physical = 12266 ; free virtual = 23809
INFO: Import ports from HDL: /home/linux/ieng6/students/769/zeh003/Desktop/CSE-237C-Starter/project_files/project5_bnn/hls/bnn.comp/hls/impl/ip/hdl/vhdl/bnn.vhd (bnn)
INFO: Add clock interface ap_clk
INFO: Add reset interface ap_rst
INFO: Add ap_ctrl interface ap_ctrl
INFO: Add data interface IN_r_address0
INFO: [IP_Flow 19-234] Refreshing IP repositories
INFO: [IP_Flow 19-1704] No user IP repositories specified
INFO: [IP_Flow 19-2313] Loaded Vivado IP repository '/software/common/Xilinx_Vitis/Vivado/2024.2/data/ip'.
INFO: Add data interface IN_r_q0
INFO: Add data interface ys_address0
INFO: Add data interface ys_d0
INFO: Calling post_process_vitis to specialize IP
INFO: Calling post_process_sysgen to specialize IP
Generating sysgen info xml from json file
INFO: Created IP /home/linux/ieng6/students/769/zeh003/Desktop/CSE-237C-Starter/project_files/project5_bnn/hls/bnn.comp/hls/impl/ip/component.xml
INFO: Created IP archive /home/linux/ieng6/students/769/zeh003/Desktop/CSE-237C-Starter/project_files/project5_bnn/hls/bnn.comp/hls/impl/ip/xilinx_com_hls_bnn_1_0.zip
INFO: [Common 17-206] Exiting Vivado at Mon Dec  8 16:31:13 2025...
INFO: [HLS 200-802] Generated output file bnn.comp/hls/impl/export.zip
INFO: [HLS 200-2161] Finished Command export_design Elapsed time: 00:00:40; Allocated memory: 21.473 MB.
INFO: [HLS 200-112] Total CPU user time: 27.16 seconds. Total CPU system time: 4.1 seconds. Total elapsed time: 51.82 seconds; peak allocated memory: 720.637 MB.
INFO: [vitis-run 60-791] Total elapsed time: 0h 0m 53s
INFO: [vitis-run 60-1662] Stopping dispatch session having empty uuid.
