

================================================================
== Synthesis Summary Report of 'dft'
================================================================
+ General Information: 
    * Date:           Thu Nov  6 17:33:12 2025
    * Version:        2024.2 (Build 5238294 on Nov  8 2024)
    * Project:        dft.comp
    * Solution:       hls (Vivado IP Flow Target)
    * Product family: zynq
    * Target device:  xc7z020-clg400-1
    

+ Performance & Resource Estimates: 
    
    PS: '+' for module; 'o' for loop; '*' for dataflow
    +----------------------------------------+------+------+---------+-----------+----------+---------+---------+----------+--------+--------+-----------+-----------+-----+
    |                 Modules                | Issue|      | Latency |  Latency  | Iteration|         |   Trip  |          |        |        |           |           |     |
    |                 & Loops                | Type | Slack| (cycles)|    (ns)   |  Latency | Interval|  Count  | Pipelined|  BRAM  |   DSP  |     FF    |    LUT    | URAM|
    +----------------------------------------+------+------+---------+-----------+----------+---------+---------+----------+--------+--------+-----------+-----------+-----+
    |+ dft                                   |     -|  0.04|  6292502|  6.293e+07|         -|  6292503|        -|        no|  8 (2%)|  5 (2%)|  1133 (1%)|  1538 (2%)|    -|
    | + dft_Pipeline_READ_INPUT              |     -|  0.57|     1026|  1.026e+04|         -|     1026|        -|        no|       -|       -|   25 (~0%)|   84 (~0%)|    -|
    |  o READ_INPUT                          |     -|  7.30|     1024|  1.024e+04|         2|        1|     1024|       yes|       -|       -|          -|          -|    -|
    | + dft_Pipeline_COMPUTE_DFT_INNER_LOOP  |     -|  0.04|  6291473|  6.291e+07|         -|  6291473|        -|        no|  4 (1%)|  5 (2%)|  1102 (1%)|  1355 (2%)|    -|
    |  o COMPUTE_DFT_INNER_LOOP              |    II|  7.30|  6291471|  6.291e+07|        22|        6|  1048576|       yes|       -|       -|          -|          -|    -|
    +----------------------------------------+------+------+---------+-----------+----------+---------+---------+----------+--------+--------+-----------+-----------+-----+


================================================================
== HW Interfaces
================================================================
* AP_FIFO
+-------------+-----------+------------+
| Interface   | Direction | Data Width |
+-------------+-----------+------------+
| input_imag  | in        | 32         |
| input_real  | in        | 32         |
| output_imag | out       | 32         |
| output_real | out       | 32         |
+-------------+-----------+------------+

* TOP LEVEL CONTROL
+-----------+------------+-----------------------------------+
| Interface | Type       | Ports                             |
+-----------+------------+-----------------------------------+
| ap_clk    | clock      | ap_clk                            |
| ap_rst    | reset      | ap_rst                            |
| ap_ctrl   | ap_ctrl_hs | ap_done ap_idle ap_ready ap_start |
+-----------+------------+-----------------------------------+


================================================================
== SW I/O Information
================================================================
* Top Function Arguments
+-------------+-----------+-------------------+
| Argument    | Direction | Datatype          |
+-------------+-----------+-------------------+
| input_real  | in        | stream<float, 0>& |
| input_imag  | in        | stream<float, 0>& |
| output_real | out       | stream<float, 0>& |
| output_imag | out       | stream<float, 0>& |
+-------------+-----------+-------------------+

* SW-to-HW Mapping
+-------------+--------------+-----------+
| Argument    | HW Interface | HW Type   |
+-------------+--------------+-----------+
| input_real  | input_real   | interface |
| input_imag  | input_imag   | interface |
| output_real | output_real  | interface |
| output_imag | output_imag  | interface |
+-------------+--------------+-----------+


================================================================
== Bind Op Report
================================================================
+------------------------------------------+-----+--------+--------------+--------+----------+---------+
| Name                                     | DSP | Pragma | Variable     | Op     | Impl     | Latency |
+------------------------------------------+-----+--------+--------------+--------+----------+---------+
| + dft                                    | 5   |        |              |        |          |         |
|  + dft_Pipeline_READ_INPUT               | 0   |        |              |        |          |         |
|    icmp_ln14_fu_90_p2                    |     |        | icmp_ln14    | seteq  | auto     | 0       |
|    add_ln14_fu_96_p2                     |     |        | add_ln14     | add    | fabric   | 0       |
|  + dft_Pipeline_COMPUTE_DFT_INNER_LOOP   | 5   |        |              |        |          |         |
|    icmp_ln19_fu_179_p2                   |     |        | icmp_ln19    | seteq  | auto     | 0       |
|    add_ln19_fu_185_p2                    |     |        | add_ln19     | add    | fabric   | 0       |
|    icmp_ln23_fu_194_p2                   |     |        | icmp_ln23    | seteq  | auto     | 0       |
|    select_ln7_fu_200_p3                  |     |        | select_ln7   | select | auto_sel | 0       |
|    select_ln7_1_fu_288_p3                |     |        | select_ln7_1 | select | auto_sel | 0       |
|    select_ln7_2_fu_278_p3                |     |        | select_ln7_2 | select | auto_sel | 0       |
|    add_ln19_1_fu_243_p2                  |     |        | add_ln19_1   | add    | fabric   | 0       |
|    select_ln19_fu_249_p3                 |     |        | select_ln19  | select | auto_sel | 0       |
|    mul_10s_10s_10_1_1_U7                 |     |        | idx          | mul    | auto     | 0       |
|    fmul_32ns_32ns_32_4_max_dsp_1_U6      | 3   |        | mul          | fmul   | maxdsp   | 3       |
|    fmul_32ns_32ns_32_4_max_dsp_1_U6      | 3   |        | mul1         | fmul   | maxdsp   | 3       |
|    faddfsub_32ns_32ns_32_5_full_dsp_1_U5 | 2   |        | sub          | fsub   | fulldsp  | 4       |
|    faddfsub_32ns_32ns_32_5_full_dsp_1_U5 | 2   |        | temp_real_1  | fsub   | fulldsp  | 4       |
|    fmul_32ns_32ns_32_4_max_dsp_1_U6      | 3   |        | mul2         | fmul   | maxdsp   | 3       |
|    fmul_32ns_32ns_32_4_max_dsp_1_U6      | 3   |        | mul3         | fmul   | maxdsp   | 3       |
|    faddfsub_32ns_32ns_32_5_full_dsp_1_U5 | 2   |        | add1         | fsub   | fulldsp  | 4       |
|    faddfsub_32ns_32ns_32_5_full_dsp_1_U5 | 2   |        | temp_imag_1  | fsub   | fulldsp  | 4       |
|    add_ln23_fu_218_p2                    |     |        | add_ln23     | add    | fabric   | 0       |
|    icmp_ln23_1_fu_224_p2                 |     |        | icmp_ln23_1  | seteq  | auto     | 0       |
+------------------------------------------+-----+--------+--------------+--------+----------+---------+


================================================================
== Storage Report
================================================================
+----------------------------------------+--------------+------+------+------+--------+------------------------+------+---------+------------------+
| Name                                   | Usage        | Type | BRAM | URAM | Pragma | Variable               | Impl | Latency | Bitwidth, Depth, |
|                                        |              |      |      |      |        |                        |      |         | Banks            |
+----------------------------------------+--------------+------+------+------+--------+------------------------+------+---------+------------------+
| + dft                                  |              |      | 8    | 0    |        |                        |      |         |                  |
|   real_sample_U                        | ram_1p array |      | 2    |      |        | real_sample            | auto | 1       | 32, 1024, 1      |
|   imag_sample_U                        | ram_1p array |      | 2    |      |        | imag_sample            | auto | 1       | 32, 1024, 1      |
|  + dft_Pipeline_COMPUTE_DFT_INNER_LOOP |              |      | 4    | 0    |        |                        |      |         |                  |
|    cos_coefficients_table_U            | rom_1p       |      | 2    |      |        | cos_coefficients_table | auto | 1       | 32, 1024, 1      |
|    sin_coefficients_table_U            | rom_1p       |      | 2    |      |        | sin_coefficients_table | auto | 1       | 32, 1024, 1      |
+----------------------------------------+--------------+------+------+------+--------+------------------------+------+---------+------------------+


================================================================
== Pragma Report
================================================================
  No pragmas found

