

================================================================
== Vitis HLS Report for 'dft_Pipeline_VITIS_LOOP_35_2_VITIS_LOOP_39_3'
================================================================
* Date:           Fri Nov  7 16:16:59 2025

* Version:        2024.2 (Build 5238294 on Nov  8 2024)
* Project:        dft.comp
* Solution:       hls (Vivado IP Flow Target)
* Product family: zynq
* Target device:  xc7z020-clg400-1


================================================================
== Performance Estimates
================================================================
+ Timing: 
    * Summary: 
    +--------+----------+----------+------------+
    |  Clock |  Target  | Estimated| Uncertainty|
    +--------+----------+----------+------------+
    |ap_clk  |  10.00 ns|  7.256 ns|     2.70 ns|
    +--------+----------+----------+------------+

+ Latency: 
    * Summary: 
    +---------+---------+-----------+-----------+---------+---------+------------------------------------------------+
    |  Latency (cycles) |   Latency (absolute)  |      Interval     |                    Pipeline                    |
    |   min   |   max   |    min    |    max    |   min   |   max   |                      Type                      |
    +---------+---------+-----------+-----------+---------+---------+------------------------------------------------+
    |  6291473|  6291473|  62.915 ms|  62.915 ms|  6291462|  6291462|  loop auto-rewind stp (delay=0 clock cycles(s))|
    +---------+---------+-----------+-----------+---------+---------+------------------------------------------------+

    + Detail: 
        * Instance: 
        N/A

        * Loop: 
        +-----------------------------------+---------+---------+----------+-----------+-----------+---------+----------+
        |                                   |  Latency (cycles) | Iteration|  Initiation Interval  |   Trip  |          |
        |             Loop Name             |   min   |   max   |  Latency |  achieved |   target  |  Count  | Pipelined|
        +-----------------------------------+---------+---------+----------+-----------+-----------+---------+----------+
        |- VITIS_LOOP_35_2_VITIS_LOOP_39_3  |  6291471|  6291471|        22|          6|          1|  1048576|       yes|
        +-----------------------------------+---------+---------+----------+-----------+-----------+---------+----------+



================================================================
== Utilization Estimates
================================================================
* Summary: 
+-----------------+---------+-----+--------+-------+-----+
|       Name      | BRAM_18K| DSP |   FF   |  LUT  | URAM|
+-----------------+---------+-----+--------+-------+-----+
|DSP              |        -|    -|       -|      -|    -|
|Expression       |        -|    -|       0|    215|    -|
|FIFO             |        -|    -|       -|      -|    -|
|Instance         |        -|    5|     348|    774|    -|
|Memory           |        4|    -|       0|      0|    -|
|Multiplexer      |        -|    -|       0|    282|    -|
|Register         |        -|    -|     819|    128|    -|
+-----------------+---------+-----+--------+-------+-----+
|Total            |        4|    5|    1167|   1399|    0|
+-----------------+---------+-----+--------+-------+-----+
|Available        |      280|  220|  106400|  53200|    0|
+-----------------+---------+-----+--------+-------+-----+
|Utilization (%)  |        1|    2|       1|      2|    0|
+-----------------+---------+-----+--------+-------+-----+

+ Detail: 
    * Instance: 
    +----------------------------------------+------------------------------------+---------+----+-----+-----+-----+
    |                Instance                |               Module               | BRAM_18K| DSP|  FF | LUT | URAM|
    +----------------------------------------+------------------------------------+---------+----+-----+-----+-----+
    |faddfsub_32ns_32ns_32_5_full_dsp_1_U13  |faddfsub_32ns_32ns_32_5_full_dsp_1  |        0|   2|  205|  390|    0|
    |fmul_32ns_32ns_32_4_max_dsp_1_U14       |fmul_32ns_32ns_32_4_max_dsp_1       |        0|   3|  143|  321|    0|
    |mul_10s_10s_10_1_1_U15                  |mul_10s_10s_10_1_1                  |        0|   0|    0|   63|    0|
    +----------------------------------------+------------------------------------+---------+----+-----+-----+-----+
    |Total                                   |                                    |        0|   5|  348|  774|    0|
    +----------------------------------------+------------------------------------+---------+----+-----+-----+-----+

    * DSP: 
    N/A

    * Memory: 
    +--------------------------+---------------------------------------------------------------------------------+---------+---+----+-----+------+-----+------+-------------+
    |          Memory          |                                      Module                                     | BRAM_18K| FF| LUT| URAM| Words| Bits| Banks| W*Bits*Banks|
    +--------------------------+---------------------------------------------------------------------------------+---------+---+----+-----+------+-----+------+-------------+
    |cos_coefficients_table_U  |dft_Pipeline_VITIS_LOOP_35_2_VITIS_LOOP_39_3_cos_coefficients_table_ROM_AUTO_1R  |        2|  0|   0|    0|  1024|   32|     1|        32768|
    |sin_coefficients_table_U  |dft_Pipeline_VITIS_LOOP_35_2_VITIS_LOOP_39_3_sin_coefficients_table_ROM_AUTO_1R  |        2|  0|   0|    0|  1024|   32|     1|        32768|
    +--------------------------+---------------------------------------------------------------------------------+---------+---+----+-----+------+-----+------+-------------+
    |Total                     |                                                                                 |        4|  0|   0|    0|  2048|   64|     2|        65536|
    +--------------------------+---------------------------------------------------------------------------------+---------+---+----+-----+------+-----+------+-------------+

    * FIFO: 
    N/A

    * Expression: 
    +----------------------------------------+----------+----+---+----+------------+------------+
    |              Variable Name             | Operation| DSP| FF| LUT| Bitwidth P0| Bitwidth P1|
    +----------------------------------------+----------+----+---+----+------------+------------+
    |add_ln35_1_fu_307_p2                    |         +|   0|  0|  12|          11|           1|
    |add_ln35_fu_249_p2                      |         +|   0|  0|  28|          21|           1|
    |add_ln39_fu_282_p2                      |         +|   0|  0|  12|          11|           1|
    |ap_block_pp0_stage3_00001_grp2          |       and|   0|  0|   2|           1|           1|
    |ap_block_pp0_stage3_01001_grp1          |       and|   0|  0|   2|           1|           1|
    |ap_block_pp0_stage3_11001               |       and|   0|  0|   2|           1|           1|
    |ap_block_state22_pp0_stage3_iter3_grp1  |       and|   0|  0|   2|           1|           1|
    |ap_block_state22_pp0_stage3_iter3_grp2  |       and|   0|  0|   2|           1|           1|
    |icmp_ln35_fu_243_p2                     |      icmp|   0|  0|  29|          21|          22|
    |icmp_ln39_1_fu_288_p2                   |      icmp|   0|  0|  12|          11|          12|
    |icmp_ln39_fu_258_p2                     |      icmp|   0|  0|  12|          11|          12|
    |pkt_real_last_fu_329_p2                 |      icmp|   0|  0|  12|          11|          10|
    |select_ln16_1_fu_358_p3                 |    select|   0|  0|  32|           1|           1|
    |select_ln16_2_fu_348_p3                 |    select|   0|  0|  32|           1|           1|
    |select_ln16_fu_264_p3                   |    select|   0|  0|  11|           1|           1|
    |select_ln35_fu_313_p3                   |    select|   0|  0|  11|           1|          11|
    |ap_enable_pp0                           |       xor|   0|  0|   2|           1|           2|
    +----------------------------------------+----------+----+---+----+------------+------------+
    |Total                                   |          |   0|  0| 215|         107|          80|
    +----------------------------------------+----------+----+---+----+------------+------------+

    * Multiplexer: 
    +--------------------------------------+----+-----------+-----+-----------+
    |                 Name                 | LUT| Input Size| Bits| Total Bits|
    +--------------------------------------+----+-----------+-----+-----------+
    |ap_NS_fsm                             |  37|          7|    1|          7|
    |ap_done_int                           |   9|          2|    1|          2|
    |ap_enable_reg_pp0_iter0               |   9|          2|    1|          2|
    |ap_enable_reg_pp0_iter1               |   9|          2|    1|          2|
    |ap_enable_reg_pp0_iter3               |   9|          2|    1|          2|
    |ap_loop_exit_ready_pp0_iter1_reg      |   9|          2|    1|          2|
    |ap_loop_exit_ready_pp0_iter2_reg      |   9|          2|    1|          2|
    |ap_sig_allocacmp_indvar_flatten_load  |   9|          2|   21|         42|
    |ap_sig_allocacmp_j_load               |   9|          2|   11|         22|
    |ap_sig_allocacmp_temp_imag_load       |   9|          2|   32|         64|
    |ap_sig_allocacmp_temp_real_load       |   9|          2|   32|         64|
    |grp_fu_202_opcode                     |  14|          3|    2|          6|
    |grp_fu_202_p0                         |  25|          5|   32|        160|
    |grp_fu_202_p1                         |  25|          5|   32|        160|
    |grp_fu_206_p0                         |  14|          3|   32|         96|
    |grp_fu_206_p1                         |  14|          3|   32|         96|
    |i_fu_96                               |   9|          2|   11|         22|
    |indvar_flatten_fu_100                 |   9|          2|   21|         42|
    |j_fu_92                               |   9|          2|   11|         22|
    |output_imag_TDATA_blk_n               |   9|          2|    1|          2|
    |output_real_TDATA_blk_n               |   9|          2|    1|          2|
    |temp_imag_fu_88                       |   9|          2|   32|         64|
    |temp_real_fu_84                       |   9|          2|   32|         64|
    +--------------------------------------+----+-----------+-----+-----------+
    |Total                                 | 282|         60|  342|        947|
    +--------------------------------------+----+-----------+-----+-----------+

    * Register: 
    +-------------------------------------------+----+----+-----+-----------+
    |                    Name                   | FF | LUT| Bits| Const Bits|
    +-------------------------------------------+----+----+-----+-----------+
    |ap_CS_fsm                                  |   6|   0|    6|          0|
    |ap_block_pp0_stage3_subdone_grp0_done_reg  |   1|   0|    1|          0|
    |ap_block_pp0_stage3_subdone_grp1_done_reg  |   1|   0|    1|          0|
    |ap_block_pp0_stage3_subdone_grp2_done_reg  |   1|   0|    1|          0|
    |ap_done_reg                                |   1|   0|    1|          0|
    |ap_enable_reg_pp0_iter0_reg                |   1|   0|    1|          0|
    |ap_enable_reg_pp0_iter1                    |   1|   0|    1|          0|
    |ap_enable_reg_pp0_iter2                    |   1|   0|    1|          0|
    |ap_enable_reg_pp0_iter3                    |   1|   0|    1|          0|
    |ap_loop_exit_ready_pp0_iter1_reg           |   1|   0|    1|          0|
    |ap_loop_exit_ready_pp0_iter2_reg           |   1|   0|    1|          0|
    |c_reg_489                                  |  32|   0|   32|          0|
    |i_fu_96                                    |  11|   0|   11|          0|
    |icmp_ln35_reg_428                          |   1|   0|    1|          0|
    |icmp_ln39_1_reg_454                        |   1|   0|    1|          0|
    |icmp_ln39_reg_432                          |   1|   0|    1|          0|
    |idx_reg_458                                |  10|   0|   10|          0|
    |imag_sample_load_reg_468                   |  32|   0|   32|          0|
    |indvar_flatten_fu_100                      |  21|   0|   21|          0|
    |j_fu_92                                    |  11|   0|   11|          0|
    |mul1_reg_504                               |  32|   0|   32|          0|
    |mul2_reg_509                               |  32|   0|   32|          0|
    |mul3_reg_514                               |  32|   0|   32|          0|
    |mul_reg_499                                |  32|   0|   32|          0|
    |pkt_real_last_reg_473                      |   1|   0|    1|          0|
    |real_sample_load_reg_463                   |  32|   0|   32|          0|
    |reg_210                                    |  32|   0|   32|          0|
    |s_reg_494                                  |  32|   0|   32|          0|
    |select_ln16_1_reg_529                      |  32|   0|   32|          0|
    |select_ln16_2_reg_519                      |  32|   0|   32|          0|
    |sub_reg_524                                |  32|   0|   32|          0|
    |temp_imag_fu_88                            |  32|   0|   32|          0|
    |temp_real_1_reg_534                        |  32|   0|   32|          0|
    |temp_real_fu_84                            |  32|   0|   32|          0|
    |trunc_ln41_1_reg_439                       |  10|   0|   10|          0|
    |icmp_ln35_reg_428                          |  64|  32|    1|          0|
    |icmp_ln39_1_reg_454                        |  64|  32|    1|          0|
    |icmp_ln39_reg_432                          |  64|  32|    1|          0|
    |pkt_real_last_reg_473                      |  64|  32|    1|          0|
    +-------------------------------------------+----+----+-----+-----------+
    |Total                                      | 819| 128|  567|          0|
    +-------------------------------------------+----+----+-----+-----------+



================================================================
== Interface
================================================================
* Summary: 
+----------------------+-----+-----+------------+----------------------------------------------+--------------+
|       RTL Ports      | Dir | Bits|  Protocol  |                 Source Object                |    C Type    |
+----------------------+-----+-----+------------+----------------------------------------------+--------------+
|ap_clk                |   in|    1|  ap_ctrl_hs|  dft_Pipeline_VITIS_LOOP_35_2_VITIS_LOOP_39_3|  return value|
|ap_rst                |   in|    1|  ap_ctrl_hs|  dft_Pipeline_VITIS_LOOP_35_2_VITIS_LOOP_39_3|  return value|
|ap_start              |   in|    1|  ap_ctrl_hs|  dft_Pipeline_VITIS_LOOP_35_2_VITIS_LOOP_39_3|  return value|
|ap_done               |  out|    1|  ap_ctrl_hs|  dft_Pipeline_VITIS_LOOP_35_2_VITIS_LOOP_39_3|  return value|
|ap_idle               |  out|    1|  ap_ctrl_hs|  dft_Pipeline_VITIS_LOOP_35_2_VITIS_LOOP_39_3|  return value|
|ap_ready              |  out|    1|  ap_ctrl_hs|  dft_Pipeline_VITIS_LOOP_35_2_VITIS_LOOP_39_3|  return value|
|p_phi_reload          |   in|    4|     ap_none|                                  p_phi_reload|        scalar|
|output_real_TDATA     |  out|   32|        axis|                          output_real_V_data_V|       pointer|
|output_real_TREADY    |   in|    1|        axis|                          output_real_V_data_V|       pointer|
|output_real_TVALID    |  out|    1|        axis|                          output_real_V_last_V|       pointer|
|output_real_TLAST     |  out|    1|        axis|                          output_real_V_last_V|       pointer|
|output_real_TKEEP     |  out|    4|        axis|                          output_real_V_keep_V|       pointer|
|output_real_TSTRB     |  out|    4|        axis|                          output_real_V_strb_V|       pointer|
|p_phi5_reload         |   in|    4|     ap_none|                                 p_phi5_reload|        scalar|
|output_imag_TDATA     |  out|   32|        axis|                          output_imag_V_data_V|       pointer|
|output_imag_TREADY    |   in|    1|        axis|                          output_imag_V_data_V|       pointer|
|output_imag_TVALID    |  out|    1|        axis|                          output_imag_V_last_V|       pointer|
|output_imag_TLAST     |  out|    1|        axis|                          output_imag_V_last_V|       pointer|
|output_imag_TKEEP     |  out|    4|        axis|                          output_imag_V_keep_V|       pointer|
|output_imag_TSTRB     |  out|    4|        axis|                          output_imag_V_strb_V|       pointer|
|real_sample_address0  |  out|   10|   ap_memory|                                   real_sample|         array|
|real_sample_ce0       |  out|    1|   ap_memory|                                   real_sample|         array|
|real_sample_q0        |   in|   32|   ap_memory|                                   real_sample|         array|
|imag_sample_address0  |  out|   10|   ap_memory|                                   imag_sample|         array|
|imag_sample_ce0       |  out|    1|   ap_memory|                                   imag_sample|         array|
|imag_sample_q0        |   in|   32|   ap_memory|                                   imag_sample|         array|
+----------------------+-----+-----+------------+----------------------------------------------+--------------+

