

================================================================
== Vitis HLS Report for 'dft_Pipeline_COMPUTE_DFT_INNER_LOOP'
================================================================
* Date:           Thu Nov  6 17:53:33 2025

* Version:        2024.2 (Build 5238294 on Nov  8 2024)
* Project:        dft.comp
* Solution:       hls (Vivado IP Flow Target)
* Product family: zynq
* Target device:  xc7z020-clg400-1


================================================================
== Performance Estimates
================================================================
+ Timing: 
    * Summary: 
    +--------+----------+----------+------------+
    |  Clock |  Target  | Estimated| Uncertainty|
    +--------+----------+----------+------------+
    |ap_clk  |  10.00 ns|  7.256 ns|     2.70 ns|
    +--------+----------+----------+------------+

+ Latency: 
    * Summary: 
    +---------+---------+-----------+-----------+---------+---------+------------------------------------------------+
    |  Latency (cycles) |   Latency (absolute)  |      Interval     |                    Pipeline                    |
    |   min   |   max   |    min    |    max    |   min   |   max   |                      Type                      |
    +---------+---------+-----------+-----------+---------+---------+------------------------------------------------+
    |  6291473|  6291473|  62.915 ms|  62.915 ms|  6291462|  6291462|  loop auto-rewind stp (delay=0 clock cycles(s))|
    +---------+---------+-----------+-----------+---------+---------+------------------------------------------------+

    + Detail: 
        * Instance: 
        N/A

        * Loop: 
        +--------------------------+---------+---------+----------+-----------+-----------+---------+----------+
        |                          |  Latency (cycles) | Iteration|  Initiation Interval  |   Trip  |          |
        |         Loop Name        |   min   |   max   |  Latency |  achieved |   target  |  Count  | Pipelined|
        +--------------------------+---------+---------+----------+-----------+-----------+---------+----------+
        |- COMPUTE_DFT_INNER_LOOP  |  6291471|  6291471|        22|          6|          1|  1048576|       yes|
        +--------------------------+---------+---------+----------+-----------+-----------+---------+----------+



================================================================
== Utilization Estimates
================================================================
* Summary: 
+-----------------+---------+-----+--------+-------+-----+
|       Name      | BRAM_18K| DSP |   FF   |  LUT  | URAM|
+-----------------+---------+-----+--------+-------+-----+
|DSP              |        -|    -|       -|      -|    -|
|Expression       |        -|    -|       0|    203|    -|
|FIFO             |        -|    -|       -|      -|    -|
|Instance         |        -|    5|     348|    774|    -|
|Memory           |        4|    -|       0|      0|    -|
|Multiplexer      |        -|    -|       0|    282|    -|
|Register         |        -|    -|     754|     96|    -|
+-----------------+---------+-----+--------+-------+-----+
|Total            |        4|    5|    1102|   1355|    0|
+-----------------+---------+-----+--------+-------+-----+
|Available        |      280|  220|  106400|  53200|    0|
+-----------------+---------+-----+--------+-------+-----+
|Utilization (%)  |        1|    2|       1|      2|    0|
+-----------------+---------+-----+--------+-------+-----+

+ Detail: 
    * Instance: 
    +---------------------------------------+------------------------------------+---------+----+-----+-----+-----+
    |                Instance               |               Module               | BRAM_18K| DSP|  FF | LUT | URAM|
    +---------------------------------------+------------------------------------+---------+----+-----+-----+-----+
    |faddfsub_32ns_32ns_32_5_full_dsp_1_U5  |faddfsub_32ns_32ns_32_5_full_dsp_1  |        0|   2|  205|  390|    0|
    |fmul_32ns_32ns_32_4_max_dsp_1_U6       |fmul_32ns_32ns_32_4_max_dsp_1       |        0|   3|  143|  321|    0|
    |mul_10s_10s_10_1_1_U7                  |mul_10s_10s_10_1_1                  |        0|   0|    0|   63|    0|
    +---------------------------------------+------------------------------------+---------+----+-----+-----+-----+
    |Total                                  |                                    |        0|   5|  348|  774|    0|
    +---------------------------------------+------------------------------------+---------+----+-----+-----+-----+

    * DSP: 
    N/A

    * Memory: 
    +--------------------------+------------------------------------------------------------------------+---------+---+----+-----+------+-----+------+-------------+
    |          Memory          |                                 Module                                 | BRAM_18K| FF| LUT| URAM| Words| Bits| Banks| W*Bits*Banks|
    +--------------------------+------------------------------------------------------------------------+---------+---+----+-----+------+-----+------+-------------+
    |cos_coefficients_table_U  |dft_Pipeline_COMPUTE_DFT_INNER_LOOP_cos_coefficients_table_ROM_AUTO_1R  |        2|  0|   0|    0|  1024|   32|     1|        32768|
    |sin_coefficients_table_U  |dft_Pipeline_COMPUTE_DFT_INNER_LOOP_sin_coefficients_table_ROM_AUTO_1R  |        2|  0|   0|    0|  1024|   32|     1|        32768|
    +--------------------------+------------------------------------------------------------------------+---------+---+----+-----+------+-----+------+-------------+
    |Total                     |                                                                        |        4|  0|   0|    0|  2048|   64|     2|        65536|
    +--------------------------+------------------------------------------------------------------------+---------+---+----+-----+------+-----+------+-------------+

    * FIFO: 
    N/A

    * Expression: 
    +----------------------------------------+----------+----+---+----+------------+------------+
    |              Variable Name             | Operation| DSP| FF| LUT| Bitwidth P0| Bitwidth P1|
    +----------------------------------------+----------+----+---+----+------------+------------+
    |add_ln21_1_fu_245_p2                    |         +|   0|  0|  12|          11|           1|
    |add_ln21_fu_187_p2                      |         +|   0|  0|  28|          21|           1|
    |add_ln25_fu_220_p2                      |         +|   0|  0|  12|          11|           1|
    |ap_block_pp0_stage3_00001_grp2          |       and|   0|  0|   2|           1|           1|
    |ap_block_pp0_stage3_01001_grp1          |       and|   0|  0|   2|           1|           1|
    |ap_block_pp0_stage3_11001               |       and|   0|  0|   2|           1|           1|
    |ap_block_state22_pp0_stage3_iter3_grp1  |       and|   0|  0|   2|           1|           1|
    |ap_block_state22_pp0_stage3_iter3_grp2  |       and|   0|  0|   2|           1|           1|
    |icmp_ln21_fu_181_p2                     |      icmp|   0|  0|  29|          21|          22|
    |icmp_ln25_1_fu_226_p2                   |      icmp|   0|  0|  12|          11|          12|
    |icmp_ln25_fu_196_p2                     |      icmp|   0|  0|  12|          11|          12|
    |select_ln21_fu_251_p3                   |    select|   0|  0|  11|           1|          11|
    |select_ln9_1_fu_290_p3                  |    select|   0|  0|  32|           1|           1|
    |select_ln9_2_fu_280_p3                  |    select|   0|  0|  32|           1|           1|
    |select_ln9_fu_202_p3                    |    select|   0|  0|  11|           1|           1|
    |ap_enable_pp0                           |       xor|   0|  0|   2|           1|           2|
    +----------------------------------------+----------+----+---+----+------------+------------+
    |Total                                   |          |   0|  0| 203|          96|          70|
    +----------------------------------------+----------+----+---+----+------------+------------+

    * Multiplexer: 
    +--------------------------------------+----+-----------+-----+-----------+
    |                 Name                 | LUT| Input Size| Bits| Total Bits|
    +--------------------------------------+----+-----------+-----+-----------+
    |ap_NS_fsm                             |  37|          7|    1|          7|
    |ap_done_int                           |   9|          2|    1|          2|
    |ap_enable_reg_pp0_iter0               |   9|          2|    1|          2|
    |ap_enable_reg_pp0_iter1               |   9|          2|    1|          2|
    |ap_enable_reg_pp0_iter3               |   9|          2|    1|          2|
    |ap_loop_exit_ready_pp0_iter1_reg      |   9|          2|    1|          2|
    |ap_loop_exit_ready_pp0_iter2_reg      |   9|          2|    1|          2|
    |ap_sig_allocacmp_indvar_flatten_load  |   9|          2|   21|         42|
    |ap_sig_allocacmp_j_1_load             |   9|          2|   11|         22|
    |ap_sig_allocacmp_temp_imag_load       |   9|          2|   32|         64|
    |ap_sig_allocacmp_temp_real_load       |   9|          2|   32|         64|
    |grp_fu_140_opcode                     |  14|          3|    2|          6|
    |grp_fu_140_p0                         |  25|          5|   32|        160|
    |grp_fu_140_p1                         |  25|          5|   32|        160|
    |grp_fu_144_p0                         |  14|          3|   32|         96|
    |grp_fu_144_p1                         |  14|          3|   32|         96|
    |i_fu_66                               |   9|          2|   11|         22|
    |indvar_flatten_fu_70                  |   9|          2|   21|         42|
    |j_1_fu_62                             |   9|          2|   11|         22|
    |output_imag_TDATA_blk_n               |   9|          2|    1|          2|
    |output_real_TDATA_blk_n               |   9|          2|    1|          2|
    |temp_imag_fu_58                       |   9|          2|   32|         64|
    |temp_real_fu_54                       |   9|          2|   32|         64|
    +--------------------------------------+----+-----------+-----+-----------+
    |Total                                 | 282|         60|  342|        947|
    +--------------------------------------+----+-----------+-----+-----------+

    * Register: 
    +-------------------------------------------+----+----+-----+-----------+
    |                    Name                   | FF | LUT| Bits| Const Bits|
    +-------------------------------------------+----+----+-----+-----------+
    |ap_CS_fsm                                  |   6|   0|    6|          0|
    |ap_block_pp0_stage3_subdone_grp0_done_reg  |   1|   0|    1|          0|
    |ap_block_pp0_stage3_subdone_grp1_done_reg  |   1|   0|    1|          0|
    |ap_block_pp0_stage3_subdone_grp2_done_reg  |   1|   0|    1|          0|
    |ap_done_reg                                |   1|   0|    1|          0|
    |ap_enable_reg_pp0_iter0_reg                |   1|   0|    1|          0|
    |ap_enable_reg_pp0_iter1                    |   1|   0|    1|          0|
    |ap_enable_reg_pp0_iter2                    |   1|   0|    1|          0|
    |ap_enable_reg_pp0_iter3                    |   1|   0|    1|          0|
    |ap_loop_exit_ready_pp0_iter1_reg           |   1|   0|    1|          0|
    |ap_loop_exit_ready_pp0_iter2_reg           |   1|   0|    1|          0|
    |c_reg_405                                  |  32|   0|   32|          0|
    |i_fu_66                                    |  11|   0|   11|          0|
    |icmp_ln21_reg_350                          |   1|   0|    1|          0|
    |icmp_ln25_1_reg_376                        |   1|   0|    1|          0|
    |icmp_ln25_reg_354                          |   1|   0|    1|          0|
    |idx_reg_380                                |  10|   0|   10|          0|
    |imag_sample_load_reg_390                   |  32|   0|   32|          0|
    |indvar_flatten_fu_70                       |  21|   0|   21|          0|
    |j_1_fu_62                                  |  11|   0|   11|          0|
    |mul1_reg_420                               |  32|   0|   32|          0|
    |mul2_reg_425                               |  32|   0|   32|          0|
    |mul3_reg_430                               |  32|   0|   32|          0|
    |mul_reg_415                                |  32|   0|   32|          0|
    |real_sample_load_reg_385                   |  32|   0|   32|          0|
    |reg_148                                    |  32|   0|   32|          0|
    |s_reg_410                                  |  32|   0|   32|          0|
    |select_ln9_1_reg_445                       |  32|   0|   32|          0|
    |select_ln9_2_reg_435                       |  32|   0|   32|          0|
    |sub_reg_440                                |  32|   0|   32|          0|
    |temp_imag_fu_58                            |  32|   0|   32|          0|
    |temp_real_1_reg_450                        |  32|   0|   32|          0|
    |temp_real_fu_54                            |  32|   0|   32|          0|
    |trunc_ln26_1_reg_361                       |  10|   0|   10|          0|
    |icmp_ln21_reg_350                          |  64|  32|    1|          0|
    |icmp_ln25_1_reg_376                        |  64|  32|    1|          0|
    |icmp_ln25_reg_354                          |  64|  32|    1|          0|
    +-------------------------------------------+----+----+-----+-----------+
    |Total                                      | 754|  96|  565|          0|
    +-------------------------------------------+----+----+-----+-----------+



================================================================
== Interface
================================================================
* Summary: 
+----------------------+-----+-----+------------+-------------------------------------+--------------+
|       RTL Ports      | Dir | Bits|  Protocol  |            Source Object            |    C Type    |
+----------------------+-----+-----+------------+-------------------------------------+--------------+
|ap_clk                |   in|    1|  ap_ctrl_hs|  dft_Pipeline_COMPUTE_DFT_INNER_LOOP|  return value|
|ap_rst                |   in|    1|  ap_ctrl_hs|  dft_Pipeline_COMPUTE_DFT_INNER_LOOP|  return value|
|ap_start              |   in|    1|  ap_ctrl_hs|  dft_Pipeline_COMPUTE_DFT_INNER_LOOP|  return value|
|ap_done               |  out|    1|  ap_ctrl_hs|  dft_Pipeline_COMPUTE_DFT_INNER_LOOP|  return value|
|ap_idle               |  out|    1|  ap_ctrl_hs|  dft_Pipeline_COMPUTE_DFT_INNER_LOOP|  return value|
|ap_ready              |  out|    1|  ap_ctrl_hs|  dft_Pipeline_COMPUTE_DFT_INNER_LOOP|  return value|
|output_real_TDATA     |  out|   32|        axis|                          output_real|       pointer|
|output_real_TVALID    |  out|    1|        axis|                          output_real|       pointer|
|output_real_TREADY    |   in|    1|        axis|                          output_real|       pointer|
|output_imag_TDATA     |  out|   32|        axis|                          output_imag|       pointer|
|output_imag_TVALID    |  out|    1|        axis|                          output_imag|       pointer|
|output_imag_TREADY    |   in|    1|        axis|                          output_imag|       pointer|
|real_sample_address0  |  out|   10|   ap_memory|                          real_sample|         array|
|real_sample_ce0       |  out|    1|   ap_memory|                          real_sample|         array|
|real_sample_q0        |   in|   32|   ap_memory|                          real_sample|         array|
|imag_sample_address0  |  out|   10|   ap_memory|                          imag_sample|         array|
|imag_sample_ce0       |  out|    1|   ap_memory|                          imag_sample|         array|
|imag_sample_q0        |   in|   32|   ap_memory|                          imag_sample|         array|
+----------------------+-----+-----+------------+-------------------------------------+--------------+

