

================================================================
== Vitis HLS Report for 'sin_or_cos_double_s'
================================================================
* Date:           Tue Nov  4 15:33:45 2025

* Version:        2024.2 (Build 5238294 on Nov  8 2024)
* Project:        dft.comp
* Solution:       hls (Vivado IP Flow Target)
* Product family: zynq
* Target device:  xc7z020-clg400-1


================================================================
== Performance Estimates
================================================================
+ Timing: 
    * Summary: 
    +--------+----------+----------+------------+
    |  Clock |  Target  | Estimated| Uncertainty|
    +--------+----------+----------+------------+
    |ap_clk  |  10.00 ns|  7.186 ns|     2.70 ns|
    +--------+----------+----------+------------+

+ Latency: 
    * Summary: 
    +---------+---------+----------+----------+-----+-----+---------+
    |  Latency (cycles) |  Latency (absolute) |  Interval | Pipeline|
    |   min   |   max   |    min   |    max   | min | max |   Type  |
    +---------+---------+----------+----------+-----+-----+---------+
    |       56|       62|  0.560 us|  0.620 us|   56|   62|       no|
    +---------+---------+----------+----------+-----+-----+---------+

    + Detail: 
        * Instance: 
        +-----------------------------------------+------------------------------+---------+---------+-----------+-----------+-----+-----+------------------------------------------------+
        |                                         |                              |  Latency (cycles) |   Latency (absolute)  |  Interval |                    Pipeline                    |
        |                 Instance                |            Module            |   min   |   max   |    min    |    max    | min | max |                      Type                      |
        +-----------------------------------------+------------------------------+---------+---------+-----------+-----------+-----+-----+------------------------------------------------+
        |grp_sin_or_cos_double_Pipeline_1_fu_372  |sin_or_cos_double_Pipeline_1  |        5|        5|  50.000 ns|  50.000 ns|    4|    4|  loop auto-rewind stp (delay=0 clock cycles(s))|
        |grp_sin_or_cos_double_Pipeline_2_fu_379  |sin_or_cos_double_Pipeline_2  |        5|        5|  50.000 ns|  50.000 ns|    4|    4|  loop auto-rewind stp (delay=0 clock cycles(s))|
        |grp_sin_or_cos_double_Pipeline_3_fu_390  |sin_or_cos_double_Pipeline_3  |        6|        6|  60.000 ns|  60.000 ns|    5|    5|  loop auto-rewind stp (delay=0 clock cycles(s))|
        |grp_sin_or_cos_double_Pipeline_4_fu_402  |sin_or_cos_double_Pipeline_4  |        4|       10|  40.000 ns|   0.100 us|    2|    8|  loop auto-rewind stp (delay=0 clock cycles(s))|
        +-----------------------------------------+------------------------------+---------+---------+-----------+-----------+-----+-----+------------------------------------------------+

        * Loop: 
        N/A



================================================================
== Utilization Estimates
================================================================
* Summary: 
+-----------------+---------+-----+--------+-------+-----+
|       Name      | BRAM_18K| DSP |   FF   |  LUT  | URAM|
+-----------------+---------+-----+--------+-------+-----+
|DSP              |        -|    -|       -|      -|    -|
|Expression       |        -|    -|       0|   2829|    -|
|FIFO             |        -|    -|       -|      -|    -|
|Instance         |        -|   85|    3282|   2487|    -|
|Memory           |        8|    -|     213|    852|    -|
|Multiplexer      |        -|    -|       0|    196|    -|
|Register         |        -|    -|    2067|      -|    -|
+-----------------+---------+-----+--------+-------+-----+
|Total            |        8|   85|    5562|   6364|    0|
+-----------------+---------+-----+--------+-------+-----+
|Available        |      280|  220|  106400|  53200|    0|
+-----------------+---------+-----+--------+-------+-----+
|Utilization (%)  |        2|   38|       5|     11|    0|
+-----------------+---------+-----+--------+-------+-----+

+ Detail: 
    * Instance: 
    +-----------------------------------------+------------------------------+---------+----+-----+-----+-----+
    |                 Instance                |            Module            | BRAM_18K| DSP|  FF | LUT | URAM|
    +-----------------------------------------+------------------------------+---------+----+-----+-----+-----+
    |ctlz_62_62_1_1_U44                       |ctlz_62_62_1_1                |        0|   0|    0|   89|    0|
    |mul_170s_53ns_170_5_1_U42                |mul_170s_53ns_170_5_1         |        0|  27|  441|  256|    0|
    |mul_35ns_25ns_60_2_1_U35                 |mul_35ns_25ns_60_2_1          |        0|   2|  187|   69|    0|
    |mul_42ns_33ns_75_2_1_U36                 |mul_42ns_33ns_75_2_1          |        0|   4|  205|   88|    0|
    |mul_49ns_44s_93_5_1_U37                  |mul_49ns_44s_93_5_1           |        0|   9|  334|   84|    0|
    |mul_49ns_49ns_98_5_1_U38                 |mul_49ns_49ns_98_5_1          |        0|   9|  334|   84|    0|
    |mul_49ns_49ns_98_5_1_U39                 |mul_49ns_49ns_98_5_1          |        0|   9|  334|   84|    0|
    |mul_56ns_52s_108_5_1_U40                 |mul_56ns_52s_108_5_1          |        0|   9|  345|  218|    0|
    |mul_64s_63ns_126_5_1_U41                 |mul_64s_63ns_126_5_1          |        0|  16|  441|  256|    0|
    |grp_sin_or_cos_double_Pipeline_1_fu_372  |sin_or_cos_double_Pipeline_1  |        0|   0|  100|  174|    0|
    |grp_sin_or_cos_double_Pipeline_2_fu_379  |sin_or_cos_double_Pipeline_2  |        0|   0|  100|  107|    0|
    |grp_sin_or_cos_double_Pipeline_3_fu_390  |sin_or_cos_double_Pipeline_3  |        0|   0|  133|  115|    0|
    |grp_sin_or_cos_double_Pipeline_4_fu_402  |sin_or_cos_double_Pipeline_4  |        0|   0|  328|  691|    0|
    |sparsemux_17_3_1_1_1_U43                 |sparsemux_17_3_1_1_1          |        0|   0|    0|   42|    0|
    |sparsemux_33_4_1_1_1_U45                 |sparsemux_33_4_1_1_1          |        0|   0|    0|   65|    0|
    |sparsemux_33_4_1_1_1_U46                 |sparsemux_33_4_1_1_1          |        0|   0|    0|   65|    0|
    +-----------------------------------------+------------------------------+---------+----+-----+-----+-----+
    |Total                                    |                              |        0|  85| 3282| 2487|    0|
    +-----------------------------------------+------------------------------+---------+----+-----+-----+-----+

    * DSP: 
    N/A

    * Memory: 
    +----------------------------------+---------------------------------------------------------------------+---------+----+-----+-----+------+-----+------+-------------+
    |              Memory              |                                Module                               | BRAM_18K| FF | LUT | URAM| Words| Bits| Banks| W*Bits*Banks|
    +----------------------------------+---------------------------------------------------------------------+---------+----+-----+-----+------+-----+------+-------------+
    |fourth_order_double_sin_cos_K0_U  |sin_or_cos_double_s_fourth_order_double_sin_cos_K0_ROM_1P_LUTRAM_1R  |        0|  59|  236|    0|   256|   59|     1|        15104|
    |fourth_order_double_sin_cos_K1_U  |sin_or_cos_double_s_fourth_order_double_sin_cos_K1_ROM_1P_LUTRAM_1R  |        0|  52|  208|    0|   256|   52|     1|        13312|
    |fourth_order_double_sin_cos_K2_U  |sin_or_cos_double_s_fourth_order_double_sin_cos_K2_ROM_1P_LUTRAM_1R  |        0|  44|  176|    0|   256|   44|     1|        11264|
    |fourth_order_double_sin_cos_K3_U  |sin_or_cos_double_s_fourth_order_double_sin_cos_K3_ROM_1P_LUTRAM_1R  |        0|  33|  132|    0|   256|   33|     1|         8448|
    |fourth_order_double_sin_cos_K4_U  |sin_or_cos_double_s_fourth_order_double_sin_cos_K4_ROM_1P_LUTRAM_1R  |        0|  25|  100|    0|   256|   25|     1|         6400|
    |ref_4oPi_table_256_U              |sin_or_cos_double_s_ref_4oPi_table_256_ROM_AUTO_1R                   |        8|   0|    0|    0|    10|  256|     1|         2560|
    +----------------------------------+---------------------------------------------------------------------+---------+----+-----+-----+------+-----+------+-------------+
    |Total                             |                                                                     |        8| 213|  852|    0|  1290|  469|     6|        57088|
    +----------------------------------+---------------------------------------------------------------------+---------+----+-----+-----+------+-----+------+-------------+

    * FIFO: 
    N/A

    * Expression: 
    +---------------------------+----------+----+---+-----+------------+------------+
    |       Variable Name       | Operation| DSP| FF| LUT | Bitwidth P0| Bitwidth P1|
    +---------------------------+----------+----+---+-----+------------+------------+
    |add_ln37_1_fu_1098_p2      |         +|   0|  0|   64|          64|          64|
    |add_ln37_2_fu_1127_p2      |         +|   0|  0|   64|          64|          64|
    |add_ln37_3_fu_1135_p2      |         +|   0|  0|   64|          64|          64|
    |add_ln37_fu_1089_p2        |         +|   0|  0|   64|          64|          64|
    |add_ln396_fu_475_p2        |         +|   0|  0|   12|          11|          11|
    |add_ln432_fu_1244_p2       |         +|   0|  0|   12|          12|          10|
    |add_ln454_fu_642_p2        |         +|   0|  0|   12|          11|          11|
    |Ex_1_fu_673_p2             |         -|   0|  0|   12|          11|          11|
    |Mx_bits_1_fu_582_p2        |         -|   0|  0|  131|           1|         124|
    |newexp_fu_1254_p2          |         -|   0|  0|   39|          32|          32|
    |sub_ln506_fu_917_p2        |         -|   0|  0|   12|           1|          11|
    |and_ln271_fu_546_p2        |       and|   0|  0|    2|           1|           1|
    |results_sign_2_fu_870_p2   |       and|   0|  0|    2|           1|           1|
    |results_sign_4_fu_886_p2   |       and|   0|  0|    2|           1|           1|
    |closepath_fu_469_p2        |      icmp|   0|  0|   12|          11|          10|
    |icmp_ln271_1_fu_541_p2     |      icmp|   0|  0|   59|          52|           1|
    |icmp_ln271_fu_536_p2       |      icmp|   0|  0|   12|          11|           1|
    |icmp_ln282_fu_875_p2       |      icmp|   0|  0|   12|          11|           2|
    |icmp_ln433_fu_1223_p2      |      icmp|   0|  0|   70|          63|           1|
    |lshr_ln506_fu_931_p2       |      lshr|   0|  0|  179|          63|          63|
    |or_ln282_fu_1301_p2        |        or|   0|  0|    2|           1|           1|
    |or_ln433_fu_1268_p2        |        or|   0|  0|    2|           1|           1|
    |Ex_3_fu_1228_p3            |    select|   0|  0|   11|           1|           1|
    |Ex_fu_647_p3               |    select|   0|  0|   11|           1|          11|
    |Mx_2_fu_1141_p3            |    select|   0|  0|   63|           1|           2|
    |Mx_bits_3_fu_587_p3        |    select|   0|  0|  124|           1|         124|
    |addr_fu_481_p3             |    select|   0|  0|   11|           1|           7|
    |cos_basis_fu_699_p3        |    select|   0|  0|    2|           1|           1|
    |k_fu_572_p3                |    select|   0|  0|    3|           1|           1|
    |results_exp_1_fu_1329_p3   |    select|   0|  0|   11|           1|          11|
    |results_exp_fu_1306_p3     |    select|   0|  0|   11|           1|          11|
    |results_sig_1_fu_1336_p3   |    select|   0|  0|   52|           1|           1|
    |results_sig_fu_1321_p3     |    select|   0|  0|   52|           1|          52|
    |results_sign_3_fu_892_p3   |    select|   0|  0|    2|           1|           1|
    |results_sign_fu_856_p3     |    select|   0|  0|    2|           1|           1|
    |select_ln259_fu_1287_p3    |    select|   0|  0|   10|           1|          10|
    |select_ln282_2_fu_1314_p3  |    select|   0|  0|    2|           1|           2|
    |select_ln282_fu_1294_p3    |    select|   0|  0|    2|           1|           2|
    |select_ln506_fu_922_p3     |    select|   0|  0|   11|           1|          11|
    |sin_basis_fu_692_p3        |    select|   0|  0|    2|           1|           1|
    |x_1_fu_941_p3              |    select|   0|  0|   63|           1|          63|
    |shl_ln398_fu_511_p2        |       shl|   0|  0|  950|         256|         256|
    |shl_ln504_fu_902_p2        |       shl|   0|  0|  409|         124|         124|
    |shl_ln506_fu_936_p2        |       shl|   0|  0|  179|          63|          63|
    |xor_ln242_fu_687_p2        |       xor|   0|  0|    2|           1|           2|
    |xor_ln278_fu_864_p2        |       xor|   0|  0|    2|           1|           2|
    |xor_ln282_fu_880_p2        |       xor|   0|  0|    2|           1|           2|
    +---------------------------+----------+----+---+-----+------------+------------+
    |Total                      |          |   0|  0| 2829|        1016|        1311|
    +---------------------------+----------+----+---+-----+------------+------------+

    * Multiplexer: 
    +---------------+-----+-----------+-----+-----------+
    |      Name     | LUT | Input Size| Bits| Total Bits|
    +---------------+-----+-----------+-----+-----------+
    |ap_NS_fsm      |  168|         38|    1|         38|
    |grp_fu_425_p0  |   14|          3|   49|        147|
    |grp_fu_425_p1  |   14|          3|   49|        147|
    +---------------+-----+-----------+-----+-----------+
    |Total          |  196|         44|   99|        332|
    +---------------+-----+-----------+-----+-----------+

    * Register: 
    +------------------------------------------------------+-----+----+-----+-----------+
    |                         Name                         |  FF | LUT| Bits| Const Bits|
    +------------------------------------------------------+-----+----+-----+-----------+
    |B_reg_1581                                            |   56|   0|   56|          0|
    |B_squared_reg_1614                                    |   49|   0|   49|          0|
    |B_trunc_reg_1586                                      |   49|   0|   49|          0|
    |Ex_1_reg_1528                                         |   11|   0|   11|          0|
    |Mx_2_reg_1747                                         |   63|   0|   63|          0|
    |Mx_bits_3_reg_1501                                    |  124|   0|  124|          0|
    |Mx_bits_reg_1485                                      |  124|   0|  124|          0|
    |Mx_reg_1564                                           |   63|   0|   63|          0|
    |Mx_zeros_reg_1523                                     |   62|   0|   62|          0|
    |add_ln37_1_reg_1727                                   |   64|   0|   64|          0|
    |add_ln37_3_reg_1742                                   |   64|   0|   64|          0|
    |and_ln271_reg_1478                                    |    1|   0|    1|          0|
    |ap_CS_fsm                                             |   37|   0|   37|          0|
    |closepath_reg_1447                                    |    1|   0|    1|          0|
    |cos_basis_reg_1546                                    |    1|   0|    1|          0|
    |din_exp_reg_1434                                      |   11|   0|   11|          0|
    |din_sig_reg_1441                                      |   52|   0|   52|          0|
    |din_sign_reg_1428                                     |    1|   0|    1|          0|
    |fourth_order_double_sin_cos_K0_load_reg_1672          |   59|   0|   59|          0|
    |fourth_order_double_sin_cos_K1_load_reg_1620          |   52|   0|   52|          0|
    |fourth_order_double_sin_cos_K2_load_reg_1625          |   44|   0|   44|          0|
    |fourth_order_double_sin_cos_K3_load_reg_1692          |   33|   0|   33|          0|
    |fourth_order_double_sin_cos_K4_load_reg_1702          |   25|   0|   25|          0|
    |grp_sin_or_cos_double_Pipeline_1_fu_372_ap_start_reg  |    1|   0|    1|          0|
    |grp_sin_or_cos_double_Pipeline_2_fu_379_ap_start_reg  |    1|   0|    1|          0|
    |grp_sin_or_cos_double_Pipeline_3_fu_390_ap_start_reg  |    1|   0|    1|          0|
    |grp_sin_or_cos_double_Pipeline_4_fu_402_ap_start_reg  |    1|   0|    1|          0|
    |icmp_ln282_reg_1552                                   |    1|   0|    1|          0|
    |icmp_ln433_reg_1809                                   |    1|   0|    1|          0|
    |k_reg_1496                                            |    3|   0|    3|          0|
    |lshr_ln_reg_1732                                      |   29|   0|   29|          0|
    |out_bits_3_loc_fu_270                                 |   32|   0|   32|          0|
    |out_bits_4_loc_fu_274                                 |   32|   0|   32|          0|
    |out_bits_5_loc_fu_278                                 |   32|   0|   32|          0|
    |out_bits_6_reg_1792                                   |   15|   0|   32|         17|
    |result_reg_1762                                       |   63|   0|   63|          0|
    |results_sign_3_reg_1559                               |    1|   0|    1|          0|
    |ret_1_reg_1468                                        |  170|   0|  170|          0|
    |sin_basis_reg_1541                                    |    1|   0|    1|          0|
    |sub_ln506_reg_1571                                    |   11|   0|   11|          0|
    |table_256_reg_1463                                    |  256|   0|  256|          0|
    |tmp_1_reg_1511                                        |    1|   0|    1|          0|
    |tmp_3_reg_1687                                        |   42|   0|   42|          0|
    |tmp_4_reg_1697                                        |   35|   0|   35|          0|
    |tmp_5_reg_1576                                        |    7|   0|    7|          0|
    |tmp_6_reg_1737                                        |   37|   0|   37|          0|
    |tmp_8_reg_1506                                        |   61|   0|   61|          0|
    |tmp_9_reg_1769                                        |   15|   0|   15|          0|
    |tmp_reg_1535                                          |    1|   0|    1|          0|
    |trunc_ln2_reg_1677                                    |   56|   0|   56|          0|
    |trunc_ln398_reg_1458                                  |    7|   0|    7|          0|
    |trunc_ln3_reg_1682                                    |   48|   0|   48|          0|
    |trunc_ln_reg_1491                                     |    3|   0|    3|          0|
    |zext_ln25_reg_1591                                    |   49|   0|   98|         49|
    |zext_ln32_reg_1597                                    |    8|   0|   64|         56|
    +------------------------------------------------------+-----+----+-----+-----------+
    |Total                                                 | 2067|   0| 2189|        122|
    +------------------------------------------------------+-----+----+-----+-----------+



================================================================
== Interface
================================================================
* Summary: 
+-----------+-----+-----+------------+--------------------+--------------+
| RTL Ports | Dir | Bits|  Protocol  |    Source Object   |    C Type    |
+-----------+-----+-----+------------+--------------------+--------------+
|ap_clk     |   in|    1|  ap_ctrl_hs|  sin_or_cos<double>|  return value|
|ap_rst     |   in|    1|  ap_ctrl_hs|  sin_or_cos<double>|  return value|
|ap_start   |   in|    1|  ap_ctrl_hs|  sin_or_cos<double>|  return value|
|ap_done    |  out|    1|  ap_ctrl_hs|  sin_or_cos<double>|  return value|
|ap_idle    |  out|    1|  ap_ctrl_hs|  sin_or_cos<double>|  return value|
|ap_ready   |  out|    1|  ap_ctrl_hs|  sin_or_cos<double>|  return value|
|ap_return  |  out|   64|  ap_ctrl_hs|  sin_or_cos<double>|  return value|
|t_in       |   in|   64|     ap_none|                t_in|        scalar|
|do_cos     |   in|    1|     ap_none|              do_cos|        scalar|
+-----------+-----+-----+------------+--------------------+--------------+

