

================================================================
== Vitis HLS Report for 'dft'
================================================================
* Date:           Thu Nov  6 17:33:12 2025

* Version:        2024.2 (Build 5238294 on Nov  8 2024)
* Project:        dft.comp
* Solution:       hls (Vivado IP Flow Target)
* Product family: zynq
* Target device:  xc7z020-clg400-1


================================================================
== Performance Estimates
================================================================
+ Timing: 
    * Summary: 
    +--------+----------+----------+------------+
    |  Clock |  Target  | Estimated| Uncertainty|
    +--------+----------+----------+------------+
    |ap_clk  |  10.00 ns|  7.256 ns|     2.70 ns|
    +--------+----------+----------+------------+

+ Latency: 
    * Summary: 
    +---------+---------+-----------+-----------+---------+---------+---------+
    |  Latency (cycles) |   Latency (absolute)  |      Interval     | Pipeline|
    |   min   |   max   |    min    |    max    |   min   |   max   |   Type  |
    +---------+---------+-----------+-----------+---------+---------+---------+
    |  6292502|  6292502|  62.925 ms|  62.925 ms|  6292503|  6292503|       no|
    +---------+---------+-----------+-----------+---------+---------+---------+

    + Detail: 
        * Instance: 
        +-----------------------------------------------+-------------------------------------+---------+---------+-----------+-----------+---------+---------+------------------------------------------------+
        |                                               |                                     |  Latency (cycles) |   Latency (absolute)  |      Interval     |                    Pipeline                    |
        |                    Instance                   |                Module               |   min   |   max   |    min    |    max    |   min   |   max   |                      Type                      |
        +-----------------------------------------------+-------------------------------------+---------+---------+-----------+-----------+---------+---------+------------------------------------------------+
        |grp_dft_Pipeline_READ_INPUT_fu_42              |dft_Pipeline_READ_INPUT              |     1026|     1026|  10.260 us|  10.260 us|     1025|     1025|  loop auto-rewind stp (delay=0 clock cycles(s))|
        |grp_dft_Pipeline_COMPUTE_DFT_INNER_LOOP_fu_54  |dft_Pipeline_COMPUTE_DFT_INNER_LOOP  |  6291473|  6291473|  62.915 ms|  62.915 ms|  6291462|  6291462|  loop auto-rewind stp (delay=0 clock cycles(s))|
        +-----------------------------------------------+-------------------------------------+---------+---------+-----------+-----------+---------+---------+------------------------------------------------+

        * Loop: 
        N/A



================================================================
== Utilization Estimates
================================================================
* Summary: 
+-----------------+---------+-----+--------+-------+-----+
|       Name      | BRAM_18K| DSP |   FF   |  LUT  | URAM|
+-----------------+---------+-----+--------+-------+-----+
|DSP              |        -|    -|       -|      -|    -|
|Expression       |        -|    -|       -|      -|    -|
|FIFO             |        -|    -|       -|      -|    -|
|Instance         |        4|    5|    1127|   1439|    -|
|Memory           |        4|    -|       0|      0|    0|
|Multiplexer      |        -|    -|       0|     99|    -|
|Register         |        -|    -|       6|      -|    -|
+-----------------+---------+-----+--------+-------+-----+
|Total            |        8|    5|    1133|   1538|    0|
+-----------------+---------+-----+--------+-------+-----+
|Available        |      280|  220|  106400|  53200|    0|
+-----------------+---------+-----+--------+-------+-----+
|Utilization (%)  |        2|    2|       1|      2|    0|
+-----------------+---------+-----+--------+-------+-----+

+ Detail: 
    * Instance: 
    +-----------------------------------------------+-------------------------------------+---------+----+------+------+-----+
    |                    Instance                   |                Module               | BRAM_18K| DSP|  FF  |  LUT | URAM|
    +-----------------------------------------------+-------------------------------------+---------+----+------+------+-----+
    |grp_dft_Pipeline_COMPUTE_DFT_INNER_LOOP_fu_54  |dft_Pipeline_COMPUTE_DFT_INNER_LOOP  |        4|   5|  1102|  1355|    0|
    |grp_dft_Pipeline_READ_INPUT_fu_42              |dft_Pipeline_READ_INPUT              |        0|   0|    25|    84|    0|
    +-----------------------------------------------+-------------------------------------+---------+----+------+------+-----+
    |Total                                          |                                     |        4|   5|  1127|  1439|    0|
    +-----------------------------------------------+-------------------------------------+---------+----+------+------+-----+

    * DSP: 
    N/A

    * Memory: 
    +---------------+---------------------------+---------+---+----+-----+------+-----+------+-------------+
    |     Memory    |           Module          | BRAM_18K| FF| LUT| URAM| Words| Bits| Banks| W*Bits*Banks|
    +---------------+---------------------------+---------+---+----+-----+------+-----+------+-------------+
    |real_sample_U  |real_sample_RAM_AUTO_1R1W  |        2|  0|   0|    0|  1024|   32|     1|        32768|
    |imag_sample_U  |real_sample_RAM_AUTO_1R1W  |        2|  0|   0|    0|  1024|   32|     1|        32768|
    +---------------+---------------------------+---------+---+----+-----+------+-----+------+-------------+
    |Total          |                           |        4|  0|   0|    0|  2048|   64|     2|        65536|
    +---------------+---------------------------+---------+---+----+-----+------+-----+------+-------------+

    * FIFO: 
    N/A

    * Expression: 
    N/A

    * Multiplexer: 
    +----------------------+----+-----------+-----+-----------+
    |         Name         | LUT| Input Size| Bits| Total Bits|
    +----------------------+----+-----------+-----+-----------+
    |ap_NS_fsm             |  25|          5|    1|          5|
    |imag_sample_address0  |  14|          3|   10|         30|
    |imag_sample_ce0       |  14|          3|    1|          3|
    |imag_sample_we0       |   9|          2|    1|          2|
    |real_sample_address0  |  14|          3|   10|         30|
    |real_sample_ce0       |  14|          3|    1|          3|
    |real_sample_we0       |   9|          2|    1|          2|
    +----------------------+----+-----------+-----+-----------+
    |Total                 |  99|         21|   25|         75|
    +----------------------+----+-----------+-----+-----------+

    * Register: 
    +------------------------------------------------------------+---+----+-----+-----------+
    |                            Name                            | FF| LUT| Bits| Const Bits|
    +------------------------------------------------------------+---+----+-----+-----------+
    |ap_CS_fsm                                                   |  4|   0|    4|          0|
    |grp_dft_Pipeline_COMPUTE_DFT_INNER_LOOP_fu_54_ap_start_reg  |  1|   0|    1|          0|
    |grp_dft_Pipeline_READ_INPUT_fu_42_ap_start_reg              |  1|   0|    1|          0|
    +------------------------------------------------------------+---+----+-----+-----------+
    |Total                                                       |  6|   0|    6|          0|
    +------------------------------------------------------------+---+----+-----+-----------+



================================================================
== Interface
================================================================
* Summary: 
+--------------------+-----+-----+------------+--------------+--------------+
|      RTL Ports     | Dir | Bits|  Protocol  | Source Object|    C Type    |
+--------------------+-----+-----+------------+--------------+--------------+
|ap_clk              |   in|    1|  ap_ctrl_hs|           dft|  return value|
|ap_rst              |   in|    1|  ap_ctrl_hs|           dft|  return value|
|ap_start            |   in|    1|  ap_ctrl_hs|           dft|  return value|
|ap_done             |  out|    1|  ap_ctrl_hs|           dft|  return value|
|ap_idle             |  out|    1|  ap_ctrl_hs|           dft|  return value|
|ap_ready            |  out|    1|  ap_ctrl_hs|           dft|  return value|
|input_real_dout     |   in|   32|     ap_fifo|    input_real|       pointer|
|input_real_empty_n  |   in|    1|     ap_fifo|    input_real|       pointer|
|input_real_read     |  out|    1|     ap_fifo|    input_real|       pointer|
|input_imag_dout     |   in|   32|     ap_fifo|    input_imag|       pointer|
|input_imag_empty_n  |   in|    1|     ap_fifo|    input_imag|       pointer|
|input_imag_read     |  out|    1|     ap_fifo|    input_imag|       pointer|
|output_real_din     |  out|   32|     ap_fifo|   output_real|       pointer|
|output_real_full_n  |   in|    1|     ap_fifo|   output_real|       pointer|
|output_real_write   |  out|    1|     ap_fifo|   output_real|       pointer|
|output_imag_din     |  out|   32|     ap_fifo|   output_imag|       pointer|
|output_imag_full_n  |   in|    1|     ap_fifo|   output_imag|       pointer|
|output_imag_write   |  out|    1|     ap_fifo|   output_imag|       pointer|
+--------------------+-----+-----+------------+--------------+--------------+

