

================================================================
== Vitis HLS Report for 'bnn_Pipeline_VITIS_LOOP_129_3'
================================================================
* Date:           Mon Dec  8 16:26:35 2025

* Version:        2024.2 (Build 5238294 on Nov  8 2024)
* Project:        bnn.comp
* Solution:       hls (Vivado IP Flow Target)
* Product family: zynq
* Target device:  xc7z020-clg400-1


================================================================
== Performance Estimates
================================================================
+ Timing: 
    * Summary: 
    +--------+----------+----------+------------+
    |  Clock |  Target  | Estimated| Uncertainty|
    +--------+----------+----------+------------+
    |ap_clk  |  10.00 ns|  7.102 ns|     2.70 ns|
    +--------+----------+----------+------------+

+ Latency: 
    * Summary: 
    +---------+---------+----------+----------+-----+-----+------------------------------------------------+
    |  Latency (cycles) |  Latency (absolute) |  Interval |                    Pipeline                    |
    |   min   |   max   |    min   |    max   | min | max |                      Type                      |
    +---------+---------+----------+----------+-----+-----+------------------------------------------------+
    |       14|       14|  0.140 us|  0.140 us|   11|   11|  loop auto-rewind stp (delay=0 clock cycles(s))|
    +---------+---------+----------+----------+-----+-----+------------------------------------------------+

    + Detail: 
        * Instance: 
        N/A

        * Loop: 
        +--------------------+---------+---------+----------+-----------+-----------+------+----------+
        |                    |  Latency (cycles) | Iteration|  Initiation Interval  | Trip |          |
        |      Loop Name     |   min   |   max   |  Latency |  achieved |   target  | Count| Pipelined|
        +--------------------+---------+---------+----------+-----------+-----------+------+----------+
        |- VITIS_LOOP_129_3  |       12|       12|         4|          1|          1|    10|       yes|
        +--------------------+---------+---------+----------+-----------+-----------+------+----------+



================================================================
== Utilization Estimates
================================================================
* Summary: 
+-----------------+---------+-----+--------+-------+-----+
|       Name      | BRAM_18K| DSP |   FF   |  LUT  | URAM|
+-----------------+---------+-----+--------+-------+-----+
|DSP              |        -|    -|       -|      -|    -|
|Expression       |        -|    -|       0|   1413|    -|
|FIFO             |        -|    -|       -|      -|    -|
|Instance         |        -|    -|       -|      -|    -|
|Memory           |        0|    -|      64|     10|    -|
|Multiplexer      |        -|    -|       0|     36|    -|
|Register         |        -|    -|     118|     32|    -|
+-----------------+---------+-----+--------+-------+-----+
|Total            |        0|    0|     182|   1491|    0|
+-----------------+---------+-----+--------+-------+-----+
|Available        |      280|  220|  106400|  53200|    0|
+-----------------+---------+-----+--------+-------+-----+
|Utilization (%)  |        0|    0|      ~0|      2|    0|
+-----------------+---------+-----+--------+-------+-----+

+ Detail: 
    * Instance: 
    N/A

    * DSP: 
    N/A

    * Memory: 
    +-------------+-----------------------------------------------------+---------+----+----+-----+------+-----+------+-------------+
    |    Memory   |                        Module                       | BRAM_18K| FF | LUT| URAM| Words| Bits| Banks| W*Bits*Banks|
    +-------------+-----------------------------------------------------+---------+----+----+-----+------+-----+------+-------------+
    |p_ZL2w3_0_U  |bnn_Pipeline_VITIS_LOOP_129_3_p_ZL2w3_0_ROM_AUTO_1R  |        0|  32|   5|    0|    20|   16|     1|          320|
    |p_ZL2w3_1_U  |bnn_Pipeline_VITIS_LOOP_129_3_p_ZL2w3_1_ROM_AUTO_1R  |        0|  32|   5|    0|    20|   16|     1|          320|
    +-------------+-----------------------------------------------------+---------+----+----+-----+------+-----+------+-------------+
    |Total        |                                                     |        0|  64|  10|    0|    40|   32|     2|          640|
    +-------------+-----------------------------------------------------+---------+----+----+-----+------+-----+------+-------------+

    * FIFO: 
    N/A

    * Expression: 
    +-------------------------+----------+----+---+----+------------+------------+
    |      Variable Name      | Operation| DSP| FF| LUT| Bitwidth P0| Bitwidth P1|
    +-------------------------+----------+----+---+----+------------+------------+
    |add_ln129_fu_287_p2      |         +|   0|  0|  13|           4|           1|
    |add_ln60_10_fu_3226_p2   |         +|   0|  0|  10|           2|           2|
    |add_ln60_11_fu_3236_p2   |         +|   0|  0|  10|           2|           2|
    |add_ln60_12_fu_3246_p2   |         +|   0|  0|  11|           3|           3|
    |add_ln60_13_fu_3256_p2   |         +|   0|  0|  13|           4|           4|
    |add_ln60_14_fu_3664_p2   |         +|   0|  0|  13|           5|           5|
    |add_ln60_15_fu_3262_p2   |         +|   0|  0|  10|           2|           2|
    |add_ln60_16_fu_3272_p2   |         +|   0|  0|  10|           2|           2|
    |add_ln60_17_fu_3282_p2   |         +|   0|  0|  11|           3|           3|
    |add_ln60_18_fu_3292_p2   |         +|   0|  0|  10|           2|           2|
    |add_ln60_19_fu_3302_p2   |         +|   0|  0|  10|           2|           2|
    |add_ln60_1_fu_3140_p2    |         +|   0|  0|  10|           2|           2|
    |add_ln60_20_fu_3312_p2   |         +|   0|  0|  11|           3|           3|
    |add_ln60_21_fu_3322_p2   |         +|   0|  0|  13|           4|           4|
    |add_ln60_22_fu_3328_p2   |         +|   0|  0|  10|           2|           2|
    |add_ln60_23_fu_3338_p2   |         +|   0|  0|  10|           2|           2|
    |add_ln60_24_fu_3348_p2   |         +|   0|  0|  11|           3|           3|
    |add_ln60_25_fu_3358_p2   |         +|   0|  0|  10|           2|           2|
    |add_ln60_26_fu_3368_p2   |         +|   0|  0|  10|           2|           2|
    |add_ln60_27_fu_3378_p2   |         +|   0|  0|  11|           3|           3|
    |add_ln60_28_fu_3388_p2   |         +|   0|  0|  13|           4|           4|
    |add_ln60_29_fu_3680_p2   |         +|   0|  0|  13|           5|           5|
    |add_ln60_2_fu_3150_p2    |         +|   0|  0|  11|           3|           3|
    |add_ln60_30_fu_3690_p2   |         +|   0|  0|  14|           6|           6|
    |add_ln60_31_fu_3394_p2   |         +|   0|  0|  10|           2|           2|
    |add_ln60_32_fu_3404_p2   |         +|   0|  0|  10|           2|           2|
    |add_ln60_33_fu_3414_p2   |         +|   0|  0|  11|           3|           3|
    |add_ln60_34_fu_3424_p2   |         +|   0|  0|  10|           2|           2|
    |add_ln60_35_fu_3434_p2   |         +|   0|  0|  10|           2|           2|
    |add_ln60_36_fu_3444_p2   |         +|   0|  0|  11|           3|           3|
    |add_ln60_37_fu_3454_p2   |         +|   0|  0|  13|           4|           4|
    |add_ln60_38_fu_3460_p2   |         +|   0|  0|  10|           2|           2|
    |add_ln60_39_fu_3470_p2   |         +|   0|  0|  10|           2|           2|
    |add_ln60_3_fu_3160_p2    |         +|   0|  0|  10|           2|           2|
    |add_ln60_40_fu_3480_p2   |         +|   0|  0|  11|           3|           3|
    |add_ln60_41_fu_3490_p2   |         +|   0|  0|  10|           2|           2|
    |add_ln60_42_fu_3500_p2   |         +|   0|  0|  10|           2|           2|
    |add_ln60_43_fu_3510_p2   |         +|   0|  0|  11|           3|           3|
    |add_ln60_44_fu_3520_p2   |         +|   0|  0|  13|           4|           4|
    |add_ln60_45_fu_3706_p2   |         +|   0|  0|  13|           5|           5|
    |add_ln60_46_fu_3526_p2   |         +|   0|  0|  10|           2|           2|
    |add_ln60_47_fu_3536_p2   |         +|   0|  0|  10|           2|           2|
    |add_ln60_48_fu_3546_p2   |         +|   0|  0|  11|           3|           3|
    |add_ln60_49_fu_3556_p2   |         +|   0|  0|  10|           2|           2|
    |add_ln60_4_fu_3170_p2    |         +|   0|  0|  10|           2|           2|
    |add_ln60_50_fu_3566_p2   |         +|   0|  0|  10|           2|           2|
    |add_ln60_51_fu_3576_p2   |         +|   0|  0|  11|           3|           3|
    |add_ln60_52_fu_3586_p2   |         +|   0|  0|  13|           4|           4|
    |add_ln60_53_fu_3592_p2   |         +|   0|  0|  10|           2|           2|
    |add_ln60_54_fu_3602_p2   |         +|   0|  0|  10|           2|           2|
    |add_ln60_55_fu_3612_p2   |         +|   0|  0|  11|           3|           3|
    |add_ln60_56_fu_3622_p2   |         +|   0|  0|  10|           2|           2|
    |add_ln60_57_fu_3632_p2   |         +|   0|  0|  10|           2|           2|
    |add_ln60_58_fu_3642_p2   |         +|   0|  0|  11|           3|           3|
    |add_ln60_59_fu_3652_p2   |         +|   0|  0|  13|           4|           4|
    |add_ln60_5_fu_3180_p2    |         +|   0|  0|  11|           3|           3|
    |add_ln60_60_fu_3722_p2   |         +|   0|  0|  13|           5|           5|
    |add_ln60_61_fu_3732_p2   |         +|   0|  0|  14|           6|           6|
    |add_ln60_62_fu_3742_p2   |         +|   0|  0|  14|           7|           7|
    |add_ln60_6_fu_3190_p2    |         +|   0|  0|  13|           4|           4|
    |add_ln60_7_fu_3196_p2    |         +|   0|  0|  10|           2|           2|
    |add_ln60_8_fu_3206_p2    |         +|   0|  0|  10|           2|           2|
    |add_ln60_9_fu_3216_p2    |         +|   0|  0|  11|           3|           3|
    |add_ln60_fu_3130_p2      |         +|   0|  0|  10|           2|           2|
    |dot_fu_3759_p2           |         +|   0|  0|  15|           8|           8|
    |icmp_ln129_fu_281_p2     |      icmp|   0|  0|  13|           4|           4|
    |ap_enable_pp0            |       xor|   0|  0|   2|           1|           2|
    |xnor_1_fu_1264_p2        |       xor|   0|  0|  16|          16|          16|
    |xnor_2_fu_1781_p2        |       xor|   0|  0|  16|          16|          16|
    |xnor_3_fu_2298_p2        |       xor|   0|  0|  16|          16|          16|
    |xnor_fu_747_p2           |       xor|   0|  0|  16|          16|          16|
    |xor_ln52_10_fu_813_p2    |       xor|   0|  0|  13|          13|          13|
    |xor_ln52_11_fu_819_p2    |       xor|   0|  0|  11|          11|          11|
    |xor_ln52_12_fu_825_p2    |       xor|   0|  0|   8|           8|           8|
    |xor_ln52_13_fu_831_p2    |       xor|   0|  0|   5|           5|           5|
    |xor_ln52_14_fu_837_p2    |       xor|   0|  0|   7|           7|           7|
    |xor_ln52_15_fu_1270_p2   |       xor|   0|  0|   2|           1|           1|
    |xor_ln52_16_fu_1276_p2   |       xor|   0|  0|  12|          12|          12|
    |xor_ln52_17_fu_1282_p2   |       xor|   0|  0|   2|           2|           2|
    |xor_ln52_18_fu_1288_p2   |       xor|   0|  0|  15|          15|          15|
    |xor_ln52_19_fu_1294_p2   |       xor|   0|  0|   4|           4|           4|
    |xor_ln52_1_fu_759_p2     |       xor|   0|  0|  12|          12|          12|
    |xor_ln52_20_fu_1300_p2   |       xor|   0|  0|   3|           3|           3|
    |xor_ln52_21_fu_1306_p2   |       xor|   0|  0|  14|          14|          14|
    |xor_ln52_22_fu_1312_p2   |       xor|   0|  0|   6|           6|           6|
    |xor_ln52_23_fu_1318_p2   |       xor|   0|  0|  10|          10|          10|
    |xor_ln52_24_fu_1324_p2   |       xor|   0|  0|   9|           9|           9|
    |xor_ln52_25_fu_1330_p2   |       xor|   0|  0|  13|          13|          13|
    |xor_ln52_26_fu_1336_p2   |       xor|   0|  0|  11|          11|          11|
    |xor_ln52_27_fu_1342_p2   |       xor|   0|  0|   8|           8|           8|
    |xor_ln52_28_fu_1348_p2   |       xor|   0|  0|   5|           5|           5|
    |xor_ln52_29_fu_1354_p2   |       xor|   0|  0|   7|           7|           7|
    |xor_ln52_2_fu_765_p2     |       xor|   0|  0|   2|           2|           2|
    |xor_ln52_30_fu_1787_p2   |       xor|   0|  0|   2|           1|           1|
    |xor_ln52_31_fu_1793_p2   |       xor|   0|  0|  12|          12|          12|
    |xor_ln52_32_fu_1799_p2   |       xor|   0|  0|   2|           2|           2|
    |xor_ln52_33_fu_1805_p2   |       xor|   0|  0|  15|          15|          15|
    |xor_ln52_34_fu_1811_p2   |       xor|   0|  0|   4|           4|           4|
    |xor_ln52_35_fu_1817_p2   |       xor|   0|  0|   3|           3|           3|
    |xor_ln52_36_fu_1823_p2   |       xor|   0|  0|  14|          14|          14|
    |xor_ln52_37_fu_1829_p2   |       xor|   0|  0|   6|           6|           6|
    |xor_ln52_38_fu_1835_p2   |       xor|   0|  0|  10|          10|          10|
    |xor_ln52_39_fu_1841_p2   |       xor|   0|  0|   9|           9|           9|
    |xor_ln52_3_fu_771_p2     |       xor|   0|  0|  15|          15|          15|
    |xor_ln52_40_fu_1847_p2   |       xor|   0|  0|  13|          13|          13|
    |xor_ln52_41_fu_1853_p2   |       xor|   0|  0|  11|          11|          11|
    |xor_ln52_42_fu_1859_p2   |       xor|   0|  0|   8|           8|           8|
    |xor_ln52_43_fu_1865_p2   |       xor|   0|  0|   5|           5|           5|
    |xor_ln52_44_fu_1871_p2   |       xor|   0|  0|   7|           7|           7|
    |xor_ln52_4_fu_777_p2     |       xor|   0|  0|   4|           4|           4|
    |xor_ln52_5_fu_783_p2     |       xor|   0|  0|   3|           3|           3|
    |xor_ln52_6_fu_789_p2     |       xor|   0|  0|  14|          14|          14|
    |xor_ln52_7_fu_795_p2     |       xor|   0|  0|   6|           6|           6|
    |xor_ln52_8_fu_801_p2     |       xor|   0|  0|  10|          10|          10|
    |xor_ln52_9_fu_807_p2     |       xor|   0|  0|   9|           9|           9|
    |xor_ln52_fu_753_p2       |       xor|   0|  0|   2|           1|           1|
    |xor_ln55_100_fu_2289_p2  |       xor|   0|  0|   2|           1|           2|
    |xor_ln55_101_fu_1126_p2  |       xor|   0|  0|   2|           1|           2|
    |xor_ln55_102_fu_1154_p2  |       xor|   0|  0|   2|           1|           2|
    |xor_ln55_103_fu_1182_p2  |       xor|   0|  0|   2|           1|           2|
    |xor_ln55_104_fu_1210_p2  |       xor|   0|  0|   2|           1|           2|
    |xor_ln55_105_fu_1234_p2  |       xor|   0|  0|   2|           1|           2|
    |xor_ln55_107_fu_1367_p2  |       xor|   0|  0|   2|           1|           2|
    |xor_ln55_108_fu_1391_p2  |       xor|   0|  0|   2|           1|           2|
    |xor_ln55_109_fu_1419_p2  |       xor|   0|  0|   2|           1|           2|
    |xor_ln55_110_fu_1447_p2  |       xor|   0|  0|   2|           1|           2|
    |xor_ln55_111_fu_1475_p2  |       xor|   0|  0|   2|           1|           2|
    |xor_ln55_112_fu_1503_p2  |       xor|   0|  0|   2|           1|           2|
    |xor_ln55_113_fu_1531_p2  |       xor|   0|  0|   2|           1|           2|
    |xor_ln55_114_fu_1559_p2  |       xor|   0|  0|   2|           1|           2|
    |xor_ln55_115_fu_1587_p2  |       xor|   0|  0|   2|           1|           2|
    |xor_ln55_116_fu_1615_p2  |       xor|   0|  0|   2|           1|           2|
    |xor_ln55_117_fu_1643_p2  |       xor|   0|  0|   2|           1|           2|
    |xor_ln55_118_fu_1671_p2  |       xor|   0|  0|   2|           1|           2|
    |xor_ln55_119_fu_1699_p2  |       xor|   0|  0|   2|           1|           2|
    |xor_ln55_120_fu_1727_p2  |       xor|   0|  0|   2|           1|           2|
    |xor_ln55_121_fu_1751_p2  |       xor|   0|  0|   2|           1|           2|
    |xor_ln55_123_fu_1884_p2  |       xor|   0|  0|   2|           1|           2|
    |xor_ln55_124_fu_1908_p2  |       xor|   0|  0|   2|           1|           2|
    |xor_ln55_125_fu_1936_p2  |       xor|   0|  0|   2|           1|           2|
    |xor_ln55_126_fu_1964_p2  |       xor|   0|  0|   2|           1|           2|
    |xor_ln55_127_fu_1992_p2  |       xor|   0|  0|   2|           1|           2|
    |xor_ln55_128_fu_2020_p2  |       xor|   0|  0|   2|           1|           2|
    |xor_ln55_129_fu_2048_p2  |       xor|   0|  0|   2|           1|           2|
    |xor_ln55_130_fu_2076_p2  |       xor|   0|  0|   2|           1|           2|
    |xor_ln55_131_fu_2104_p2  |       xor|   0|  0|   2|           1|           2|
    |xor_ln55_132_fu_2132_p2  |       xor|   0|  0|   2|           1|           2|
    |xor_ln55_133_fu_2160_p2  |       xor|   0|  0|   2|           1|           2|
    |xor_ln55_134_fu_2188_p2  |       xor|   0|  0|   2|           1|           2|
    |xor_ln55_135_fu_2216_p2  |       xor|   0|  0|   2|           1|           2|
    |xor_ln55_136_fu_2244_p2  |       xor|   0|  0|   2|           1|           2|
    |xor_ln55_137_fu_2268_p2  |       xor|   0|  0|   2|           1|           2|
    |xor_ln55_30_fu_357_p2    |       xor|   0|  0|   2|           1|           2|
    |xor_ln55_31_fu_385_p2    |       xor|   0|  0|   2|           1|           2|
    |xor_ln55_32_fu_413_p2    |       xor|   0|  0|   2|           1|           2|
    |xor_ln55_33_fu_441_p2    |       xor|   0|  0|   2|           1|           2|
    |xor_ln55_34_fu_469_p2    |       xor|   0|  0|   2|           1|           2|
    |xor_ln55_35_fu_497_p2    |       xor|   0|  0|   2|           1|           2|
    |xor_ln55_36_fu_525_p2    |       xor|   0|  0|   2|           1|           2|
    |xor_ln55_37_fu_553_p2    |       xor|   0|  0|   2|           1|           2|
    |xor_ln55_38_fu_581_p2    |       xor|   0|  0|   2|           1|           2|
    |xor_ln55_39_fu_609_p2    |       xor|   0|  0|   2|           1|           2|
    |xor_ln55_40_fu_637_p2    |       xor|   0|  0|   2|           1|           2|
    |xor_ln55_41_fu_665_p2    |       xor|   0|  0|   2|           1|           2|
    |xor_ln55_42_fu_693_p2    |       xor|   0|  0|   2|           1|           2|
    |xor_ln55_43_fu_717_p2    |       xor|   0|  0|   2|           1|           2|
    |xor_ln55_44_fu_738_p2    |       xor|   0|  0|   2|           1|           2|
    |xor_ln55_46_fu_850_p2    |       xor|   0|  0|   2|           1|           2|
    |xor_ln55_47_fu_874_p2    |       xor|   0|  0|   2|           1|           2|
    |xor_ln55_48_fu_902_p2    |       xor|   0|  0|   2|           1|           2|
    |xor_ln55_49_fu_930_p2    |       xor|   0|  0|   2|           1|           2|
    |xor_ln55_51_fu_958_p2    |       xor|   0|  0|   2|           1|           2|
    |xor_ln55_53_fu_986_p2    |       xor|   0|  0|   2|           1|           2|
    |xor_ln55_55_fu_1014_p2   |       xor|   0|  0|   2|           1|           2|
    |xor_ln55_66_fu_1255_p2   |       xor|   0|  0|   2|           1|           2|
    |xor_ln55_67_fu_1042_p2   |       xor|   0|  0|   2|           1|           2|
    |xor_ln55_83_fu_1772_p2   |       xor|   0|  0|   2|           1|           2|
    |xor_ln55_84_fu_1070_p2   |       xor|   0|  0|   2|           1|           2|
    |xor_ln55_99_fu_1098_p2   |       xor|   0|  0|   2|           1|           2|
    |xor_ln55_fu_333_p2       |       xor|   0|  0|   2|           1|           2|
    |xor_ln60_10_fu_2364_p2   |       xor|   0|  0|  13|          13|          13|
    |xor_ln60_11_fu_2370_p2   |       xor|   0|  0|  11|          11|          11|
    |xor_ln60_12_fu_2376_p2   |       xor|   0|  0|   8|           8|           8|
    |xor_ln60_13_fu_2382_p2   |       xor|   0|  0|   5|           5|           5|
    |xor_ln60_14_fu_2388_p2   |       xor|   0|  0|   7|           7|           7|
    |xor_ln60_1_fu_2310_p2    |       xor|   0|  0|  12|          12|          12|
    |xor_ln60_2_fu_2316_p2    |       xor|   0|  0|   2|           2|           2|
    |xor_ln60_3_fu_2322_p2    |       xor|   0|  0|  15|          15|          15|
    |xor_ln60_4_fu_2328_p2    |       xor|   0|  0|   4|           4|           4|
    |xor_ln60_5_fu_2334_p2    |       xor|   0|  0|   3|           3|           3|
    |xor_ln60_6_fu_2340_p2    |       xor|   0|  0|  14|          14|          14|
    |xor_ln60_7_fu_2346_p2    |       xor|   0|  0|   6|           6|           6|
    |xor_ln60_8_fu_2352_p2    |       xor|   0|  0|  10|          10|          10|
    |xor_ln60_9_fu_2358_p2    |       xor|   0|  0|   9|           9|           9|
    |xor_ln60_fu_2304_p2      |       xor|   0|  0|   2|           1|           1|
    +-------------------------+----------+----+---+----+------------+------------+
    |Total                    |          |   0|  0|1413|         808|         870|
    +-------------------------+----------+----+---+----+------------+------------+

    * Multiplexer: 
    +-------------------------+----+-----------+-----+-----------+
    |           Name          | LUT| Input Size| Bits| Total Bits|
    +-------------------------+----+-----------+-----+-----------+
    |ap_done_int              |   9|          2|    1|          2|
    |ap_enable_reg_pp0_iter1  |   9|          2|    1|          2|
    |ap_sig_allocacmp_n_1     |   9|          2|    4|          8|
    |n_fu_158                 |   9|          2|    4|          8|
    +-------------------------+----+-----------+-----+-----------+
    |Total                    |  36|          8|   10|         20|
    +-------------------------+----+-----------+-----+-----------+

    * Register: 
    +----------------------------------+----+----+-----+-----------+
    |               Name               | FF | LUT| Bits| Const Bits|
    +----------------------------------+----+----+-----+-----------+
    |add_ln60_13_reg_3967              |   4|   0|    4|          0|
    |add_ln60_21_reg_3972              |   4|   0|    4|          0|
    |add_ln60_28_reg_3977              |   4|   0|    4|          0|
    |add_ln60_37_reg_3982              |   4|   0|    4|          0|
    |add_ln60_44_reg_3987              |   4|   0|    4|          0|
    |add_ln60_52_reg_3992              |   4|   0|    4|          0|
    |add_ln60_59_reg_3997              |   4|   0|    4|          0|
    |add_ln60_62_reg_4002              |   7|   0|    7|          0|
    |add_ln60_6_reg_3962               |   4|   0|    4|          0|
    |ap_CS_fsm                         |   1|   0|    1|          0|
    |ap_done_reg                       |   1|   0|    1|          0|
    |ap_enable_reg_pp0_iter1           |   1|   0|    1|          0|
    |ap_enable_reg_pp0_iter2           |   1|   0|    1|          0|
    |ap_enable_reg_pp0_iter3           |   1|   0|    1|          0|
    |ap_loop_exit_ready_pp0_iter1_reg  |   1|   0|    1|          0|
    |ap_loop_exit_ready_pp0_iter2_reg  |   1|   0|    1|          0|
    |n_1_reg_3933                      |   4|   0|    4|          0|
    |n_fu_158                          |   4|   0|    4|          0|
    |n_1_reg_3933                      |  64|  32|    4|          0|
    +----------------------------------+----+----+-----+-----------+
    |Total                             | 118|  32|   58|          0|
    +----------------------------------+----+----+-----+-----------+



================================================================
== Interface
================================================================
* Summary: 
+--------------------+-----+-----+------------+-------------------------------+--------------+
|      RTL Ports     | Dir | Bits|  Protocol  |         Source Object         |    C Type    |
+--------------------+-----+-----+------------+-------------------------------+--------------+
|ap_clk              |   in|    1|  ap_ctrl_hs|  bnn_Pipeline_VITIS_LOOP_129_3|  return value|
|ap_rst              |   in|    1|  ap_ctrl_hs|  bnn_Pipeline_VITIS_LOOP_129_3|  return value|
|ap_start            |   in|    1|  ap_ctrl_hs|  bnn_Pipeline_VITIS_LOOP_129_3|  return value|
|ap_done             |  out|    1|  ap_ctrl_hs|  bnn_Pipeline_VITIS_LOOP_129_3|  return value|
|ap_idle             |  out|    1|  ap_ctrl_hs|  bnn_Pipeline_VITIS_LOOP_129_3|  return value|
|ap_ready            |  out|    1|  ap_ctrl_hs|  bnn_Pipeline_VITIS_LOOP_129_3|  return value|
|l2_packed_reload    |   in|   16|     ap_none|               l2_packed_reload|        scalar|
|empty_11            |   in|    1|     ap_none|                       empty_11|        scalar|
|l2_packed_1_reload  |   in|   16|     ap_none|             l2_packed_1_reload|        scalar|
|empty_12            |   in|    1|     ap_none|                       empty_12|        scalar|
|l2_packed_2_reload  |   in|   16|     ap_none|             l2_packed_2_reload|        scalar|
|empty_13            |   in|    1|     ap_none|                       empty_13|        scalar|
|l2_packed_3_reload  |   in|   16|     ap_none|             l2_packed_3_reload|        scalar|
|empty               |   in|    1|     ap_none|                          empty|        scalar|
|ys_address0         |  out|    4|   ap_memory|                             ys|         array|
|ys_ce0              |  out|    1|   ap_memory|                             ys|         array|
|ys_we0              |  out|    1|   ap_memory|                             ys|         array|
|ys_d0               |  out|   32|   ap_memory|                             ys|         array|
+--------------------+-----+-----+------------+-------------------------------+--------------+

