

================================================================
== Vitis HLS Report for 'bnn_Pipeline_VITIS_LOOP_108_2_VITIS_LOOP_50_1'
================================================================
* Date:           Mon Dec  8 16:26:35 2025

* Version:        2024.2 (Build 5238294 on Nov  8 2024)
* Project:        bnn.comp
* Solution:       hls (Vivado IP Flow Target)
* Product family: zynq
* Target device:  xc7z020-clg400-1


================================================================
== Performance Estimates
================================================================
+ Timing: 
    * Summary: 
    +--------+----------+----------+------------+
    |  Clock |  Target  | Estimated| Uncertainty|
    +--------+----------+----------+------------+
    |ap_clk  |  10.00 ns|  6.888 ns|     2.70 ns|
    +--------+----------+----------+------------+

+ Latency: 
    * Summary: 
    +---------+---------+----------+----------+-----+-----+------------------------------------------------+
    |  Latency (cycles) |  Latency (absolute) |  Interval |                    Pipeline                    |
    |   min   |   max   |    min   |    max   | min | max |                      Type                      |
    +---------+---------+----------+----------+-----+-----+------------------------------------------------+
    |      518|      518|  5.180 us|  5.180 us|  513|  513|  loop auto-rewind stp (delay=0 clock cycles(s))|
    +---------+---------+----------+----------+-----+-----+------------------------------------------------+

    + Detail: 
        * Instance: 
        N/A

        * Loop: 
        +------------------------------------+---------+---------+----------+-----------+-----------+------+----------+
        |                                    |  Latency (cycles) | Iteration|  Initiation Interval  | Trip |          |
        |              Loop Name             |   min   |   max   |  Latency |  achieved |   target  | Count| Pipelined|
        +------------------------------------+---------+---------+----------+-----------+-----------+------+----------+
        |- VITIS_LOOP_108_2_VITIS_LOOP_50_1  |      516|      516|         6|          1|          1|   512|       yes|
        +------------------------------------+---------+---------+----------+-----------+-----------+------+----------+



================================================================
== Utilization Estimates
================================================================
* Summary: 
+-----------------+---------+-----+--------+-------+-----+
|       Name      | BRAM_18K| DSP |   FF   |  LUT  | URAM|
+-----------------+---------+-----+--------+-------+-----+
|DSP              |        -|    -|       -|      -|    -|
|Expression       |        -|    -|       0|    488|    -|
|FIFO             |        -|    -|       -|      -|    -|
|Instance         |        -|    -|       -|      -|    -|
|Memory           |        1|    -|       0|      0|    -|
|Multiplexer      |        -|    -|       0|     63|    -|
|Register         |        -|    -|     334|    128|    -|
+-----------------+---------+-----+--------+-------+-----+
|Total            |        1|    0|     334|    679|    0|
+-----------------+---------+-----+--------+-------+-----+
|Available        |      280|  220|  106400|  53200|    0|
+-----------------+---------+-----+--------+-------+-----+
|Utilization (%)  |       ~0|    0|      ~0|      1|    0|
+-----------------+---------+-----+--------+-------+-----+

+ Detail: 
    * Instance: 
    N/A

    * DSP: 
    N/A

    * Memory: 
    +-------+--------------------------------------------------------------+---------+---+----+-----+------+-----+------+-------------+
    | Memory|                            Module                            | BRAM_18K| FF| LUT| URAM| Words| Bits| Banks| W*Bits*Banks|
    +-------+--------------------------------------------------------------+---------+---+----+-----+------+-----+------+-------------+
    |w2_U   |bnn_Pipeline_VITIS_LOOP_108_2_VITIS_LOOP_50_1_w2_ROM_AUTO_1R  |        1|  0|   0|    0|   512|   16|     1|         8192|
    +-------+--------------------------------------------------------------+---------+---+----+-----+------+-----+------+-------------+
    |Total  |                                                              |        1|  0|   0|    0|   512|   16|     1|         8192|
    +-------+--------------------------------------------------------------+---------+---+----+-----+------+-----+------+-------------+

    * FIFO: 
    N/A

    * Expression: 
    +---------------------------+----------+----+---+----+------------+------------+
    |       Variable Name       | Operation| DSP| FF| LUT| Bitwidth P0| Bitwidth P1|
    +---------------------------+----------+----+---+----+------------+------------+
    |add_ln108_1_fu_384_p2      |         +|   0|  0|  14|           7|           1|
    |add_ln108_fu_353_p2        |         +|   0|  0|  13|          10|           1|
    |add_ln50_fu_406_p2         |         +|   0|  0|  13|           4|           1|
    |add_ln53_fu_452_p2         |         +|   0|  0|  14|           9|           9|
    |add_ln56_16_fu_1209_p2     |         +|   0|  0|  10|           2|           2|
    |add_ln56_17_fu_1219_p2     |         +|   0|  0|  11|           3|           3|
    |add_ln56_18_fu_1225_p2     |         +|   0|  0|  10|           2|           2|
    |add_ln56_19_fu_1235_p2     |         +|   0|  0|  10|           2|           2|
    |add_ln56_20_fu_1245_p2     |         +|   0|  0|  11|           3|           3|
    |add_ln56_21_fu_1319_p2     |         +|   0|  0|  13|           4|           4|
    |add_ln56_22_fu_1251_p2     |         +|   0|  0|  10|           2|           2|
    |add_ln56_23_fu_1261_p2     |         +|   0|  0|  10|           2|           2|
    |add_ln56_24_fu_1271_p2     |         +|   0|  0|  11|           3|           3|
    |add_ln56_25_fu_1277_p2     |         +|   0|  0|  10|           2|           2|
    |add_ln56_26_fu_1287_p2     |         +|   0|  0|  10|           2|           2|
    |add_ln56_27_fu_1297_p2     |         +|   0|  0|  11|           3|           3|
    |add_ln56_28_fu_1335_p2     |         +|   0|  0|  13|           4|           4|
    |add_ln56_29_fu_1345_p2     |         +|   0|  0|  13|           5|           5|
    |add_ln56_fu_1199_p2        |         +|   0|  0|  10|           2|           2|
    |dot_fu_1384_p2             |         +|   0|  0|  14|           9|           9|
    |same_2_fu_1355_p2          |         +|   0|  0|  15|           8|           8|
    |icmp_ln108_fu_347_p2       |      icmp|   0|  0|  12|          10|          11|
    |icmp_ln115_fu_1390_p2      |      icmp|   0|  0|  14|           9|           1|
    |icmp_ln50_2_fu_412_p2      |      icmp|   0|  0|  13|           4|           5|
    |icmp_ln50_fu_370_p2        |      icmp|   0|  0|  13|           4|           5|
    |select_ln108_1_fu_1306_p3  |    select|   0|  0|   8|           1|           1|
    |select_ln108_2_fu_390_p3   |    select|   0|  0|   7|           1|           7|
    |select_ln108_fu_376_p3     |    select|   0|  0|   4|           1|           1|
    |ap_enable_pp0              |       xor|   0|  0|   2|           1|           2|
    |xnor_fu_919_p2             |       xor|   0|  0|  16|          16|          16|
    |xor_ln11_15_fu_931_p2      |       xor|   0|  0|  15|          15|          15|
    |xor_ln11_16_fu_937_p2      |       xor|   0|  0|  14|          14|          14|
    |xor_ln11_17_fu_943_p2      |       xor|   0|  0|  13|          13|          13|
    |xor_ln11_18_fu_949_p2      |       xor|   0|  0|  12|          12|          12|
    |xor_ln11_19_fu_955_p2      |       xor|   0|  0|  11|          11|          11|
    |xor_ln11_20_fu_961_p2      |       xor|   0|  0|  10|          10|          10|
    |xor_ln11_21_fu_967_p2      |       xor|   0|  0|   9|           9|           9|
    |xor_ln11_22_fu_973_p2      |       xor|   0|  0|   8|           8|           8|
    |xor_ln11_23_fu_979_p2      |       xor|   0|  0|   7|           7|           7|
    |xor_ln11_24_fu_985_p2      |       xor|   0|  0|   6|           6|           6|
    |xor_ln11_25_fu_991_p2      |       xor|   0|  0|   5|           5|           5|
    |xor_ln11_26_fu_997_p2      |       xor|   0|  0|   4|           4|           4|
    |xor_ln11_27_fu_1003_p2     |       xor|   0|  0|   3|           3|           3|
    |xor_ln11_28_fu_1009_p2     |       xor|   0|  0|   2|           2|           2|
    |xor_ln11_fu_925_p2         |       xor|   0|  0|   2|           1|           1|
    |xor_ln55_111_fu_475_p2     |       xor|   0|  0|   2|           1|           2|
    |xor_ln55_112_fu_501_p2     |       xor|   0|  0|   2|           1|           2|
    |xor_ln55_113_fu_527_p2     |       xor|   0|  0|   2|           1|           2|
    |xor_ln55_114_fu_557_p2     |       xor|   0|  0|   2|           1|           2|
    |xor_ln55_115_fu_587_p2     |       xor|   0|  0|   2|           1|           2|
    |xor_ln55_116_fu_617_p2     |       xor|   0|  0|   2|           1|           2|
    |xor_ln55_117_fu_647_p2     |       xor|   0|  0|   2|           1|           2|
    |xor_ln55_118_fu_677_p2     |       xor|   0|  0|   2|           1|           2|
    |xor_ln55_119_fu_707_p2     |       xor|   0|  0|   2|           1|           2|
    |xor_ln55_120_fu_737_p2     |       xor|   0|  0|   2|           1|           2|
    |xor_ln55_121_fu_767_p2     |       xor|   0|  0|   2|           1|           2|
    |xor_ln55_122_fu_797_p2     |       xor|   0|  0|   2|           1|           2|
    |xor_ln55_123_fu_827_p2     |       xor|   0|  0|   2|           1|           2|
    |xor_ln55_124_fu_857_p2     |       xor|   0|  0|   2|           1|           2|
    |xor_ln55_125_fu_887_p2     |       xor|   0|  0|   2|           1|           2|
    |xor_ln55_32_fu_909_p2      |       xor|   0|  0|   2|           1|           2|
    +---------------------------+----------+----+---+----+------------+------------+
    |Total                      |          |   0|  0| 488|         271|         271|
    +---------------------------+----------+----+---+----+------------+------------+

    * Multiplexer: 
    +---------------------------------------+----+-----------+-----+-----------+
    |                  Name                 | LUT| Input Size| Bits| Total Bits|
    +---------------------------------------+----+-----------+-----+-----------+
    |ap_done_int                            |   9|          2|    1|          2|
    |ap_enable_reg_pp0_iter1                |   9|          2|    1|          2|
    |ap_sig_allocacmp_indvar_flatten6_load  |   9|          2|   10|         20|
    |indvar_flatten6_fu_190                 |   9|          2|   10|         20|
    |n_1_fu_186                             |   9|          2|    7|         14|
    |same_fu_178                            |   9|          2|    8|         16|
    |w_fu_182                               |   9|          2|    4|          8|
    +---------------------------------------+----+-----------+-----+-----------+
    |Total                                  |  63|         14|   41|         82|
    +---------------------------------------+----+-----------+-----+-----------+

    * Register: 
    +----------------------------------+----+----+-----+-----------+
    |               Name               | FF | LUT| Bits| Const Bits|
    +----------------------------------+----+----+-----+-----------+
    |add_ln56_17_reg_1475              |   3|   0|    3|          0|
    |add_ln56_20_reg_1480              |   3|   0|    3|          0|
    |add_ln56_24_reg_1485              |   3|   0|    3|          0|
    |add_ln56_27_reg_1490              |   3|   0|    3|          0|
    |ap_CS_fsm                         |   1|   0|    1|          0|
    |ap_done_reg                       |   1|   0|    1|          0|
    |ap_enable_reg_pp0_iter1           |   1|   0|    1|          0|
    |ap_enable_reg_pp0_iter2           |   1|   0|    1|          0|
    |ap_enable_reg_pp0_iter3           |   1|   0|    1|          0|
    |ap_enable_reg_pp0_iter4           |   1|   0|    1|          0|
    |ap_enable_reg_pp0_iter5           |   1|   0|    1|          0|
    |ap_loop_exit_ready_pp0_iter1_reg  |   1|   0|    1|          0|
    |ap_loop_exit_ready_pp0_iter2_reg  |   1|   0|    1|          0|
    |ap_loop_exit_ready_pp0_iter3_reg  |   1|   0|    1|          0|
    |ap_loop_exit_ready_pp0_iter4_reg  |   1|   0|    1|          0|
    |icmp_ln50_2_reg_1456              |   1|   0|    1|          0|
    |icmp_ln50_reg_1436                |   1|   0|    1|          0|
    |indvar_flatten6_fu_190            |  10|   0|   10|          0|
    |lshr_ln1_reg_1460                 |   3|   0|    3|          0|
    |n_1_fu_186                        |   7|   0|    7|          0|
    |same_2_reg_1495                   |   8|   0|    8|          0|
    |same_fu_178                       |   8|   0|    8|          0|
    |select_ln108_reg_1441             |   4|   0|    4|          0|
    |trunc_ln108_reg_1447              |   3|   0|    3|          0|
    |trunc_ln110_reg_1451              |   6|   0|    6|          0|
    |w_fu_182                          |   4|   0|    4|          0|
    |icmp_ln50_2_reg_1456              |  64|  32|    1|          0|
    |icmp_ln50_reg_1436                |  64|  32|    1|          0|
    |lshr_ln1_reg_1460                 |  64|  32|    3|          0|
    |trunc_ln108_reg_1447              |  64|  32|    3|          0|
    +----------------------------------+----+----+-----+-----------+
    |Total                             | 334| 128|   86|          0|
    +----------------------------------+----+----+-----+-----------+



================================================================
== Interface
================================================================
* Summary: 
+--------------------+-----+-----+------------+-----------------------------------------------+--------------+
|      RTL Ports     | Dir | Bits|  Protocol  |                 Source Object                 |    C Type    |
+--------------------+-----+-----+------------+-----------------------------------------------+--------------+
|ap_clk              |   in|    1|  ap_ctrl_hs|  bnn_Pipeline_VITIS_LOOP_108_2_VITIS_LOOP_50_1|  return value|
|ap_rst              |   in|    1|  ap_ctrl_hs|  bnn_Pipeline_VITIS_LOOP_108_2_VITIS_LOOP_50_1|  return value|
|ap_start            |   in|    1|  ap_ctrl_hs|  bnn_Pipeline_VITIS_LOOP_108_2_VITIS_LOOP_50_1|  return value|
|ap_done             |  out|    1|  ap_ctrl_hs|  bnn_Pipeline_VITIS_LOOP_108_2_VITIS_LOOP_50_1|  return value|
|ap_idle             |  out|    1|  ap_ctrl_hs|  bnn_Pipeline_VITIS_LOOP_108_2_VITIS_LOOP_50_1|  return value|
|ap_ready            |  out|    1|  ap_ctrl_hs|  bnn_Pipeline_VITIS_LOOP_108_2_VITIS_LOOP_50_1|  return value|
|l1_packed_address0  |  out|    3|   ap_memory|                                      l1_packed|         array|
|l1_packed_ce0       |  out|    1|   ap_memory|                                      l1_packed|         array|
|l1_packed_q0        |   in|   16|   ap_memory|                                      l1_packed|         array|
|l2_bits_address0    |  out|    3|   ap_memory|                                        l2_bits|         array|
|l2_bits_ce0         |  out|    1|   ap_memory|                                        l2_bits|         array|
|l2_bits_we0         |  out|    1|   ap_memory|                                        l2_bits|         array|
|l2_bits_d0          |  out|    1|   ap_memory|                                        l2_bits|         array|
|l2_bits_1_address0  |  out|    3|   ap_memory|                                      l2_bits_1|         array|
|l2_bits_1_ce0       |  out|    1|   ap_memory|                                      l2_bits_1|         array|
|l2_bits_1_we0       |  out|    1|   ap_memory|                                      l2_bits_1|         array|
|l2_bits_1_d0        |  out|    1|   ap_memory|                                      l2_bits_1|         array|
|l2_bits_2_address0  |  out|    3|   ap_memory|                                      l2_bits_2|         array|
|l2_bits_2_ce0       |  out|    1|   ap_memory|                                      l2_bits_2|         array|
|l2_bits_2_we0       |  out|    1|   ap_memory|                                      l2_bits_2|         array|
|l2_bits_2_d0        |  out|    1|   ap_memory|                                      l2_bits_2|         array|
|l2_bits_3_address0  |  out|    3|   ap_memory|                                      l2_bits_3|         array|
|l2_bits_3_ce0       |  out|    1|   ap_memory|                                      l2_bits_3|         array|
|l2_bits_3_we0       |  out|    1|   ap_memory|                                      l2_bits_3|         array|
|l2_bits_3_d0        |  out|    1|   ap_memory|                                      l2_bits_3|         array|
|l2_bits_4_address0  |  out|    3|   ap_memory|                                      l2_bits_4|         array|
|l2_bits_4_ce0       |  out|    1|   ap_memory|                                      l2_bits_4|         array|
|l2_bits_4_we0       |  out|    1|   ap_memory|                                      l2_bits_4|         array|
|l2_bits_4_d0        |  out|    1|   ap_memory|                                      l2_bits_4|         array|
|l2_bits_5_address0  |  out|    3|   ap_memory|                                      l2_bits_5|         array|
|l2_bits_5_ce0       |  out|    1|   ap_memory|                                      l2_bits_5|         array|
|l2_bits_5_we0       |  out|    1|   ap_memory|                                      l2_bits_5|         array|
|l2_bits_5_d0        |  out|    1|   ap_memory|                                      l2_bits_5|         array|
|l2_bits_6_address0  |  out|    3|   ap_memory|                                      l2_bits_6|         array|
|l2_bits_6_ce0       |  out|    1|   ap_memory|                                      l2_bits_6|         array|
|l2_bits_6_we0       |  out|    1|   ap_memory|                                      l2_bits_6|         array|
|l2_bits_6_d0        |  out|    1|   ap_memory|                                      l2_bits_6|         array|
|l2_bits_7_address0  |  out|    3|   ap_memory|                                      l2_bits_7|         array|
|l2_bits_7_ce0       |  out|    1|   ap_memory|                                      l2_bits_7|         array|
|l2_bits_7_we0       |  out|    1|   ap_memory|                                      l2_bits_7|         array|
|l2_bits_7_d0        |  out|    1|   ap_memory|                                      l2_bits_7|         array|
+--------------------+-----+-----+------------+-----------------------------------------------+--------------+

