

================================================================
== Vitis HLS Report for 'bnn_Pipeline_VITIS_LOOP_24_1'
================================================================
* Date:           Mon Dec  8 16:26:34 2025

* Version:        2024.2 (Build 5238294 on Nov  8 2024)
* Project:        bnn.comp
* Solution:       hls (Vivado IP Flow Target)
* Product family: zynq
* Target device:  xc7z020-clg400-1


================================================================
== Performance Estimates
================================================================
+ Timing: 
    * Summary: 
    +--------+----------+----------+------------+
    |  Clock |  Target  | Estimated| Uncertainty|
    +--------+----------+----------+------------+
    |ap_clk  |  10.00 ns|  6.904 ns|     2.70 ns|
    +--------+----------+----------+------------+

+ Latency: 
    * Summary: 
    +---------+---------+----------+----------+-----+-----+------------------------------------------------+
    |  Latency (cycles) |  Latency (absolute) |  Interval |                    Pipeline                    |
    |   min   |   max   |    min   |    max   | min | max |                      Type                      |
    +---------+---------+----------+----------+-----+-----+------------------------------------------------+
    |       12|       12|  0.120 us|  0.120 us|    9|    9|  loop auto-rewind stp (delay=0 clock cycles(s))|
    +---------+---------+----------+----------+-----+-----+------------------------------------------------+

    + Detail: 
        * Instance: 
        N/A

        * Loop: 
        +-------------------+---------+---------+----------+-----------+-----------+------+----------+
        |                   |  Latency (cycles) | Iteration|  Initiation Interval  | Trip |          |
        |     Loop Name     |   min   |   max   |  Latency |  achieved |   target  | Count| Pipelined|
        +-------------------+---------+---------+----------+-----------+-----------+------+----------+
        |- VITIS_LOOP_24_1  |       10|       10|         4|          1|          1|     8|       yes|
        +-------------------+---------+---------+----------+-----------+-----------+------+----------+



================================================================
== Utilization Estimates
================================================================
* Summary: 
+-----------------+---------+-----+--------+-------+-----+
|       Name      | BRAM_18K| DSP |   FF   |  LUT  | URAM|
+-----------------+---------+-----+--------+-------+-----+
|DSP              |        -|    -|       -|      -|    -|
|Expression       |        -|    -|       0|    163|    -|
|FIFO             |        -|    -|       -|      -|    -|
|Instance         |        -|    -|       -|      -|    -|
|Memory           |        -|    -|       -|      -|    -|
|Multiplexer      |        -|    -|       0|     36|    -|
|Register         |        -|    -|     105|     32|    -|
+-----------------+---------+-----+--------+-------+-----+
|Total            |        0|    0|     105|    231|    0|
+-----------------+---------+-----+--------+-------+-----+
|Available        |      280|  220|  106400|  53200|    0|
+-----------------+---------+-----+--------+-------+-----+
|Utilization (%)  |        0|    0|      ~0|     ~0|    0|
+-----------------+---------+-----+--------+-------+-----+

+ Detail: 
    * Instance: 
    N/A

    * DSP: 
    N/A

    * Memory: 
    N/A

    * FIFO: 
    N/A

    * Expression: 
    +--------------------------+----------+----+---+----+------------+------------+
    |       Variable Name      | Operation| DSP| FF| LUT| Bitwidth P0| Bitwidth P1|
    +--------------------------+----------+----+---+----+------------+------------+
    |add_ln24_fu_309_p2        |         +|   0|  0|  13|           4|           1|
    |icmp_ln24_fu_303_p2       |      icmp|   0|  0|  13|           4|           5|
    |select_ln31_10_fu_609_p3  |    select|   0|  0|  12|           1|          12|
    |select_ln31_11_fu_632_p3  |    select|   0|  0|  13|           1|          13|
    |select_ln31_12_fu_655_p3  |    select|   0|  0|  14|           1|          14|
    |select_ln31_13_fu_679_p3  |    select|   0|  0|  15|           1|          15|
    |select_ln31_1_fu_379_p3   |    select|   0|  0|   3|           1|           3|
    |select_ln31_2_fu_403_p3   |    select|   0|  0|   4|           1|           4|
    |select_ln31_3_fu_442_p3   |    select|   0|  0|   5|           1|           5|
    |select_ln31_4_fu_465_p3   |    select|   0|  0|   6|           1|           6|
    |select_ln31_5_fu_488_p3   |    select|   0|  0|   7|           1|           7|
    |select_ln31_6_fu_512_p3   |    select|   0|  0|   8|           1|           8|
    |select_ln31_7_fu_536_p3   |    select|   0|  0|   9|           1|           9|
    |select_ln31_8_fu_560_p3   |    select|   0|  0|  10|           1|          10|
    |select_ln31_9_fu_586_p3   |    select|   0|  0|  11|           1|          11|
    |select_ln31_fu_355_p3     |    select|   0|  0|   2|           1|           2|
    |word_24_fu_703_p3         |    select|   0|  0|  16|           1|          16|
    |ap_enable_pp0             |       xor|   0|  0|   2|           1|           2|
    +--------------------------+----------+----+---+----+------------+------------+
    |Total                     |          |   0|  0| 163|          24|         143|
    +--------------------------+----------+----+---+----+------------+------------+

    * Multiplexer: 
    +-------------------------+----+-----------+-----+-----------+
    |           Name          | LUT| Input Size| Bits| Total Bits|
    +-------------------------+----+-----------+-----+-----------+
    |ap_done_int              |   9|          2|    1|          2|
    |ap_enable_reg_pp0_iter1  |   9|          2|    1|          2|
    |ap_sig_allocacmp_w_2     |   9|          2|    4|          8|
    |w_fu_78                  |   9|          2|    4|          8|
    +-------------------------+----+-----------+-----+-----------+
    |Total                    |  36|          8|   10|         20|
    +-------------------------+----+-----------+-----+-----------+

    * Register: 
    +----------------------------------+----+----+-----+-----------+
    |               Name               | FF | LUT| Bits| Const Bits|
    +----------------------------------+----+----+-----+-----------+
    |ap_CS_fsm                         |   1|   0|    1|          0|
    |ap_done_reg                       |   1|   0|    1|          0|
    |ap_enable_reg_pp0_iter1           |   1|   0|    1|          0|
    |ap_enable_reg_pp0_iter2           |   1|   0|    1|          0|
    |ap_enable_reg_pp0_iter3           |   1|   0|    1|          0|
    |ap_loop_exit_ready_pp0_iter1_reg  |   1|   0|    1|          0|
    |ap_loop_exit_ready_pp0_iter2_reg  |   1|   0|    1|          0|
    |l1_bits_2_load_1_reg_829          |   1|   0|    1|          0|
    |l1_bits_3_load_1_reg_834          |   1|   0|    1|          0|
    |l1_bits_4_load_1_reg_839          |   1|   0|    1|          0|
    |l1_bits_4_load_reg_771            |   1|   0|    1|          0|
    |l1_bits_5_load_reg_776            |   1|   0|    1|          0|
    |select_ln31_2_reg_765             |   4|   0|    4|          0|
    |select_ln31_8_reg_823             |  10|   0|   10|          0|
    |w_2_reg_719                       |   4|   0|    4|          0|
    |w_fu_78                           |   4|   0|    4|          0|
    |zext_ln30_reg_791                 |   3|   0|   64|         61|
    |zext_ln31_reg_729                 |   4|   0|   64|         60|
    |w_2_reg_719                       |  64|  32|    4|          0|
    +----------------------------------+----+----+-----+-----------+
    |Total                             | 105|  32|  166|        121|
    +----------------------------------+----+----+-----+-----------+



================================================================
== Interface
================================================================
* Summary: 
+--------------------+-----+-----+------------+------------------------------+--------------+
|      RTL Ports     | Dir | Bits|  Protocol  |         Source Object        |    C Type    |
+--------------------+-----+-----+------------+------------------------------+--------------+
|ap_clk              |   in|    1|  ap_ctrl_hs|  bnn_Pipeline_VITIS_LOOP_24_1|  return value|
|ap_rst              |   in|    1|  ap_ctrl_hs|  bnn_Pipeline_VITIS_LOOP_24_1|  return value|
|ap_start            |   in|    1|  ap_ctrl_hs|  bnn_Pipeline_VITIS_LOOP_24_1|  return value|
|ap_done             |  out|    1|  ap_ctrl_hs|  bnn_Pipeline_VITIS_LOOP_24_1|  return value|
|ap_idle             |  out|    1|  ap_ctrl_hs|  bnn_Pipeline_VITIS_LOOP_24_1|  return value|
|ap_ready            |  out|    1|  ap_ctrl_hs|  bnn_Pipeline_VITIS_LOOP_24_1|  return value|
|l1_bits_address0    |  out|    4|   ap_memory|                       l1_bits|         array|
|l1_bits_ce0         |  out|    1|   ap_memory|                       l1_bits|         array|
|l1_bits_q0          |   in|    1|   ap_memory|                       l1_bits|         array|
|l1_bits_address1    |  out|    4|   ap_memory|                       l1_bits|         array|
|l1_bits_ce1         |  out|    1|   ap_memory|                       l1_bits|         array|
|l1_bits_q1          |   in|    1|   ap_memory|                       l1_bits|         array|
|l1_bits_1_address0  |  out|    4|   ap_memory|                     l1_bits_1|         array|
|l1_bits_1_ce0       |  out|    1|   ap_memory|                     l1_bits_1|         array|
|l1_bits_1_q0        |   in|    1|   ap_memory|                     l1_bits_1|         array|
|l1_bits_1_address1  |  out|    4|   ap_memory|                     l1_bits_1|         array|
|l1_bits_1_ce1       |  out|    1|   ap_memory|                     l1_bits_1|         array|
|l1_bits_1_q1        |   in|    1|   ap_memory|                     l1_bits_1|         array|
|l1_bits_2_address0  |  out|    4|   ap_memory|                     l1_bits_2|         array|
|l1_bits_2_ce0       |  out|    1|   ap_memory|                     l1_bits_2|         array|
|l1_bits_2_q0        |   in|    1|   ap_memory|                     l1_bits_2|         array|
|l1_bits_2_address1  |  out|    4|   ap_memory|                     l1_bits_2|         array|
|l1_bits_2_ce1       |  out|    1|   ap_memory|                     l1_bits_2|         array|
|l1_bits_2_q1        |   in|    1|   ap_memory|                     l1_bits_2|         array|
|l1_bits_3_address0  |  out|    4|   ap_memory|                     l1_bits_3|         array|
|l1_bits_3_ce0       |  out|    1|   ap_memory|                     l1_bits_3|         array|
|l1_bits_3_q0        |   in|    1|   ap_memory|                     l1_bits_3|         array|
|l1_bits_3_address1  |  out|    4|   ap_memory|                     l1_bits_3|         array|
|l1_bits_3_ce1       |  out|    1|   ap_memory|                     l1_bits_3|         array|
|l1_bits_3_q1        |   in|    1|   ap_memory|                     l1_bits_3|         array|
|l1_bits_4_address0  |  out|    4|   ap_memory|                     l1_bits_4|         array|
|l1_bits_4_ce0       |  out|    1|   ap_memory|                     l1_bits_4|         array|
|l1_bits_4_q0        |   in|    1|   ap_memory|                     l1_bits_4|         array|
|l1_bits_4_address1  |  out|    4|   ap_memory|                     l1_bits_4|         array|
|l1_bits_4_ce1       |  out|    1|   ap_memory|                     l1_bits_4|         array|
|l1_bits_4_q1        |   in|    1|   ap_memory|                     l1_bits_4|         array|
|l1_bits_5_address0  |  out|    4|   ap_memory|                     l1_bits_5|         array|
|l1_bits_5_ce0       |  out|    1|   ap_memory|                     l1_bits_5|         array|
|l1_bits_5_q0        |   in|    1|   ap_memory|                     l1_bits_5|         array|
|l1_bits_5_address1  |  out|    4|   ap_memory|                     l1_bits_5|         array|
|l1_bits_5_ce1       |  out|    1|   ap_memory|                     l1_bits_5|         array|
|l1_bits_5_q1        |   in|    1|   ap_memory|                     l1_bits_5|         array|
|l1_bits_6_address0  |  out|    4|   ap_memory|                     l1_bits_6|         array|
|l1_bits_6_ce0       |  out|    1|   ap_memory|                     l1_bits_6|         array|
|l1_bits_6_q0        |   in|    1|   ap_memory|                     l1_bits_6|         array|
|l1_bits_6_address1  |  out|    4|   ap_memory|                     l1_bits_6|         array|
|l1_bits_6_ce1       |  out|    1|   ap_memory|                     l1_bits_6|         array|
|l1_bits_6_q1        |   in|    1|   ap_memory|                     l1_bits_6|         array|
|l1_bits_7_address0  |  out|    4|   ap_memory|                     l1_bits_7|         array|
|l1_bits_7_ce0       |  out|    1|   ap_memory|                     l1_bits_7|         array|
|l1_bits_7_q0        |   in|    1|   ap_memory|                     l1_bits_7|         array|
|l1_bits_7_address1  |  out|    4|   ap_memory|                     l1_bits_7|         array|
|l1_bits_7_ce1       |  out|    1|   ap_memory|                     l1_bits_7|         array|
|l1_bits_7_q1        |   in|    1|   ap_memory|                     l1_bits_7|         array|
|l1_packed_address0  |  out|    3|   ap_memory|                     l1_packed|         array|
|l1_packed_ce0       |  out|    1|   ap_memory|                     l1_packed|         array|
|l1_packed_we0       |  out|    1|   ap_memory|                     l1_packed|         array|
|l1_packed_d0        |  out|   16|   ap_memory|                     l1_packed|         array|
+--------------------+-----+-----+------------+------------------------------+--------------+

