

================================================================
== Vitis HLS Report for 'bnn'
================================================================
* Date:           Mon Dec  8 16:26:36 2025

* Version:        2024.2 (Build 5238294 on Nov  8 2024)
* Project:        bnn.comp
* Solution:       hls (Vivado IP Flow Target)
* Product family: zynq
* Target device:  xc7z020-clg400-1


================================================================
== Performance Estimates
================================================================
+ Timing: 
    * Summary: 
    +--------+----------+----------+------------+
    |  Clock |  Target  | Estimated| Uncertainty|
    +--------+----------+----------+------------+
    |ap_clk  |  10.00 ns|  7.251 ns|     2.70 ns|
    +--------+----------+----------+------------+

+ Latency: 
    * Summary: 
    +---------+---------+-----------+-----------+------+------+---------+
    |  Latency (cycles) |   Latency (absolute)  |   Interval  | Pipeline|
    |   min   |   max   |    min    |    max    |  min |  max |   Type  |
    +---------+---------+-----------+-----------+------+------+---------+
    |     6841|     6841|  68.410 us|  68.410 us|  6842|  6842|       no|
    +---------+---------+-----------+-----------+------+------+---------+

    + Detail: 
        * Instance: 
        +----------------------------------------------------------+-----------------------------------------------+---------+---------+-----------+-----------+------+------+------------------------------------------------+
        |                                                          |                                               |  Latency (cycles) |   Latency (absolute)  |   Interval  |                    Pipeline                    |
        |                         Instance                         |                     Module                    |   min   |   max   |    min    |    max    |  min |  max |                      Type                      |
        +----------------------------------------------------------+-----------------------------------------------+---------+---------+-----------+-----------+------+------+------------------------------------------------+
        |grp_bnn_Pipeline_VITIS_LOOP_82_1_VITIS_LOOP_50_1_fu_124   |bnn_Pipeline_VITIS_LOOP_82_1_VITIS_LOOP_50_1   |     6280|     6280|  62.800 us|  62.800 us|  6273|  6273|  loop auto-rewind stp (delay=0 clock cycles(s))|
        |grp_bnn_Pipeline_VITIS_LOOP_24_1_fu_148                   |bnn_Pipeline_VITIS_LOOP_24_1                   |       12|       12|   0.120 us|   0.120 us|     9|     9|  loop auto-rewind stp (delay=0 clock cycles(s))|
        |grp_bnn_Pipeline_VITIS_LOOP_108_2_VITIS_LOOP_50_1_fu_161  |bnn_Pipeline_VITIS_LOOP_108_2_VITIS_LOOP_50_1  |      518|      518|   5.180 us|   5.180 us|   513|   513|  loop auto-rewind stp (delay=0 clock cycles(s))|
        |grp_bnn_Pipeline_VITIS_LOOP_24_11_fu_176                  |bnn_Pipeline_VITIS_LOOP_24_11                  |        8|        8|  80.000 ns|  80.000 ns|     5|     5|  loop auto-rewind stp (delay=0 clock cycles(s))|
        |grp_bnn_Pipeline_VITIS_LOOP_129_3_fu_192                  |bnn_Pipeline_VITIS_LOOP_129_3                  |       14|       14|   0.140 us|   0.140 us|    11|    11|  loop auto-rewind stp (delay=0 clock cycles(s))|
        +----------------------------------------------------------+-----------------------------------------------+---------+---------+-----------+-----------+------+------+------------------------------------------------+

        * Loop: 
        N/A



================================================================
== Utilization Estimates
================================================================
* Summary: 
+-----------------+---------+-----+--------+-------+-----+
|       Name      | BRAM_18K| DSP |   FF   |  LUT  | URAM|
+-----------------+---------+-----+--------+-------+-----+
|DSP              |        -|    -|       -|      -|    -|
|Expression       |        -|    -|       -|      -|    -|
|FIFO             |        -|    -|       -|      -|    -|
|Instance         |        9|    1|    1190|   3333|    -|
|Memory           |        0|    -|      48|     18|    0|
|Multiplexer      |        -|    -|       0|    832|    -|
|Register         |        -|    -|      19|      -|    -|
+-----------------+---------+-----+--------+-------+-----+
|Total            |        9|    1|    1257|   4183|    0|
+-----------------+---------+-----+--------+-------+-----+
|Available        |      280|  220|  106400|  53200|    0|
+-----------------+---------+-----+--------+-------+-----+
|Utilization (%)  |        3|   ~0|       1|      7|    0|
+-----------------+---------+-----+--------+-------+-----+

+ Detail: 
    * Instance: 
    +----------------------------------------------------------+-----------------------------------------------+---------+----+-----+------+-----+
    |                         Instance                         |                     Module                    | BRAM_18K| DSP|  FF |  LUT | URAM|
    +----------------------------------------------------------+-----------------------------------------------+---------+----+-----+------+-----+
    |grp_bnn_Pipeline_VITIS_LOOP_108_2_VITIS_LOOP_50_1_fu_161  |bnn_Pipeline_VITIS_LOOP_108_2_VITIS_LOOP_50_1  |        1|   0|  334|   679|    0|
    |grp_bnn_Pipeline_VITIS_LOOP_129_3_fu_192                  |bnn_Pipeline_VITIS_LOOP_129_3                  |        0|   0|  182|  1491|    0|
    |grp_bnn_Pipeline_VITIS_LOOP_24_1_fu_148                   |bnn_Pipeline_VITIS_LOOP_24_1                   |        0|   0|  105|   231|    0|
    |grp_bnn_Pipeline_VITIS_LOOP_24_11_fu_176                  |bnn_Pipeline_VITIS_LOOP_24_11                  |        0|   0|  160|   229|    0|
    |grp_bnn_Pipeline_VITIS_LOOP_82_1_VITIS_LOOP_50_1_fu_124   |bnn_Pipeline_VITIS_LOOP_82_1_VITIS_LOOP_50_1   |        8|   1|  409|   703|    0|
    +----------------------------------------------------------+-----------------------------------------------+---------+----+-----+------+-----+
    |Total                                                     |                                               |        9|   1| 1190|  3333|    0|
    +----------------------------------------------------------+-----------------------------------------------+---------+----+-----+------+-----+

    * DSP: 
    N/A

    * Memory: 
    +-------------+-------------------------+---------+----+----+-----+------+-----+------+-------------+
    |    Memory   |          Module         | BRAM_18K| FF | LUT| URAM| Words| Bits| Banks| W*Bits*Banks|
    +-------------+-------------------------+---------+----+----+-----+------+-----+------+-------------+
    |l1_bits_U    |l1_bits_RAM_AUTO_1R1W    |        0|   2|   1|    0|    16|    1|     1|           16|
    |l1_bits_1_U  |l1_bits_RAM_AUTO_1R1W    |        0|   2|   1|    0|    16|    1|     1|           16|
    |l1_bits_2_U  |l1_bits_RAM_AUTO_1R1W    |        0|   2|   1|    0|    16|    1|     1|           16|
    |l1_bits_3_U  |l1_bits_RAM_AUTO_1R1W    |        0|   2|   1|    0|    16|    1|     1|           16|
    |l1_bits_4_U  |l1_bits_RAM_AUTO_1R1W    |        0|   2|   1|    0|    16|    1|     1|           16|
    |l1_bits_5_U  |l1_bits_RAM_AUTO_1R1W    |        0|   2|   1|    0|    16|    1|     1|           16|
    |l1_bits_6_U  |l1_bits_RAM_AUTO_1R1W    |        0|   2|   1|    0|    16|    1|     1|           16|
    |l1_bits_7_U  |l1_bits_RAM_AUTO_1R1W    |        0|   2|   1|    0|    16|    1|     1|           16|
    |l1_packed_U  |l1_packed_RAM_AUTO_1R1W  |        0|  16|   2|    0|     8|   16|     1|          128|
    |l2_bits_U    |l2_bits_RAM_AUTO_1R1W    |        0|   2|   1|    0|     8|    1|     1|            8|
    |l2_bits_1_U  |l2_bits_RAM_AUTO_1R1W    |        0|   2|   1|    0|     8|    1|     1|            8|
    |l2_bits_2_U  |l2_bits_RAM_AUTO_1R1W    |        0|   2|   1|    0|     8|    1|     1|            8|
    |l2_bits_3_U  |l2_bits_RAM_AUTO_1R1W    |        0|   2|   1|    0|     8|    1|     1|            8|
    |l2_bits_4_U  |l2_bits_RAM_AUTO_1R1W    |        0|   2|   1|    0|     8|    1|     1|            8|
    |l2_bits_5_U  |l2_bits_RAM_AUTO_1R1W    |        0|   2|   1|    0|     8|    1|     1|            8|
    |l2_bits_6_U  |l2_bits_RAM_AUTO_1R1W    |        0|   2|   1|    0|     8|    1|     1|            8|
    |l2_bits_7_U  |l2_bits_RAM_AUTO_1R1W    |        0|   2|   1|    0|     8|    1|     1|            8|
    +-------------+-------------------------+---------+----+----+-----+------+-----+------+-------------+
    |Total        |                         |        0|  48|  18|    0|   200|   32|    17|          320|
    +-------------+-------------------------+---------+----+----+-----+------+-----+------+-------------+

    * FIFO: 
    N/A

    * Expression: 
    N/A

    * Multiplexer: 
    +--------------------+----+-----------+-----+-----------+
    |        Name        | LUT| Input Size| Bits| Total Bits|
    +--------------------+----+-----------+-----+-----------+
    |ap_NS_fsm           |  59|         11|    1|         11|
    |l1_bits_1_address0  |  14|          3|    4|         12|
    |l1_bits_1_ce0       |  14|          3|    1|          3|
    |l1_bits_1_ce1       |   9|          2|    1|          2|
    |l1_bits_1_we0       |   9|          2|    1|          2|
    |l1_bits_2_address0  |  14|          3|    4|         12|
    |l1_bits_2_ce0       |  14|          3|    1|          3|
    |l1_bits_2_ce1       |   9|          2|    1|          2|
    |l1_bits_2_we0       |   9|          2|    1|          2|
    |l1_bits_3_address0  |  14|          3|    4|         12|
    |l1_bits_3_ce0       |  14|          3|    1|          3|
    |l1_bits_3_ce1       |   9|          2|    1|          2|
    |l1_bits_3_we0       |   9|          2|    1|          2|
    |l1_bits_4_address0  |  14|          3|    4|         12|
    |l1_bits_4_ce0       |  14|          3|    1|          3|
    |l1_bits_4_ce1       |   9|          2|    1|          2|
    |l1_bits_4_we0       |   9|          2|    1|          2|
    |l1_bits_5_address0  |  14|          3|    4|         12|
    |l1_bits_5_ce0       |  14|          3|    1|          3|
    |l1_bits_5_ce1       |   9|          2|    1|          2|
    |l1_bits_5_we0       |   9|          2|    1|          2|
    |l1_bits_6_address0  |  14|          3|    4|         12|
    |l1_bits_6_ce0       |  14|          3|    1|          3|
    |l1_bits_6_ce1       |   9|          2|    1|          2|
    |l1_bits_6_we0       |   9|          2|    1|          2|
    |l1_bits_7_address0  |  14|          3|    4|         12|
    |l1_bits_7_ce0       |  14|          3|    1|          3|
    |l1_bits_7_ce1       |   9|          2|    1|          2|
    |l1_bits_7_we0       |   9|          2|    1|          2|
    |l1_bits_address0    |  14|          3|    4|         12|
    |l1_bits_ce0         |  14|          3|    1|          3|
    |l1_bits_ce1         |   9|          2|    1|          2|
    |l1_bits_we0         |   9|          2|    1|          2|
    |l1_packed_address0  |  14|          3|    3|          9|
    |l1_packed_ce0       |  14|          3|    1|          3|
    |l1_packed_we0       |   9|          2|    1|          2|
    |l2_bits_1_address0  |  14|          3|    3|          9|
    |l2_bits_1_ce0       |  14|          3|    1|          3|
    |l2_bits_1_ce1       |   9|          2|    1|          2|
    |l2_bits_1_we0       |   9|          2|    1|          2|
    |l2_bits_2_address0  |  14|          3|    3|          9|
    |l2_bits_2_ce0       |  14|          3|    1|          3|
    |l2_bits_2_ce1       |   9|          2|    1|          2|
    |l2_bits_2_we0       |   9|          2|    1|          2|
    |l2_bits_3_address0  |  14|          3|    3|          9|
    |l2_bits_3_ce0       |  14|          3|    1|          3|
    |l2_bits_3_ce1       |   9|          2|    1|          2|
    |l2_bits_3_we0       |   9|          2|    1|          2|
    |l2_bits_4_address0  |  14|          3|    3|          9|
    |l2_bits_4_ce0       |  14|          3|    1|          3|
    |l2_bits_4_ce1       |   9|          2|    1|          2|
    |l2_bits_4_we0       |   9|          2|    1|          2|
    |l2_bits_5_address0  |  14|          3|    3|          9|
    |l2_bits_5_ce0       |  14|          3|    1|          3|
    |l2_bits_5_ce1       |   9|          2|    1|          2|
    |l2_bits_5_we0       |   9|          2|    1|          2|
    |l2_bits_6_address0  |  14|          3|    3|          9|
    |l2_bits_6_ce0       |  14|          3|    1|          3|
    |l2_bits_6_ce1       |   9|          2|    1|          2|
    |l2_bits_6_we0       |   9|          2|    1|          2|
    |l2_bits_7_address0  |  14|          3|    3|          9|
    |l2_bits_7_ce0       |  14|          3|    1|          3|
    |l2_bits_7_ce1       |   9|          2|    1|          2|
    |l2_bits_7_we0       |   9|          2|    1|          2|
    |l2_bits_address0    |  14|          3|    3|          9|
    |l2_bits_ce0         |  14|          3|    1|          3|
    |l2_bits_ce1         |   9|          2|    1|          2|
    |l2_bits_we0         |   9|          2|    1|          2|
    +--------------------+----+-----------+-----+-----------+
    |Total               | 832|        179|  110|        305|
    +--------------------+----+-----------+-----+-----------+

    * Register: 
    +-----------------------------------------------------------------------+----+----+-----+-----------+
    |                                  Name                                 | FF | LUT| Bits| Const Bits|
    +-----------------------------------------------------------------------+----+----+-----+-----------+
    |ap_CS_fsm                                                              |  10|   0|   10|          0|
    |grp_bnn_Pipeline_VITIS_LOOP_108_2_VITIS_LOOP_50_1_fu_161_ap_start_reg  |   1|   0|    1|          0|
    |grp_bnn_Pipeline_VITIS_LOOP_129_3_fu_192_ap_start_reg                  |   1|   0|    1|          0|
    |grp_bnn_Pipeline_VITIS_LOOP_24_11_fu_176_ap_start_reg                  |   1|   0|    1|          0|
    |grp_bnn_Pipeline_VITIS_LOOP_24_1_fu_148_ap_start_reg                   |   1|   0|    1|          0|
    |grp_bnn_Pipeline_VITIS_LOOP_82_1_VITIS_LOOP_50_1_fu_124_ap_start_reg   |   1|   0|    1|          0|
    |trunc_ln55_174_reg_287                                                 |   1|   0|    1|          0|
    |trunc_ln55_175_reg_292                                                 |   1|   0|    1|          0|
    |trunc_ln55_176_reg_297                                                 |   1|   0|    1|          0|
    |trunc_ln55_reg_282                                                     |   1|   0|    1|          0|
    +-----------------------------------------------------------------------+----+----+-----+-----------+
    |Total                                                                  |  19|   0|   19|          0|
    +-----------------------------------------------------------------------+----+----+-----+-----------+



================================================================
== Interface
================================================================
* Summary: 
+---------------+-----+-----+------------+--------------+--------------+
|   RTL Ports   | Dir | Bits|  Protocol  | Source Object|    C Type    |
+---------------+-----+-----+------------+--------------+--------------+
|ap_clk         |   in|    1|  ap_ctrl_hs|           bnn|  return value|
|ap_rst         |   in|    1|  ap_ctrl_hs|           bnn|  return value|
|ap_start       |   in|    1|  ap_ctrl_hs|           bnn|  return value|
|ap_done        |  out|    1|  ap_ctrl_hs|           bnn|  return value|
|ap_idle        |  out|    1|  ap_ctrl_hs|           bnn|  return value|
|ap_ready       |  out|    1|  ap_ctrl_hs|           bnn|  return value|
|IN_r_address0  |  out|    6|   ap_memory|          IN_r|         array|
|IN_r_ce0       |  out|    1|   ap_memory|          IN_r|         array|
|IN_r_q0        |   in|   16|   ap_memory|          IN_r|         array|
|ys_address0    |  out|    4|   ap_memory|            ys|         array|
|ys_ce0         |  out|    1|   ap_memory|            ys|         array|
|ys_we0         |  out|    1|   ap_memory|            ys|         array|
|ys_d0          |  out|   32|   ap_memory|            ys|         array|
+---------------+-----+-----+------------+--------------+--------------+

