

================================================================
== Vitis HLS Report for 'bnn_Pipeline_l3_loop'
================================================================
* Date:           Wed Dec 10 17:08:03 2025

* Version:        2024.2 (Build 5238294 on Nov  8 2024)
* Project:        bnn.comp
* Solution:       hls (Vivado IP Flow Target)
* Product family: zynq
* Target device:  xc7z020-clg400-1


================================================================
== Performance Estimates
================================================================
+ Timing: 
    * Summary: 
    +--------+----------+----------+------------+
    |  Clock |  Target  | Estimated| Uncertainty|
    +--------+----------+----------+------------+
    |ap_clk  |  10.00 ns|  6.990 ns|     2.70 ns|
    +--------+----------+----------+------------+

+ Latency: 
    * Summary: 
    +---------+---------+----------+----------+-----+-----+------------------------------------------------+
    |  Latency (cycles) |  Latency (absolute) |  Interval |                    Pipeline                    |
    |   min   |   max   |    min   |    max   | min | max |                      Type                      |
    +---------+---------+----------+----------+-----+-----+------------------------------------------------+
    |       15|       15|  0.150 us|  0.150 us|   11|   11|  loop auto-rewind stp (delay=0 clock cycles(s))|
    +---------+---------+----------+----------+-----+-----+------------------------------------------------+

    + Detail: 
        * Instance: 
        N/A

        * Loop: 
        +-----------+---------+---------+----------+-----------+-----------+------+----------+
        |           |  Latency (cycles) | Iteration|  Initiation Interval  | Trip |          |
        | Loop Name |   min   |   max   |  Latency |  achieved |   target  | Count| Pipelined|
        +-----------+---------+---------+----------+-----------+-----------+------+----------+
        |- l3_loop  |       13|       13|         5|          1|          1|    10|       yes|
        +-----------+---------+---------+----------+-----------+-----------+------+----------+



================================================================
== Utilization Estimates
================================================================
* Summary: 
+-----------------+---------+-----+--------+-------+-----+
|       Name      | BRAM_18K| DSP |   FF   |  LUT  | URAM|
+-----------------+---------+-----+--------+-------+-----+
|DSP              |        -|    -|       -|      -|    -|
|Expression       |        -|    -|       0|    865|    -|
|FIFO             |        -|    -|       -|      -|    -|
|Instance         |        -|    -|       -|      -|    -|
|Memory           |        0|    -|      64|     10|    -|
|Multiplexer      |        -|    -|       0|     36|    -|
|Register         |        -|    -|     136|     32|    -|
+-----------------+---------+-----+--------+-------+-----+
|Total            |        0|    0|     200|    943|    0|
+-----------------+---------+-----+--------+-------+-----+
|Available        |      280|  220|  106400|  53200|    0|
+-----------------+---------+-----+--------+-------+-----+
|Utilization (%)  |        0|    0|      ~0|      1|    0|
+-----------------+---------+-----+--------+-------+-----+

+ Detail: 
    * Instance: 
    N/A

    * DSP: 
    N/A

    * Memory: 
    +-------+-------------------------------------+---------+----+----+-----+------+-----+------+-------------+
    | Memory|                Module               | BRAM_18K| FF | LUT| URAM| Words| Bits| Banks| W*Bits*Banks|
    +-------+-------------------------------------+---------+----+----+-----+------+-----+------+-------------+
    |w3_U   |bnn_Pipeline_l3_loop_w3_ROM_AUTO_1R  |        0|  64|  10|    0|    40|   16|     1|          640|
    +-------+-------------------------------------+---------+----+----+-----+------+-----+------+-------------+
    |Total  |                                     |        0|  64|  10|    0|    40|   16|     1|          640|
    +-------+-------------------------------------+---------+----+----+-----+------+-----+------+-------------+

    * FIFO: 
    N/A

    * Expression: 
    +------------------------+----------+----+---+----+------------+------------+
    |      Variable Name     | Operation| DSP| FF| LUT| Bitwidth P0| Bitwidth P1|
    +------------------------+----------+----+---+----+------------+------------+
    |add_ln11_10_fu_544_p2   |         +|   0|  0|  10|           2|           2|
    |add_ln11_11_fu_554_p2   |         +|   0|  0|  10|           2|           2|
    |add_ln11_12_fu_564_p2   |         +|   0|  0|  11|           3|           3|
    |add_ln11_13_fu_1501_p2  |         +|   0|  0|  13|           4|           4|
    |add_ln11_15_fu_769_p2   |         +|   0|  0|  10|           2|           2|
    |add_ln11_16_fu_779_p2   |         +|   0|  0|  10|           2|           2|
    |add_ln11_17_fu_789_p2   |         +|   0|  0|  11|           3|           3|
    |add_ln11_18_fu_795_p2   |         +|   0|  0|  10|           2|           2|
    |add_ln11_19_fu_805_p2   |         +|   0|  0|  10|           2|           2|
    |add_ln11_1_fu_476_p2    |         +|   0|  0|  10|           2|           2|
    |add_ln11_20_fu_815_p2   |         +|   0|  0|  11|           3|           3|
    |add_ln11_21_fu_1523_p2  |         +|   0|  0|  13|           4|           4|
    |add_ln11_22_fu_821_p2   |         +|   0|  0|  10|           2|           2|
    |add_ln11_23_fu_831_p2   |         +|   0|  0|  10|           2|           2|
    |add_ln11_24_fu_841_p2   |         +|   0|  0|  11|           3|           3|
    |add_ln11_25_fu_847_p2   |         +|   0|  0|  10|           2|           2|
    |add_ln11_26_fu_857_p2   |         +|   0|  0|  10|           2|           2|
    |add_ln11_27_fu_867_p2   |         +|   0|  0|  11|           3|           3|
    |add_ln11_28_fu_1539_p2  |         +|   0|  0|  13|           4|           4|
    |add_ln11_2_fu_486_p2    |         +|   0|  0|  11|           3|           3|
    |add_ln11_30_fu_1072_p2  |         +|   0|  0|  10|           2|           2|
    |add_ln11_31_fu_1082_p2  |         +|   0|  0|  10|           2|           2|
    |add_ln11_32_fu_1092_p2  |         +|   0|  0|  11|           3|           3|
    |add_ln11_33_fu_1098_p2  |         +|   0|  0|  10|           2|           2|
    |add_ln11_34_fu_1108_p2  |         +|   0|  0|  10|           2|           2|
    |add_ln11_35_fu_1118_p2  |         +|   0|  0|  11|           3|           3|
    |add_ln11_36_fu_1561_p2  |         +|   0|  0|  13|           4|           4|
    |add_ln11_37_fu_1124_p2  |         +|   0|  0|  10|           2|           2|
    |add_ln11_38_fu_1134_p2  |         +|   0|  0|  10|           2|           2|
    |add_ln11_39_fu_1144_p2  |         +|   0|  0|  11|           3|           3|
    |add_ln11_3_fu_492_p2    |         +|   0|  0|  10|           2|           2|
    |add_ln11_40_fu_1150_p2  |         +|   0|  0|  10|           2|           2|
    |add_ln11_41_fu_1160_p2  |         +|   0|  0|  10|           2|           2|
    |add_ln11_42_fu_1170_p2  |         +|   0|  0|  11|           3|           3|
    |add_ln11_43_fu_1577_p2  |         +|   0|  0|  13|           4|           4|
    |add_ln11_45_fu_1375_p2  |         +|   0|  0|  10|           2|           2|
    |add_ln11_46_fu_1385_p2  |         +|   0|  0|  10|           2|           2|
    |add_ln11_47_fu_1395_p2  |         +|   0|  0|  11|           3|           3|
    |add_ln11_48_fu_1401_p2  |         +|   0|  0|  10|           2|           2|
    |add_ln11_49_fu_1411_p2  |         +|   0|  0|  10|           2|           2|
    |add_ln11_4_fu_502_p2    |         +|   0|  0|  10|           2|           2|
    |add_ln11_50_fu_1421_p2  |         +|   0|  0|  11|           3|           3|
    |add_ln11_51_fu_1599_p2  |         +|   0|  0|  13|           4|           4|
    |add_ln11_52_fu_1427_p2  |         +|   0|  0|  10|           2|           2|
    |add_ln11_53_fu_1437_p2  |         +|   0|  0|  10|           2|           2|
    |add_ln11_54_fu_1447_p2  |         +|   0|  0|  11|           3|           3|
    |add_ln11_55_fu_1453_p2  |         +|   0|  0|  10|           2|           2|
    |add_ln11_56_fu_1463_p2  |         +|   0|  0|  10|           2|           2|
    |add_ln11_57_fu_1473_p2  |         +|   0|  0|  11|           3|           3|
    |add_ln11_58_fu_1615_p2  |         +|   0|  0|  13|           4|           4|
    |add_ln11_5_fu_512_p2    |         +|   0|  0|  11|           3|           3|
    |add_ln11_6_fu_1485_p2   |         +|   0|  0|  13|           4|           4|
    |add_ln11_7_fu_518_p2    |         +|   0|  0|  10|           2|           2|
    |add_ln11_8_fu_528_p2    |         +|   0|  0|  10|           2|           2|
    |add_ln11_9_fu_538_p2    |         +|   0|  0|  11|           3|           3|
    |add_ln11_fu_466_p2      |         +|   0|  0|  10|           2|           2|
    |add_ln139_fu_204_p2     |         +|   0|  0|  13|           4|           1|
    |add_ln64_1_fu_1657_p2   |         +|   0|  0|  14|           6|           6|
    |add_ln64_2_fu_1667_p2   |         +|   0|  0|  14|           7|           7|
    |add_ln64_fu_1647_p2     |         +|   0|  0|  14|           6|           6|
    |cnt_1_fu_1511_p2        |         +|   0|  0|  13|           5|           5|
    |cnt_3_fu_1549_p2        |         +|   0|  0|  13|           5|           5|
    |cnt_5_fu_1587_p2        |         +|   0|  0|  13|           5|           5|
    |cnt_7_fu_1625_p2        |         +|   0|  0|  13|           5|           5|
    |dot_fu_1684_p2          |         +|   0|  0|  15|           8|           8|
    |icmp_ln139_fu_198_p2    |      icmp|   0|  0|  13|           4|           4|
    |ap_enable_pp0           |       xor|   0|  0|   2|           1|           2|
    |xnor_1_fu_575_p2        |       xor|   0|  0|  16|          16|          16|
    |xnor_2_fu_878_p2        |       xor|   0|  0|  16|          16|          16|
    |xnor_3_fu_1181_p2       |       xor|   0|  0|  16|          16|          16|
    |xnor_fu_272_p2          |       xor|   0|  0|  16|          16|          16|
    |xor_ln60_2_fu_570_p2    |       xor|   0|  0|  16|          16|           2|
    |xor_ln60_4_fu_873_p2    |       xor|   0|  0|  16|          16|           2|
    |xor_ln60_6_fu_1176_p2   |       xor|   0|  0|  16|          16|           2|
    |xor_ln60_fu_267_p2      |       xor|   0|  0|  16|          16|           2|
    +------------------------+----------+----+---+----+------------+------------+
    |Total                   |          |   0|  0| 865|         328|         270|
    +------------------------+----------+----+---+----+------------+------------+

    * Multiplexer: 
    +-------------------------+----+-----------+-----+-----------+
    |           Name          | LUT| Input Size| Bits| Total Bits|
    +-------------------------+----+-----------+-----+-----------+
    |ap_done_int              |   9|          2|    1|          2|
    |ap_enable_reg_pp0_iter1  |   9|          2|    1|          2|
    |ap_sig_allocacmp_n_1     |   9|          2|    4|          8|
    |n_fu_100                 |   9|          2|    4|          8|
    +-------------------------+----+-----------+-----+-----------+
    |Total                    |  36|          8|   10|         20|
    +-------------------------+----+-----------+-----+-----------+

    * Register: 
    +----------------------------------+----+----+-----+-----------+
    |               Name               | FF | LUT| Bits| Const Bits|
    +----------------------------------+----+----+-----+-----------+
    |add_ln11_12_reg_1766              |   3|   0|    3|          0|
    |add_ln11_17_reg_1771              |   3|   0|    3|          0|
    |add_ln11_20_reg_1776              |   3|   0|    3|          0|
    |add_ln11_24_reg_1781              |   3|   0|    3|          0|
    |add_ln11_27_reg_1786              |   3|   0|    3|          0|
    |add_ln11_2_reg_1751               |   3|   0|    3|          0|
    |add_ln11_32_reg_1791              |   3|   0|    3|          0|
    |add_ln11_35_reg_1796              |   3|   0|    3|          0|
    |add_ln11_39_reg_1801              |   3|   0|    3|          0|
    |add_ln11_42_reg_1806              |   3|   0|    3|          0|
    |add_ln11_47_reg_1811              |   3|   0|    3|          0|
    |add_ln11_50_reg_1816              |   3|   0|    3|          0|
    |add_ln11_54_reg_1821              |   3|   0|    3|          0|
    |add_ln11_57_reg_1826              |   3|   0|    3|          0|
    |add_ln11_5_reg_1756               |   3|   0|    3|          0|
    |add_ln11_9_reg_1761               |   3|   0|    3|          0|
    |add_ln64_2_reg_1831               |   7|   0|    7|          0|
    |ap_CS_fsm                         |   1|   0|    1|          0|
    |ap_done_reg                       |   1|   0|    1|          0|
    |ap_enable_reg_pp0_iter1           |   1|   0|    1|          0|
    |ap_enable_reg_pp0_iter2           |   1|   0|    1|          0|
    |ap_enable_reg_pp0_iter3           |   1|   0|    1|          0|
    |ap_enable_reg_pp0_iter4           |   1|   0|    1|          0|
    |ap_loop_exit_ready_pp0_iter1_reg  |   1|   0|    1|          0|
    |ap_loop_exit_ready_pp0_iter2_reg  |   1|   0|    1|          0|
    |ap_loop_exit_ready_pp0_iter3_reg  |   1|   0|    1|          0|
    |n_1_reg_1722                      |   4|   0|    4|          0|
    |n_fu_100                          |   4|   0|    4|          0|
    |n_1_reg_1722                      |  64|  32|    4|          0|
    +----------------------------------+----+----+-----+-----------+
    |Total                             | 136|  32|   76|          0|
    +----------------------------------+----+----+-----+-----------+



================================================================
== Interface
================================================================
* Summary: 
+----------------------+-----+-----+------------+----------------------+--------------+
|       RTL Ports      | Dir | Bits|  Protocol  |     Source Object    |    C Type    |
+----------------------+-----+-----+------------+----------------------+--------------+
|ap_clk                |   in|    1|  ap_ctrl_hs|  bnn_Pipeline_l3_loop|  return value|
|ap_rst                |   in|    1|  ap_ctrl_hs|  bnn_Pipeline_l3_loop|  return value|
|ap_start              |   in|    1|  ap_ctrl_hs|  bnn_Pipeline_l3_loop|  return value|
|ap_done               |  out|    1|  ap_ctrl_hs|  bnn_Pipeline_l3_loop|  return value|
|ap_idle               |  out|    1|  ap_ctrl_hs|  bnn_Pipeline_l3_loop|  return value|
|ap_ready              |  out|    1|  ap_ctrl_hs|  bnn_Pipeline_l3_loop|  return value|
|p_0_0271104_reload    |   in|   16|     ap_none|    p_0_0271104_reload|        scalar|
|p_0_0271_1106_reload  |   in|   16|     ap_none|  p_0_0271_1106_reload|        scalar|
|p_0_0271_2108_reload  |   in|   16|     ap_none|  p_0_0271_2108_reload|        scalar|
|p_0_0271_3110_reload  |   in|   16|     ap_none|  p_0_0271_3110_reload|        scalar|
|ys_address0           |  out|    4|   ap_memory|                    ys|         array|
|ys_ce0                |  out|    1|   ap_memory|                    ys|         array|
|ys_we0                |  out|    1|   ap_memory|                    ys|         array|
|ys_d0                 |  out|   32|   ap_memory|                    ys|         array|
+----------------------+-----+-----+------------+----------------------+--------------+

