

================================================================
== Vitis HLS Report for 'bnn_Pipeline_VITIS_LOOP_24_11'
================================================================
* Date:           Mon Dec  8 16:26:35 2025

* Version:        2024.2 (Build 5238294 on Nov  8 2024)
* Project:        bnn.comp
* Solution:       hls (Vivado IP Flow Target)
* Product family: zynq
* Target device:  xc7z020-clg400-1


================================================================
== Performance Estimates
================================================================
+ Timing: 
    * Summary: 
    +--------+----------+----------+------------+
    |  Clock |  Target  | Estimated| Uncertainty|
    +--------+----------+----------+------------+
    |ap_clk  |  10.00 ns|  7.251 ns|     2.70 ns|
    +--------+----------+----------+------------+

+ Latency: 
    * Summary: 
    +---------+---------+-----------+-----------+-----+-----+------------------------------------------------+
    |  Latency (cycles) |   Latency (absolute)  |  Interval |                    Pipeline                    |
    |   min   |   max   |    min    |    max    | min | max |                      Type                      |
    +---------+---------+-----------+-----------+-----+-----+------------------------------------------------+
    |        8|        8|  80.000 ns|  80.000 ns|    5|    5|  loop auto-rewind stp (delay=0 clock cycles(s))|
    +---------+---------+-----------+-----------+-----+-----+------------------------------------------------+

    + Detail: 
        * Instance: 
        N/A

        * Loop: 
        +-------------------+---------+---------+----------+-----------+-----------+------+----------+
        |                   |  Latency (cycles) | Iteration|  Initiation Interval  | Trip |          |
        |     Loop Name     |   min   |   max   |  Latency |  achieved |   target  | Count| Pipelined|
        +-------------------+---------+---------+----------+-----------+-----------+------+----------+
        |- VITIS_LOOP_24_1  |        6|        6|         4|          1|          1|     4|       yes|
        +-------------------+---------+---------+----------+-----------+-----------+------+----------+



================================================================
== Utilization Estimates
================================================================
* Summary: 
+-----------------+---------+-----+--------+-------+-----+
|       Name      | BRAM_18K| DSP |   FF   |  LUT  | URAM|
+-----------------+---------+-----+--------+-------+-----+
|DSP              |        -|    -|       -|      -|    -|
|Expression       |        -|    -|       0|    161|    -|
|FIFO             |        -|    -|       -|      -|    -|
|Instance         |        -|    -|       -|      -|    -|
|Memory           |        -|    -|       -|      -|    -|
|Multiplexer      |        -|    -|       0|     36|    -|
|Register         |        -|    -|     160|     32|    -|
+-----------------+---------+-----+--------+-------+-----+
|Total            |        0|    0|     160|    229|    0|
+-----------------+---------+-----+--------+-------+-----+
|Available        |      280|  220|  106400|  53200|    0|
+-----------------+---------+-----+--------+-------+-----+
|Utilization (%)  |        0|    0|      ~0|     ~0|    0|
+-----------------+---------+-----+--------+-------+-----+

+ Detail: 
    * Instance: 
    N/A

    * DSP: 
    N/A

    * Memory: 
    N/A

    * FIFO: 
    N/A

    * Expression: 
    +--------------------------+----------+----+---+----+------------+------------+
    |       Variable Name      | Operation| DSP| FF| LUT| Bitwidth P0| Bitwidth P1|
    +--------------------------+----------+----+---+----+------------+------------+
    |add_ln24_fu_354_p2        |         +|   0|  0|  11|           3|           1|
    |icmp_ln24_fu_348_p2       |      icmp|   0|  0|  13|           3|           4|
    |select_ln31_10_fu_642_p3  |    select|   0|  0|  12|           1|          12|
    |select_ln31_11_fu_666_p3  |    select|   0|  0|  13|           1|          13|
    |select_ln31_12_fu_690_p3  |    select|   0|  0|  14|           1|          14|
    |select_ln31_13_fu_714_p3  |    select|   0|  0|  15|           1|          15|
    |select_ln31_1_fu_432_p3   |    select|   0|  0|   3|           1|           3|
    |select_ln31_2_fu_455_p3   |    select|   0|  0|   4|           1|           4|
    |select_ln31_3_fu_479_p3   |    select|   0|  0|   5|           1|           5|
    |select_ln31_4_fu_503_p3   |    select|   0|  0|   6|           1|           6|
    |select_ln31_5_fu_527_p3   |    select|   0|  0|   7|           1|           7|
    |select_ln31_6_fu_549_p3   |    select|   0|  0|   8|           1|           8|
    |select_ln31_7_fu_572_p3   |    select|   0|  0|   9|           1|           9|
    |select_ln31_8_fu_595_p3   |    select|   0|  0|  10|           1|          10|
    |select_ln31_9_fu_618_p3   |    select|   0|  0|  11|           1|          11|
    |select_ln31_fu_409_p3     |    select|   0|  0|   2|           1|           2|
    |word_17_fu_738_p3         |    select|   0|  0|  16|           1|          16|
    |ap_enable_pp0             |       xor|   0|  0|   2|           1|           2|
    +--------------------------+----------+----+---+----+------------+------------+
    |Total                     |          |   0|  0| 161|          22|         142|
    +--------------------------+----------+----+---+----+------------+------------+

    * Multiplexer: 
    +-------------------------+----+-----------+-----+-----------+
    |           Name          | LUT| Input Size| Bits| Total Bits|
    +-------------------------+----+-----------+-----+-----------+
    |ap_done_int              |   9|          2|    1|          2|
    |ap_enable_reg_pp0_iter1  |   9|          2|    1|          2|
    |ap_sig_allocacmp_w_1     |   9|          2|    3|          6|
    |w_fu_92                  |   9|          2|    3|          6|
    +-------------------------+----+-----------+-----+-----------+
    |Total                    |  36|          8|    8|         16|
    +-------------------------+----+-----------+-----+-----------+

    * Register: 
    +----------------------------------+----+----+-----+-----------+
    |               Name               | FF | LUT| Bits| Const Bits|
    +----------------------------------+----+----+-----+-----------+
    |ap_CS_fsm                         |   1|   0|    1|          0|
    |ap_done_reg                       |   1|   0|    1|          0|
    |ap_enable_reg_pp0_iter1           |   1|   0|    1|          0|
    |ap_enable_reg_pp0_iter2           |   1|   0|    1|          0|
    |ap_enable_reg_pp0_iter3           |   1|   0|    1|          0|
    |ap_loop_exit_ready_pp0_iter1_reg  |   1|   0|    1|          0|
    |ap_loop_exit_ready_pp0_iter2_reg  |   1|   0|    1|          0|
    |icmp_ln24_reg_813                 |   1|   0|    1|          0|
    |icmp_ln24_reg_813_pp0_iter1_reg   |   1|   0|    1|          0|
    |l2_bits_1_load_1_reg_923          |   1|   0|    1|          0|
    |l2_bits_1_load_reg_852            |   1|   0|    1|          0|
    |l2_bits_2_load_reg_857            |   1|   0|    1|          0|
    |l2_bits_7_load_reg_913            |   1|   0|    1|          0|
    |l2_bits_load_reg_918              |   1|   0|    1|          0|
    |l2_packed_1_fu_100                |  16|   0|   16|          0|
    |l2_packed_2_fu_104                |  16|   0|   16|          0|
    |l2_packed_3_fu_108                |  16|   0|   16|          0|
    |l2_packed_fu_96                   |  16|   0|   16|          0|
    |select_ln31_5_reg_907             |   7|   0|    7|          0|
    |trunc_ln24_reg_817                |   2|   0|    2|          0|
    |w_fu_92                           |   3|   0|    3|          0|
    |word_reg_846                      |   1|   0|    1|          0|
    |zext_ln30_reg_887                 |   2|   0|   64|         62|
    |zext_ln31_reg_822                 |   3|   0|   64|         61|
    |trunc_ln24_reg_817                |  64|  32|    2|          0|
    +----------------------------------+----+----+-----+-----------+
    |Total                             | 160|  32|  221|        123|
    +----------------------------------+----+----+-----+-----------+



================================================================
== Interface
================================================================
* Summary: 
+------------------------+-----+-----+------------+-------------------------------+--------------+
|        RTL Ports       | Dir | Bits|  Protocol  |         Source Object         |    C Type    |
+------------------------+-----+-----+------------+-------------------------------+--------------+
|ap_clk                  |   in|    1|  ap_ctrl_hs|  bnn_Pipeline_VITIS_LOOP_24_11|  return value|
|ap_rst                  |   in|    1|  ap_ctrl_hs|  bnn_Pipeline_VITIS_LOOP_24_11|  return value|
|ap_start                |   in|    1|  ap_ctrl_hs|  bnn_Pipeline_VITIS_LOOP_24_11|  return value|
|ap_done                 |  out|    1|  ap_ctrl_hs|  bnn_Pipeline_VITIS_LOOP_24_11|  return value|
|ap_idle                 |  out|    1|  ap_ctrl_hs|  bnn_Pipeline_VITIS_LOOP_24_11|  return value|
|ap_ready                |  out|    1|  ap_ctrl_hs|  bnn_Pipeline_VITIS_LOOP_24_11|  return value|
|l2_bits_address0        |  out|    3|   ap_memory|                        l2_bits|         array|
|l2_bits_ce0             |  out|    1|   ap_memory|                        l2_bits|         array|
|l2_bits_q0              |   in|    1|   ap_memory|                        l2_bits|         array|
|l2_bits_address1        |  out|    3|   ap_memory|                        l2_bits|         array|
|l2_bits_ce1             |  out|    1|   ap_memory|                        l2_bits|         array|
|l2_bits_q1              |   in|    1|   ap_memory|                        l2_bits|         array|
|l2_bits_1_address0      |  out|    3|   ap_memory|                      l2_bits_1|         array|
|l2_bits_1_ce0           |  out|    1|   ap_memory|                      l2_bits_1|         array|
|l2_bits_1_q0            |   in|    1|   ap_memory|                      l2_bits_1|         array|
|l2_bits_1_address1      |  out|    3|   ap_memory|                      l2_bits_1|         array|
|l2_bits_1_ce1           |  out|    1|   ap_memory|                      l2_bits_1|         array|
|l2_bits_1_q1            |   in|    1|   ap_memory|                      l2_bits_1|         array|
|l2_bits_2_address0      |  out|    3|   ap_memory|                      l2_bits_2|         array|
|l2_bits_2_ce0           |  out|    1|   ap_memory|                      l2_bits_2|         array|
|l2_bits_2_q0            |   in|    1|   ap_memory|                      l2_bits_2|         array|
|l2_bits_2_address1      |  out|    3|   ap_memory|                      l2_bits_2|         array|
|l2_bits_2_ce1           |  out|    1|   ap_memory|                      l2_bits_2|         array|
|l2_bits_2_q1            |   in|    1|   ap_memory|                      l2_bits_2|         array|
|l2_bits_3_address0      |  out|    3|   ap_memory|                      l2_bits_3|         array|
|l2_bits_3_ce0           |  out|    1|   ap_memory|                      l2_bits_3|         array|
|l2_bits_3_q0            |   in|    1|   ap_memory|                      l2_bits_3|         array|
|l2_bits_3_address1      |  out|    3|   ap_memory|                      l2_bits_3|         array|
|l2_bits_3_ce1           |  out|    1|   ap_memory|                      l2_bits_3|         array|
|l2_bits_3_q1            |   in|    1|   ap_memory|                      l2_bits_3|         array|
|l2_bits_4_address0      |  out|    3|   ap_memory|                      l2_bits_4|         array|
|l2_bits_4_ce0           |  out|    1|   ap_memory|                      l2_bits_4|         array|
|l2_bits_4_q0            |   in|    1|   ap_memory|                      l2_bits_4|         array|
|l2_bits_4_address1      |  out|    3|   ap_memory|                      l2_bits_4|         array|
|l2_bits_4_ce1           |  out|    1|   ap_memory|                      l2_bits_4|         array|
|l2_bits_4_q1            |   in|    1|   ap_memory|                      l2_bits_4|         array|
|l2_bits_5_address0      |  out|    3|   ap_memory|                      l2_bits_5|         array|
|l2_bits_5_ce0           |  out|    1|   ap_memory|                      l2_bits_5|         array|
|l2_bits_5_q0            |   in|    1|   ap_memory|                      l2_bits_5|         array|
|l2_bits_5_address1      |  out|    3|   ap_memory|                      l2_bits_5|         array|
|l2_bits_5_ce1           |  out|    1|   ap_memory|                      l2_bits_5|         array|
|l2_bits_5_q1            |   in|    1|   ap_memory|                      l2_bits_5|         array|
|l2_bits_6_address0      |  out|    3|   ap_memory|                      l2_bits_6|         array|
|l2_bits_6_ce0           |  out|    1|   ap_memory|                      l2_bits_6|         array|
|l2_bits_6_q0            |   in|    1|   ap_memory|                      l2_bits_6|         array|
|l2_bits_6_address1      |  out|    3|   ap_memory|                      l2_bits_6|         array|
|l2_bits_6_ce1           |  out|    1|   ap_memory|                      l2_bits_6|         array|
|l2_bits_6_q1            |   in|    1|   ap_memory|                      l2_bits_6|         array|
|l2_bits_7_address0      |  out|    3|   ap_memory|                      l2_bits_7|         array|
|l2_bits_7_ce0           |  out|    1|   ap_memory|                      l2_bits_7|         array|
|l2_bits_7_q0            |   in|    1|   ap_memory|                      l2_bits_7|         array|
|l2_bits_7_address1      |  out|    3|   ap_memory|                      l2_bits_7|         array|
|l2_bits_7_ce1           |  out|    1|   ap_memory|                      l2_bits_7|         array|
|l2_bits_7_q1            |   in|    1|   ap_memory|                      l2_bits_7|         array|
|l2_packed_3_out         |  out|   16|      ap_vld|                l2_packed_3_out|       pointer|
|l2_packed_3_out_ap_vld  |  out|    1|      ap_vld|                l2_packed_3_out|       pointer|
|l2_packed_2_out         |  out|   16|      ap_vld|                l2_packed_2_out|       pointer|
|l2_packed_2_out_ap_vld  |  out|    1|      ap_vld|                l2_packed_2_out|       pointer|
|l2_packed_1_out         |  out|   16|      ap_vld|                l2_packed_1_out|       pointer|
|l2_packed_1_out_ap_vld  |  out|    1|      ap_vld|                l2_packed_1_out|       pointer|
|l2_packed_out           |  out|   16|      ap_vld|                  l2_packed_out|       pointer|
|l2_packed_out_ap_vld    |  out|    1|      ap_vld|                  l2_packed_out|       pointer|
+------------------------+-----+-----+------------+-------------------------------+--------------+

