

================================================================
== Vitis HLS Report for 'bnn_Pipeline_l2_loop'
================================================================
* Date:           Wed Dec 10 17:08:02 2025

* Version:        2024.2 (Build 5238294 on Nov  8 2024)
* Project:        bnn.comp
* Solution:       hls (Vivado IP Flow Target)
* Product family: zynq
* Target device:  xc7z020-clg400-1


================================================================
== Performance Estimates
================================================================
+ Timing: 
    * Summary: 
    +--------+----------+----------+------------+
    |  Clock |  Target  | Estimated| Uncertainty|
    +--------+----------+----------+------------+
    |ap_clk  |  10.00 ns|  6.730 ns|     2.70 ns|
    +--------+----------+----------+------------+

+ Latency: 
    * Summary: 
    +---------+---------+----------+----------+-----+-----+------------------------------------------------+
    |  Latency (cycles) |  Latency (absolute) |  Interval |                    Pipeline                    |
    |   min   |   max   |    min   |    max   | min | max |                      Type                      |
    +---------+---------+----------+----------+-----+-----+------------------------------------------------+
    |       70|       70|  0.700 us|  0.700 us|   65|   65|  loop auto-rewind stp (delay=0 clock cycles(s))|
    +---------+---------+----------+----------+-----+-----+------------------------------------------------+

    + Detail: 
        * Instance: 
        N/A

        * Loop: 
        +-----------+---------+---------+----------+-----------+-----------+------+----------+
        |           |  Latency (cycles) | Iteration|  Initiation Interval  | Trip |          |
        | Loop Name |   min   |   max   |  Latency |  achieved |   target  | Count| Pipelined|
        +-----------+---------+---------+----------+-----------+-----------+------+----------+
        |- l2_loop  |       68|       68|         6|          1|          1|    64|       yes|
        +-----------+---------+---------+----------+-----------+-----------+------+----------+



================================================================
== Utilization Estimates
================================================================
* Summary: 
+-----------------+---------+-----+--------+-------+-----+
|       Name      | BRAM_18K| DSP |   FF   |  LUT  | URAM|
+-----------------+---------+-----+--------+-------+-----+
|DSP              |        -|    -|       -|      -|    -|
|Expression       |        -|    -|       0|   1718|    -|
|FIFO             |        -|    -|       -|      -|    -|
|Instance         |        -|    -|       -|      -|    -|
|Memory           |        4|    -|       0|      0|    -|
|Multiplexer      |        -|    -|       0|     36|    -|
|Register         |        -|    -|     512|     96|    -|
+-----------------+---------+-----+--------+-------+-----+
|Total            |        4|    0|     512|   1850|    0|
+-----------------+---------+-----+--------+-------+-----+
|Available        |      280|  220|  106400|  53200|    0|
+-----------------+---------+-----+--------+-------+-----+
|Utilization (%)  |        1|    0|      ~0|      3|    0|
+-----------------+---------+-----+--------+-------+-----+

+ Detail: 
    * Instance: 
    N/A

    * DSP: 
    N/A

    * Memory: 
    +-------+-------------------------------------+---------+---+----+-----+------+-----+------+-------------+
    | Memory|                Module               | BRAM_18K| FF| LUT| URAM| Words| Bits| Banks| W*Bits*Banks|
    +-------+-------------------------------------+---------+---+----+-----+------+-----+------+-------------+
    |w2_U   |bnn_Pipeline_l2_loop_w2_ROM_AUTO_1R  |        4|  0|   0|    0|   512|   16|     1|         8192|
    +-------+-------------------------------------+---------+---+----+-----+------+-----+------+-------------+
    |Total  |                                     |        4|  0|   0|    0|   512|   16|     1|         8192|
    +-------+-------------------------------------+---------+---+----+-----+------+-----+------+-------------+

    * FIFO: 
    N/A

    * Expression: 
    +-------------------------+----------+----+---+----+------------+------------+
    |      Variable Name      | Operation| DSP| FF| LUT| Bitwidth P0| Bitwidth P1|
    +-------------------------+----------+----+---+----+------------+------------+
    |add_ln11_100_fu_2108_p2  |         +|   0|  0|  10|           2|           2|
    |add_ln11_101_fu_3593_p2  |         +|   0|  0|  11|           3|           3|
    |add_ln11_102_fu_3603_p2  |         +|   0|  0|  13|           4|           4|
    |add_ln11_104_fu_2313_p2  |         +|   0|  0|  10|           2|           2|
    |add_ln11_105_fu_2319_p2  |         +|   0|  0|  10|           2|           2|
    |add_ln11_106_fu_3625_p2  |         +|   0|  0|  11|           3|           3|
    |add_ln11_107_fu_2325_p2  |         +|   0|  0|  10|           2|           2|
    |add_ln11_108_fu_2331_p2  |         +|   0|  0|  10|           2|           2|
    |add_ln11_109_fu_3641_p2  |         +|   0|  0|  11|           3|           3|
    |add_ln11_110_fu_3651_p2  |         +|   0|  0|  13|           4|           4|
    |add_ln11_111_fu_2337_p2  |         +|   0|  0|  10|           2|           2|
    |add_ln11_112_fu_2343_p2  |         +|   0|  0|  10|           2|           2|
    |add_ln11_113_fu_3667_p2  |         +|   0|  0|  11|           3|           3|
    |add_ln11_114_fu_2349_p2  |         +|   0|  0|  10|           2|           2|
    |add_ln11_115_fu_2355_p2  |         +|   0|  0|  10|           2|           2|
    |add_ln11_116_fu_3683_p2  |         +|   0|  0|  11|           3|           3|
    |add_ln11_117_fu_3693_p2  |         +|   0|  0|  13|           4|           4|
    |add_ln11_119_fu_2560_p2  |         +|   0|  0|  10|           2|           2|
    |add_ln11_120_fu_2566_p2  |         +|   0|  0|  10|           2|           2|
    |add_ln11_121_fu_3715_p2  |         +|   0|  0|  11|           3|           3|
    |add_ln11_122_fu_2572_p2  |         +|   0|  0|  10|           2|           2|
    |add_ln11_123_fu_2578_p2  |         +|   0|  0|  10|           2|           2|
    |add_ln11_124_fu_3731_p2  |         +|   0|  0|  11|           3|           3|
    |add_ln11_125_fu_3741_p2  |         +|   0|  0|  13|           4|           4|
    |add_ln11_126_fu_2584_p2  |         +|   0|  0|  10|           2|           2|
    |add_ln11_127_fu_2590_p2  |         +|   0|  0|  10|           2|           2|
    |add_ln11_128_fu_3757_p2  |         +|   0|  0|  11|           3|           3|
    |add_ln11_129_fu_2596_p2  |         +|   0|  0|  10|           2|           2|
    |add_ln11_130_fu_2602_p2  |         +|   0|  0|  10|           2|           2|
    |add_ln11_131_fu_3773_p2  |         +|   0|  0|  11|           3|           3|
    |add_ln11_132_fu_3783_p2  |         +|   0|  0|  13|           4|           4|
    |add_ln11_134_fu_2807_p2  |         +|   0|  0|  10|           2|           2|
    |add_ln11_135_fu_2813_p2  |         +|   0|  0|  10|           2|           2|
    |add_ln11_136_fu_3805_p2  |         +|   0|  0|  11|           3|           3|
    |add_ln11_137_fu_2819_p2  |         +|   0|  0|  10|           2|           2|
    |add_ln11_138_fu_2825_p2  |         +|   0|  0|  10|           2|           2|
    |add_ln11_139_fu_3821_p2  |         +|   0|  0|  11|           3|           3|
    |add_ln11_140_fu_3831_p2  |         +|   0|  0|  13|           4|           4|
    |add_ln11_141_fu_2831_p2  |         +|   0|  0|  10|           2|           2|
    |add_ln11_142_fu_2837_p2  |         +|   0|  0|  10|           2|           2|
    |add_ln11_143_fu_3847_p2  |         +|   0|  0|  11|           3|           3|
    |add_ln11_144_fu_2843_p2  |         +|   0|  0|  10|           2|           2|
    |add_ln11_145_fu_2849_p2  |         +|   0|  0|  10|           2|           2|
    |add_ln11_146_fu_3863_p2  |         +|   0|  0|  11|           3|           3|
    |add_ln11_147_fu_3873_p2  |         +|   0|  0|  13|           4|           4|
    |add_ln11_149_fu_3054_p2  |         +|   0|  0|  10|           2|           2|
    |add_ln11_150_fu_3060_p2  |         +|   0|  0|  10|           2|           2|
    |add_ln11_151_fu_3895_p2  |         +|   0|  0|  11|           3|           3|
    |add_ln11_152_fu_3066_p2  |         +|   0|  0|  10|           2|           2|
    |add_ln11_153_fu_3072_p2  |         +|   0|  0|  10|           2|           2|
    |add_ln11_154_fu_3911_p2  |         +|   0|  0|  11|           3|           3|
    |add_ln11_155_fu_3921_p2  |         +|   0|  0|  13|           4|           4|
    |add_ln11_156_fu_3078_p2  |         +|   0|  0|  10|           2|           2|
    |add_ln11_157_fu_3084_p2  |         +|   0|  0|  10|           2|           2|
    |add_ln11_158_fu_3937_p2  |         +|   0|  0|  11|           3|           3|
    |add_ln11_159_fu_3090_p2  |         +|   0|  0|  10|           2|           2|
    |add_ln11_160_fu_3096_p2  |         +|   0|  0|  10|           2|           2|
    |add_ln11_161_fu_3953_p2  |         +|   0|  0|  11|           3|           3|
    |add_ln11_162_fu_3963_p2  |         +|   0|  0|  13|           4|           4|
    |add_ln11_164_fu_3301_p2  |         +|   0|  0|  10|           2|           2|
    |add_ln11_165_fu_3307_p2  |         +|   0|  0|  10|           2|           2|
    |add_ln11_166_fu_3985_p2  |         +|   0|  0|  11|           3|           3|
    |add_ln11_167_fu_3313_p2  |         +|   0|  0|  10|           2|           2|
    |add_ln11_168_fu_3319_p2  |         +|   0|  0|  10|           2|           2|
    |add_ln11_169_fu_4001_p2  |         +|   0|  0|  11|           3|           3|
    |add_ln11_170_fu_4011_p2  |         +|   0|  0|  13|           4|           4|
    |add_ln11_171_fu_3325_p2  |         +|   0|  0|  10|           2|           2|
    |add_ln11_172_fu_3331_p2  |         +|   0|  0|  10|           2|           2|
    |add_ln11_173_fu_4027_p2  |         +|   0|  0|  11|           3|           3|
    |add_ln11_174_fu_3337_p2  |         +|   0|  0|  10|           2|           2|
    |add_ln11_175_fu_3343_p2  |         +|   0|  0|  10|           2|           2|
    |add_ln11_176_fu_4043_p2  |         +|   0|  0|  11|           3|           3|
    |add_ln11_177_fu_4053_p2  |         +|   0|  0|  13|           4|           4|
    |add_ln11_60_fu_1578_p2   |         +|   0|  0|  10|           2|           2|
    |add_ln11_61_fu_3355_p2   |         +|   0|  0|  11|           3|           3|
    |add_ln11_62_fu_1584_p2   |         +|   0|  0|  10|           2|           2|
    |add_ln11_63_fu_1590_p2   |         +|   0|  0|  10|           2|           2|
    |add_ln11_64_fu_3371_p2   |         +|   0|  0|  11|           3|           3|
    |add_ln11_65_fu_3381_p2   |         +|   0|  0|  13|           4|           4|
    |add_ln11_66_fu_1596_p2   |         +|   0|  0|  10|           2|           2|
    |add_ln11_67_fu_1602_p2   |         +|   0|  0|  10|           2|           2|
    |add_ln11_68_fu_3397_p2   |         +|   0|  0|  11|           3|           3|
    |add_ln11_69_fu_1608_p2   |         +|   0|  0|  10|           2|           2|
    |add_ln11_70_fu_1614_p2   |         +|   0|  0|  10|           2|           2|
    |add_ln11_71_fu_3413_p2   |         +|   0|  0|  11|           3|           3|
    |add_ln11_72_fu_3423_p2   |         +|   0|  0|  13|           4|           4|
    |add_ln11_74_fu_1819_p2   |         +|   0|  0|  10|           2|           2|
    |add_ln11_75_fu_1825_p2   |         +|   0|  0|  10|           2|           2|
    |add_ln11_76_fu_3445_p2   |         +|   0|  0|  11|           3|           3|
    |add_ln11_77_fu_1831_p2   |         +|   0|  0|  10|           2|           2|
    |add_ln11_78_fu_1837_p2   |         +|   0|  0|  10|           2|           2|
    |add_ln11_79_fu_3461_p2   |         +|   0|  0|  11|           3|           3|
    |add_ln11_80_fu_3471_p2   |         +|   0|  0|  13|           4|           4|
    |add_ln11_81_fu_1843_p2   |         +|   0|  0|  10|           2|           2|
    |add_ln11_82_fu_1849_p2   |         +|   0|  0|  10|           2|           2|
    |add_ln11_83_fu_3487_p2   |         +|   0|  0|  11|           3|           3|
    |add_ln11_84_fu_1855_p2   |         +|   0|  0|  10|           2|           2|
    |add_ln11_85_fu_1861_p2   |         +|   0|  0|  10|           2|           2|
    |add_ln11_86_fu_3503_p2   |         +|   0|  0|  11|           3|           3|
    |add_ln11_87_fu_3513_p2   |         +|   0|  0|  13|           4|           4|
    |add_ln11_89_fu_2066_p2   |         +|   0|  0|  10|           2|           2|
    |add_ln11_90_fu_2072_p2   |         +|   0|  0|  10|           2|           2|
    |add_ln11_91_fu_3535_p2   |         +|   0|  0|  11|           3|           3|
    |add_ln11_92_fu_2078_p2   |         +|   0|  0|  10|           2|           2|
    |add_ln11_93_fu_2084_p2   |         +|   0|  0|  10|           2|           2|
    |add_ln11_94_fu_3551_p2   |         +|   0|  0|  11|           3|           3|
    |add_ln11_95_fu_3561_p2   |         +|   0|  0|  13|           4|           4|
    |add_ln11_96_fu_2090_p2   |         +|   0|  0|  10|           2|           2|
    |add_ln11_97_fu_2096_p2   |         +|   0|  0|  10|           2|           2|
    |add_ln11_98_fu_3577_p2   |         +|   0|  0|  11|           3|           3|
    |add_ln11_99_fu_2102_p2   |         +|   0|  0|  10|           2|           2|
    |add_ln11_fu_1572_p2      |         +|   0|  0|  10|           2|           2|
    |add_ln120_fu_1254_p2     |         +|   0|  0|  14|           7|           1|
    |add_ln64_2_fu_4157_p2    |         +|   0|  0|  15|           8|           8|
    |add_ln64_4_fu_4107_p2    |         +|   0|  0|  14|           6|           6|
    |add_ln64_5_fu_4131_p2    |         +|   0|  0|  14|           7|           7|
    |add_ln64_6_fu_4113_p2    |         +|   0|  0|  14|           6|           6|
    |add_ln64_7_fu_4119_p2    |         +|   0|  0|  14|           6|           6|
    |add_ln64_8_fu_4147_p2    |         +|   0|  0|  14|           7|           7|
    |add_ln64_fu_4101_p2      |         +|   0|  0|  14|           6|           6|
    |cnt_10_fu_3523_p2        |         +|   0|  0|  13|           5|           5|
    |cnt_12_fu_3613_p2        |         +|   0|  0|  13|           5|           5|
    |cnt_14_fu_3703_p2        |         +|   0|  0|  13|           5|           5|
    |cnt_16_fu_3793_p2        |         +|   0|  0|  13|           5|           5|
    |cnt_18_fu_3883_p2        |         +|   0|  0|  13|           5|           5|
    |cnt_20_fu_3973_p2        |         +|   0|  0|  13|           5|           5|
    |cnt_22_fu_4063_p2        |         +|   0|  0|  13|           5|           5|
    |cnt_8_fu_3433_p2         |         +|   0|  0|  13|           5|           5|
    |dot_fu_4174_p2           |         +|   0|  0|  14|           9|           9|
    |icmp_ln120_fu_1248_p2    |      icmp|   0|  0|  15|           7|           8|
    |l2_bits_64_fu_4185_p2    |      icmp|   0|  0|  14|           9|           1|
    |ap_enable_pp0            |       xor|   0|  0|   2|           1|           2|
    |xnor_10_fu_3107_p2       |       xor|   0|  0|  16|          16|          16|
    |xnor_4_fu_1625_p2        |       xor|   0|  0|  16|          16|          16|
    |xnor_5_fu_1872_p2        |       xor|   0|  0|  16|          16|          16|
    |xnor_6_fu_2119_p2        |       xor|   0|  0|  16|          16|          16|
    |xnor_7_fu_2366_p2        |       xor|   0|  0|  16|          16|          16|
    |xnor_8_fu_2613_p2        |       xor|   0|  0|  16|          16|          16|
    |xnor_9_fu_2860_p2        |       xor|   0|  0|  16|          16|          16|
    |xnor_fu_1378_p2          |       xor|   0|  0|  16|          16|          16|
    |xor_ln60_11_fu_1867_p2   |       xor|   0|  0|  16|          16|           2|
    |xor_ln60_13_fu_2114_p2   |       xor|   0|  0|  16|          16|           2|
    |xor_ln60_15_fu_2361_p2   |       xor|   0|  0|  16|          16|           2|
    |xor_ln60_17_fu_2608_p2   |       xor|   0|  0|  16|          16|           2|
    |xor_ln60_19_fu_2855_p2   |       xor|   0|  0|  16|          16|           2|
    |xor_ln60_21_fu_3102_p2   |       xor|   0|  0|  16|          16|           2|
    |xor_ln60_9_fu_1620_p2    |       xor|   0|  0|  16|          16|           2|
    |xor_ln60_fu_1373_p2      |       xor|   0|  0|  16|          16|           2|
    +-------------------------+----------+----+---+----+------------+------------+
    |Total                    |          |   0|  0|1718|         663|         539|
    +-------------------------+----------+----+---+----+------------+------------+

    * Multiplexer: 
    +-------------------------+----+-----------+-----+-----------+
    |           Name          | LUT| Input Size| Bits| Total Bits|
    +-------------------------+----+-----------+-----+-----------+
    |ap_done_int              |   9|          2|    1|          2|
    |ap_enable_reg_pp0_iter1  |   9|          2|    1|          2|
    |ap_sig_allocacmp_n       |   9|          2|    7|         14|
    |n_1_fu_374               |   9|          2|    7|         14|
    +-------------------------+----+-----------+-----+-----------+
    |Total                    |  36|          8|   16|         32|
    +-------------------------+----+-----------+-----+-----------+

    * Register: 
    +----------------------------------+----+----+-----+-----------+
    |               Name               | FF | LUT| Bits| Const Bits|
    +----------------------------------+----+----+-----+-----------+
    |add_ln11_100_reg_5366             |   2|   0|    2|          0|
    |add_ln11_104_reg_5371             |   2|   0|    2|          0|
    |add_ln11_105_reg_5376             |   2|   0|    2|          0|
    |add_ln11_107_reg_5381             |   2|   0|    2|          0|
    |add_ln11_108_reg_5386             |   2|   0|    2|          0|
    |add_ln11_111_reg_5391             |   2|   0|    2|          0|
    |add_ln11_112_reg_5396             |   2|   0|    2|          0|
    |add_ln11_114_reg_5401             |   2|   0|    2|          0|
    |add_ln11_115_reg_5406             |   2|   0|    2|          0|
    |add_ln11_119_reg_5411             |   2|   0|    2|          0|
    |add_ln11_120_reg_5416             |   2|   0|    2|          0|
    |add_ln11_122_reg_5421             |   2|   0|    2|          0|
    |add_ln11_123_reg_5426             |   2|   0|    2|          0|
    |add_ln11_126_reg_5431             |   2|   0|    2|          0|
    |add_ln11_127_reg_5436             |   2|   0|    2|          0|
    |add_ln11_129_reg_5441             |   2|   0|    2|          0|
    |add_ln11_130_reg_5446             |   2|   0|    2|          0|
    |add_ln11_134_reg_5451             |   2|   0|    2|          0|
    |add_ln11_135_reg_5456             |   2|   0|    2|          0|
    |add_ln11_137_reg_5461             |   2|   0|    2|          0|
    |add_ln11_138_reg_5466             |   2|   0|    2|          0|
    |add_ln11_141_reg_5471             |   2|   0|    2|          0|
    |add_ln11_142_reg_5476             |   2|   0|    2|          0|
    |add_ln11_144_reg_5481             |   2|   0|    2|          0|
    |add_ln11_145_reg_5486             |   2|   0|    2|          0|
    |add_ln11_149_reg_5491             |   2|   0|    2|          0|
    |add_ln11_150_reg_5496             |   2|   0|    2|          0|
    |add_ln11_152_reg_5501             |   2|   0|    2|          0|
    |add_ln11_153_reg_5506             |   2|   0|    2|          0|
    |add_ln11_156_reg_5511             |   2|   0|    2|          0|
    |add_ln11_157_reg_5516             |   2|   0|    2|          0|
    |add_ln11_159_reg_5521             |   2|   0|    2|          0|
    |add_ln11_160_reg_5526             |   2|   0|    2|          0|
    |add_ln11_164_reg_5531             |   2|   0|    2|          0|
    |add_ln11_165_reg_5536             |   2|   0|    2|          0|
    |add_ln11_167_reg_5541             |   2|   0|    2|          0|
    |add_ln11_168_reg_5546             |   2|   0|    2|          0|
    |add_ln11_171_reg_5551             |   2|   0|    2|          0|
    |add_ln11_172_reg_5556             |   2|   0|    2|          0|
    |add_ln11_174_reg_5561             |   2|   0|    2|          0|
    |add_ln11_175_reg_5566             |   2|   0|    2|          0|
    |add_ln11_60_reg_5256              |   2|   0|    2|          0|
    |add_ln11_62_reg_5261              |   2|   0|    2|          0|
    |add_ln11_63_reg_5266              |   2|   0|    2|          0|
    |add_ln11_66_reg_5271              |   2|   0|    2|          0|
    |add_ln11_67_reg_5276              |   2|   0|    2|          0|
    |add_ln11_69_reg_5281              |   2|   0|    2|          0|
    |add_ln11_70_reg_5286              |   2|   0|    2|          0|
    |add_ln11_74_reg_5291              |   2|   0|    2|          0|
    |add_ln11_75_reg_5296              |   2|   0|    2|          0|
    |add_ln11_77_reg_5301              |   2|   0|    2|          0|
    |add_ln11_78_reg_5306              |   2|   0|    2|          0|
    |add_ln11_81_reg_5311              |   2|   0|    2|          0|
    |add_ln11_82_reg_5316              |   2|   0|    2|          0|
    |add_ln11_84_reg_5321              |   2|   0|    2|          0|
    |add_ln11_85_reg_5326              |   2|   0|    2|          0|
    |add_ln11_89_reg_5331              |   2|   0|    2|          0|
    |add_ln11_90_reg_5336              |   2|   0|    2|          0|
    |add_ln11_92_reg_5341              |   2|   0|    2|          0|
    |add_ln11_93_reg_5346              |   2|   0|    2|          0|
    |add_ln11_96_reg_5351              |   2|   0|    2|          0|
    |add_ln11_97_reg_5356              |   2|   0|    2|          0|
    |add_ln11_99_reg_5361              |   2|   0|    2|          0|
    |add_ln11_reg_5251                 |   2|   0|    2|          0|
    |add_ln64_2_reg_5591               |   8|   0|    8|          0|
    |add_ln64_4_reg_5576               |   6|   0|    6|          0|
    |add_ln64_6_reg_5581               |   6|   0|    6|          0|
    |add_ln64_7_reg_5586               |   6|   0|    6|          0|
    |add_ln64_reg_5571                 |   6|   0|    6|          0|
    |ap_CS_fsm                         |   1|   0|    1|          0|
    |ap_done_reg                       |   1|   0|    1|          0|
    |ap_enable_reg_pp0_iter1           |   1|   0|    1|          0|
    |ap_enable_reg_pp0_iter2           |   1|   0|    1|          0|
    |ap_enable_reg_pp0_iter3           |   1|   0|    1|          0|
    |ap_enable_reg_pp0_iter4           |   1|   0|    1|          0|
    |ap_enable_reg_pp0_iter5           |   1|   0|    1|          0|
    |ap_loop_exit_ready_pp0_iter1_reg  |   1|   0|    1|          0|
    |ap_loop_exit_ready_pp0_iter2_reg  |   1|   0|    1|          0|
    |ap_loop_exit_ready_pp0_iter3_reg  |   1|   0|    1|          0|
    |ap_loop_exit_ready_pp0_iter4_reg  |   1|   0|    1|          0|
    |ap_predicate_pred1007_state5      |   1|   0|    1|          0|
    |ap_predicate_pred1016_state5      |   1|   0|    1|          0|
    |ap_predicate_pred1025_state5      |   1|   0|    1|          0|
    |ap_predicate_pred1034_state5      |   1|   0|    1|          0|
    |ap_predicate_pred1043_state5      |   1|   0|    1|          0|
    |ap_predicate_pred1052_state5      |   1|   0|    1|          0|
    |ap_predicate_pred1061_state5      |   1|   0|    1|          0|
    |ap_predicate_pred1070_state5      |   1|   0|    1|          0|
    |ap_predicate_pred1079_state5      |   1|   0|    1|          0|
    |ap_predicate_pred1088_state5      |   1|   0|    1|          0|
    |ap_predicate_pred1097_state5      |   1|   0|    1|          0|
    |ap_predicate_pred1106_state5      |   1|   0|    1|          0|
    |ap_predicate_pred1115_state5      |   1|   0|    1|          0|
    |ap_predicate_pred1124_state5      |   1|   0|    1|          0|
    |ap_predicate_pred1133_state5      |   1|   0|    1|          0|
    |ap_predicate_pred1142_state5      |   1|   0|    1|          0|
    |ap_predicate_pred1151_state5      |   1|   0|    1|          0|
    |ap_predicate_pred1160_state5      |   1|   0|    1|          0|
    |ap_predicate_pred1169_state5      |   1|   0|    1|          0|
    |ap_predicate_pred1178_state5      |   1|   0|    1|          0|
    |ap_predicate_pred1187_state5      |   1|   0|    1|          0|
    |ap_predicate_pred1196_state5      |   1|   0|    1|          0|
    |ap_predicate_pred1205_state5      |   1|   0|    1|          0|
    |ap_predicate_pred1214_state5      |   1|   0|    1|          0|
    |ap_predicate_pred1223_state5      |   1|   0|    1|          0|
    |ap_predicate_pred1232_state5      |   1|   0|    1|          0|
    |ap_predicate_pred1241_state5      |   1|   0|    1|          0|
    |ap_predicate_pred1250_state5      |   1|   0|    1|          0|
    |ap_predicate_pred1259_state5      |   1|   0|    1|          0|
    |ap_predicate_pred1268_state5      |   1|   0|    1|          0|
    |ap_predicate_pred1277_state5      |   1|   0|    1|          0|
    |ap_predicate_pred1286_state5      |   1|   0|    1|          0|
    |ap_predicate_pred1295_state5      |   1|   0|    1|          0|
    |ap_predicate_pred1304_state5      |   1|   0|    1|          0|
    |ap_predicate_pred1313_state5      |   1|   0|    1|          0|
    |ap_predicate_pred1322_state5      |   1|   0|    1|          0|
    |ap_predicate_pred1331_state5      |   1|   0|    1|          0|
    |ap_predicate_pred1340_state5      |   1|   0|    1|          0|
    |ap_predicate_pred1349_state5      |   1|   0|    1|          0|
    |ap_predicate_pred1358_state5      |   1|   0|    1|          0|
    |ap_predicate_pred783_state5       |   1|   0|    1|          0|
    |ap_predicate_pred800_state5       |   1|   0|    1|          0|
    |ap_predicate_pred809_state5       |   1|   0|    1|          0|
    |ap_predicate_pred818_state5       |   1|   0|    1|          0|
    |ap_predicate_pred827_state5       |   1|   0|    1|          0|
    |ap_predicate_pred836_state5       |   1|   0|    1|          0|
    |ap_predicate_pred845_state5       |   1|   0|    1|          0|
    |ap_predicate_pred854_state5       |   1|   0|    1|          0|
    |ap_predicate_pred863_state5       |   1|   0|    1|          0|
    |ap_predicate_pred872_state5       |   1|   0|    1|          0|
    |ap_predicate_pred881_state5       |   1|   0|    1|          0|
    |ap_predicate_pred890_state5       |   1|   0|    1|          0|
    |ap_predicate_pred899_state5       |   1|   0|    1|          0|
    |ap_predicate_pred908_state5       |   1|   0|    1|          0|
    |ap_predicate_pred917_state5       |   1|   0|    1|          0|
    |ap_predicate_pred926_state5       |   1|   0|    1|          0|
    |ap_predicate_pred935_state5       |   1|   0|    1|          0|
    |ap_predicate_pred944_state5       |   1|   0|    1|          0|
    |ap_predicate_pred953_state5       |   1|   0|    1|          0|
    |ap_predicate_pred962_state5       |   1|   0|    1|          0|
    |ap_predicate_pred971_state5       |   1|   0|    1|          0|
    |ap_predicate_pred980_state5       |   1|   0|    1|          0|
    |ap_predicate_pred989_state5       |   1|   0|    1|          0|
    |ap_predicate_pred998_state5       |   1|   0|    1|          0|
    |icmp_ln120_reg_5203               |   1|   0|    1|          0|
    |l2_bits_10_fu_418                 |   1|   0|    1|          0|
    |l2_bits_11_fu_422                 |   1|   0|    1|          0|
    |l2_bits_12_fu_426                 |   1|   0|    1|          0|
    |l2_bits_13_fu_430                 |   1|   0|    1|          0|
    |l2_bits_14_fu_434                 |   1|   0|    1|          0|
    |l2_bits_15_fu_438                 |   1|   0|    1|          0|
    |l2_bits_16_fu_442                 |   1|   0|    1|          0|
    |l2_bits_17_fu_446                 |   1|   0|    1|          0|
    |l2_bits_18_fu_450                 |   1|   0|    1|          0|
    |l2_bits_19_fu_454                 |   1|   0|    1|          0|
    |l2_bits_1_fu_382                  |   1|   0|    1|          0|
    |l2_bits_20_fu_458                 |   1|   0|    1|          0|
    |l2_bits_21_fu_462                 |   1|   0|    1|          0|
    |l2_bits_22_fu_466                 |   1|   0|    1|          0|
    |l2_bits_23_fu_470                 |   1|   0|    1|          0|
    |l2_bits_24_fu_474                 |   1|   0|    1|          0|
    |l2_bits_25_fu_478                 |   1|   0|    1|          0|
    |l2_bits_26_fu_482                 |   1|   0|    1|          0|
    |l2_bits_27_fu_486                 |   1|   0|    1|          0|
    |l2_bits_28_fu_490                 |   1|   0|    1|          0|
    |l2_bits_29_fu_494                 |   1|   0|    1|          0|
    |l2_bits_2_fu_386                  |   1|   0|    1|          0|
    |l2_bits_30_fu_498                 |   1|   0|    1|          0|
    |l2_bits_31_fu_502                 |   1|   0|    1|          0|
    |l2_bits_32_fu_506                 |   1|   0|    1|          0|
    |l2_bits_33_fu_510                 |   1|   0|    1|          0|
    |l2_bits_34_fu_514                 |   1|   0|    1|          0|
    |l2_bits_35_fu_518                 |   1|   0|    1|          0|
    |l2_bits_36_fu_522                 |   1|   0|    1|          0|
    |l2_bits_37_fu_526                 |   1|   0|    1|          0|
    |l2_bits_38_fu_530                 |   1|   0|    1|          0|
    |l2_bits_39_fu_534                 |   1|   0|    1|          0|
    |l2_bits_3_fu_390                  |   1|   0|    1|          0|
    |l2_bits_40_fu_538                 |   1|   0|    1|          0|
    |l2_bits_41_fu_542                 |   1|   0|    1|          0|
    |l2_bits_42_fu_546                 |   1|   0|    1|          0|
    |l2_bits_43_fu_550                 |   1|   0|    1|          0|
    |l2_bits_44_fu_554                 |   1|   0|    1|          0|
    |l2_bits_45_fu_558                 |   1|   0|    1|          0|
    |l2_bits_46_fu_562                 |   1|   0|    1|          0|
    |l2_bits_47_fu_566                 |   1|   0|    1|          0|
    |l2_bits_48_fu_570                 |   1|   0|    1|          0|
    |l2_bits_49_fu_574                 |   1|   0|    1|          0|
    |l2_bits_4_fu_394                  |   1|   0|    1|          0|
    |l2_bits_50_fu_578                 |   1|   0|    1|          0|
    |l2_bits_51_fu_582                 |   1|   0|    1|          0|
    |l2_bits_52_fu_586                 |   1|   0|    1|          0|
    |l2_bits_53_fu_590                 |   1|   0|    1|          0|
    |l2_bits_54_fu_594                 |   1|   0|    1|          0|
    |l2_bits_55_fu_598                 |   1|   0|    1|          0|
    |l2_bits_56_fu_602                 |   1|   0|    1|          0|
    |l2_bits_57_fu_606                 |   1|   0|    1|          0|
    |l2_bits_58_fu_610                 |   1|   0|    1|          0|
    |l2_bits_59_fu_614                 |   1|   0|    1|          0|
    |l2_bits_5_fu_398                  |   1|   0|    1|          0|
    |l2_bits_60_fu_618                 |   1|   0|    1|          0|
    |l2_bits_61_fu_622                 |   1|   0|    1|          0|
    |l2_bits_62_fu_626                 |   1|   0|    1|          0|
    |l2_bits_63_fu_630                 |   1|   0|    1|          0|
    |l2_bits_6_fu_402                  |   1|   0|    1|          0|
    |l2_bits_7_fu_406                  |   1|   0|    1|          0|
    |l2_bits_8_fu_410                  |   1|   0|    1|          0|
    |l2_bits_9_fu_414                  |   1|   0|    1|          0|
    |l2_bits_fu_378                    |   1|   0|    1|          0|
    |n_1_fu_374                        |   7|   0|    7|          0|
    |n_reg_5198                        |   7|   0|    7|          0|
    |trunc_ln120_reg_5207              |   6|   0|    6|          0|
    |icmp_ln120_reg_5203               |  64|  32|    1|          0|
    |n_reg_5198                        |  64|  32|    7|          0|
    |trunc_ln120_reg_5207              |  64|  32|    6|          0|
    +----------------------------------+----+----+-----+-----------+
    |Total                             | 512|  96|  334|          0|
    +----------------------------------+----+----+-----+-----------+



================================================================
== Interface
================================================================
* Summary: 
+-----------------------+-----+-----+------------+----------------------+--------------+
|       RTL Ports       | Dir | Bits|  Protocol  |     Source Object    |    C Type    |
+-----------------------+-----+-----+------------+----------------------+--------------+
|ap_clk                 |   in|    1|  ap_ctrl_hs|  bnn_Pipeline_l2_loop|  return value|
|ap_rst                 |   in|    1|  ap_ctrl_hs|  bnn_Pipeline_l2_loop|  return value|
|ap_start               |   in|    1|  ap_ctrl_hs|  bnn_Pipeline_l2_loop|  return value|
|ap_done                |  out|    1|  ap_ctrl_hs|  bnn_Pipeline_l2_loop|  return value|
|ap_idle                |  out|    1|  ap_ctrl_hs|  bnn_Pipeline_l2_loop|  return value|
|ap_ready               |  out|    1|  ap_ctrl_hs|  bnn_Pipeline_l2_loop|  return value|
|p_0_028288_reload      |   in|   16|     ap_none|     p_0_028288_reload|        scalar|
|p_0_0282_190_reload    |   in|   16|     ap_none|   p_0_0282_190_reload|        scalar|
|p_0_0282_292_reload    |   in|   16|     ap_none|   p_0_0282_292_reload|        scalar|
|p_0_0282_394_reload    |   in|   16|     ap_none|   p_0_0282_394_reload|        scalar|
|p_0_0282_496_reload    |   in|   16|     ap_none|   p_0_0282_496_reload|        scalar|
|p_0_0282_598_reload    |   in|   16|     ap_none|   p_0_0282_598_reload|        scalar|
|p_0_0282_6100_reload   |   in|   16|     ap_none|  p_0_0282_6100_reload|        scalar|
|p_0_0282_7102_reload   |   in|   16|     ap_none|  p_0_0282_7102_reload|        scalar|
|l2_out_address0        |  out|    6|   ap_memory|                l2_out|         array|
|l2_out_ce0             |  out|    1|   ap_memory|                l2_out|         array|
|l2_out_we0             |  out|    1|   ap_memory|                l2_out|         array|
|l2_out_d0              |  out|   32|   ap_memory|                l2_out|         array|
|l2_bits_63_out         |  out|    1|      ap_vld|        l2_bits_63_out|       pointer|
|l2_bits_63_out_ap_vld  |  out|    1|      ap_vld|        l2_bits_63_out|       pointer|
|l2_bits_62_out         |  out|    1|      ap_vld|        l2_bits_62_out|       pointer|
|l2_bits_62_out_ap_vld  |  out|    1|      ap_vld|        l2_bits_62_out|       pointer|
|l2_bits_61_out         |  out|    1|      ap_vld|        l2_bits_61_out|       pointer|
|l2_bits_61_out_ap_vld  |  out|    1|      ap_vld|        l2_bits_61_out|       pointer|
|l2_bits_60_out         |  out|    1|      ap_vld|        l2_bits_60_out|       pointer|
|l2_bits_60_out_ap_vld  |  out|    1|      ap_vld|        l2_bits_60_out|       pointer|
|l2_bits_59_out         |  out|    1|      ap_vld|        l2_bits_59_out|       pointer|
|l2_bits_59_out_ap_vld  |  out|    1|      ap_vld|        l2_bits_59_out|       pointer|
|l2_bits_58_out         |  out|    1|      ap_vld|        l2_bits_58_out|       pointer|
|l2_bits_58_out_ap_vld  |  out|    1|      ap_vld|        l2_bits_58_out|       pointer|
|l2_bits_57_out         |  out|    1|      ap_vld|        l2_bits_57_out|       pointer|
|l2_bits_57_out_ap_vld  |  out|    1|      ap_vld|        l2_bits_57_out|       pointer|
|l2_bits_56_out         |  out|    1|      ap_vld|        l2_bits_56_out|       pointer|
|l2_bits_56_out_ap_vld  |  out|    1|      ap_vld|        l2_bits_56_out|       pointer|
|l2_bits_55_out         |  out|    1|      ap_vld|        l2_bits_55_out|       pointer|
|l2_bits_55_out_ap_vld  |  out|    1|      ap_vld|        l2_bits_55_out|       pointer|
|l2_bits_54_out         |  out|    1|      ap_vld|        l2_bits_54_out|       pointer|
|l2_bits_54_out_ap_vld  |  out|    1|      ap_vld|        l2_bits_54_out|       pointer|
|l2_bits_53_out         |  out|    1|      ap_vld|        l2_bits_53_out|       pointer|
|l2_bits_53_out_ap_vld  |  out|    1|      ap_vld|        l2_bits_53_out|       pointer|
|l2_bits_52_out         |  out|    1|      ap_vld|        l2_bits_52_out|       pointer|
|l2_bits_52_out_ap_vld  |  out|    1|      ap_vld|        l2_bits_52_out|       pointer|
|l2_bits_51_out         |  out|    1|      ap_vld|        l2_bits_51_out|       pointer|
|l2_bits_51_out_ap_vld  |  out|    1|      ap_vld|        l2_bits_51_out|       pointer|
|l2_bits_50_out         |  out|    1|      ap_vld|        l2_bits_50_out|       pointer|
|l2_bits_50_out_ap_vld  |  out|    1|      ap_vld|        l2_bits_50_out|       pointer|
|l2_bits_49_out         |  out|    1|      ap_vld|        l2_bits_49_out|       pointer|
|l2_bits_49_out_ap_vld  |  out|    1|      ap_vld|        l2_bits_49_out|       pointer|
|l2_bits_48_out         |  out|    1|      ap_vld|        l2_bits_48_out|       pointer|
|l2_bits_48_out_ap_vld  |  out|    1|      ap_vld|        l2_bits_48_out|       pointer|
|l2_bits_47_out         |  out|    1|      ap_vld|        l2_bits_47_out|       pointer|
|l2_bits_47_out_ap_vld  |  out|    1|      ap_vld|        l2_bits_47_out|       pointer|
|l2_bits_46_out         |  out|    1|      ap_vld|        l2_bits_46_out|       pointer|
|l2_bits_46_out_ap_vld  |  out|    1|      ap_vld|        l2_bits_46_out|       pointer|
|l2_bits_45_out         |  out|    1|      ap_vld|        l2_bits_45_out|       pointer|
|l2_bits_45_out_ap_vld  |  out|    1|      ap_vld|        l2_bits_45_out|       pointer|
|l2_bits_44_out         |  out|    1|      ap_vld|        l2_bits_44_out|       pointer|
|l2_bits_44_out_ap_vld  |  out|    1|      ap_vld|        l2_bits_44_out|       pointer|
|l2_bits_43_out         |  out|    1|      ap_vld|        l2_bits_43_out|       pointer|
|l2_bits_43_out_ap_vld  |  out|    1|      ap_vld|        l2_bits_43_out|       pointer|
|l2_bits_42_out         |  out|    1|      ap_vld|        l2_bits_42_out|       pointer|
|l2_bits_42_out_ap_vld  |  out|    1|      ap_vld|        l2_bits_42_out|       pointer|
|l2_bits_41_out         |  out|    1|      ap_vld|        l2_bits_41_out|       pointer|
|l2_bits_41_out_ap_vld  |  out|    1|      ap_vld|        l2_bits_41_out|       pointer|
|l2_bits_40_out         |  out|    1|      ap_vld|        l2_bits_40_out|       pointer|
|l2_bits_40_out_ap_vld  |  out|    1|      ap_vld|        l2_bits_40_out|       pointer|
|l2_bits_39_out         |  out|    1|      ap_vld|        l2_bits_39_out|       pointer|
|l2_bits_39_out_ap_vld  |  out|    1|      ap_vld|        l2_bits_39_out|       pointer|
|l2_bits_38_out         |  out|    1|      ap_vld|        l2_bits_38_out|       pointer|
|l2_bits_38_out_ap_vld  |  out|    1|      ap_vld|        l2_bits_38_out|       pointer|
|l2_bits_37_out         |  out|    1|      ap_vld|        l2_bits_37_out|       pointer|
|l2_bits_37_out_ap_vld  |  out|    1|      ap_vld|        l2_bits_37_out|       pointer|
|l2_bits_36_out         |  out|    1|      ap_vld|        l2_bits_36_out|       pointer|
|l2_bits_36_out_ap_vld  |  out|    1|      ap_vld|        l2_bits_36_out|       pointer|
|l2_bits_35_out         |  out|    1|      ap_vld|        l2_bits_35_out|       pointer|
|l2_bits_35_out_ap_vld  |  out|    1|      ap_vld|        l2_bits_35_out|       pointer|
|l2_bits_34_out         |  out|    1|      ap_vld|        l2_bits_34_out|       pointer|
|l2_bits_34_out_ap_vld  |  out|    1|      ap_vld|        l2_bits_34_out|       pointer|
|l2_bits_33_out         |  out|    1|      ap_vld|        l2_bits_33_out|       pointer|
|l2_bits_33_out_ap_vld  |  out|    1|      ap_vld|        l2_bits_33_out|       pointer|
|l2_bits_32_out         |  out|    1|      ap_vld|        l2_bits_32_out|       pointer|
|l2_bits_32_out_ap_vld  |  out|    1|      ap_vld|        l2_bits_32_out|       pointer|
|l2_bits_31_out         |  out|    1|      ap_vld|        l2_bits_31_out|       pointer|
|l2_bits_31_out_ap_vld  |  out|    1|      ap_vld|        l2_bits_31_out|       pointer|
|l2_bits_30_out         |  out|    1|      ap_vld|        l2_bits_30_out|       pointer|
|l2_bits_30_out_ap_vld  |  out|    1|      ap_vld|        l2_bits_30_out|       pointer|
|l2_bits_29_out         |  out|    1|      ap_vld|        l2_bits_29_out|       pointer|
|l2_bits_29_out_ap_vld  |  out|    1|      ap_vld|        l2_bits_29_out|       pointer|
|l2_bits_28_out         |  out|    1|      ap_vld|        l2_bits_28_out|       pointer|
|l2_bits_28_out_ap_vld  |  out|    1|      ap_vld|        l2_bits_28_out|       pointer|
|l2_bits_27_out         |  out|    1|      ap_vld|        l2_bits_27_out|       pointer|
|l2_bits_27_out_ap_vld  |  out|    1|      ap_vld|        l2_bits_27_out|       pointer|
|l2_bits_26_out         |  out|    1|      ap_vld|        l2_bits_26_out|       pointer|
|l2_bits_26_out_ap_vld  |  out|    1|      ap_vld|        l2_bits_26_out|       pointer|
|l2_bits_25_out         |  out|    1|      ap_vld|        l2_bits_25_out|       pointer|
|l2_bits_25_out_ap_vld  |  out|    1|      ap_vld|        l2_bits_25_out|       pointer|
|l2_bits_24_out         |  out|    1|      ap_vld|        l2_bits_24_out|       pointer|
|l2_bits_24_out_ap_vld  |  out|    1|      ap_vld|        l2_bits_24_out|       pointer|
|l2_bits_23_out         |  out|    1|      ap_vld|        l2_bits_23_out|       pointer|
|l2_bits_23_out_ap_vld  |  out|    1|      ap_vld|        l2_bits_23_out|       pointer|
|l2_bits_22_out         |  out|    1|      ap_vld|        l2_bits_22_out|       pointer|
|l2_bits_22_out_ap_vld  |  out|    1|      ap_vld|        l2_bits_22_out|       pointer|
|l2_bits_21_out         |  out|    1|      ap_vld|        l2_bits_21_out|       pointer|
|l2_bits_21_out_ap_vld  |  out|    1|      ap_vld|        l2_bits_21_out|       pointer|
|l2_bits_20_out         |  out|    1|      ap_vld|        l2_bits_20_out|       pointer|
|l2_bits_20_out_ap_vld  |  out|    1|      ap_vld|        l2_bits_20_out|       pointer|
|l2_bits_19_out         |  out|    1|      ap_vld|        l2_bits_19_out|       pointer|
|l2_bits_19_out_ap_vld  |  out|    1|      ap_vld|        l2_bits_19_out|       pointer|
|l2_bits_18_out         |  out|    1|      ap_vld|        l2_bits_18_out|       pointer|
|l2_bits_18_out_ap_vld  |  out|    1|      ap_vld|        l2_bits_18_out|       pointer|
|l2_bits_17_out         |  out|    1|      ap_vld|        l2_bits_17_out|       pointer|
|l2_bits_17_out_ap_vld  |  out|    1|      ap_vld|        l2_bits_17_out|       pointer|
|l2_bits_16_out         |  out|    1|      ap_vld|        l2_bits_16_out|       pointer|
|l2_bits_16_out_ap_vld  |  out|    1|      ap_vld|        l2_bits_16_out|       pointer|
|l2_bits_15_out         |  out|    1|      ap_vld|        l2_bits_15_out|       pointer|
|l2_bits_15_out_ap_vld  |  out|    1|      ap_vld|        l2_bits_15_out|       pointer|
|l2_bits_14_out         |  out|    1|      ap_vld|        l2_bits_14_out|       pointer|
|l2_bits_14_out_ap_vld  |  out|    1|      ap_vld|        l2_bits_14_out|       pointer|
|l2_bits_13_out         |  out|    1|      ap_vld|        l2_bits_13_out|       pointer|
|l2_bits_13_out_ap_vld  |  out|    1|      ap_vld|        l2_bits_13_out|       pointer|
|l2_bits_12_out         |  out|    1|      ap_vld|        l2_bits_12_out|       pointer|
|l2_bits_12_out_ap_vld  |  out|    1|      ap_vld|        l2_bits_12_out|       pointer|
|l2_bits_11_out         |  out|    1|      ap_vld|        l2_bits_11_out|       pointer|
|l2_bits_11_out_ap_vld  |  out|    1|      ap_vld|        l2_bits_11_out|       pointer|
|l2_bits_10_out         |  out|    1|      ap_vld|        l2_bits_10_out|       pointer|
|l2_bits_10_out_ap_vld  |  out|    1|      ap_vld|        l2_bits_10_out|       pointer|
|l2_bits_9_out          |  out|    1|      ap_vld|         l2_bits_9_out|       pointer|
|l2_bits_9_out_ap_vld   |  out|    1|      ap_vld|         l2_bits_9_out|       pointer|
|l2_bits_8_out          |  out|    1|      ap_vld|         l2_bits_8_out|       pointer|
|l2_bits_8_out_ap_vld   |  out|    1|      ap_vld|         l2_bits_8_out|       pointer|
|l2_bits_7_out          |  out|    1|      ap_vld|         l2_bits_7_out|       pointer|
|l2_bits_7_out_ap_vld   |  out|    1|      ap_vld|         l2_bits_7_out|       pointer|
|l2_bits_6_out          |  out|    1|      ap_vld|         l2_bits_6_out|       pointer|
|l2_bits_6_out_ap_vld   |  out|    1|      ap_vld|         l2_bits_6_out|       pointer|
|l2_bits_5_out          |  out|    1|      ap_vld|         l2_bits_5_out|       pointer|
|l2_bits_5_out_ap_vld   |  out|    1|      ap_vld|         l2_bits_5_out|       pointer|
|l2_bits_4_out          |  out|    1|      ap_vld|         l2_bits_4_out|       pointer|
|l2_bits_4_out_ap_vld   |  out|    1|      ap_vld|         l2_bits_4_out|       pointer|
|l2_bits_3_out          |  out|    1|      ap_vld|         l2_bits_3_out|       pointer|
|l2_bits_3_out_ap_vld   |  out|    1|      ap_vld|         l2_bits_3_out|       pointer|
|l2_bits_2_out          |  out|    1|      ap_vld|         l2_bits_2_out|       pointer|
|l2_bits_2_out_ap_vld   |  out|    1|      ap_vld|         l2_bits_2_out|       pointer|
|l2_bits_1_out          |  out|    1|      ap_vld|         l2_bits_1_out|       pointer|
|l2_bits_1_out_ap_vld   |  out|    1|      ap_vld|         l2_bits_1_out|       pointer|
|l2_bits_out            |  out|    1|      ap_vld|           l2_bits_out|       pointer|
|l2_bits_out_ap_vld     |  out|    1|      ap_vld|           l2_bits_out|       pointer|
+-----------------------+-----+-----+------------+----------------------+--------------+

