

================================================================
== Vitis HLS Report for 'bnn_Pipeline_VITIS_LOOP_82_1_VITIS_LOOP_50_1'
================================================================
* Date:           Mon Dec  8 16:26:34 2025

* Version:        2024.2 (Build 5238294 on Nov  8 2024)
* Project:        bnn.comp
* Solution:       hls (Vivado IP Flow Target)
* Product family: zynq
* Target device:  xc7z020-clg400-1


================================================================
== Performance Estimates
================================================================
+ Timing: 
    * Summary: 
    +--------+----------+----------+------------+
    |  Clock |  Target  | Estimated| Uncertainty|
    +--------+----------+----------+------------+
    |ap_clk  |  10.00 ns|  6.704 ns|     2.70 ns|
    +--------+----------+----------+------------+

+ Latency: 
    * Summary: 
    +---------+---------+-----------+-----------+------+------+------------------------------------------------+
    |  Latency (cycles) |   Latency (absolute)  |   Interval  |                    Pipeline                    |
    |   min   |   max   |    min    |    max    |  min |  max |                      Type                      |
    +---------+---------+-----------+-----------+------+------+------------------------------------------------+
    |     6280|     6280|  62.800 us|  62.800 us|  6273|  6273|  loop auto-rewind stp (delay=0 clock cycles(s))|
    +---------+---------+-----------+-----------+------+------+------------------------------------------------+

    + Detail: 
        * Instance: 
        N/A

        * Loop: 
        +-----------------------------------+---------+---------+----------+-----------+-----------+------+----------+
        |                                   |  Latency (cycles) | Iteration|  Initiation Interval  | Trip |          |
        |             Loop Name             |   min   |   max   |  Latency |  achieved |   target  | Count| Pipelined|
        +-----------------------------------+---------+---------+----------+-----------+-----------+------+----------+
        |- VITIS_LOOP_82_1_VITIS_LOOP_50_1  |     6278|     6278|         8|          1|          1|  6272|       yes|
        +-----------------------------------+---------+---------+----------+-----------+-----------+------+----------+



================================================================
== Utilization Estimates
================================================================
* Summary: 
+-----------------+---------+-----+--------+-------+-----+
|       Name      | BRAM_18K| DSP |   FF   |  LUT  | URAM|
+-----------------+---------+-----+--------+-------+-----+
|DSP              |        -|    1|       -|      -|    -|
|Expression       |        -|    -|       0|    480|    -|
|FIFO             |        -|    -|       -|      -|    -|
|Instance         |        -|    -|       -|      -|    -|
|Memory           |        8|    -|       0|      0|    -|
|Multiplexer      |        -|    -|       0|     63|    -|
|Register         |        -|    -|     409|    160|    -|
+-----------------+---------+-----+--------+-------+-----+
|Total            |        8|    1|     409|    703|    0|
+-----------------+---------+-----+--------+-------+-----+
|Available        |      280|  220|  106400|  53200|    0|
+-----------------+---------+-----+--------+-------+-----+
|Utilization (%)  |        2|   ~0|      ~0|      1|    0|
+-----------------+---------+-----+--------+-------+-----+

+ Detail: 
    * Instance: 
    N/A

    * DSP: 
    +----------------------------------+-------------------------------+--------------+
    |             Instance             |             Module            |  Expression  |
    +----------------------------------+-------------------------------+--------------+
    |mac_muladd_8ns_6ns_6ns_13_4_1_U1  |mac_muladd_8ns_6ns_6ns_13_4_1  |  i0 + i1 * i2|
    +----------------------------------+-------------------------------+--------------+

    * Memory: 
    +-------+-------------------------------------------------------------+---------+---+----+-----+------+-----+------+-------------+
    | Memory|                            Module                           | BRAM_18K| FF| LUT| URAM| Words| Bits| Banks| W*Bits*Banks|
    +-------+-------------------------------------------------------------+---------+---+----+-----+------+-----+------+-------------+
    |w1_U   |bnn_Pipeline_VITIS_LOOP_82_1_VITIS_LOOP_50_1_w1_ROM_AUTO_1R  |        8|  0|   0|    0|  6272|   16|     1|       100352|
    +-------+-------------------------------------------------------------+---------+---+----+-----+------+-----+------+-------------+
    |Total  |                                                             |        8|  0|   0|    0|  6272|   16|     1|       100352|
    +-------+-------------------------------------------------------------+---------+---+----+-----+------+-----+------+-------------+

    * FIFO: 
    N/A

    * Expression: 
    +--------------------------+----------+----+---+----+------------+------------+
    |       Variable Name      | Operation| DSP| FF| LUT| Bitwidth P0| Bitwidth P1|
    +--------------------------+----------+----+---+----+------------+------------+
    |add_ln50_fu_410_p2        |         +|   0|  0|  14|           6|           1|
    |add_ln56_10_fu_1267_p2    |         +|   0|  0|  10|           2|           2|
    |add_ln56_11_fu_1277_p2    |         +|   0|  0|  10|           2|           2|
    |add_ln56_12_fu_1287_p2    |         +|   0|  0|  11|           3|           3|
    |add_ln56_13_fu_1325_p2    |         +|   0|  0|  13|           4|           4|
    |add_ln56_14_fu_1335_p2    |         +|   0|  0|  13|           5|           5|
    |add_ln56_1_fu_1199_p2     |         +|   0|  0|  10|           2|           2|
    |add_ln56_2_fu_1209_p2     |         +|   0|  0|  11|           3|           3|
    |add_ln56_3_fu_1215_p2     |         +|   0|  0|  10|           2|           2|
    |add_ln56_4_fu_1225_p2     |         +|   0|  0|  10|           2|           2|
    |add_ln56_5_fu_1235_p2     |         +|   0|  0|  11|           3|           3|
    |add_ln56_6_fu_1309_p2     |         +|   0|  0|  13|           4|           4|
    |add_ln56_7_fu_1241_p2     |         +|   0|  0|  10|           2|           2|
    |add_ln56_8_fu_1251_p2     |         +|   0|  0|  10|           2|           2|
    |add_ln56_9_fu_1261_p2     |         +|   0|  0|  11|           3|           3|
    |add_ln56_fu_1189_p2       |         +|   0|  0|  10|           2|           2|
    |add_ln82_1_fu_388_p2      |         +|   0|  0|  15|           8|           1|
    |add_ln82_fu_357_p2        |         +|   0|  0|  14|          13|           1|
    |dot_fu_1374_p2            |         +|   0|  0|  12|          11|          11|
    |same_1_fu_1345_p2         |         +|   0|  0|  13|          10|          10|
    |icmp_ln50_1_fu_416_p2     |      icmp|   0|  0|  14|           6|           5|
    |icmp_ln50_fu_374_p2       |      icmp|   0|  0|  14|           6|           5|
    |icmp_ln82_fu_351_p2       |      icmp|   0|  0|  14|          13|          12|
    |icmp_ln91_fu_1380_p2      |      icmp|   0|  0|  12|          11|           1|
    |select_ln82_1_fu_1296_p3  |    select|   0|  0|  10|           1|           1|
    |select_ln82_2_fu_394_p3   |    select|   0|  0|   8|           1|           8|
    |select_ln82_fu_380_p3     |    select|   0|  0|   6|           1|           1|
    |ap_enable_pp0             |       xor|   0|  0|   2|           1|           2|
    |xnor_fu_909_p2            |       xor|   0|  0|  16|          16|          16|
    |xor_ln11_10_fu_975_p2     |       xor|   0|  0|   6|           6|           6|
    |xor_ln11_11_fu_981_p2     |       xor|   0|  0|   5|           5|           5|
    |xor_ln11_12_fu_987_p2     |       xor|   0|  0|   4|           4|           4|
    |xor_ln11_13_fu_993_p2     |       xor|   0|  0|   3|           3|           3|
    |xor_ln11_14_fu_999_p2     |       xor|   0|  0|   2|           2|           2|
    |xor_ln11_1_fu_921_p2      |       xor|   0|  0|  15|          15|          15|
    |xor_ln11_2_fu_927_p2      |       xor|   0|  0|  14|          14|          14|
    |xor_ln11_3_fu_933_p2      |       xor|   0|  0|  13|          13|          13|
    |xor_ln11_4_fu_939_p2      |       xor|   0|  0|  12|          12|          12|
    |xor_ln11_5_fu_945_p2      |       xor|   0|  0|  11|          11|          11|
    |xor_ln11_6_fu_951_p2      |       xor|   0|  0|  10|          10|          10|
    |xor_ln11_7_fu_957_p2      |       xor|   0|  0|   9|           9|           9|
    |xor_ln11_8_fu_963_p2      |       xor|   0|  0|   8|           8|           8|
    |xor_ln11_9_fu_969_p2      |       xor|   0|  0|   7|           7|           7|
    |xor_ln11_fu_915_p2        |       xor|   0|  0|   2|           1|           1|
    |xor_ln55_14_fu_465_p2     |       xor|   0|  0|   2|           1|           2|
    |xor_ln55_15_fu_899_p2     |       xor|   0|  0|   2|           1|           2|
    |xor_ln55_16_fu_517_p2     |       xor|   0|  0|   2|           1|           2|
    |xor_ln55_17_fu_547_p2     |       xor|   0|  0|   2|           1|           2|
    |xor_ln55_18_fu_577_p2     |       xor|   0|  0|   2|           1|           2|
    |xor_ln55_19_fu_607_p2     |       xor|   0|  0|   2|           1|           2|
    |xor_ln55_20_fu_637_p2     |       xor|   0|  0|   2|           1|           2|
    |xor_ln55_21_fu_667_p2     |       xor|   0|  0|   2|           1|           2|
    |xor_ln55_22_fu_697_p2     |       xor|   0|  0|   2|           1|           2|
    |xor_ln55_23_fu_727_p2     |       xor|   0|  0|   2|           1|           2|
    |xor_ln55_24_fu_757_p2     |       xor|   0|  0|   2|           1|           2|
    |xor_ln55_25_fu_787_p2     |       xor|   0|  0|   2|           1|           2|
    |xor_ln55_26_fu_817_p2     |       xor|   0|  0|   2|           1|           2|
    |xor_ln55_27_fu_847_p2     |       xor|   0|  0|   2|           1|           2|
    |xor_ln55_28_fu_877_p2     |       xor|   0|  0|   2|           1|           2|
    |xor_ln55_fu_491_p2        |       xor|   0|  0|   2|           1|           2|
    +--------------------------+----------+----+---+----+------------+------------+
    |Total                     |          |   0|  0| 480|         281|         268|
    +--------------------------+----------+----+---+----+------------+------------+

    * Multiplexer: 
    +--------------------------------------+----+-----------+-----+-----------+
    |                 Name                 | LUT| Input Size| Bits| Total Bits|
    +--------------------------------------+----+-----------+-----+-----------+
    |ap_done_int                           |   9|          2|    1|          2|
    |ap_enable_reg_pp0_iter1               |   9|          2|    1|          2|
    |ap_sig_allocacmp_indvar_flatten_load  |   9|          2|   13|         26|
    |indvar_flatten_fu_194                 |   9|          2|   13|         26|
    |n_fu_190                              |   9|          2|    8|         16|
    |same_fu_182                           |   9|          2|   10|         20|
    |w_fu_186                              |   9|          2|    6|         12|
    +--------------------------------------+----+-----------+-----+-----------+
    |Total                                 |  63|         14|   52|        104|
    +--------------------------------------+----+-----------+-----+-----------+

    * Register: 
    +----------------------------------+----+----+-----+-----------+
    |               Name               | FF | LUT| Bits| Const Bits|
    +----------------------------------+----+----+-----+-----------+
    |add_ln56_12_reg_1494              |   3|   0|    3|          0|
    |add_ln56_2_reg_1479               |   3|   0|    3|          0|
    |add_ln56_5_reg_1484               |   3|   0|    3|          0|
    |add_ln56_9_reg_1489               |   3|   0|    3|          0|
    |ap_CS_fsm                         |   1|   0|    1|          0|
    |ap_done_reg                       |   1|   0|    1|          0|
    |ap_enable_reg_pp0_iter1           |   1|   0|    1|          0|
    |ap_enable_reg_pp0_iter2           |   1|   0|    1|          0|
    |ap_enable_reg_pp0_iter3           |   1|   0|    1|          0|
    |ap_enable_reg_pp0_iter4           |   1|   0|    1|          0|
    |ap_enable_reg_pp0_iter5           |   1|   0|    1|          0|
    |ap_enable_reg_pp0_iter6           |   1|   0|    1|          0|
    |ap_enable_reg_pp0_iter7           |   1|   0|    1|          0|
    |ap_loop_exit_ready_pp0_iter1_reg  |   1|   0|    1|          0|
    |ap_loop_exit_ready_pp0_iter2_reg  |   1|   0|    1|          0|
    |ap_loop_exit_ready_pp0_iter3_reg  |   1|   0|    1|          0|
    |ap_loop_exit_ready_pp0_iter4_reg  |   1|   0|    1|          0|
    |ap_loop_exit_ready_pp0_iter5_reg  |   1|   0|    1|          0|
    |ap_loop_exit_ready_pp0_iter6_reg  |   1|   0|    1|          0|
    |icmp_ln50_1_reg_1455              |   1|   0|    1|          0|
    |icmp_ln50_reg_1435                |   1|   0|    1|          0|
    |indvar_flatten_fu_194             |  13|   0|   13|          0|
    |lshr_ln_reg_1459                  |   4|   0|    4|          0|
    |n_fu_190                          |   8|   0|    8|          0|
    |same_1_reg_1499                   |  10|   0|   10|          0|
    |same_fu_182                       |  10|   0|   10|          0|
    |select_ln82_reg_1440              |   6|   0|    6|          0|
    |trunc_ln82_reg_1451               |   3|   0|    3|          0|
    |w_fu_186                          |   6|   0|    6|          0|
    |icmp_ln50_1_reg_1455              |  64|  32|    1|          0|
    |icmp_ln50_reg_1435                |  64|  32|    1|          0|
    |lshr_ln_reg_1459                  |  64|  32|    4|          0|
    |select_ln82_reg_1440              |  64|  32|    6|          0|
    |trunc_ln82_reg_1451               |  64|  32|    3|          0|
    +----------------------------------+----+----+-----+-----------+
    |Total                             | 409| 160|  104|          0|
    +----------------------------------+----+----+-----+-----------+



================================================================
== Interface
================================================================
* Summary: 
+--------------------+-----+-----+------------+----------------------------------------------+--------------+
|      RTL Ports     | Dir | Bits|  Protocol  |                 Source Object                |    C Type    |
+--------------------+-----+-----+------------+----------------------------------------------+--------------+
|ap_clk              |   in|    1|  ap_ctrl_hs|  bnn_Pipeline_VITIS_LOOP_82_1_VITIS_LOOP_50_1|  return value|
|ap_rst              |   in|    1|  ap_ctrl_hs|  bnn_Pipeline_VITIS_LOOP_82_1_VITIS_LOOP_50_1|  return value|
|ap_start            |   in|    1|  ap_ctrl_hs|  bnn_Pipeline_VITIS_LOOP_82_1_VITIS_LOOP_50_1|  return value|
|ap_done             |  out|    1|  ap_ctrl_hs|  bnn_Pipeline_VITIS_LOOP_82_1_VITIS_LOOP_50_1|  return value|
|ap_idle             |  out|    1|  ap_ctrl_hs|  bnn_Pipeline_VITIS_LOOP_82_1_VITIS_LOOP_50_1|  return value|
|ap_ready            |  out|    1|  ap_ctrl_hs|  bnn_Pipeline_VITIS_LOOP_82_1_VITIS_LOOP_50_1|  return value|
|IN_r_address0       |  out|    6|   ap_memory|                                          IN_r|         array|
|IN_r_ce0            |  out|    1|   ap_memory|                                          IN_r|         array|
|IN_r_q0             |   in|   16|   ap_memory|                                          IN_r|         array|
|l1_bits_address0    |  out|    4|   ap_memory|                                       l1_bits|         array|
|l1_bits_ce0         |  out|    1|   ap_memory|                                       l1_bits|         array|
|l1_bits_we0         |  out|    1|   ap_memory|                                       l1_bits|         array|
|l1_bits_d0          |  out|    1|   ap_memory|                                       l1_bits|         array|
|l1_bits_1_address0  |  out|    4|   ap_memory|                                     l1_bits_1|         array|
|l1_bits_1_ce0       |  out|    1|   ap_memory|                                     l1_bits_1|         array|
|l1_bits_1_we0       |  out|    1|   ap_memory|                                     l1_bits_1|         array|
|l1_bits_1_d0        |  out|    1|   ap_memory|                                     l1_bits_1|         array|
|l1_bits_2_address0  |  out|    4|   ap_memory|                                     l1_bits_2|         array|
|l1_bits_2_ce0       |  out|    1|   ap_memory|                                     l1_bits_2|         array|
|l1_bits_2_we0       |  out|    1|   ap_memory|                                     l1_bits_2|         array|
|l1_bits_2_d0        |  out|    1|   ap_memory|                                     l1_bits_2|         array|
|l1_bits_3_address0  |  out|    4|   ap_memory|                                     l1_bits_3|         array|
|l1_bits_3_ce0       |  out|    1|   ap_memory|                                     l1_bits_3|         array|
|l1_bits_3_we0       |  out|    1|   ap_memory|                                     l1_bits_3|         array|
|l1_bits_3_d0        |  out|    1|   ap_memory|                                     l1_bits_3|         array|
|l1_bits_4_address0  |  out|    4|   ap_memory|                                     l1_bits_4|         array|
|l1_bits_4_ce0       |  out|    1|   ap_memory|                                     l1_bits_4|         array|
|l1_bits_4_we0       |  out|    1|   ap_memory|                                     l1_bits_4|         array|
|l1_bits_4_d0        |  out|    1|   ap_memory|                                     l1_bits_4|         array|
|l1_bits_5_address0  |  out|    4|   ap_memory|                                     l1_bits_5|         array|
|l1_bits_5_ce0       |  out|    1|   ap_memory|                                     l1_bits_5|         array|
|l1_bits_5_we0       |  out|    1|   ap_memory|                                     l1_bits_5|         array|
|l1_bits_5_d0        |  out|    1|   ap_memory|                                     l1_bits_5|         array|
|l1_bits_6_address0  |  out|    4|   ap_memory|                                     l1_bits_6|         array|
|l1_bits_6_ce0       |  out|    1|   ap_memory|                                     l1_bits_6|         array|
|l1_bits_6_we0       |  out|    1|   ap_memory|                                     l1_bits_6|         array|
|l1_bits_6_d0        |  out|    1|   ap_memory|                                     l1_bits_6|         array|
|l1_bits_7_address0  |  out|    4|   ap_memory|                                     l1_bits_7|         array|
|l1_bits_7_ce0       |  out|    1|   ap_memory|                                     l1_bits_7|         array|
|l1_bits_7_we0       |  out|    1|   ap_memory|                                     l1_bits_7|         array|
|l1_bits_7_d0        |  out|    1|   ap_memory|                                     l1_bits_7|         array|
+--------------------+-----+-----+------------+----------------------------------------------+--------------+

