================================================================
== Design Size Report
================================================================

* Total Instructions per Compilation Phase
+---------------+-----------------------------+--------------+----------------------------------------------------------------------------------------+
| Phase         | Step                        | Instructions | Description                                                                            |
+---------------+-----------------------------+--------------+----------------------------------------------------------------------------------------+
| Compile/Link  |                             |   292        | After all functions are compiled and linked into a single design                       |
|               |                             |              |                                                                                        |
| Unroll/Inline |                             |              | After user unroll and inline pragmas are applied                                       |
|               | (1) unroll                  |   273        | user unroll pragmas are applied                                                        |
|               | (2) simplification          |   219        | simplification of applied user unroll pragmas                                          |
|               | (3) inline                  |   173        | user inline pragmas are applied                                                        |
|               | (4) simplification          |   170        | simplification of applied user inline pragmas                                          |
|               |                             |              |                                                                                        |
| Array/Struct  |                             |              | After user array partition and struct aggregate/disaggregate pragmas are applied       |
|               | (1) array partition         |   162        | user array partition pragmas are applied                                               |
|               | (2) simplification          |   162        | simplification of applied user array partition & struct aggregate/disaggregate pragmas |
|               | (3) aggregate/disaggregate  |   162        | user struct aggregate/disaggregate pragmas are applied                                 |
|               | (4) array reshape           |   162        | apply array reshape pragmas                                                            |
|               | (5) access patterns         |   170        | array access pattern optmizations                                                      |
|               |                             |              |                                                                                        |
| Performance   |                             |              | After transformations are applied to meet performance pragma targets                   |
|               | (1) loop simplification     |   170        | loop and instruction simplification                                                    |
|               | (2) parallelization         |   616        | loops are unrolled or pipelined to meet performance targets                            |
|               | (3) array partition         | 1,274        | arrays are partitioned to meet performance targets                                     |
|               | (4) simplification          |   735        | simplification of design after performance transformations                             |
|               |                             |              |                                                                                        |
| HW Transforms |                             |              | After hardware transfomations                                                          |
|               | (1) lowering                |   739        | initial conversion to HW specific instructions                                         |
|               | (2) optimizations           |   745        | high level synthesis optimizations                                                     |
+---------------+-----------------------------+--------------+----------------------------------------------------------------------------------------+

* Instructions per Function for each Compilation Phase
+----------------+------------+---------------+---------------+--------------+-------------+---------------+
| Function       | Location   | Compile/Link  | Unroll/Inline | Array/Struct | Performance | HW Transforms |
+----------------+------------+---------------+---------------+--------------+-------------+---------------+
| + bnn          | bnn.cpp:64 | 292           | 170           | 170          | 735         | 745           |
|  + binary_dot  | bnn.cpp:41 | 123 (3 calls) |               |              |             |               |
|     popcount16 | bnn.cpp:6  |  45 (3 calls) |               |              |             |               |
|    pack_bits   | bnn.cpp:17 |  84 (2 calls) |               |              |             |               |
+----------------+------------+---------------+---------------+--------------+-------------+---------------+

* Design Size Message Settings
+---------------------------------------------+--------+------------------------------------------------------------------+
| Message Setting                             | Value  | Description                                                      |
+---------------------------------------------+--------+------------------------------------------------------------------+
| config_compile -design_size_maximum_warning | 100000 | Show a warning when total design instructions exceeds this value |
+---------------------------------------------+--------+------------------------------------------------------------------+


