

================================================================
== Vitis HLS Report for 'bnn'
================================================================
* Date:           Wed Dec 10 17:08:04 2025

* Version:        2024.2 (Build 5238294 on Nov  8 2024)
* Project:        bnn.comp
* Solution:       hls (Vivado IP Flow Target)
* Product family: zynq
* Target device:  xc7z020-clg400-1


================================================================
== Performance Estimates
================================================================
+ Timing: 
    * Summary: 
    +--------+----------+----------+------------+
    |  Clock |  Target  | Estimated| Uncertainty|
    +--------+----------+----------+------------+
    |ap_clk  |  10.00 ns|  7.188 ns|     2.70 ns|
    +--------+----------+----------+------------+

+ Latency: 
    * Summary: 
    +---------+---------+----------+----------+-----+-----+---------+
    |  Latency (cycles) |  Latency (absolute) |  Interval | Pipeline|
    |   min   |   max   |    min   |    max   | min | max |   Type  |
    +---------+---------+----------+----------+-----+-----+---------+
    |      294|      294|  2.940 us|  2.940 us|  295|  295|       no|
    +---------+---------+----------+----------+-----+-----+---------+

    + Detail: 
        * Instance: 
        +-------------------------------------+-------------------------+---------+---------+-----------+-----------+-----+-----+------------------------------------------------+
        |                                     |                         |  Latency (cycles) |   Latency (absolute)  |  Interval |                    Pipeline                    |
        |               Instance              |          Module         |   min   |   max   |    min    |    max    | min | max |                      Type                      |
        +-------------------------------------+-------------------------+---------+---------+-----------+-----------+-----+-----+------------------------------------------------+
        |grp_bnn_Pipeline_l1_loop_fu_1420     |bnn_Pipeline_l1_loop     |      135|      135|   1.350 us|   1.350 us|  129|  129|  loop auto-rewind stp (delay=0 clock cycles(s))|
        |grp_bnn_Pipeline_pack_loop_fu_1606   |bnn_Pipeline_pack_loop   |       10|       10|   0.100 us|   0.100 us|    9|    9|  loop auto-rewind stp (delay=0 clock cycles(s))|
        |grp_bnn_Pipeline_l2_loop_fu_1746     |bnn_Pipeline_l2_loop     |       70|       70|   0.700 us|   0.700 us|   65|   65|  loop auto-rewind stp (delay=0 clock cycles(s))|
        |grp_bnn_Pipeline_pack_loop1_fu_1826  |bnn_Pipeline_pack_loop1  |        6|        6|  60.000 ns|  60.000 ns|    5|    5|  loop auto-rewind stp (delay=0 clock cycles(s))|
        |grp_bnn_Pipeline_l3_loop_fu_1898     |bnn_Pipeline_l3_loop     |       15|       15|   0.150 us|   0.150 us|   11|   11|  loop auto-rewind stp (delay=0 clock cycles(s))|
        +-------------------------------------+-------------------------+---------+---------+-----------+-----------+-----+-----+------------------------------------------------+

        * Loop: 
        N/A



================================================================
== Utilization Estimates
================================================================
* Summary: 
+-----------------+---------+-----+--------+-------+-----+
|       Name      | BRAM_18K| DSP |   FF   |  LUT  | URAM|
+-----------------+---------+-----+--------+-------+-----+
|DSP              |        -|    -|       -|      -|    -|
|Expression       |        -|    -|       -|      -|    -|
|FIFO             |        -|    -|       -|      -|    -|
|Instance         |      208|    -|    2934|  15124|    -|
|Memory           |        -|    -|       -|      -|    -|
|Multiplexer      |        -|    -|       0|    474|    -|
|Register         |        -|    -|     848|      -|    -|
+-----------------+---------+-----+--------+-------+-----+
|Total            |      208|    0|    3782|  15598|    0|
+-----------------+---------+-----+--------+-------+-----+
|Available        |      280|  220|  106400|  53200|    0|
+-----------------+---------+-----+--------+-------+-----+
|Utilization (%)  |       74|    0|       3|     29|    0|
+-----------------+---------+-----+--------+-------+-----+

+ Detail: 
    * Instance: 
    +-------------------------------------+-------------------------+---------+----+------+-------+-----+
    |               Instance              |          Module         | BRAM_18K| DSP|  FF  |  LUT  | URAM|
    +-------------------------------------+-------------------------+---------+----+------+-------+-----+
    |CTRL_s_axi_U                         |CTRL_s_axi               |        4|   0|   452|    338|    0|
    |grp_bnn_Pipeline_l1_loop_fu_1420     |bnn_Pipeline_l1_loop     |      200|   0|  1567|  10897|    0|
    |grp_bnn_Pipeline_l2_loop_fu_1746     |bnn_Pipeline_l2_loop     |        4|   0|   512|   1850|    0|
    |grp_bnn_Pipeline_l3_loop_fu_1898     |bnn_Pipeline_l3_loop     |        0|   0|   200|    943|    0|
    |grp_bnn_Pipeline_pack_loop_fu_1606   |bnn_Pipeline_pack_loop   |        0|   0|   134|    725|    0|
    |grp_bnn_Pipeline_pack_loop1_fu_1826  |bnn_Pipeline_pack_loop1  |        0|   0|    69|    371|    0|
    +-------------------------------------+-------------------------+---------+----+------+-------+-----+
    |Total                                |                         |      208|   0|  2934|  15124|    0|
    +-------------------------------------+-------------------------+---------+----+------+-------+-----+

    * DSP: 
    N/A

    * Memory: 
    N/A

    * FIFO: 
    N/A

    * Expression: 
    N/A

    * Multiplexer: 
    +---------------------+-----+-----------+-----+-----------+
    |         Name        | LUT | Input Size| Bits| Total Bits|
    +---------------------+-----+-----------+-----+-----------+
    |IN_r_address0_local  |  217|         50|    6|        300|
    |ap_NS_fsm            |  257|         60|    1|         60|
    +---------------------+-----+-----------+-----+-----------+
    |Total                |  474|        110|    7|        360|
    +---------------------+-----+-----------+-----+-----------+

    * Register: 
    +--------------------------------------------------+----+----+-----+-----------+
    |                       Name                       | FF | LUT| Bits| Const Bits|
    +--------------------------------------------------+----+----+-----+-----------+
    |IN_r_load_10_reg_4055                             |  16|   0|   16|          0|
    |IN_r_load_11_reg_4065                             |  16|   0|   16|          0|
    |IN_r_load_12_reg_4075                             |  16|   0|   16|          0|
    |IN_r_load_13_reg_4085                             |  16|   0|   16|          0|
    |IN_r_load_14_reg_4095                             |  16|   0|   16|          0|
    |IN_r_load_15_reg_4105                             |  16|   0|   16|          0|
    |IN_r_load_16_reg_4115                             |  16|   0|   16|          0|
    |IN_r_load_17_reg_4125                             |  16|   0|   16|          0|
    |IN_r_load_18_reg_4135                             |  16|   0|   16|          0|
    |IN_r_load_19_reg_4145                             |  16|   0|   16|          0|
    |IN_r_load_1_reg_3965                              |  16|   0|   16|          0|
    |IN_r_load_20_reg_4155                             |  16|   0|   16|          0|
    |IN_r_load_21_reg_4165                             |  16|   0|   16|          0|
    |IN_r_load_22_reg_4175                             |  16|   0|   16|          0|
    |IN_r_load_23_reg_4185                             |  16|   0|   16|          0|
    |IN_r_load_24_reg_4195                             |  16|   0|   16|          0|
    |IN_r_load_25_reg_4205                             |  16|   0|   16|          0|
    |IN_r_load_26_reg_4215                             |  16|   0|   16|          0|
    |IN_r_load_27_reg_4225                             |  16|   0|   16|          0|
    |IN_r_load_28_reg_4235                             |  16|   0|   16|          0|
    |IN_r_load_29_reg_4245                             |  16|   0|   16|          0|
    |IN_r_load_2_reg_3975                              |  16|   0|   16|          0|
    |IN_r_load_30_reg_4255                             |  16|   0|   16|          0|
    |IN_r_load_31_reg_4265                             |  16|   0|   16|          0|
    |IN_r_load_32_reg_4275                             |  16|   0|   16|          0|
    |IN_r_load_33_reg_4285                             |  16|   0|   16|          0|
    |IN_r_load_34_reg_4295                             |  16|   0|   16|          0|
    |IN_r_load_35_reg_4305                             |  16|   0|   16|          0|
    |IN_r_load_36_reg_4315                             |  16|   0|   16|          0|
    |IN_r_load_37_reg_4325                             |  16|   0|   16|          0|
    |IN_r_load_38_reg_4335                             |  16|   0|   16|          0|
    |IN_r_load_39_reg_4345                             |  16|   0|   16|          0|
    |IN_r_load_3_reg_3985                              |  16|   0|   16|          0|
    |IN_r_load_40_reg_4355                             |  16|   0|   16|          0|
    |IN_r_load_41_reg_4365                             |  16|   0|   16|          0|
    |IN_r_load_42_reg_4375                             |  16|   0|   16|          0|
    |IN_r_load_43_reg_4385                             |  16|   0|   16|          0|
    |IN_r_load_44_reg_4395                             |  16|   0|   16|          0|
    |IN_r_load_45_reg_4405                             |  16|   0|   16|          0|
    |IN_r_load_46_reg_4415                             |  16|   0|   16|          0|
    |IN_r_load_47_reg_4425                             |  16|   0|   16|          0|
    |IN_r_load_48_reg_4435                             |  16|   0|   16|          0|
    |IN_r_load_4_reg_3995                              |  16|   0|   16|          0|
    |IN_r_load_5_reg_4005                              |  16|   0|   16|          0|
    |IN_r_load_6_reg_4015                              |  16|   0|   16|          0|
    |IN_r_load_7_reg_4025                              |  16|   0|   16|          0|
    |IN_r_load_8_reg_4035                              |  16|   0|   16|          0|
    |IN_r_load_9_reg_4045                              |  16|   0|   16|          0|
    |IN_r_load_reg_3955                                |  16|   0|   16|          0|
    |ap_CS_fsm                                         |  59|   0|   59|          0|
    |grp_bnn_Pipeline_l1_loop_fu_1420_ap_start_reg     |   1|   0|    1|          0|
    |grp_bnn_Pipeline_l2_loop_fu_1746_ap_start_reg     |   1|   0|    1|          0|
    |grp_bnn_Pipeline_l3_loop_fu_1898_ap_start_reg     |   1|   0|    1|          0|
    |grp_bnn_Pipeline_pack_loop1_fu_1826_ap_start_reg  |   1|   0|    1|          0|
    |grp_bnn_Pipeline_pack_loop_fu_1606_ap_start_reg   |   1|   0|    1|          0|
    +--------------------------------------------------+----+----+-----+-----------+
    |Total                                             | 848|   0|  848|          0|
    +--------------------------------------------------+----+----+-----+-----------+



================================================================
== Interface
================================================================
* Summary: 
+--------------------+-----+-----+------------+--------------+--------------+
|      RTL Ports     | Dir | Bits|  Protocol  | Source Object|    C Type    |
+--------------------+-----+-----+------------+--------------+--------------+
|s_axi_CTRL_AWVALID  |   in|    1|       s_axi|          CTRL|         array|
|s_axi_CTRL_AWREADY  |  out|    1|       s_axi|          CTRL|         array|
|s_axi_CTRL_AWADDR   |   in|   10|       s_axi|          CTRL|         array|
|s_axi_CTRL_WVALID   |   in|    1|       s_axi|          CTRL|         array|
|s_axi_CTRL_WREADY   |  out|    1|       s_axi|          CTRL|         array|
|s_axi_CTRL_WDATA    |   in|   32|       s_axi|          CTRL|         array|
|s_axi_CTRL_WSTRB    |   in|    4|       s_axi|          CTRL|         array|
|s_axi_CTRL_ARVALID  |   in|    1|       s_axi|          CTRL|         array|
|s_axi_CTRL_ARREADY  |  out|    1|       s_axi|          CTRL|         array|
|s_axi_CTRL_ARADDR   |   in|   10|       s_axi|          CTRL|         array|
|s_axi_CTRL_RVALID   |  out|    1|       s_axi|          CTRL|         array|
|s_axi_CTRL_RREADY   |   in|    1|       s_axi|          CTRL|         array|
|s_axi_CTRL_RDATA    |  out|   32|       s_axi|          CTRL|         array|
|s_axi_CTRL_RRESP    |  out|    2|       s_axi|          CTRL|         array|
|s_axi_CTRL_BVALID   |  out|    1|       s_axi|          CTRL|         array|
|s_axi_CTRL_BREADY   |   in|    1|       s_axi|          CTRL|         array|
|s_axi_CTRL_BRESP    |  out|    2|       s_axi|          CTRL|         array|
|ap_clk              |   in|    1|  ap_ctrl_hs|           bnn|  return value|
|ap_rst_n            |   in|    1|  ap_ctrl_hs|           bnn|  return value|
|interrupt           |  out|    1|  ap_ctrl_hs|           bnn|  return value|
+--------------------+-----+-----+------------+--------------+--------------+

