Fri Nov  7 16:16:40 2025: Running xcd server. This server was built by gradle.
Fri Nov  7 16:16:40 2025: Server was asked to start on port: '41215'
Fri Nov  7 16:16:40 2025: Server is using token UUID: '79880e6e-0de6-41fe-8421-72760fc9582a'
Fri Nov  7 16:16:40 2025: SESSION_MGR: creating session with session uuid: '6d04a3e9-ade5-4ab9-8d63-1f78fcd2ec76' and name 'default'
Fri Nov  7 16:16:40 2025: Attempting to start server on port '41215'
Fri Nov  7 16:16:40 2025: XCD main fifo: created main fifo '/tmp/xcdmain79880e6e-0de6-41fe-8421-72760fc9582a', fd read = 15
Fri Nov  7 16:16:40 2025: Running Dispatch Server
Fri Nov  7 16:16:40 2025: Version 2.2.0
Fri Nov  7 16:16:40 2025: Dispatch Server: Accepted socket connection from client
Fri Nov  7 16:16:40 2025: Starting Socket connection
Fri Nov  7 16:16:40 2025: EXCHANGE_TOKEN received, server token: 79880e6e-0de6-41fe-8421-72760fc9582a, passed token: 79880e6e-0de6-41fe-8421-72760fc9582a
Fri Nov  7 16:16:40 2025: SESSION_MGR: creating session with session uuid: 'c8b2039b-5c17-461a-8eaf-e5ac9efad80d' and name 'vitis_hls'
Fri Nov  7 16:16:40 2025: KERNEL_SVC: creating session with uuid: 'c8b2039b-5c17-461a-8eaf-e5ac9efad80d' and name 'vitis_hls'
Fri Nov  7 16:16:40 2025: GUIDANCE_SMGR: creating guidance session with uuid: 'c8b2039b-5c17-461a-8eaf-e5ac9efad80d' and name 'vitis_hls'
Fri Nov  7 16:17:02 2025: STOP_SERVER received, server token: 79880e6e-0de6-41fe-8421-72760fc9582a, passed token: 79880e6e-0de6-41fe-8421-72760fc9582a
Fri Nov  7 16:17:02 2025: Socket received request to stop server.
Fri Nov  7 16:17:02 2025: Dispatch Server: do_await_stop
Fri Nov  7 16:17:02 2025: Dispatch Server: stopping mainFifo_
Fri Nov  7 16:17:02 2025: XCD main fifo: Stopping
Fri Nov  7 16:17:02 2025: XCD main fifo: do_read error code: Operation canceled
Fri Nov  7 16:17:02 2025: XCD main fifo: bytes_transferred: 0
Fri Nov  7 16:17:02 2025: SERVER: destructor for server bound to port 41215
Fri Nov  7 16:17:02 2025: XCD main fifo: Good unlink of /tmp/xcdmain79880e6e-0de6-41fe-8421-72760fc9582a
Fri Nov  7 16:17:02 2025: Server exiting with status 0.
Fri Nov  7 16:17:02 2025: Closing log file.
Fri Nov  7 16:17:44 2025: Running xcd server. This server was built by gradle.
Fri Nov  7 16:17:44 2025: Server was asked to start on port: '39001'
Fri Nov  7 16:17:44 2025: Server is using token UUID: '5e454576-adbd-4824-a088-86e8b2963506'
Fri Nov  7 16:17:44 2025: SESSION_MGR: creating session with session uuid: '6d04a3e9-ade5-4ab9-8d63-1f78fcd2ec76' and name 'default'
Fri Nov  7 16:17:44 2025: Attempting to start server on port '39001'
Fri Nov  7 16:17:44 2025: XCD main fifo: created main fifo '/tmp/xcdmain5e454576-adbd-4824-a088-86e8b2963506', fd read = 15
Fri Nov  7 16:17:44 2025: Running Dispatch Server
Fri Nov  7 16:17:44 2025: Version 2.2.0
Fri Nov  7 16:17:49 2025: Dispatch Server: Accepted socket connection from client
Fri Nov  7 16:17:49 2025: Starting Socket connection
Fri Nov  7 16:17:49 2025: EXCHANGE_TOKEN received, server token: 5e454576-adbd-4824-a088-86e8b2963506, passed token: 5e454576-adbd-4824-a088-86e8b2963506
Fri Nov  7 16:17:49 2025: SESSION_MGR: creating session with session uuid: 'da40df2f-4ed6-4c78-97dc-8753de3b48dd' and name 'vitis_hls'
Fri Nov  7 16:17:49 2025: KERNEL_SVC: creating session with uuid: 'da40df2f-4ed6-4c78-97dc-8753de3b48dd' and name 'vitis_hls'
Fri Nov  7 16:17:49 2025: GUIDANCE_SMGR: creating guidance session with uuid: 'da40df2f-4ed6-4c78-97dc-8753de3b48dd' and name 'vitis_hls'
Fri Nov  7 16:18:44 2025: STOP_SERVER received, server token: 5e454576-adbd-4824-a088-86e8b2963506, passed token: 5e454576-adbd-4824-a088-86e8b2963506
Fri Nov  7 16:18:44 2025: Socket received request to stop server.
Fri Nov  7 16:18:44 2025: Dispatch Server: do_await_stop
Fri Nov  7 16:18:44 2025: Dispatch Server: stopping mainFifo_
Fri Nov  7 16:18:44 2025: XCD main fifo: Stopping
Fri Nov  7 16:18:44 2025: XCD main fifo: do_read error code: Operation canceled
Fri Nov  7 16:18:44 2025: XCD main fifo: bytes_transferred: 0
Fri Nov  7 16:18:44 2025: SERVER: destructor for server bound to port 39001
Fri Nov  7 16:18:44 2025: XCD main fifo: Good unlink of /tmp/xcdmain5e454576-adbd-4824-a088-86e8b2963506
Fri Nov  7 16:18:44 2025: Server exiting with status 0.
Fri Nov  7 16:18:44 2025: Closing log file.
