Mon Dec  8 16:26:07 2025: Running xcd server. This server was built by gradle.
Mon Dec  8 16:26:07 2025: Server was asked to start on port: '36111'
Mon Dec  8 16:26:07 2025: Server is using token UUID: '30a5527b-6ff0-4ca3-a51e-19f043cbe469'
Mon Dec  8 16:26:07 2025: SESSION_MGR: creating session with session uuid: '6d04a3e9-ade5-4ab9-8d63-1f78fcd2ec76' and name 'default'
Mon Dec  8 16:26:07 2025: Attempting to start server on port '36111'
Mon Dec  8 16:26:07 2025: XCD main fifo: created main fifo '/tmp/xcdmain30a5527b-6ff0-4ca3-a51e-19f043cbe469', fd read = 15
Mon Dec  8 16:26:07 2025: Running Dispatch Server
Mon Dec  8 16:26:07 2025: Version 2.2.0
Mon Dec  8 16:26:12 2025: Dispatch Server: Accepted socket connection from client
Mon Dec  8 16:26:12 2025: Starting Socket connection
Mon Dec  8 16:26:12 2025: EXCHANGE_TOKEN received, server token: 30a5527b-6ff0-4ca3-a51e-19f043cbe469, passed token: 30a5527b-6ff0-4ca3-a51e-19f043cbe469
Mon Dec  8 16:26:12 2025: SESSION_MGR: creating session with session uuid: '6f1ec1c6-2e73-4f09-b653-4f3c4454badc' and name 'vitis_hls'
Mon Dec  8 16:26:12 2025: KERNEL_SVC: creating session with uuid: '6f1ec1c6-2e73-4f09-b653-4f3c4454badc' and name 'vitis_hls'
Mon Dec  8 16:26:12 2025: GUIDANCE_SMGR: creating guidance session with uuid: '6f1ec1c6-2e73-4f09-b653-4f3c4454badc' and name 'vitis_hls'
Mon Dec  8 16:26:38 2025: STOP_SERVER received, server token: 30a5527b-6ff0-4ca3-a51e-19f043cbe469, passed token: 30a5527b-6ff0-4ca3-a51e-19f043cbe469
Mon Dec  8 16:26:38 2025: Socket received request to stop server.
Mon Dec  8 16:26:38 2025: Dispatch Server: do_await_stop
Mon Dec  8 16:26:38 2025: Dispatch Server: stopping mainFifo_
Mon Dec  8 16:26:38 2025: XCD main fifo: Stopping
Mon Dec  8 16:26:38 2025: XCD main fifo: do_read error code: Operation canceled
Mon Dec  8 16:26:38 2025: XCD main fifo: bytes_transferred: 0
Mon Dec  8 16:26:38 2025: SERVER: destructor for server bound to port 36111
Mon Dec  8 16:26:38 2025: XCD main fifo: Good unlink of /tmp/xcdmain30a5527b-6ff0-4ca3-a51e-19f043cbe469
Mon Dec  8 16:26:38 2025: Server exiting with status 0.
Mon Dec  8 16:26:38 2025: Closing log file.
Mon Dec  8 16:30:45 2025: Running xcd server. This server was built by gradle.
Mon Dec  8 16:30:45 2025: Server was asked to start on port: '37925'
Mon Dec  8 16:30:45 2025: Server is using token UUID: '96397748-1e7a-4230-b0f3-963f2ba8bc4e'
Mon Dec  8 16:30:45 2025: SESSION_MGR: creating session with session uuid: '6d04a3e9-ade5-4ab9-8d63-1f78fcd2ec76' and name 'default'
Mon Dec  8 16:30:45 2025: Attempting to start server on port '37925'
Mon Dec  8 16:30:45 2025: XCD main fifo: created main fifo '/tmp/xcdmain96397748-1e7a-4230-b0f3-963f2ba8bc4e', fd read = 15
Mon Dec  8 16:30:45 2025: Running Dispatch Server
Mon Dec  8 16:30:45 2025: Version 2.2.0
Mon Dec  8 16:30:45 2025: Dispatch Server: Accepted socket connection from client
Mon Dec  8 16:30:45 2025: Starting Socket connection
Mon Dec  8 16:30:45 2025: EXCHANGE_TOKEN received, server token: 96397748-1e7a-4230-b0f3-963f2ba8bc4e, passed token: 96397748-1e7a-4230-b0f3-963f2ba8bc4e
Mon Dec  8 16:30:45 2025: SESSION_MGR: creating session with session uuid: '8b346110-612c-43dd-afbb-ac00ff625d01' and name 'vitis_hls'
Mon Dec  8 16:30:45 2025: KERNEL_SVC: creating session with uuid: '8b346110-612c-43dd-afbb-ac00ff625d01' and name 'vitis_hls'
Mon Dec  8 16:30:45 2025: GUIDANCE_SMGR: creating guidance session with uuid: '8b346110-612c-43dd-afbb-ac00ff625d01' and name 'vitis_hls'
Mon Dec  8 16:31:24 2025: STOP_SERVER received, server token: 96397748-1e7a-4230-b0f3-963f2ba8bc4e, passed token: 96397748-1e7a-4230-b0f3-963f2ba8bc4e
Mon Dec  8 16:31:24 2025: Socket received request to stop server.
Mon Dec  8 16:31:24 2025: Dispatch Server: do_await_stop
Mon Dec  8 16:31:24 2025: Dispatch Server: stopping mainFifo_
Mon Dec  8 16:31:24 2025: XCD main fifo: Stopping
Mon Dec  8 16:31:24 2025: XCD main fifo: do_read error code: Operation canceled
Mon Dec  8 16:31:24 2025: XCD main fifo: bytes_transferred: 0
Mon Dec  8 16:31:24 2025: SERVER: destructor for server bound to port 37925
Mon Dec  8 16:31:24 2025: XCD main fifo: Good unlink of /tmp/xcdmain96397748-1e7a-4230-b0f3-963f2ba8bc4e
Mon Dec  8 16:31:24 2025: Server exiting with status 0.
Mon Dec  8 16:31:24 2025: Closing log file.
