  **** HLS Build v2024.2 5238294
Sourcing Tcl script '/home/linux/ieng6/students/769/zeh003/Desktop/CSE-237C-Starter/project_files/axis_fp/axis_fp_example.tcl'
INFO: [HLS 200-1510] Running: open_component axis_fp_example.comp -reset 
INFO: [HLS 200-10] Creating and opening project '/home/linux/ieng6/students/769/zeh003/Desktop/CSE-237C-Starter/project_files/axis_fp/axis_fp_example.comp'.
INFO: [HLS 200-10] Creating and opening solution '/home/linux/ieng6/students/769/zeh003/Desktop/CSE-237C-Starter/project_files/axis_fp/axis_fp_example.comp/hls'.
INFO: [HLS 200-10] Cleaning up the solution database.
INFO: [HLS 200-1505] Using default flow_target 'vivado'
Resolution: For help on HLS 200-1505 see docs.xilinx.com/access/sources/dita/topic?Doc_Version=2024.2%20English&url=ug1448-hls-guidance&resourceid=200-1505.html
INFO: [HLS 200-1510] Running: add_files axis_fp_example.cpp 
INFO: [HLS 200-10] Adding design file 'axis_fp_example.cpp' to the project
INFO: [HLS 200-1510] Running: add_files -tb axis_fp_example_test.cpp 
INFO: [HLS 200-10] Adding test bench file 'axis_fp_example_test.cpp' to the project
INFO: [HLS 200-1510] Running: set_top axis_fp_example 
Running: set_top axis_fp_example
INFO: [HLS 200-1510] Running: set_part xc7z020clg400-1 
INFO: [HLS 200-1611] Setting target device to 'xc7z020-clg400-1'
Running: set_part xc7z020clg400-1
INFO: [HLS 200-1510] Running: create_clock -period 10 
INFO: [SYN 201-201] Setting up clock 'default' with a period of 10ns.
INFO: [HLS 200-1510] Running: csynth_design 
INFO: [HLS 200-111] Finished File checks and directory preparation: CPU user time: 0.13 seconds. CPU system time: 0.04 seconds. Elapsed time: 2.71 seconds; current allocated memory: 658.984 MB.
INFO: [HLS 200-10] Analyzing design file 'axis_fp_example.cpp' ... 
INFO: [HLS 200-111] Finished Source Code Analysis and Preprocessing: CPU user time: 4.48 seconds. CPU system time: 0.98 seconds. Elapsed time: 5.78 seconds; current allocated memory: 660.371 MB.
INFO: [HLS 200-777] Using interface defaults for 'Vivado' flow target.
INFO: [HLS 200-1995] There were 307 instructions in the design after the 'Compile/Link' phase of compilation. See the Design Size Report for more details: /home/linux/ieng6/students/769/zeh003/Desktop/CSE-237C-Starter/project_files/axis_fp/axis_fp_example.comp/hls/syn/report/csynth_design_size.rpt
INFO: [HLS 200-1995] There were 142 instructions in the design after the 'Unroll/Inline (step 1)' phase of compilation. See the Design Size Report for more details: /home/linux/ieng6/students/769/zeh003/Desktop/CSE-237C-Starter/project_files/axis_fp/axis_fp_example.comp/hls/syn/report/csynth_design_size.rpt
INFO: [HLS 200-1995] There were 124 instructions in the design after the 'Unroll/Inline (step 2)' phase of compilation. See the Design Size Report for more details: /home/linux/ieng6/students/769/zeh003/Desktop/CSE-237C-Starter/project_files/axis_fp/axis_fp_example.comp/hls/syn/report/csynth_design_size.rpt
INFO: [HLS 200-1995] There were 124 instructions in the design after the 'Unroll/Inline (step 3)' phase of compilation. See the Design Size Report for more details: /home/linux/ieng6/students/769/zeh003/Desktop/CSE-237C-Starter/project_files/axis_fp/axis_fp_example.comp/hls/syn/report/csynth_design_size.rpt
INFO: [HLS 200-1995] There were 124 instructions in the design after the 'Unroll/Inline (step 4)' phase of compilation. See the Design Size Report for more details: /home/linux/ieng6/students/769/zeh003/Desktop/CSE-237C-Starter/project_files/axis_fp/axis_fp_example.comp/hls/syn/report/csynth_design_size.rpt
INFO: [HLS 200-1995] There were 124 instructions in the design after the 'Array/Struct (step 1)' phase of compilation. See the Design Size Report for more details: /home/linux/ieng6/students/769/zeh003/Desktop/CSE-237C-Starter/project_files/axis_fp/axis_fp_example.comp/hls/syn/report/csynth_design_size.rpt
INFO: [HLS 200-1995] There were 124 instructions in the design after the 'Array/Struct (step 2)' phase of compilation. See the Design Size Report for more details: /home/linux/ieng6/students/769/zeh003/Desktop/CSE-237C-Starter/project_files/axis_fp/axis_fp_example.comp/hls/syn/report/csynth_design_size.rpt
INFO: [HLS 200-1995] There were 124 instructions in the design after the 'Array/Struct (step 3)' phase of compilation. See the Design Size Report for more details: /home/linux/ieng6/students/769/zeh003/Desktop/CSE-237C-Starter/project_files/axis_fp/axis_fp_example.comp/hls/syn/report/csynth_design_size.rpt
INFO: [HLS 200-1995] There were 124 instructions in the design after the 'Array/Struct (step 4)' phase of compilation. See the Design Size Report for more details: /home/linux/ieng6/students/769/zeh003/Desktop/CSE-237C-Starter/project_files/axis_fp/axis_fp_example.comp/hls/syn/report/csynth_design_size.rpt
INFO: [HLS 200-1995] There were 220 instructions in the design after the 'Array/Struct (step 5)' phase of compilation. See the Design Size Report for more details: /home/linux/ieng6/students/769/zeh003/Desktop/CSE-237C-Starter/project_files/axis_fp/axis_fp_example.comp/hls/syn/report/csynth_design_size.rpt
INFO: [HLS 200-1995] There were 232 instructions in the design after the 'Performance (step 1)' phase of compilation. See the Design Size Report for more details: /home/linux/ieng6/students/769/zeh003/Desktop/CSE-237C-Starter/project_files/axis_fp/axis_fp_example.comp/hls/syn/report/csynth_design_size.rpt
INFO: [HLS 200-1995] There were 220 instructions in the design after the 'Performance (step 2)' phase of compilation. See the Design Size Report for more details: /home/linux/ieng6/students/769/zeh003/Desktop/CSE-237C-Starter/project_files/axis_fp/axis_fp_example.comp/hls/syn/report/csynth_design_size.rpt
INFO: [HLS 200-1995] There were 136 instructions in the design after the 'Performance (step 3)' phase of compilation. See the Design Size Report for more details: /home/linux/ieng6/students/769/zeh003/Desktop/CSE-237C-Starter/project_files/axis_fp/axis_fp_example.comp/hls/syn/report/csynth_design_size.rpt
INFO: [HLS 200-1995] There were 136 instructions in the design after the 'Performance (step 4)' phase of compilation. See the Design Size Report for more details: /home/linux/ieng6/students/769/zeh003/Desktop/CSE-237C-Starter/project_files/axis_fp/axis_fp_example.comp/hls/syn/report/csynth_design_size.rpt
INFO: [HLS 200-1995] There were 92 instructions in the design after the 'HW Transforms (step 1)' phase of compilation. See the Design Size Report for more details: /home/linux/ieng6/students/769/zeh003/Desktop/CSE-237C-Starter/project_files/axis_fp/axis_fp_example.comp/hls/syn/report/csynth_design_size.rpt
INFO: [HLS 200-1995] There were 75 instructions in the design after the 'HW Transforms (step 2)' phase of compilation. See the Design Size Report for more details: /home/linux/ieng6/students/769/zeh003/Desktop/CSE-237C-Starter/project_files/axis_fp/axis_fp_example.comp/hls/syn/report/csynth_design_size.rpt
INFO: [HLS 214-376] automatically set the pipeline for Loop< VITIS_LOOP_17_1> at axis_fp_example.cpp:17:19 
INFO: [HLS 200-111] Finished Compiling Optimization and Transform: CPU user time: 3.61 seconds. CPU system time: 0.85 seconds. Elapsed time: 9.07 seconds; current allocated memory: 669.988 MB.
INFO: [HLS 200-111] Finished Checking Pragmas: CPU user time: 0.01 seconds. CPU system time: 0 seconds. Elapsed time: 0.01 seconds; current allocated memory: 669.988 MB.
INFO: [HLS 200-10] Starting code transformations ...
INFO: [HLS 200-111] Finished Standard Transforms: CPU user time: 0.01 seconds. CPU system time: 0 seconds. Elapsed time: 0.03 seconds; current allocated memory: 670.109 MB.
INFO: [HLS 200-10] Checking synthesizability ...
INFO: [HLS 200-111] Finished Checking Synthesizability: CPU user time: 0.02 seconds. CPU system time: 0.01 seconds. Elapsed time: 0.02 seconds; current allocated memory: 670.109 MB.
INFO: [HLS 200-111] Finished Loop, function and other optimizations: CPU user time: 0.04 seconds. CPU system time: 0.01 seconds. Elapsed time: 0.06 seconds; current allocated memory: 691.148 MB.
INFO: [HLS 200-111] Finished Architecture Synthesis: CPU user time: 0.03 seconds. CPU system time: 0 seconds. Elapsed time: 0.04 seconds; current allocated memory: 691.148 MB.
INFO: [HLS 200-10] Starting hardware synthesis ...
INFO: [HLS 200-10] Synthesizing 'axis_fp_example' ...
INFO: [HLS 200-10] ----------------------------------------------------------------
INFO: [HLS 200-42] -- Implementing module 'axis_fp_example' 
INFO: [HLS 200-10] ----------------------------------------------------------------
INFO: [SCHED 204-11] Starting scheduling ...
INFO: [SCHED 204-61] Pipelining loop 'VITIS_LOOP_17_1'.
INFO: [HLS 200-1470] Pipelining result : Target II = NA, Final II = 1, Depth = 8, loop 'VITIS_LOOP_17_1'
INFO: [SCHED 204-11] Finished scheduling.
INFO: [HLS 200-111] Finished Scheduling: CPU user time: 0.06 seconds. CPU system time: 0.06 seconds. Elapsed time: 0.15 seconds; current allocated memory: 691.148 MB.
INFO: [BIND 205-100] Starting micro-architecture generation ...
INFO: [BIND 205-101] Performing variable lifetime analysis.
INFO: [BIND 205-101] Exploring resource sharing.
INFO: [BIND 205-101] Binding ...
INFO: [BIND 205-100] Finished micro-architecture generation.
INFO: [HLS 200-111] Finished Binding: CPU user time: 0.03 seconds. CPU system time: 0 seconds. Elapsed time: 0.06 seconds; current allocated memory: 691.148 MB.
INFO: [HLS 200-10] ----------------------------------------------------------------
INFO: [HLS 200-10] -- Generating RTL for module 'axis_fp_example' 
INFO: [HLS 200-10] ----------------------------------------------------------------
WARNING: [RTGEN 206-101] Design contains AXI ports. Reset is fixed to synchronous and active low.
INFO: [RTGEN 206-500] Setting interface mode on port 'axis_fp_example/A_V_data_V' to 'axis' (register, both mode).
INFO: [RTGEN 206-500] Setting interface mode on port 'axis_fp_example/A_V_keep_V' to 'axis' (register, both mode).
INFO: [RTGEN 206-500] Setting interface mode on port 'axis_fp_example/A_V_strb_V' to 'axis' (register, both mode).
INFO: [RTGEN 206-500] Setting interface mode on port 'axis_fp_example/A_V_last_V' to 'axis' (register, both mode).
INFO: [RTGEN 206-500] Setting interface mode on port 'axis_fp_example/B_V_data_V' to 'axis' (register, both mode).
INFO: [RTGEN 206-500] Setting interface mode on port 'axis_fp_example/B_V_keep_V' to 'axis' (register, both mode).
INFO: [RTGEN 206-500] Setting interface mode on port 'axis_fp_example/B_V_strb_V' to 'axis' (register, both mode).
INFO: [RTGEN 206-500] Setting interface mode on port 'axis_fp_example/B_V_last_V' to 'axis' (register, both mode).
INFO: [RTGEN 206-500] Setting interface mode on port 'axis_fp_example/C_V_data_V' to 'axis' (register, both mode).
INFO: [RTGEN 206-500] Setting interface mode on port 'axis_fp_example/C_V_keep_V' to 'axis' (register, both mode).
INFO: [RTGEN 206-500] Setting interface mode on port 'axis_fp_example/C_V_strb_V' to 'axis' (register, both mode).
INFO: [RTGEN 206-500] Setting interface mode on port 'axis_fp_example/C_V_last_V' to 'axis' (register, both mode).
INFO: [RTGEN 206-500] Setting interface mode on port 'axis_fp_example/D_V_data_V' to 'axis' (register, both mode).
INFO: [RTGEN 206-500] Setting interface mode on port 'axis_fp_example/D_V_keep_V' to 'axis' (register, both mode).
INFO: [RTGEN 206-500] Setting interface mode on port 'axis_fp_example/D_V_strb_V' to 'axis' (register, both mode).
INFO: [RTGEN 206-500] Setting interface mode on port 'axis_fp_example/D_V_last_V' to 'axis' (register, both mode).
INFO: [RTGEN 206-500] Setting interface mode on function 'axis_fp_example' to 's_axilite & ap_ctrl_hs'.
INFO: [HLS 200-1030] Apply Unified Pipeline Control on module 'axis_fp_example' pipeline 'VITIS_LOOP_17_1' pipeline type 'loop pipeline'
INFO: [RTGEN 206-100] Bundling port 'return' to AXI-Lite port control.
INFO: [RTGEN 206-100] Generating core module 'fadd_32ns_32ns_32_5_full_dsp_1': 1 instance(s).
INFO: [RTGEN 206-100] Generating core module 'fsub_32ns_32ns_32_5_full_dsp_1': 1 instance(s).
INFO: [RTGEN 206-100] Finished creating RTL model for 'axis_fp_example'.
INFO: [HLS 200-111] Finished Creating RTL model: CPU user time: 0.09 seconds. CPU system time: 0.02 seconds. Elapsed time: 0.28 seconds; current allocated memory: 691.148 MB.
INFO: [HLS 200-111] Finished Generating all RTL models: CPU user time: 0.37 seconds. CPU system time: 0.06 seconds. Elapsed time: 0.7 seconds; current allocated memory: 691.148 MB.
INFO: [HLS 200-111] Finished Updating report files: CPU user time: 0.51 seconds. CPU system time: 0.1 seconds. Elapsed time: 0.82 seconds; current allocated memory: 691.148 MB.
INFO: [VHDL 208-304] Generating VHDL RTL for axis_fp_example.
INFO: [VLOG 209-307] Generating Verilog RTL for axis_fp_example.
INFO: [HLS 200-790] **** Loop Constraint Status: All loop constraints were satisfied.
INFO: [HLS 200-789] **** Estimated Fmax: 137.82 MHz
INFO: [HLS 200-2161] Finished Command csynth_design Elapsed time: 00:00:19; Allocated memory: 48.164 MB.
INFO: [HLS 200-112] Total CPU user time: 16.29 seconds. Total CPU system time: 3.41 seconds. Total elapsed time: 30.24 seconds; peak allocated memory: 691.148 MB.
INFO: [vitis-run 60-791] Total elapsed time: 0h 0m 32s
INFO: [vitis-run 60-1662] Stopping dispatch session having empty uuid.
