

================================================================
== Vitis HLS Report for 'dft'
================================================================
* Date:           Fri Nov  7 16:25:54 2025

* Version:        2024.2 (Build 5238294 on Nov  8 2024)
* Project:        dft.comp
* Solution:       hls (Vivado IP Flow Target)
* Product family: zynq
* Target device:  xc7z020-clg400-1


================================================================
== Performance Estimates
================================================================
+ Timing: 
    * Summary: 
    +--------+----------+----------+------------+
    |  Clock |  Target  | Estimated| Uncertainty|
    +--------+----------+----------+------------+
    |ap_clk  |  10.00 ns|  7.256 ns|     2.70 ns|
    +--------+----------+----------+------------+

+ Latency: 
    * Summary: 
    +---------+---------+-----------+-----------+---------+---------+---------+
    |  Latency (cycles) |   Latency (absolute)  |      Interval     | Pipeline|
    |   min   |   max   |    min    |    max    |   min   |   max   |   Type  |
    +---------+---------+-----------+-----------+---------+---------+---------+
    |  6292504|  6292504|  62.925 ms|  62.925 ms|  6292505|  6292505|       no|
    +---------+---------+-----------+-----------+---------+---------+---------+

    + Detail: 
        * Instance: 
        N/A

        * Loop: 
        N/A

============================================================
+ Verbose Summary: Synthesis Manager
============================================================
InlineROM: 1
ExposeGlobal: 0
============================================================
+ Verbose Summary: CDFG Model
============================================================
IsTopModel: 1
ResetActiveHigh: 1
IsCombinational: 0
IsDatapathOnly: 0
HasWiredReturn: 1
HasMFsm: 0
HasVarLatency: 1
IsPipeline: 0
IsRtlPipelined: 0
IsInstanceOverlapped: 0
IsDontTouch: 0
HasImplIP: 0
IsGatedGlobalClock: 0


============================================================
+ Verbose Summary: Schedule
============================================================
* Number of FSM states : 6
* Pipeline : 0
* Dataflow Pipeline: 0

* FSM state transitions: 
1 --> 2 
2 --> 3 
3 --> 4 
4 --> 5 
5 --> 6 
6 --> 

* FSM state operations: 

State 1 <SV = 0> <Delay = 0.00>
ST_1 : Operation 7 [1/1] (0.00ns)   --->   "%p_phi5_loc = alloca i64 1"   --->   Operation 7 'alloca' 'p_phi5_loc' <Predicate = true> <Delay = 0.00>
ST_1 : Operation 8 [1/1] (0.00ns)   --->   "%p_phi_loc = alloca i64 1"   --->   Operation 8 'alloca' 'p_phi_loc' <Predicate = true> <Delay = 0.00>
ST_1 : Operation 9 [1/1] (0.00ns)   --->   "%real_sample = alloca i64 1" [dft.cpp:21]   --->   Operation 9 'alloca' 'real_sample' <Predicate = true> <Delay = 0.00>
ST_1 : Operation 10 [1/1] (0.00ns)   --->   "%imag_sample = alloca i64 1" [dft.cpp:22]   --->   Operation 10 'alloca' 'imag_sample' <Predicate = true> <Delay = 0.00>

State 2 <SV = 1> <Delay = 3.77>
ST_2 : Operation 11 [2/2] (3.77ns)   --->   "%call_ln0 = call void @dft_Pipeline_VITIS_LOOP_27_1, i32 %input_real_V_data_V, i4 %input_real_V_keep_V, i4 %input_real_V_strb_V, i1 %input_real_V_last_V, i32 %input_imag_V_data_V, i4 %input_imag_V_keep_V, i4 %input_imag_V_strb_V, i1 %input_imag_V_last_V, i32 %real_sample, i32 %imag_sample, i4 %p_phi_loc, i4 %p_phi5_loc"   --->   Operation 11 'call' 'call_ln0' <Predicate = true> <Delay = 3.77> <CoreType = "Generic">   --->   Generic Core

State 3 <SV = 2> <Delay = 4.81>
ST_3 : Operation 12 [1/2] (4.81ns)   --->   "%call_ln0 = call void @dft_Pipeline_VITIS_LOOP_27_1, i32 %input_real_V_data_V, i4 %input_real_V_keep_V, i4 %input_real_V_strb_V, i1 %input_real_V_last_V, i32 %input_imag_V_data_V, i4 %input_imag_V_keep_V, i4 %input_imag_V_strb_V, i1 %input_imag_V_last_V, i32 %real_sample, i32 %imag_sample, i4 %p_phi_loc, i4 %p_phi5_loc"   --->   Operation 12 'call' 'call_ln0' <Predicate = true> <Delay = 4.81> <CoreType = "Generic">   --->   Generic Core

State 4 <SV = 3> <Delay = 0.00>
ST_4 : Operation 13 [1/1] (0.00ns)   --->   "%p_phi_loc_load = load i4 %p_phi_loc"   --->   Operation 13 'load' 'p_phi_loc_load' <Predicate = true> <Delay = 0.00>
ST_4 : Operation 14 [1/1] (0.00ns)   --->   "%p_phi5_loc_load = load i4 %p_phi5_loc"   --->   Operation 14 'load' 'p_phi5_loc_load' <Predicate = true> <Delay = 0.00>
ST_4 : Operation 15 [2/2] (0.00ns)   --->   "%call_ln0 = call void @dft_Pipeline_VITIS_LOOP_35_2_VITIS_LOOP_39_3, i4 %p_phi_loc_load, i32 %output_real_V_data_V, i4 %output_real_V_keep_V, i4 %output_real_V_strb_V, i1 %output_real_V_last_V, i4 %p_phi5_loc_load, i32 %output_imag_V_data_V, i4 %output_imag_V_keep_V, i4 %output_imag_V_strb_V, i1 %output_imag_V_last_V, i32 %real_sample, i32 %imag_sample, i32 %cos_coefficients_table, i32 %sin_coefficients_table"   --->   Operation 15 'call' 'call_ln0' <Predicate = true> <Delay = 0.00> <CoreType = "Generic">   --->   Generic Core

State 5 <SV = 4> <Delay = 0.00>
ST_5 : Operation 16 [1/2] (0.00ns)   --->   "%call_ln0 = call void @dft_Pipeline_VITIS_LOOP_35_2_VITIS_LOOP_39_3, i4 %p_phi_loc_load, i32 %output_real_V_data_V, i4 %output_real_V_keep_V, i4 %output_real_V_strb_V, i1 %output_real_V_last_V, i4 %p_phi5_loc_load, i32 %output_imag_V_data_V, i4 %output_imag_V_keep_V, i4 %output_imag_V_strb_V, i1 %output_imag_V_last_V, i32 %real_sample, i32 %imag_sample, i32 %cos_coefficients_table, i32 %sin_coefficients_table"   --->   Operation 16 'call' 'call_ln0' <Predicate = true> <Delay = 0.00> <CoreType = "Generic">   --->   Generic Core

State 6 <SV = 5> <Delay = 0.00>
ST_6 : Operation 17 [1/1] (0.00ns)   --->   "%spectopmodule_ln6 = spectopmodule void @_ssdm_op_SpecTopModule, void @empty_0" [dft.cpp:6]   --->   Operation 17 'spectopmodule' 'spectopmodule_ln6' <Predicate = true> <Delay = 0.00>
ST_6 : Operation 18 [1/1] (0.00ns)   --->   "%specinterface_ln0 = specinterface void @_ssdm_op_SpecInterface, i32 %input_real_V_data_V, i4 %input_real_V_keep_V, i4 %input_real_V_strb_V, i1 %input_real_V_last_V, void @empty_8, i32 1, i32 1, void @empty_7, i32 0, i32 0, void @empty_6, void @empty_6, void @empty_6, i32 0, i32 0, i32 0, i32 0, void @empty_6, void @empty_6, i32 4294967295, i32 0, i32 0"   --->   Operation 18 'specinterface' 'specinterface_ln0' <Predicate = true> <Delay = 0.00>
ST_6 : Operation 19 [1/1] (0.00ns)   --->   "%specbitsmap_ln0 = specbitsmap void @_ssdm_op_SpecBitsMap, i32 %input_real_V_data_V"   --->   Operation 19 'specbitsmap' 'specbitsmap_ln0' <Predicate = true> <Delay = 0.00>
ST_6 : Operation 20 [1/1] (0.00ns)   --->   "%specbitsmap_ln0 = specbitsmap void @_ssdm_op_SpecBitsMap, i4 %input_real_V_keep_V"   --->   Operation 20 'specbitsmap' 'specbitsmap_ln0' <Predicate = true> <Delay = 0.00>
ST_6 : Operation 21 [1/1] (0.00ns)   --->   "%specbitsmap_ln0 = specbitsmap void @_ssdm_op_SpecBitsMap, i4 %input_real_V_strb_V"   --->   Operation 21 'specbitsmap' 'specbitsmap_ln0' <Predicate = true> <Delay = 0.00>
ST_6 : Operation 22 [1/1] (0.00ns)   --->   "%specbitsmap_ln0 = specbitsmap void @_ssdm_op_SpecBitsMap, i1 %input_real_V_last_V"   --->   Operation 22 'specbitsmap' 'specbitsmap_ln0' <Predicate = true> <Delay = 0.00>
ST_6 : Operation 23 [1/1] (0.00ns)   --->   "%specinterface_ln0 = specinterface void @_ssdm_op_SpecInterface, i32 %input_imag_V_data_V, i4 %input_imag_V_keep_V, i4 %input_imag_V_strb_V, i1 %input_imag_V_last_V, void @empty_8, i32 1, i32 1, void @empty_7, i32 0, i32 0, void @empty_6, void @empty_6, void @empty_6, i32 0, i32 0, i32 0, i32 0, void @empty_6, void @empty_6, i32 4294967295, i32 0, i32 0"   --->   Operation 23 'specinterface' 'specinterface_ln0' <Predicate = true> <Delay = 0.00>
ST_6 : Operation 24 [1/1] (0.00ns)   --->   "%specbitsmap_ln0 = specbitsmap void @_ssdm_op_SpecBitsMap, i32 %input_imag_V_data_V"   --->   Operation 24 'specbitsmap' 'specbitsmap_ln0' <Predicate = true> <Delay = 0.00>
ST_6 : Operation 25 [1/1] (0.00ns)   --->   "%specbitsmap_ln0 = specbitsmap void @_ssdm_op_SpecBitsMap, i4 %input_imag_V_keep_V"   --->   Operation 25 'specbitsmap' 'specbitsmap_ln0' <Predicate = true> <Delay = 0.00>
ST_6 : Operation 26 [1/1] (0.00ns)   --->   "%specbitsmap_ln0 = specbitsmap void @_ssdm_op_SpecBitsMap, i4 %input_imag_V_strb_V"   --->   Operation 26 'specbitsmap' 'specbitsmap_ln0' <Predicate = true> <Delay = 0.00>
ST_6 : Operation 27 [1/1] (0.00ns)   --->   "%specbitsmap_ln0 = specbitsmap void @_ssdm_op_SpecBitsMap, i1 %input_imag_V_last_V"   --->   Operation 27 'specbitsmap' 'specbitsmap_ln0' <Predicate = true> <Delay = 0.00>
ST_6 : Operation 28 [1/1] (0.00ns)   --->   "%specinterface_ln0 = specinterface void @_ssdm_op_SpecInterface, i32 %output_real_V_data_V, i4 %output_real_V_keep_V, i4 %output_real_V_strb_V, i1 %output_real_V_last_V, void @empty_8, i32 1, i32 1, void @empty_7, i32 0, i32 0, void @empty_6, void @empty_6, void @empty_6, i32 0, i32 0, i32 0, i32 0, void @empty_6, void @empty_6, i32 4294967295, i32 0, i32 0"   --->   Operation 28 'specinterface' 'specinterface_ln0' <Predicate = true> <Delay = 0.00>
ST_6 : Operation 29 [1/1] (0.00ns)   --->   "%specbitsmap_ln0 = specbitsmap void @_ssdm_op_SpecBitsMap, i32 %output_real_V_data_V"   --->   Operation 29 'specbitsmap' 'specbitsmap_ln0' <Predicate = true> <Delay = 0.00>
ST_6 : Operation 30 [1/1] (0.00ns)   --->   "%specbitsmap_ln0 = specbitsmap void @_ssdm_op_SpecBitsMap, i4 %output_real_V_keep_V"   --->   Operation 30 'specbitsmap' 'specbitsmap_ln0' <Predicate = true> <Delay = 0.00>
ST_6 : Operation 31 [1/1] (0.00ns)   --->   "%specbitsmap_ln0 = specbitsmap void @_ssdm_op_SpecBitsMap, i4 %output_real_V_strb_V"   --->   Operation 31 'specbitsmap' 'specbitsmap_ln0' <Predicate = true> <Delay = 0.00>
ST_6 : Operation 32 [1/1] (0.00ns)   --->   "%specbitsmap_ln0 = specbitsmap void @_ssdm_op_SpecBitsMap, i1 %output_real_V_last_V"   --->   Operation 32 'specbitsmap' 'specbitsmap_ln0' <Predicate = true> <Delay = 0.00>
ST_6 : Operation 33 [1/1] (0.00ns)   --->   "%specinterface_ln0 = specinterface void @_ssdm_op_SpecInterface, i32 %output_imag_V_data_V, i4 %output_imag_V_keep_V, i4 %output_imag_V_strb_V, i1 %output_imag_V_last_V, void @empty_8, i32 1, i32 1, void @empty_7, i32 0, i32 0, void @empty_6, void @empty_6, void @empty_6, i32 0, i32 0, i32 0, i32 0, void @empty_6, void @empty_6, i32 4294967295, i32 0, i32 0"   --->   Operation 33 'specinterface' 'specinterface_ln0' <Predicate = true> <Delay = 0.00>
ST_6 : Operation 34 [1/1] (0.00ns)   --->   "%specbitsmap_ln0 = specbitsmap void @_ssdm_op_SpecBitsMap, i32 %output_imag_V_data_V"   --->   Operation 34 'specbitsmap' 'specbitsmap_ln0' <Predicate = true> <Delay = 0.00>
ST_6 : Operation 35 [1/1] (0.00ns)   --->   "%specbitsmap_ln0 = specbitsmap void @_ssdm_op_SpecBitsMap, i4 %output_imag_V_keep_V"   --->   Operation 35 'specbitsmap' 'specbitsmap_ln0' <Predicate = true> <Delay = 0.00>
ST_6 : Operation 36 [1/1] (0.00ns)   --->   "%specbitsmap_ln0 = specbitsmap void @_ssdm_op_SpecBitsMap, i4 %output_imag_V_strb_V"   --->   Operation 36 'specbitsmap' 'specbitsmap_ln0' <Predicate = true> <Delay = 0.00>
ST_6 : Operation 37 [1/1] (0.00ns)   --->   "%specbitsmap_ln0 = specbitsmap void @_ssdm_op_SpecBitsMap, i1 %output_imag_V_last_V"   --->   Operation 37 'specbitsmap' 'specbitsmap_ln0' <Predicate = true> <Delay = 0.00>
ST_6 : Operation 38 [1/1] (0.00ns)   --->   "%specinterface_ln0 = specinterface void @_ssdm_op_SpecInterface, i32 0, void @empty_5, i32 0, i32 0, void @empty_6, i32 0, i32 0, void @empty_4, void @empty_6, void @empty_6, i32 0, i32 0, i32 0, i32 0, void @empty_6, void @empty_6, i32 4294967295, i32 0, i32 0"   --->   Operation 38 'specinterface' 'specinterface_ln0' <Predicate = true> <Delay = 0.00>
ST_6 : Operation 39 [1/1] (0.00ns)   --->   "%specaxissidechannel_ln27 = specaxissidechannel void @_ssdm_op_SpecAXISSideChannel, i32 %output_real_V_data_V, i4 %output_real_V_keep_V, i4 %output_real_V_strb_V, i1 0, i1 %output_real_V_last_V, i1 0, i1 0, void @empty_3" [dft.cpp:27]   --->   Operation 39 'specaxissidechannel' 'specaxissidechannel_ln27' <Predicate = true> <Delay = 0.00>
ST_6 : Operation 40 [1/1] (0.00ns)   --->   "%specaxissidechannel_ln27 = specaxissidechannel void @_ssdm_op_SpecAXISSideChannel, i32 %output_imag_V_data_V, i4 %output_imag_V_keep_V, i4 %output_imag_V_strb_V, i1 0, i1 %output_imag_V_last_V, i1 0, i1 0, void @empty_2" [dft.cpp:27]   --->   Operation 40 'specaxissidechannel' 'specaxissidechannel_ln27' <Predicate = true> <Delay = 0.00>
ST_6 : Operation 41 [1/1] (0.00ns)   --->   "%specaxissidechannel_ln27 = specaxissidechannel void @_ssdm_op_SpecAXISSideChannel, i32 %input_imag_V_data_V, i4 %input_imag_V_keep_V, i4 %input_imag_V_strb_V, i1 0, i1 %input_imag_V_last_V, i1 0, i1 0, void @empty_1" [dft.cpp:27]   --->   Operation 41 'specaxissidechannel' 'specaxissidechannel_ln27' <Predicate = true> <Delay = 0.00>
ST_6 : Operation 42 [1/1] (0.00ns)   --->   "%specaxissidechannel_ln27 = specaxissidechannel void @_ssdm_op_SpecAXISSideChannel, i32 %input_real_V_data_V, i4 %input_real_V_keep_V, i4 %input_real_V_strb_V, i1 0, i1 %input_real_V_last_V, i1 0, i1 0, void @empty_9" [dft.cpp:27]   --->   Operation 42 'specaxissidechannel' 'specaxissidechannel_ln27' <Predicate = true> <Delay = 0.00>
ST_6 : Operation 43 [1/1] (0.00ns)   --->   "%ret_ln59 = ret" [dft.cpp:59]   --->   Operation 43 'ret' 'ret_ln59' <Predicate = true> <Delay = 0.00>


============================================================
+ Verbose Summary: Timing violations
============================================================
Target clock period: 10.000ns, clock uncertainty: 2.700ns.

 <State 1>: 0.000ns
The critical path consists of the following:

 <State 2>: 3.772ns
The critical path consists of the following:
	'call' operation 0 bit ('call_ln0') to 'dft_Pipeline_VITIS_LOOP_27_1' [49]  (3.772 ns)

 <State 3>: 4.815ns
The critical path consists of the following:
	'call' operation 0 bit ('call_ln0') to 'dft_Pipeline_VITIS_LOOP_27_1' [49]  (4.815 ns)

 <State 4>: 0.000ns
The critical path consists of the following:

 <State 5>: 0.000ns
The critical path consists of the following:

 <State 6>: 0.000ns
The critical path consists of the following:


============================================================
+ Verbose Summary: Binding
============================================================
N/A
* FSMD analyzer results:
  - Output states:
 - Input state : 
  - Chain level:
	State 1
	State 2
	State 3
	State 4
	State 5
	State 6


============================================================
+ Verbose Summary: Datapath Resource usage 
============================================================
N/A
