

================================================================
== Vitis HLS Report for 'dft_Pipeline_COMPUTE_DFT_INNER_LOOP'
================================================================
* Date:           Tue Nov  4 16:21:45 2025

* Version:        2024.2 (Build 5238294 on Nov  8 2024)
* Project:        dft.comp
* Solution:       hls (Vivado IP Flow Target)
* Product family: zynq
* Target device:  xc7z020-clg400-1


================================================================
== Performance Estimates
================================================================
+ Timing: 
    * Summary: 
    +--------+----------+----------+------------+
    |  Clock |  Target  | Estimated| Uncertainty|
    +--------+----------+----------+------------+
    |ap_clk  |  10.00 ns|  7.256 ns|     2.70 ns|
    +--------+----------+----------+------------+

+ Latency: 
    * Summary: 
    +---------+---------+-----------+-----------+---------+---------+------------------------------------------------+
    |  Latency (cycles) |   Latency (absolute)  |      Interval     |                    Pipeline                    |
    |   min   |   max   |    min    |    max    |   min   |   max   |                      Type                      |
    +---------+---------+-----------+-----------+---------+---------+------------------------------------------------+
    |  6291473|  6291473|  62.915 ms|  62.915 ms|  6291462|  6291462|  loop auto-rewind stp (delay=0 clock cycles(s))|
    +---------+---------+-----------+-----------+---------+---------+------------------------------------------------+

    + Detail: 
        * Instance: 
        N/A

        * Loop: 
        +--------------------------+---------+---------+----------+-----------+-----------+---------+----------+
        |                          |  Latency (cycles) | Iteration|  Initiation Interval  |   Trip  |          |
        |         Loop Name        |   min   |   max   |  Latency |  achieved |   target  |  Count  | Pipelined|
        +--------------------------+---------+---------+----------+-----------+-----------+---------+----------+
        |- COMPUTE_DFT_INNER_LOOP  |  6291471|  6291471|        22|          6|          1|  1048576|       yes|
        +--------------------------+---------+---------+----------+-----------+-----------+---------+----------+

============================================================
+ Verbose Summary: Synthesis Manager
============================================================
InlineROM: 1
ExposeGlobal: 0
============================================================
+ Verbose Summary: CDFG Model
============================================================
IsTopModel: 0
ResetActiveHigh: 1
IsCombinational: 0
IsDatapathOnly: 0
HasWiredReturn: 1
HasMFsm: 2
HasVarLatency: 1
IsPipeline: 0
IsRtlPipelined: 0
IsInstanceOverlapped: 0
IsDontTouch: 0
HasImplIP: 0
IsGatedGlobalClock: 0

+ Individual pipeline summary: 
  * Pipeline-0: initiation interval (II) = 6, depth = 22


============================================================
+ Verbose Summary: Schedule
============================================================
* Number of FSM states : 22
* Pipeline : 1
  Pipeline-0 : II = 6, D = 22, States = { 1 2 3 4 5 6 7 8 9 10 11 12 13 14 15 16 17 18 19 20 21 22 }
* Dataflow Pipeline: 0

* FSM state transitions: 
1 --> 2 
2 --> 3 
3 --> 4 
4 --> 5 
5 --> 6 
6 --> 7 
7 --> 8 
8 --> 9 
9 --> 10 
10 --> 11 
11 --> 12 
12 --> 13 
13 --> 14 
14 --> 15 
15 --> 16 
16 --> 17 
17 --> 18 
18 --> 19 
19 --> 20 
20 --> 21 
21 --> 22 
22 --> 

* FSM state operations: 

State 1 <SV = 0> <Delay = 7.19>
ST_1 : Operation 25 [1/1] (0.00ns)   --->   "%temp_real = alloca i32 1" [dft.cpp:20]   --->   Operation 25 'alloca' 'temp_real' <Predicate = true> <Delay = 0.00>
ST_1 : Operation 26 [1/1] (0.00ns)   --->   "%temp_imag = alloca i32 1" [dft.cpp:21]   --->   Operation 26 'alloca' 'temp_imag' <Predicate = true> <Delay = 0.00>
ST_1 : Operation 27 [1/1] (0.00ns)   --->   "%j_1 = alloca i32 1" [dft.cpp:7]   --->   Operation 27 'alloca' 'j_1' <Predicate = true> <Delay = 0.00>
ST_1 : Operation 28 [1/1] (0.00ns)   --->   "%i = alloca i32 1" [dft.cpp:7]   --->   Operation 28 'alloca' 'i' <Predicate = true> <Delay = 0.00>
ST_1 : Operation 29 [1/1] (0.00ns)   --->   "%indvar_flatten = alloca i32 1"   --->   Operation 29 'alloca' 'indvar_flatten' <Predicate = true> <Delay = 0.00>
ST_1 : Operation 30 [1/1] (0.00ns)   --->   "%specinterface_ln0 = specinterface void @_ssdm_op_SpecInterface, i32 %output_imag, void @empty_0, i32 0, i32 0, void @empty, i32 0, i32 0, void @empty, void @empty, void @empty, i32 0, i32 0, i32 0, i32 0, void @empty, void @empty, i32 4294967295, i32 0, i32 0"   --->   Operation 30 'specinterface' 'specinterface_ln0' <Predicate = true> <Delay = 0.00>
ST_1 : Operation 31 [1/1] (0.00ns)   --->   "%specinterface_ln0 = specinterface void @_ssdm_op_SpecInterface, i32 %output_real, void @empty_0, i32 0, i32 0, void @empty, i32 0, i32 0, void @empty, void @empty, void @empty, i32 0, i32 0, i32 0, i32 0, void @empty, void @empty, i32 4294967295, i32 0, i32 0"   --->   Operation 31 'specinterface' 'specinterface_ln0' <Predicate = true> <Delay = 0.00>
ST_1 : Operation 32 [1/1] (1.58ns)   --->   "%store_ln0 = store i21 0, i21 %indvar_flatten"   --->   Operation 32 'store' 'store_ln0' <Predicate = true> <Delay = 1.58>
ST_1 : Operation 33 [1/1] (1.58ns)   --->   "%store_ln7 = store i11 0, i11 %i" [dft.cpp:7]   --->   Operation 33 'store' 'store_ln7' <Predicate = true> <Delay = 1.58>
ST_1 : Operation 34 [1/1] (1.58ns)   --->   "%store_ln7 = store i11 0, i11 %j_1" [dft.cpp:7]   --->   Operation 34 'store' 'store_ln7' <Predicate = true> <Delay = 1.58>
ST_1 : Operation 35 [1/1] (1.58ns)   --->   "%store_ln21 = store i32 0, i32 %temp_imag" [dft.cpp:21]   --->   Operation 35 'store' 'store_ln21' <Predicate = true> <Delay = 1.58>
ST_1 : Operation 36 [1/1] (1.58ns)   --->   "%store_ln20 = store i32 0, i32 %temp_real" [dft.cpp:20]   --->   Operation 36 'store' 'store_ln20' <Predicate = true> <Delay = 1.58>
ST_1 : Operation 37 [1/1] (0.00ns)   --->   "%br_ln0 = br void %for.inc28"   --->   Operation 37 'br' 'br_ln0' <Predicate = true> <Delay = 0.00>
ST_1 : Operation 38 [1/1] (0.00ns)   --->   "%indvar_flatten_load = load i21 %indvar_flatten" [dft.cpp:19]   --->   Operation 38 'load' 'indvar_flatten_load' <Predicate = true> <Delay = 0.00>
ST_1 : Operation 39 [1/1] (2.22ns)   --->   "%icmp_ln19 = icmp_eq  i21 %indvar_flatten_load, i21 1048576" [dft.cpp:19]   --->   Operation 39 'icmp' 'icmp_ln19' <Predicate = true> <Delay = 2.22> <CoreInst = "Cmp">   --->   Core 9 'Cmp' <Latency = 0> <II = 1> <Delay = 2.22> <FuncUnit> <Opcode : 'seteq' 'setne' 'setle' 'setge' 'setlt' 'setgt'> <InPorts = 2> <OutPorts = 1>
ST_1 : Operation 40 [1/1] (2.22ns)   --->   "%add_ln19 = add i21 %indvar_flatten_load, i21 1" [dft.cpp:19]   --->   Operation 40 'add' 'add_ln19' <Predicate = true> <Delay = 2.22> <CoreInst = "Adder">   --->   Core 1 'Adder' <Latency = 0> <II = 1> <Delay = 2.22> <FuncUnit> <Opcode : 'add' 'sub'> <InPorts = 2> <OutPorts = 1>
ST_1 : Operation 41 [1/1] (0.00ns)   --->   "%br_ln19 = br i1 %icmp_ln19, void %for.inc31, void %for.end33.exitStub" [dft.cpp:19]   --->   Operation 41 'br' 'br_ln19' <Predicate = true> <Delay = 0.00>
ST_1 : Operation 42 [1/1] (0.00ns)   --->   "%j_1_load = load i11 %j_1" [dft.cpp:23]   --->   Operation 42 'load' 'j_1_load' <Predicate = (!icmp_ln19)> <Delay = 0.00>
ST_1 : Operation 43 [1/1] (1.63ns)   --->   "%icmp_ln23 = icmp_eq  i11 %j_1_load, i11 1024" [dft.cpp:23]   --->   Operation 43 'icmp' 'icmp_ln23' <Predicate = (!icmp_ln19)> <Delay = 1.63> <CoreInst = "Cmp">   --->   Core 9 'Cmp' <Latency = 0> <II = 1> <Delay = 1.63> <FuncUnit> <Opcode : 'seteq' 'setne' 'setle' 'setge' 'setlt' 'setgt'> <InPorts = 2> <OutPorts = 1>
ST_1 : Operation 44 [1/1] (0.69ns)   --->   "%select_ln7 = select i1 %icmp_ln23, i11 0, i11 %j_1_load" [dft.cpp:7]   --->   Operation 44 'select' 'select_ln7' <Predicate = (!icmp_ln19)> <Delay = 0.69> <CoreInst = "Sel">   --->   Core 73 'Sel' <Latency = 0> <II = 1> <Delay = 0.69> <FuncUnit> <Opcode : 'select'> <InPorts = 3> <OutPorts = 1>
ST_1 : Operation 45 [1/1] (0.00ns)   --->   "%zext_ln23 = zext i11 %select_ln7" [dft.cpp:23]   --->   Operation 45 'zext' 'zext_ln23' <Predicate = (!icmp_ln19)> <Delay = 0.00>
ST_1 : Operation 46 [1/1] (0.00ns)   --->   "%trunc_ln24_1 = trunc i11 %select_ln7" [dft.cpp:24]   --->   Operation 46 'trunc' 'trunc_ln24_1' <Predicate = (!icmp_ln19)> <Delay = 0.00>
ST_1 : Operation 47 [1/1] (0.00ns)   --->   "%real_sample_addr = getelementptr i32 %real_sample, i64 0, i64 %zext_ln23" [dft.cpp:27]   --->   Operation 47 'getelementptr' 'real_sample_addr' <Predicate = (!icmp_ln19)> <Delay = 0.00>
ST_1 : Operation 48 [2/2] (3.25ns)   --->   "%real_sample_load = load i10 %real_sample_addr" [dft.cpp:27]   --->   Operation 48 'load' 'real_sample_load' <Predicate = (!icmp_ln19)> <Delay = 3.25> <CoreInst = "RAM">   --->   Core 81 'RAM' <Latency = 1> <II = 1> <Delay = 3.25> <Storage> <Opcode : 'load' 'store'> <Ports = 2> <Width = 32> <Depth = 1024> <RAM>
ST_1 : Operation 49 [1/1] (0.00ns)   --->   "%imag_sample_addr = getelementptr i32 %imag_sample, i64 0, i64 %zext_ln23" [dft.cpp:27]   --->   Operation 49 'getelementptr' 'imag_sample_addr' <Predicate = (!icmp_ln19)> <Delay = 0.00>
ST_1 : Operation 50 [2/2] (3.25ns)   --->   "%imag_sample_load = load i10 %imag_sample_addr" [dft.cpp:27]   --->   Operation 50 'load' 'imag_sample_load' <Predicate = (!icmp_ln19)> <Delay = 3.25> <CoreInst = "RAM">   --->   Core 81 'RAM' <Latency = 1> <II = 1> <Delay = 3.25> <Storage> <Opcode : 'load' 'store'> <Ports = 2> <Width = 32> <Depth = 1024> <RAM>
ST_1 : Operation 51 [1/1] (1.63ns)   --->   "%add_ln23 = add i11 %select_ln7, i11 1" [dft.cpp:23]   --->   Operation 51 'add' 'add_ln23' <Predicate = (!icmp_ln19)> <Delay = 1.63> <CoreInst = "Adder">   --->   Core 1 'Adder' <Latency = 0> <II = 1> <Delay = 1.63> <FuncUnit> <Opcode : 'add' 'sub'> <InPorts = 2> <OutPorts = 1>
ST_1 : Operation 52 [1/1] (1.63ns)   --->   "%icmp_ln23_1 = icmp_eq  i11 %add_ln23, i11 1024" [dft.cpp:23]   --->   Operation 52 'icmp' 'icmp_ln23_1' <Predicate = (!icmp_ln19)> <Delay = 1.63> <CoreInst = "Cmp">   --->   Core 9 'Cmp' <Latency = 0> <II = 1> <Delay = 1.63> <FuncUnit> <Opcode : 'seteq' 'setne' 'setle' 'setge' 'setlt' 'setgt'> <InPorts = 2> <OutPorts = 1>
ST_1 : Operation 53 [1/1] (0.00ns)   --->   "%br_ln23 = br i1 %icmp_ln23_1, void %new.latch.for.inc28.split, void %last.iter.for.inc28.split" [dft.cpp:23]   --->   Operation 53 'br' 'br_ln23' <Predicate = (!icmp_ln19)> <Delay = 0.00>
ST_1 : Operation 54 [1/1] (1.58ns)   --->   "%store_ln19 = store i21 %add_ln19, i21 %indvar_flatten" [dft.cpp:19]   --->   Operation 54 'store' 'store_ln19' <Predicate = (!icmp_ln19)> <Delay = 1.58>
ST_1 : Operation 55 [1/1] (1.58ns)   --->   "%store_ln7 = store i11 %add_ln23, i11 %j_1" [dft.cpp:7]   --->   Operation 55 'store' 'store_ln7' <Predicate = (!icmp_ln19)> <Delay = 1.58>

State 2 <SV = 1> <Delay = 6.85>
ST_2 : Operation 56 [1/1] (0.00ns)   --->   "%i_load = load i11 %i" [dft.cpp:19]   --->   Operation 56 'load' 'i_load' <Predicate = (!icmp_ln19)> <Delay = 0.00>
ST_2 : Operation 57 [1/1] (1.63ns)   --->   "%add_ln19_1 = add i11 %i_load, i11 1" [dft.cpp:19]   --->   Operation 57 'add' 'add_ln19_1' <Predicate = (!icmp_ln19 & icmp_ln23)> <Delay = 1.63> <CoreInst = "Adder">   --->   Core 1 'Adder' <Latency = 0> <II = 1> <Delay = 1.63> <FuncUnit> <Opcode : 'add' 'sub'> <InPorts = 2> <OutPorts = 1>
ST_2 : Operation 58 [1/1] (0.69ns)   --->   "%select_ln19 = select i1 %icmp_ln23, i11 %add_ln19_1, i11 %i_load" [dft.cpp:19]   --->   Operation 58 'select' 'select_ln19' <Predicate = (!icmp_ln19)> <Delay = 0.69> <CoreInst = "Sel">   --->   Core 73 'Sel' <Latency = 0> <II = 1> <Delay = 0.69> <FuncUnit> <Opcode : 'select'> <InPorts = 3> <OutPorts = 1>
ST_2 : Operation 59 [1/1] (0.00ns)   --->   "%trunc_ln24 = trunc i11 %select_ln19" [dft.cpp:24]   --->   Operation 59 'trunc' 'trunc_ln24' <Predicate = (!icmp_ln19)> <Delay = 0.00>
ST_2 : Operation 60 [1/1] (4.52ns)   --->   "%idx = mul i10 %trunc_ln24_1, i10 %trunc_ln24" [dft.cpp:24]   --->   Operation 60 'mul' 'idx' <Predicate = (!icmp_ln19)> <Delay = 4.52> <CoreInst = "Multiplier">   --->   Core 3 'Multiplier' <Latency = 0> <II = 1> <Delay = 4.52> <FuncUnit> <Opcode : 'mul'> <InPorts = 2> <OutPorts = 1>
ST_2 : Operation 61 [1/2] ( I:3.25ns O:3.25ns )   --->   "%real_sample_load = load i10 %real_sample_addr" [dft.cpp:27]   --->   Operation 61 'load' 'real_sample_load' <Predicate = (!icmp_ln19)> <Delay = 3.25> <CoreInst = "RAM">   --->   Core 81 'RAM' <Latency = 1> <II = 1> <Delay = 3.25> <Storage> <Opcode : 'load' 'store'> <Ports = 2> <Width = 32> <Depth = 1024> <RAM>
ST_2 : Operation 62 [1/2] ( I:3.25ns O:3.25ns )   --->   "%imag_sample_load = load i10 %imag_sample_addr" [dft.cpp:27]   --->   Operation 62 'load' 'imag_sample_load' <Predicate = (!icmp_ln19)> <Delay = 3.25> <CoreInst = "RAM">   --->   Core 81 'RAM' <Latency = 1> <II = 1> <Delay = 3.25> <Storage> <Opcode : 'load' 'store'> <Ports = 2> <Width = 32> <Depth = 1024> <RAM>
ST_2 : Operation 63 [1/1] (1.58ns)   --->   "%store_ln7 = store i11 %select_ln19, i11 %i" [dft.cpp:7]   --->   Operation 63 'store' 'store_ln7' <Predicate = (!icmp_ln19)> <Delay = 1.58>

State 3 <SV = 2> <Delay = 3.25>
ST_3 : Operation 64 [1/1] (0.00ns)   --->   "%zext_ln25 = zext i10 %idx" [dft.cpp:25]   --->   Operation 64 'zext' 'zext_ln25' <Predicate = (!icmp_ln19)> <Delay = 0.00>
ST_3 : Operation 65 [1/1] (0.00ns)   --->   "%cos_coefficients_table_addr = getelementptr i32 %cos_coefficients_table, i64 0, i64 %zext_ln25" [dft.cpp:25]   --->   Operation 65 'getelementptr' 'cos_coefficients_table_addr' <Predicate = (!icmp_ln19)> <Delay = 0.00>
ST_3 : Operation 66 [2/2] (3.25ns)   --->   "%c = load i10 %cos_coefficients_table_addr" [dft.cpp:25]   --->   Operation 66 'load' 'c' <Predicate = (!icmp_ln19)> <Delay = 3.25> <CoreInst = "ROM">   --->   Core 94 'ROM' <Latency = 1> <II = 1> <Delay = 3.25> <Storage> <Opcode : 'load'> <Ports = 0> <Width = 32> <Depth = 1024> <ROM>
ST_3 : Operation 67 [1/1] (0.00ns)   --->   "%sin_coefficients_table_addr = getelementptr i32 %sin_coefficients_table, i64 0, i64 %zext_ln25" [dft.cpp:26]   --->   Operation 67 'getelementptr' 'sin_coefficients_table_addr' <Predicate = (!icmp_ln19)> <Delay = 0.00>
ST_3 : Operation 68 [2/2] (3.25ns)   --->   "%s = load i10 %sin_coefficients_table_addr" [dft.cpp:26]   --->   Operation 68 'load' 's' <Predicate = (!icmp_ln19)> <Delay = 3.25> <CoreInst = "ROM">   --->   Core 94 'ROM' <Latency = 1> <II = 1> <Delay = 3.25> <Storage> <Opcode : 'load'> <Ports = 0> <Width = 32> <Depth = 1024> <ROM>

State 4 <SV = 3> <Delay = 3.25>
ST_4 : Operation 69 [1/2] ( I:3.25ns O:3.25ns )   --->   "%c = load i10 %cos_coefficients_table_addr" [dft.cpp:25]   --->   Operation 69 'load' 'c' <Predicate = (!icmp_ln19)> <Delay = 3.25> <CoreInst = "ROM">   --->   Core 94 'ROM' <Latency = 1> <II = 1> <Delay = 3.25> <Storage> <Opcode : 'load'> <Ports = 0> <Width = 32> <Depth = 1024> <ROM>
ST_4 : Operation 70 [1/2] ( I:3.25ns O:3.25ns )   --->   "%s = load i10 %sin_coefficients_table_addr" [dft.cpp:26]   --->   Operation 70 'load' 's' <Predicate = (!icmp_ln19)> <Delay = 3.25> <CoreInst = "ROM">   --->   Core 94 'ROM' <Latency = 1> <II = 1> <Delay = 3.25> <Storage> <Opcode : 'load'> <Ports = 0> <Width = 32> <Depth = 1024> <ROM>

State 5 <SV = 4> <Delay = 5.70>
ST_5 : Operation 71 [4/4] (5.70ns)   --->   "%mul = fmul i32 %real_sample_load, i32 %c" [dft.cpp:27]   --->   Operation 71 'fmul' 'mul' <Predicate = (!icmp_ln19)> <Delay = 5.70> <CoreInst = "FMul_maxdsp">   --->   Core 30 'FMul_maxdsp' <Latency = 3> <II = 1> <Delay = 5.70> <FuncUnit> <Opcode : 'fmul'> <InPorts = 2> <OutPorts = 1>

State 6 <SV = 5> <Delay = 5.70>
ST_6 : Operation 72 [3/4] (5.70ns)   --->   "%mul = fmul i32 %real_sample_load, i32 %c" [dft.cpp:27]   --->   Operation 72 'fmul' 'mul' <Predicate = (!icmp_ln19)> <Delay = 5.70> <CoreInst = "FMul_maxdsp">   --->   Core 30 'FMul_maxdsp' <Latency = 3> <II = 1> <Delay = 5.70> <FuncUnit> <Opcode : 'fmul'> <InPorts = 2> <OutPorts = 1>
ST_6 : Operation 73 [4/4] (5.70ns)   --->   "%mul1 = fmul i32 %imag_sample_load, i32 %s" [dft.cpp:27]   --->   Operation 73 'fmul' 'mul1' <Predicate = (!icmp_ln19)> <Delay = 5.70> <CoreInst = "FMul_maxdsp">   --->   Core 30 'FMul_maxdsp' <Latency = 3> <II = 1> <Delay = 5.70> <FuncUnit> <Opcode : 'fmul'> <InPorts = 2> <OutPorts = 1>

State 7 <SV = 6> <Delay = 5.70>
ST_7 : Operation 74 [2/4] (5.70ns)   --->   "%mul = fmul i32 %real_sample_load, i32 %c" [dft.cpp:27]   --->   Operation 74 'fmul' 'mul' <Predicate = true> <Delay = 5.70> <CoreInst = "FMul_maxdsp">   --->   Core 30 'FMul_maxdsp' <Latency = 3> <II = 1> <Delay = 5.70> <FuncUnit> <Opcode : 'fmul'> <InPorts = 2> <OutPorts = 1>
ST_7 : Operation 75 [3/4] (5.70ns)   --->   "%mul1 = fmul i32 %imag_sample_load, i32 %s" [dft.cpp:27]   --->   Operation 75 'fmul' 'mul1' <Predicate = true> <Delay = 5.70> <CoreInst = "FMul_maxdsp">   --->   Core 30 'FMul_maxdsp' <Latency = 3> <II = 1> <Delay = 5.70> <FuncUnit> <Opcode : 'fmul'> <InPorts = 2> <OutPorts = 1>
ST_7 : Operation 76 [4/4] (5.70ns)   --->   "%mul2 = fmul i32 %real_sample_load, i32 %s" [dft.cpp:28]   --->   Operation 76 'fmul' 'mul2' <Predicate = true> <Delay = 5.70> <CoreInst = "FMul_maxdsp">   --->   Core 30 'FMul_maxdsp' <Latency = 3> <II = 1> <Delay = 5.70> <FuncUnit> <Opcode : 'fmul'> <InPorts = 2> <OutPorts = 1>

State 8 <SV = 7> <Delay = 5.70>
ST_8 : Operation 77 [1/4] (5.70ns)   --->   "%mul = fmul i32 %real_sample_load, i32 %c" [dft.cpp:27]   --->   Operation 77 'fmul' 'mul' <Predicate = true> <Delay = 5.70> <CoreInst = "FMul_maxdsp">   --->   Core 30 'FMul_maxdsp' <Latency = 3> <II = 1> <Delay = 5.70> <FuncUnit> <Opcode : 'fmul'> <InPorts = 2> <OutPorts = 1>
ST_8 : Operation 78 [2/4] (5.70ns)   --->   "%mul1 = fmul i32 %imag_sample_load, i32 %s" [dft.cpp:27]   --->   Operation 78 'fmul' 'mul1' <Predicate = true> <Delay = 5.70> <CoreInst = "FMul_maxdsp">   --->   Core 30 'FMul_maxdsp' <Latency = 3> <II = 1> <Delay = 5.70> <FuncUnit> <Opcode : 'fmul'> <InPorts = 2> <OutPorts = 1>
ST_8 : Operation 79 [3/4] (5.70ns)   --->   "%mul2 = fmul i32 %real_sample_load, i32 %s" [dft.cpp:28]   --->   Operation 79 'fmul' 'mul2' <Predicate = true> <Delay = 5.70> <CoreInst = "FMul_maxdsp">   --->   Core 30 'FMul_maxdsp' <Latency = 3> <II = 1> <Delay = 5.70> <FuncUnit> <Opcode : 'fmul'> <InPorts = 2> <OutPorts = 1>
ST_8 : Operation 80 [4/4] (5.70ns)   --->   "%mul3 = fmul i32 %imag_sample_load, i32 %c" [dft.cpp:28]   --->   Operation 80 'fmul' 'mul3' <Predicate = true> <Delay = 5.70> <CoreInst = "FMul_maxdsp">   --->   Core 30 'FMul_maxdsp' <Latency = 3> <II = 1> <Delay = 5.70> <FuncUnit> <Opcode : 'fmul'> <InPorts = 2> <OutPorts = 1>

State 9 <SV = 8> <Delay = 5.70>
ST_9 : Operation 81 [1/4] (5.70ns)   --->   "%mul1 = fmul i32 %imag_sample_load, i32 %s" [dft.cpp:27]   --->   Operation 81 'fmul' 'mul1' <Predicate = true> <Delay = 5.70> <CoreInst = "FMul_maxdsp">   --->   Core 30 'FMul_maxdsp' <Latency = 3> <II = 1> <Delay = 5.70> <FuncUnit> <Opcode : 'fmul'> <InPorts = 2> <OutPorts = 1>
ST_9 : Operation 82 [2/4] (5.70ns)   --->   "%mul2 = fmul i32 %real_sample_load, i32 %s" [dft.cpp:28]   --->   Operation 82 'fmul' 'mul2' <Predicate = true> <Delay = 5.70> <CoreInst = "FMul_maxdsp">   --->   Core 30 'FMul_maxdsp' <Latency = 3> <II = 1> <Delay = 5.70> <FuncUnit> <Opcode : 'fmul'> <InPorts = 2> <OutPorts = 1>
ST_9 : Operation 83 [3/4] (5.70ns)   --->   "%mul3 = fmul i32 %imag_sample_load, i32 %c" [dft.cpp:28]   --->   Operation 83 'fmul' 'mul3' <Predicate = true> <Delay = 5.70> <CoreInst = "FMul_maxdsp">   --->   Core 30 'FMul_maxdsp' <Latency = 3> <II = 1> <Delay = 5.70> <FuncUnit> <Opcode : 'fmul'> <InPorts = 2> <OutPorts = 1>

State 10 <SV = 9> <Delay = 7.25>
ST_10 : Operation 84 [5/5] (7.25ns)   --->   "%sub = fsub i32 %mul, i32 %mul1" [dft.cpp:27]   --->   Operation 84 'fsub' 'sub' <Predicate = true> <Delay = 7.25> <CoreInst = "FAddSub_fulldsp">   --->   Core 18 'FAddSub_fulldsp' <Latency = 4> <II = 1> <Delay = 7.25> <FuncUnit> <Opcode : 'fadd' 'fsub'> <InPorts = 2> <OutPorts = 1>
ST_10 : Operation 85 [1/4] (5.70ns)   --->   "%mul2 = fmul i32 %real_sample_load, i32 %s" [dft.cpp:28]   --->   Operation 85 'fmul' 'mul2' <Predicate = true> <Delay = 5.70> <CoreInst = "FMul_maxdsp">   --->   Core 30 'FMul_maxdsp' <Latency = 3> <II = 1> <Delay = 5.70> <FuncUnit> <Opcode : 'fmul'> <InPorts = 2> <OutPorts = 1>
ST_10 : Operation 86 [2/4] (5.70ns)   --->   "%mul3 = fmul i32 %imag_sample_load, i32 %c" [dft.cpp:28]   --->   Operation 86 'fmul' 'mul3' <Predicate = true> <Delay = 5.70> <CoreInst = "FMul_maxdsp">   --->   Core 30 'FMul_maxdsp' <Latency = 3> <II = 1> <Delay = 5.70> <FuncUnit> <Opcode : 'fmul'> <InPorts = 2> <OutPorts = 1>

State 11 <SV = 10> <Delay = 7.25>
ST_11 : Operation 87 [4/5] (7.25ns)   --->   "%sub = fsub i32 %mul, i32 %mul1" [dft.cpp:27]   --->   Operation 87 'fsub' 'sub' <Predicate = true> <Delay = 7.25> <CoreInst = "FAddSub_fulldsp">   --->   Core 18 'FAddSub_fulldsp' <Latency = 4> <II = 1> <Delay = 7.25> <FuncUnit> <Opcode : 'fadd' 'fsub'> <InPorts = 2> <OutPorts = 1>
ST_11 : Operation 88 [1/4] (5.70ns)   --->   "%mul3 = fmul i32 %imag_sample_load, i32 %c" [dft.cpp:28]   --->   Operation 88 'fmul' 'mul3' <Predicate = true> <Delay = 5.70> <CoreInst = "FMul_maxdsp">   --->   Core 30 'FMul_maxdsp' <Latency = 3> <II = 1> <Delay = 5.70> <FuncUnit> <Opcode : 'fmul'> <InPorts = 2> <OutPorts = 1>

State 12 <SV = 11> <Delay = 7.25>
ST_12 : Operation 89 [3/5] (7.25ns)   --->   "%sub = fsub i32 %mul, i32 %mul1" [dft.cpp:27]   --->   Operation 89 'fsub' 'sub' <Predicate = true> <Delay = 7.25> <CoreInst = "FAddSub_fulldsp">   --->   Core 18 'FAddSub_fulldsp' <Latency = 4> <II = 1> <Delay = 7.25> <FuncUnit> <Opcode : 'fadd' 'fsub'> <InPorts = 2> <OutPorts = 1>
ST_12 : Operation 90 [5/5] (7.25ns)   --->   "%add1 = fadd i32 %mul2, i32 %mul3" [dft.cpp:28]   --->   Operation 90 'fadd' 'add1' <Predicate = true> <Delay = 7.25> <CoreInst = "FAddSub_fulldsp">   --->   Core 18 'FAddSub_fulldsp' <Latency = 4> <II = 1> <Delay = 7.25> <FuncUnit> <Opcode : 'fadd' 'fsub'> <InPorts = 2> <OutPorts = 1>

State 13 <SV = 12> <Delay = 7.25>
ST_13 : Operation 91 [2/5] (7.25ns)   --->   "%sub = fsub i32 %mul, i32 %mul1" [dft.cpp:27]   --->   Operation 91 'fsub' 'sub' <Predicate = true> <Delay = 7.25> <CoreInst = "FAddSub_fulldsp">   --->   Core 18 'FAddSub_fulldsp' <Latency = 4> <II = 1> <Delay = 7.25> <FuncUnit> <Opcode : 'fadd' 'fsub'> <InPorts = 2> <OutPorts = 1>
ST_13 : Operation 92 [4/5] (7.25ns)   --->   "%add1 = fadd i32 %mul2, i32 %mul3" [dft.cpp:28]   --->   Operation 92 'fadd' 'add1' <Predicate = true> <Delay = 7.25> <CoreInst = "FAddSub_fulldsp">   --->   Core 18 'FAddSub_fulldsp' <Latency = 4> <II = 1> <Delay = 7.25> <FuncUnit> <Opcode : 'fadd' 'fsub'> <InPorts = 2> <OutPorts = 1>

State 14 <SV = 13> <Delay = 7.25>
ST_14 : Operation 93 [1/1] (0.00ns)   --->   "%temp_real_load = load i32 %temp_real" [dft.cpp:7]   --->   Operation 93 'load' 'temp_real_load' <Predicate = (!icmp_ln23)> <Delay = 0.00>
ST_14 : Operation 94 [1/1] (0.69ns)   --->   "%select_ln7_2 = select i1 %icmp_ln23, i32 0, i32 %temp_real_load" [dft.cpp:7]   --->   Operation 94 'select' 'select_ln7_2' <Predicate = true> <Delay = 0.69> <CoreInst = "Sel">   --->   Core 73 'Sel' <Latency = 0> <II = 1> <Delay = 0.69> <FuncUnit> <Opcode : 'select'> <InPorts = 3> <OutPorts = 1>
ST_14 : Operation 95 [1/5] (7.25ns)   --->   "%sub = fsub i32 %mul, i32 %mul1" [dft.cpp:27]   --->   Operation 95 'fsub' 'sub' <Predicate = true> <Delay = 7.25> <CoreInst = "FAddSub_fulldsp">   --->   Core 18 'FAddSub_fulldsp' <Latency = 4> <II = 1> <Delay = 7.25> <FuncUnit> <Opcode : 'fadd' 'fsub'> <InPorts = 2> <OutPorts = 1>
ST_14 : Operation 96 [3/5] (7.25ns)   --->   "%add1 = fadd i32 %mul2, i32 %mul3" [dft.cpp:28]   --->   Operation 96 'fadd' 'add1' <Predicate = true> <Delay = 7.25> <CoreInst = "FAddSub_fulldsp">   --->   Core 18 'FAddSub_fulldsp' <Latency = 4> <II = 1> <Delay = 7.25> <FuncUnit> <Opcode : 'fadd' 'fsub'> <InPorts = 2> <OutPorts = 1>

State 15 <SV = 14> <Delay = 7.25>
ST_15 : Operation 97 [5/5] (7.25ns)   --->   "%temp_real_1 = fadd i32 %select_ln7_2, i32 %sub" [dft.cpp:27]   --->   Operation 97 'fadd' 'temp_real_1' <Predicate = true> <Delay = 7.25> <CoreInst = "FAddSub_fulldsp">   --->   Core 18 'FAddSub_fulldsp' <Latency = 4> <II = 1> <Delay = 7.25> <FuncUnit> <Opcode : 'fadd' 'fsub'> <InPorts = 2> <OutPorts = 1>
ST_15 : Operation 98 [2/5] (7.25ns)   --->   "%add1 = fadd i32 %mul2, i32 %mul3" [dft.cpp:28]   --->   Operation 98 'fadd' 'add1' <Predicate = true> <Delay = 7.25> <CoreInst = "FAddSub_fulldsp">   --->   Core 18 'FAddSub_fulldsp' <Latency = 4> <II = 1> <Delay = 7.25> <FuncUnit> <Opcode : 'fadd' 'fsub'> <InPorts = 2> <OutPorts = 1>

State 16 <SV = 15> <Delay = 7.25>
ST_16 : Operation 99 [1/1] (0.00ns)   --->   "%temp_imag_load = load i32 %temp_imag" [dft.cpp:7]   --->   Operation 99 'load' 'temp_imag_load' <Predicate = (!icmp_ln23)> <Delay = 0.00>
ST_16 : Operation 100 [1/1] (0.69ns)   --->   "%select_ln7_1 = select i1 %icmp_ln23, i32 0, i32 %temp_imag_load" [dft.cpp:7]   --->   Operation 100 'select' 'select_ln7_1' <Predicate = true> <Delay = 0.69> <CoreInst = "Sel">   --->   Core 73 'Sel' <Latency = 0> <II = 1> <Delay = 0.69> <FuncUnit> <Opcode : 'select'> <InPorts = 3> <OutPorts = 1>
ST_16 : Operation 101 [4/5] (7.25ns)   --->   "%temp_real_1 = fadd i32 %select_ln7_2, i32 %sub" [dft.cpp:27]   --->   Operation 101 'fadd' 'temp_real_1' <Predicate = true> <Delay = 7.25> <CoreInst = "FAddSub_fulldsp">   --->   Core 18 'FAddSub_fulldsp' <Latency = 4> <II = 1> <Delay = 7.25> <FuncUnit> <Opcode : 'fadd' 'fsub'> <InPorts = 2> <OutPorts = 1>
ST_16 : Operation 102 [1/5] (7.25ns)   --->   "%add1 = fadd i32 %mul2, i32 %mul3" [dft.cpp:28]   --->   Operation 102 'fadd' 'add1' <Predicate = true> <Delay = 7.25> <CoreInst = "FAddSub_fulldsp">   --->   Core 18 'FAddSub_fulldsp' <Latency = 4> <II = 1> <Delay = 7.25> <FuncUnit> <Opcode : 'fadd' 'fsub'> <InPorts = 2> <OutPorts = 1>
ST_16 : Operation 122 [1/1] (1.58ns)   --->   "%ret_ln0 = ret"   --->   Operation 122 'ret' 'ret_ln0' <Predicate = (icmp_ln19)> <Delay = 1.58>

State 17 <SV = 16> <Delay = 7.25>
ST_17 : Operation 103 [3/5] (7.25ns)   --->   "%temp_real_1 = fadd i32 %select_ln7_2, i32 %sub" [dft.cpp:27]   --->   Operation 103 'fadd' 'temp_real_1' <Predicate = true> <Delay = 7.25> <CoreInst = "FAddSub_fulldsp">   --->   Core 18 'FAddSub_fulldsp' <Latency = 4> <II = 1> <Delay = 7.25> <FuncUnit> <Opcode : 'fadd' 'fsub'> <InPorts = 2> <OutPorts = 1>
ST_17 : Operation 104 [5/5] (7.25ns)   --->   "%temp_imag_1 = fadd i32 %select_ln7_1, i32 %add1" [dft.cpp:28]   --->   Operation 104 'fadd' 'temp_imag_1' <Predicate = true> <Delay = 7.25> <CoreInst = "FAddSub_fulldsp">   --->   Core 18 'FAddSub_fulldsp' <Latency = 4> <II = 1> <Delay = 7.25> <FuncUnit> <Opcode : 'fadd' 'fsub'> <InPorts = 2> <OutPorts = 1>

State 18 <SV = 17> <Delay = 7.25>
ST_18 : Operation 105 [2/5] (7.25ns)   --->   "%temp_real_1 = fadd i32 %select_ln7_2, i32 %sub" [dft.cpp:27]   --->   Operation 105 'fadd' 'temp_real_1' <Predicate = true> <Delay = 7.25> <CoreInst = "FAddSub_fulldsp">   --->   Core 18 'FAddSub_fulldsp' <Latency = 4> <II = 1> <Delay = 7.25> <FuncUnit> <Opcode : 'fadd' 'fsub'> <InPorts = 2> <OutPorts = 1>
ST_18 : Operation 106 [4/5] (7.25ns)   --->   "%temp_imag_1 = fadd i32 %select_ln7_1, i32 %add1" [dft.cpp:28]   --->   Operation 106 'fadd' 'temp_imag_1' <Predicate = true> <Delay = 7.25> <CoreInst = "FAddSub_fulldsp">   --->   Core 18 'FAddSub_fulldsp' <Latency = 4> <II = 1> <Delay = 7.25> <FuncUnit> <Opcode : 'fadd' 'fsub'> <InPorts = 2> <OutPorts = 1>

State 19 <SV = 18> <Delay = 7.25>
ST_19 : Operation 107 [1/5] (7.25ns)   --->   "%temp_real_1 = fadd i32 %select_ln7_2, i32 %sub" [dft.cpp:27]   --->   Operation 107 'fadd' 'temp_real_1' <Predicate = true> <Delay = 7.25> <CoreInst = "FAddSub_fulldsp">   --->   Core 18 'FAddSub_fulldsp' <Latency = 4> <II = 1> <Delay = 7.25> <FuncUnit> <Opcode : 'fadd' 'fsub'> <InPorts = 2> <OutPorts = 1>
ST_19 : Operation 108 [3/5] (7.25ns)   --->   "%temp_imag_1 = fadd i32 %select_ln7_1, i32 %add1" [dft.cpp:28]   --->   Operation 108 'fadd' 'temp_imag_1' <Predicate = true> <Delay = 7.25> <CoreInst = "FAddSub_fulldsp">   --->   Core 18 'FAddSub_fulldsp' <Latency = 4> <II = 1> <Delay = 7.25> <FuncUnit> <Opcode : 'fadd' 'fsub'> <InPorts = 2> <OutPorts = 1>

State 20 <SV = 19> <Delay = 7.25>
ST_20 : Operation 109 [2/5] (7.25ns)   --->   "%temp_imag_1 = fadd i32 %select_ln7_1, i32 %add1" [dft.cpp:28]   --->   Operation 109 'fadd' 'temp_imag_1' <Predicate = true> <Delay = 7.25> <CoreInst = "FAddSub_fulldsp">   --->   Core 18 'FAddSub_fulldsp' <Latency = 4> <II = 1> <Delay = 7.25> <FuncUnit> <Opcode : 'fadd' 'fsub'> <InPorts = 2> <OutPorts = 1>
ST_20 : Operation 110 [1/1] (1.58ns)   --->   "%store_ln20 = store i32 %temp_real_1, i32 %temp_real" [dft.cpp:20]   --->   Operation 110 'store' 'store_ln20' <Predicate = true> <Delay = 1.58>

State 21 <SV = 20> <Delay = 7.25>
ST_21 : Operation 111 [1/5] (7.25ns)   --->   "%temp_imag_1 = fadd i32 %select_ln7_1, i32 %add1" [dft.cpp:28]   --->   Operation 111 'fadd' 'temp_imag_1' <Predicate = true> <Delay = 7.25> <CoreInst = "FAddSub_fulldsp">   --->   Core 18 'FAddSub_fulldsp' <Latency = 4> <II = 1> <Delay = 7.25> <FuncUnit> <Opcode : 'fadd' 'fsub'> <InPorts = 2> <OutPorts = 1>

State 22 <SV = 21> <Delay = 3.47>
ST_22 : Operation 112 [1/1] (0.00ns)   --->   "%specloopname_ln0 = specloopname void @_ssdm_op_SpecLoopName, void @COMPUTE_DFT_INNER_LOOP_str"   --->   Operation 112 'specloopname' 'specloopname_ln0' <Predicate = true> <Delay = 0.00>
ST_22 : Operation 113 [1/1] (0.00ns)   --->   "%speclooptripcount_ln0 = speclooptripcount void @_ssdm_op_SpecLoopTripCount, i64 1048576, i64 1048576, i64 1048576"   --->   Operation 113 'speclooptripcount' 'speclooptripcount_ln0' <Predicate = true> <Delay = 0.00>
ST_22 : Operation 114 [1/1] (0.00ns)   --->   "%specpipeline_ln20 = specpipeline void @_ssdm_op_SpecPipeline, i32 4294967295, i32 0, i32 0, i32 0, void @empty" [dft.cpp:20]   --->   Operation 114 'specpipeline' 'specpipeline_ln20' <Predicate = true> <Delay = 0.00>
ST_22 : Operation 115 [1/1] (0.00ns)   --->   "%bitcast_ln31 = bitcast i32 %temp_real_1" [dft.cpp:31]   --->   Operation 115 'bitcast' 'bitcast_ln31' <Predicate = true> <Delay = 0.00>
ST_22 : Operation 116 [1/1] (0.00ns)   --->   "%bitcast_ln32 = bitcast i32 %temp_imag_1" [dft.cpp:32]   --->   Operation 116 'bitcast' 'bitcast_ln32' <Predicate = true> <Delay = 0.00>
ST_22 : Operation 117 [1/1] ( I:3.47ns O:3.47ns )   --->   "%write_ln31 = write void @_ssdm_op_Write.ap_fifo.volatile.i32P0A, i32 %output_real, i32 %bitcast_ln31" [dft.cpp:31]   --->   Operation 117 'write' 'write_ln31' <Predicate = (icmp_ln23_1)> <Delay = 3.47> <CoreInst = "FIFO">   --->   Core 77 'FIFO' <Latency = 0> <II = 1> <Delay = 3.47> <Storage> <Opcode : 'read' 'write' 'nbread' 'nbwrite'> <Ports = 0> <Width = -1> <Depth = -1> <FIFO>
ST_22 : Operation 118 [1/1] ( I:3.47ns O:3.47ns )   --->   "%write_ln32 = write void @_ssdm_op_Write.ap_fifo.volatile.i32P0A, i32 %output_imag, i32 %bitcast_ln32" [dft.cpp:32]   --->   Operation 118 'write' 'write_ln32' <Predicate = (icmp_ln23_1)> <Delay = 3.47> <CoreInst = "FIFO">   --->   Core 77 'FIFO' <Latency = 0> <II = 1> <Delay = 3.47> <Storage> <Opcode : 'read' 'write' 'nbread' 'nbwrite'> <Ports = 0> <Width = -1> <Depth = -1> <FIFO>
ST_22 : Operation 119 [1/1] (0.00ns)   --->   "%br_ln23 = br void %new.latch.for.inc28.split" [dft.cpp:23]   --->   Operation 119 'br' 'br_ln23' <Predicate = (icmp_ln23_1)> <Delay = 0.00>
ST_22 : Operation 120 [1/1] (1.58ns)   --->   "%store_ln21 = store i32 %temp_imag_1, i32 %temp_imag" [dft.cpp:21]   --->   Operation 120 'store' 'store_ln21' <Predicate = true> <Delay = 1.58>
ST_22 : Operation 121 [1/1] (0.00ns)   --->   "%br_ln23 = br void %for.inc28" [dft.cpp:23]   --->   Operation 121 'br' 'br_ln23' <Predicate = true> <Delay = 0.00>


============================================================
+ Verbose Summary: Timing violations
============================================================
Target clock period: 10.000ns, clock uncertainty: 2.700ns.

 <State 1>: 7.197ns
The critical path consists of the following:
	'store' operation 0 bit ('store_ln7', dft.cpp:7) of constant 0 on local variable 'j', dft.cpp:7 [16]  (1.588 ns)
	'load' operation 11 bit ('j_1_load', dft.cpp:23) on local variable 'j', dft.cpp:7 [28]  (0.000 ns)
	'icmp' operation 1 bit ('icmp_ln23', dft.cpp:23) [32]  (1.639 ns)
	'select' operation 11 bit ('select_ln7', dft.cpp:7) [33]  (0.692 ns)
	'add' operation 11 bit ('add_ln23', dft.cpp:23) [60]  (1.639 ns)
	'icmp' operation 1 bit ('icmp_ln23_1', dft.cpp:23) [61]  (1.639 ns)

 <State 2>: 6.851ns
The critical path consists of the following:
	'load' operation 11 bit ('i_load', dft.cpp:19) on local variable 'i', dft.cpp:7 [29]  (0.000 ns)
	'add' operation 11 bit ('add_ln19_1', dft.cpp:19) [36]  (1.639 ns)
	'select' operation 11 bit ('select_ln19', dft.cpp:19) [37]  (0.692 ns)
	'mul' operation 10 bit ('idx', dft.cpp:24) [42]  (4.520 ns)

 <State 3>: 3.254ns
The critical path consists of the following:
	'getelementptr' operation 10 bit ('cos_coefficients_table_addr', dft.cpp:25) [44]  (0.000 ns)
	'load' operation 32 bit ('c', dft.cpp:25) on array 'cos_coefficients_table' [45]  (3.254 ns)

 <State 4>: 3.254ns
The critical path consists of the following:
	'load' operation 32 bit ('c', dft.cpp:25) on array 'cos_coefficients_table' [45]  (3.254 ns)

 <State 5>: 5.702ns
The critical path consists of the following:
	'fmul' operation 32 bit ('mul', dft.cpp:27) [50]  (5.702 ns)

 <State 6>: 5.702ns
The critical path consists of the following:
	'fmul' operation 32 bit ('mul', dft.cpp:27) [50]  (5.702 ns)

 <State 7>: 5.702ns
The critical path consists of the following:
	'fmul' operation 32 bit ('mul', dft.cpp:27) [50]  (5.702 ns)

 <State 8>: 5.702ns
The critical path consists of the following:
	'fmul' operation 32 bit ('mul', dft.cpp:27) [50]  (5.702 ns)

 <State 9>: 5.702ns
The critical path consists of the following:
	'fmul' operation 32 bit ('mul1', dft.cpp:27) [53]  (5.702 ns)

 <State 10>: 7.256ns
The critical path consists of the following:
	'fsub' operation 32 bit ('sub', dft.cpp:27) [54]  (7.256 ns)

 <State 11>: 7.256ns
The critical path consists of the following:
	'fsub' operation 32 bit ('sub', dft.cpp:27) [54]  (7.256 ns)

 <State 12>: 7.256ns
The critical path consists of the following:
	'fsub' operation 32 bit ('sub', dft.cpp:27) [54]  (7.256 ns)

 <State 13>: 7.256ns
The critical path consists of the following:
	'fsub' operation 32 bit ('sub', dft.cpp:27) [54]  (7.256 ns)

 <State 14>: 7.256ns
The critical path consists of the following:
	'fsub' operation 32 bit ('sub', dft.cpp:27) [54]  (7.256 ns)

 <State 15>: 7.256ns
The critical path consists of the following:
	'fadd' operation 32 bit ('temp_real', dft.cpp:27) [55]  (7.256 ns)

 <State 16>: 7.256ns
The critical path consists of the following:
	'fadd' operation 32 bit ('temp_real', dft.cpp:27) [55]  (7.256 ns)

 <State 17>: 7.256ns
The critical path consists of the following:
	'fadd' operation 32 bit ('temp_real', dft.cpp:27) [55]  (7.256 ns)

 <State 18>: 7.256ns
The critical path consists of the following:
	'fadd' operation 32 bit ('temp_real', dft.cpp:27) [55]  (7.256 ns)

 <State 19>: 7.256ns
The critical path consists of the following:
	'fadd' operation 32 bit ('temp_real', dft.cpp:27) [55]  (7.256 ns)

 <State 20>: 7.256ns
The critical path consists of the following:
	'fadd' operation 32 bit ('temp_imag', dft.cpp:28) [59]  (7.256 ns)

 <State 21>: 7.256ns
The critical path consists of the following:
	'fadd' operation 32 bit ('temp_imag', dft.cpp:28) [59]  (7.256 ns)

 <State 22>: 3.477ns
The critical path consists of the following:
	fifo write operation ('write_ln31', dft.cpp:31) on port 'output_real' (dft.cpp:31) [66]  (3.477 ns)


============================================================
+ Verbose Summary: Binding
============================================================
N/A
* FSMD analyzer results:
  - Output states:
 - Input state : 
  - Chain level:
	State 1
	State 2
	State 3
	State 4
	State 5
	State 6
	State 7
	State 8
	State 9
	State 10
	State 11
	State 12
	State 13
	State 14
	State 15
	State 16
	State 17
	State 18
	State 19
	State 20
	State 21
	State 22


============================================================
+ Verbose Summary: Datapath Resource usage 
============================================================
N/A
