

================================================================
== Vitis HLS Report for 'dft_Pipeline_VITIS_LOOP_23_1'
================================================================
* Date:           Fri Nov  7 16:49:49 2025

* Version:        2024.2 (Build 5238294 on Nov  8 2024)
* Project:        dft.comp
* Solution:       hls (Vivado IP Flow Target)
* Product family: zynq
* Target device:  xc7z020-clg400-1


================================================================
== Performance Estimates
================================================================
+ Timing: 
    * Summary: 
    +--------+----------+----------+------------+
    |  Clock |  Target  | Estimated| Uncertainty|
    +--------+----------+----------+------------+
    |ap_clk  |  10.00 ns|  4.815 ns|     2.70 ns|
    +--------+----------+----------+------------+

+ Latency: 
    * Summary: 
    +---------+---------+-----------+-----------+------+------+------------------------------------------------+
    |  Latency (cycles) |   Latency (absolute)  |   Interval  |                    Pipeline                    |
    |   min   |   max   |    min    |    max    |  min |  max |                      Type                      |
    +---------+---------+-----------+-----------+------+------+------------------------------------------------+
    |     1026|     1026|  10.260 us|  10.260 us|  1025|  1025|  loop auto-rewind stp (delay=0 clock cycles(s))|
    +---------+---------+-----------+-----------+------+------+------------------------------------------------+

    + Detail: 
        * Instance: 
        N/A

        * Loop: 
        +-------------------+---------+---------+----------+-----------+-----------+------+----------+
        |                   |  Latency (cycles) | Iteration|  Initiation Interval  | Trip |          |
        |     Loop Name     |   min   |   max   |  Latency |  achieved |   target  | Count| Pipelined|
        +-------------------+---------+---------+----------+-----------+-----------+------+----------+
        |- VITIS_LOOP_23_1  |     1024|     1024|         2|          1|          1|  1024|       yes|
        +-------------------+---------+---------+----------+-----------+-----------+------+----------+

============================================================
+ Verbose Summary: Synthesis Manager
============================================================
InlineROM: 1
ExposeGlobal: 0
============================================================
+ Verbose Summary: CDFG Model
============================================================
IsTopModel: 0
ResetActiveHigh: 1
IsCombinational: 0
IsDatapathOnly: 0
HasWiredReturn: 1
HasMFsm: 2
HasVarLatency: 1
IsPipeline: 0
IsRtlPipelined: 0
IsInstanceOverlapped: 0
IsDontTouch: 0
HasImplIP: 0
IsGatedGlobalClock: 0

+ Individual pipeline summary: 
  * Pipeline-0: initiation interval (II) = 1, depth = 2


============================================================
+ Verbose Summary: Schedule
============================================================
* Number of FSM states : 2
* Pipeline : 1
  Pipeline-0 : II = 1, D = 2, States = { 1 2 }
* Dataflow Pipeline: 0

* FSM state transitions: 
1 --> 2 
2 --> 

* FSM state operations: 

State 1 <SV = 0> <Delay = 4.81>
ST_1 : Operation 5 [1/1] (0.00ns)   --->   "%p_phi5 = alloca i32 1"   --->   Operation 5 'alloca' 'p_phi5' <Predicate = true> <Delay = 0.00>
ST_1 : Operation 6 [1/1] (0.00ns)   --->   "%p_phi = alloca i32 1"   --->   Operation 6 'alloca' 'p_phi' <Predicate = true> <Delay = 0.00>
ST_1 : Operation 7 [1/1] (0.00ns)   --->   "%j = alloca i32 1" [dft.cpp:14]   --->   Operation 7 'alloca' 'j' <Predicate = true> <Delay = 0.00>
ST_1 : Operation 8 [1/1] (0.00ns)   --->   "%specaxissidechannel_ln0 = specaxissidechannel void @_ssdm_op_SpecAXISSideChannel, i32 %input_imag_V_data_V, i4 %input_imag_V_keep_V, i4 %input_imag_V_strb_V, i1 0, i1 %input_imag_V_last_V, i1 0, i1 0, void @empty_1"   --->   Operation 8 'specaxissidechannel' 'specaxissidechannel_ln0' <Predicate = true> <Delay = 0.00>
ST_1 : Operation 9 [1/1] (0.00ns)   --->   "%specaxissidechannel_ln0 = specaxissidechannel void @_ssdm_op_SpecAXISSideChannel, i32 %input_real_V_data_V, i4 %input_real_V_keep_V, i4 %input_real_V_strb_V, i1 0, i1 %input_real_V_last_V, i1 0, i1 0, void @empty_9"   --->   Operation 9 'specaxissidechannel' 'specaxissidechannel_ln0' <Predicate = true> <Delay = 0.00>
ST_1 : Operation 10 [1/1] (0.00ns)   --->   "%specinterface_ln0 = specinterface void @_ssdm_op_SpecInterface, i1 %input_imag_V_last_V, i4 %input_imag_V_strb_V, i4 %input_imag_V_keep_V, i32 %input_imag_V_data_V, void @empty_8, i32 0, i32 0, void @empty_7, i32 0, i32 0, void @empty_6, void @empty_6, void @empty_6, i32 0, i32 0, i32 0, i32 0, void @empty_6, void @empty_6, i32 4294967295, i32 0, i32 0"   --->   Operation 10 'specinterface' 'specinterface_ln0' <Predicate = true> <Delay = 0.00>
ST_1 : Operation 11 [1/1] (0.00ns)   --->   "%specinterface_ln0 = specinterface void @_ssdm_op_SpecInterface, i1 %input_real_V_last_V, i4 %input_real_V_strb_V, i4 %input_real_V_keep_V, i32 %input_real_V_data_V, void @empty_8, i32 0, i32 0, void @empty_7, i32 0, i32 0, void @empty_6, void @empty_6, void @empty_6, i32 0, i32 0, i32 0, i32 0, void @empty_6, void @empty_6, i32 4294967295, i32 0, i32 0"   --->   Operation 11 'specinterface' 'specinterface_ln0' <Predicate = true> <Delay = 0.00>
ST_1 : Operation 12 [1/1] (1.58ns)   --->   "%store_ln14 = store i11 0, i11 %j" [dft.cpp:14]   --->   Operation 12 'store' 'store_ln14' <Predicate = true> <Delay = 1.58>
ST_1 : Operation 13 [1/1] (0.00ns)   --->   "%br_ln23 = br void %for.inc" [dft.cpp:23]   --->   Operation 13 'br' 'br_ln23' <Predicate = true> <Delay = 0.00>
ST_1 : Operation 14 [1/1] (0.00ns)   --->   "%j_1 = load i11 %j" [dft.cpp:23]   --->   Operation 14 'load' 'j_1' <Predicate = true> <Delay = 0.00>
ST_1 : Operation 15 [1/1] (1.63ns)   --->   "%icmp_ln23 = icmp_eq  i11 %j_1, i11 1024" [dft.cpp:23]   --->   Operation 15 'icmp' 'icmp_ln23' <Predicate = true> <Delay = 1.63> <CoreInst = "Cmp">   --->   Core 9 'Cmp' <Latency = 0> <II = 1> <Delay = 1.63> <FuncUnit> <Opcode : 'seteq' 'setne' 'setle' 'setge' 'setlt' 'setgt'> <InPorts = 2> <OutPorts = 1>
ST_1 : Operation 16 [1/1] (1.63ns)   --->   "%add_ln23 = add i11 %j_1, i11 1" [dft.cpp:23]   --->   Operation 16 'add' 'add_ln23' <Predicate = true> <Delay = 1.63> <CoreInst = "Adder">   --->   Core 1 'Adder' <Latency = 0> <II = 1> <Delay = 1.63> <FuncUnit> <Opcode : 'add' 'sub'> <InPorts = 2> <OutPorts = 1>
ST_1 : Operation 17 [1/1] (0.00ns)   --->   "%br_ln23 = br i1 %icmp_ln23, void %for.inc.split, void %for.inc29.preheader.exitStub" [dft.cpp:23]   --->   Operation 17 'br' 'br_ln23' <Predicate = true> <Delay = 0.00>
ST_1 : Operation 18 [1/1] (1.58ns)   --->   "%store_ln14 = store i11 %add_ln23, i11 %j" [dft.cpp:14]   --->   Operation 18 'store' 'store_ln14' <Predicate = (!icmp_ln23)> <Delay = 1.58>
ST_1 : Operation 38 [1/1] (0.00ns)   --->   "%p_phi5_load = load i4 %p_phi5"   --->   Operation 38 'load' 'p_phi5_load' <Predicate = (icmp_ln23)> <Delay = 0.00>
ST_1 : Operation 39 [1/1] (0.00ns)   --->   "%p_phi_load = load i4 %p_phi"   --->   Operation 39 'load' 'p_phi_load' <Predicate = (icmp_ln23)> <Delay = 0.00>
ST_1 : Operation 40 [1/1] (0.00ns)   --->   "%write_ln0 = write void @_ssdm_op_Write.ap_auto.i4P0A, i4 %p_phi_out, i4 %p_phi_load"   --->   Operation 40 'write' 'write_ln0' <Predicate = (icmp_ln23)> <Delay = 0.00>
ST_1 : Operation 41 [1/1] (0.00ns)   --->   "%write_ln0 = write void @_ssdm_op_Write.ap_auto.i4P0A, i4 %p_phi5_out, i4 %p_phi5_load"   --->   Operation 41 'write' 'write_ln0' <Predicate = (icmp_ln23)> <Delay = 0.00>
ST_1 : Operation 42 [1/1] (1.58ns)   --->   "%ret_ln0 = ret"   --->   Operation 42 'ret' 'ret_ln0' <Predicate = (icmp_ln23)> <Delay = 1.58>

State 2 <SV = 1> <Delay = 3.77>
ST_2 : Operation 19 [1/1] (0.00ns)   --->   "%zext_ln23 = zext i11 %j_1" [dft.cpp:23]   --->   Operation 19 'zext' 'zext_ln23' <Predicate = true> <Delay = 0.00>
ST_2 : Operation 20 [1/1] (0.00ns)   --->   "%specpipeline_ln14 = specpipeline void @_ssdm_op_SpecPipeline, i32 4294967295, i32 0, i32 0, i32 0, void @empty_6" [dft.cpp:14]   --->   Operation 20 'specpipeline' 'specpipeline_ln14' <Predicate = true> <Delay = 0.00>
ST_2 : Operation 21 [1/1] (0.00ns)   --->   "%speclooptripcount_ln14 = speclooptripcount void @_ssdm_op_SpecLoopTripCount, i64 1024, i64 1024, i64 1024" [dft.cpp:14]   --->   Operation 21 'speclooptripcount' 'speclooptripcount_ln14' <Predicate = true> <Delay = 0.00>
ST_2 : Operation 22 [1/1] (0.00ns)   --->   "%specloopname_ln23 = specloopname void @_ssdm_op_SpecLoopName, void @empty" [dft.cpp:23]   --->   Operation 22 'specloopname' 'specloopname_ln23' <Predicate = true> <Delay = 0.00>
ST_2 : Operation 23 [1/1] (0.51ns)   --->   "%empty = read i41 @_ssdm_op_Read.axis.volatile.i32P0A.i4P0A.i4P0A.i1P0A, i32 %input_real_V_data_V, i4 %input_real_V_keep_V, i4 %input_real_V_strb_V, i1 %input_real_V_last_V" [dft.cpp:24]   --->   Operation 23 'read' 'empty' <Predicate = true> <Delay = 0.51> <CoreInst = "regslice">   --->   Core 135 'regslice' <Latency = 0> <II = 1> <Delay = 1.86> <Adapter> <Opcode : 'read' 'write'>
ST_2 : Operation 24 [1/1] (0.00ns)   --->   "%p_s = extractvalue i41 %empty" [dft.cpp:24]   --->   Operation 24 'extractvalue' 'p_s' <Predicate = true> <Delay = 0.00>
ST_2 : Operation 25 [1/1] (0.00ns)   --->   "%pkt_real_strb = extractvalue i41 %empty" [dft.cpp:24]   --->   Operation 25 'extractvalue' 'pkt_real_strb' <Predicate = true> <Delay = 0.00>
ST_2 : Operation 26 [1/1] (0.00ns)   --->   "%pkt_real_data = bitcast i32 %p_s" [dft.cpp:24]   --->   Operation 26 'bitcast' 'pkt_real_data' <Predicate = true> <Delay = 0.00>
ST_2 : Operation 27 [1/1] (0.51ns)   --->   "%empty_13 = read i41 @_ssdm_op_Read.axis.volatile.i32P0A.i4P0A.i4P0A.i1P0A, i32 %input_imag_V_data_V, i4 %input_imag_V_keep_V, i4 %input_imag_V_strb_V, i1 %input_imag_V_last_V" [dft.cpp:25]   --->   Operation 27 'read' 'empty_13' <Predicate = true> <Delay = 0.51> <CoreInst = "regslice">   --->   Core 135 'regslice' <Latency = 0> <II = 1> <Delay = 1.86> <Adapter> <Opcode : 'read' 'write'>
ST_2 : Operation 28 [1/1] (0.00ns)   --->   "%p_2 = extractvalue i41 %empty_13" [dft.cpp:25]   --->   Operation 28 'extractvalue' 'p_2' <Predicate = true> <Delay = 0.00>
ST_2 : Operation 29 [1/1] (0.00ns)   --->   "%pkt_imag_strb = extractvalue i41 %empty_13" [dft.cpp:25]   --->   Operation 29 'extractvalue' 'pkt_imag_strb' <Predicate = true> <Delay = 0.00>
ST_2 : Operation 30 [1/1] (0.00ns)   --->   "%pkt_imag_data = bitcast i32 %p_2" [dft.cpp:25]   --->   Operation 30 'bitcast' 'pkt_imag_data' <Predicate = true> <Delay = 0.00>
ST_2 : Operation 31 [1/1] (0.00ns)   --->   "%real_sample_addr = getelementptr i32 %real_sample, i64 0, i64 %zext_ln23" [dft.cpp:26]   --->   Operation 31 'getelementptr' 'real_sample_addr' <Predicate = true> <Delay = 0.00>
ST_2 : Operation 32 [1/1] ( I:3.25ns O:3.25ns )   --->   "%store_ln26 = store i32 %pkt_real_data, i10 %real_sample_addr" [dft.cpp:26]   --->   Operation 32 'store' 'store_ln26' <Predicate = true> <Delay = 3.25> <CoreInst = "RAM">   --->   Core 81 'RAM' <Latency = 1> <II = 1> <Delay = 3.25> <Storage> <Opcode : 'load' 'store'> <Ports = 2> <Width = 32> <Depth = 1024> <RAM>
ST_2 : Operation 33 [1/1] (0.00ns)   --->   "%imag_sample_addr = getelementptr i32 %imag_sample, i64 0, i64 %zext_ln23" [dft.cpp:27]   --->   Operation 33 'getelementptr' 'imag_sample_addr' <Predicate = true> <Delay = 0.00>
ST_2 : Operation 34 [1/1] ( I:3.25ns O:3.25ns )   --->   "%store_ln27 = store i32 %pkt_imag_data, i10 %imag_sample_addr" [dft.cpp:27]   --->   Operation 34 'store' 'store_ln27' <Predicate = true> <Delay = 3.25> <CoreInst = "RAM">   --->   Core 81 'RAM' <Latency = 1> <II = 1> <Delay = 3.25> <Storage> <Opcode : 'load' 'store'> <Ports = 2> <Width = 32> <Depth = 1024> <RAM>
ST_2 : Operation 35 [1/1] (0.00ns)   --->   "%store_ln24 = store i4 %pkt_real_strb, i4 %p_phi" [dft.cpp:24]   --->   Operation 35 'store' 'store_ln24' <Predicate = true> <Delay = 0.00>
ST_2 : Operation 36 [1/1] (0.00ns)   --->   "%store_ln25 = store i4 %pkt_imag_strb, i4 %p_phi5" [dft.cpp:25]   --->   Operation 36 'store' 'store_ln25' <Predicate = true> <Delay = 0.00>
ST_2 : Operation 37 [1/1] (0.00ns)   --->   "%br_ln23 = br void %for.inc" [dft.cpp:23]   --->   Operation 37 'br' 'br_ln23' <Predicate = true> <Delay = 0.00>


============================================================
+ Verbose Summary: Timing violations
============================================================
Target clock period: 10.000ns, clock uncertainty: 2.700ns.

 <State 1>: 4.815ns
The critical path consists of the following:
	'store' operation 0 bit ('store_ln14', dft.cpp:14) of constant 0 on local variable 'j', dft.cpp:14 [20]  (1.588 ns)
	'load' operation 11 bit ('j', dft.cpp:23) on local variable 'j', dft.cpp:14 [23]  (0.000 ns)
	'icmp' operation 1 bit ('icmp_ln23', dft.cpp:23) [24]  (1.639 ns)
	'store' operation 0 bit ('store_ln14', dft.cpp:14) of variable 'add_ln23', dft.cpp:23 on local variable 'j', dft.cpp:14 [44]  (1.588 ns)

 <State 2>: 3.772ns
The critical path consists of the following:
	axis read operation ('empty', dft.cpp:24) on port 'input_real_V_data_V' (dft.cpp:24) [32]  (0.518 ns)
	'store' operation 0 bit ('store_ln26', dft.cpp:26) of variable 'pkt_real.data', dft.cpp:24 on array 'real_sample' [41]  (3.254 ns)


============================================================
+ Verbose Summary: Binding
============================================================
N/A
* FSMD analyzer results:
  - Output states:
 - Input state : 
  - Chain level:
	State 1
	State 2


============================================================
+ Verbose Summary: Datapath Resource usage 
============================================================
N/A
