

================================================================
== Vitis HLS Report for 'dft_Pipeline_VITIS_LOOP_30_2_VITIS_LOOP_34_3'
================================================================
* Date:           Fri Nov  7 16:49:49 2025

* Version:        2024.2 (Build 5238294 on Nov  8 2024)
* Project:        dft.comp
* Solution:       hls (Vivado IP Flow Target)
* Product family: zynq
* Target device:  xc7z020-clg400-1


================================================================
== Performance Estimates
================================================================
+ Timing: 
    * Summary: 
    +--------+----------+----------+------------+
    |  Clock |  Target  | Estimated| Uncertainty|
    +--------+----------+----------+------------+
    |ap_clk  |  10.00 ns|  7.256 ns|     2.70 ns|
    +--------+----------+----------+------------+

+ Latency: 
    * Summary: 
    +---------+---------+-----------+-----------+---------+---------+------------------------------------------------+
    |  Latency (cycles) |   Latency (absolute)  |      Interval     |                    Pipeline                    |
    |   min   |   max   |    min    |    max    |   min   |   max   |                      Type                      |
    +---------+---------+-----------+-----------+---------+---------+------------------------------------------------+
    |  6291473|  6291473|  62.915 ms|  62.915 ms|  6291462|  6291462|  loop auto-rewind stp (delay=0 clock cycles(s))|
    +---------+---------+-----------+-----------+---------+---------+------------------------------------------------+

    + Detail: 
        * Instance: 
        N/A

        * Loop: 
        +-----------------------------------+---------+---------+----------+-----------+-----------+---------+----------+
        |                                   |  Latency (cycles) | Iteration|  Initiation Interval  |   Trip  |          |
        |             Loop Name             |   min   |   max   |  Latency |  achieved |   target  |  Count  | Pipelined|
        +-----------------------------------+---------+---------+----------+-----------+-----------+---------+----------+
        |- VITIS_LOOP_30_2_VITIS_LOOP_34_3  |  6291471|  6291471|        22|          6|          1|  1048576|       yes|
        +-----------------------------------+---------+---------+----------+-----------+-----------+---------+----------+

============================================================
+ Verbose Summary: Synthesis Manager
============================================================
InlineROM: 1
ExposeGlobal: 0
============================================================
+ Verbose Summary: CDFG Model
============================================================
IsTopModel: 0
ResetActiveHigh: 1
IsCombinational: 0
IsDatapathOnly: 0
HasWiredReturn: 1
HasMFsm: 2
HasVarLatency: 1
IsPipeline: 0
IsRtlPipelined: 0
IsInstanceOverlapped: 0
IsDontTouch: 0
HasImplIP: 0
IsGatedGlobalClock: 0

+ Individual pipeline summary: 
  * Pipeline-0: initiation interval (II) = 6, depth = 22


============================================================
+ Verbose Summary: Schedule
============================================================
* Number of FSM states : 22
* Pipeline : 1
  Pipeline-0 : II = 6, D = 22, States = { 1 2 3 4 5 6 7 8 9 10 11 12 13 14 15 16 17 18 19 20 21 22 }
* Dataflow Pipeline: 0

* FSM state transitions: 
1 --> 2 
2 --> 3 
3 --> 4 
4 --> 5 
5 --> 6 
6 --> 7 
7 --> 8 
8 --> 9 
9 --> 10 
10 --> 11 
11 --> 12 
12 --> 13 
13 --> 14 
14 --> 15 
15 --> 16 
16 --> 17 
17 --> 18 
18 --> 19 
19 --> 20 
20 --> 21 
21 --> 22 
22 --> 

* FSM state operations: 

State 1 <SV = 0> <Delay = 7.19>
ST_1 : Operation 25 [1/1] (0.00ns)   --->   "%temp_real = alloca i32 1" [dft.cpp:31]   --->   Operation 25 'alloca' 'temp_real' <Predicate = true> <Delay = 0.00>
ST_1 : Operation 26 [1/1] (0.00ns)   --->   "%temp_imag = alloca i32 1" [dft.cpp:32]   --->   Operation 26 'alloca' 'temp_imag' <Predicate = true> <Delay = 0.00>
ST_1 : Operation 27 [1/1] (0.00ns)   --->   "%j = alloca i32 1" [dft.cpp:14]   --->   Operation 27 'alloca' 'j' <Predicate = true> <Delay = 0.00>
ST_1 : Operation 28 [1/1] (0.00ns)   --->   "%i = alloca i32 1" [dft.cpp:14]   --->   Operation 28 'alloca' 'i' <Predicate = true> <Delay = 0.00>
ST_1 : Operation 29 [1/1] (0.00ns)   --->   "%indvar_flatten = alloca i32 1"   --->   Operation 29 'alloca' 'indvar_flatten' <Predicate = true> <Delay = 0.00>
ST_1 : Operation 30 [1/1] (0.00ns)   --->   "%specaxissidechannel_ln0 = specaxissidechannel void @_ssdm_op_SpecAXISSideChannel, i32 %output_real_V_data_V, i4 %output_real_V_keep_V, i4 %output_real_V_strb_V, i1 0, i1 %output_real_V_last_V, i1 0, i1 0, void @empty_3"   --->   Operation 30 'specaxissidechannel' 'specaxissidechannel_ln0' <Predicate = true> <Delay = 0.00>
ST_1 : Operation 31 [1/1] (0.00ns)   --->   "%specaxissidechannel_ln0 = specaxissidechannel void @_ssdm_op_SpecAXISSideChannel, i32 %output_imag_V_data_V, i4 %output_imag_V_keep_V, i4 %output_imag_V_strb_V, i1 0, i1 %output_imag_V_last_V, i1 0, i1 0, void @empty_2"   --->   Operation 31 'specaxissidechannel' 'specaxissidechannel_ln0' <Predicate = true> <Delay = 0.00>
ST_1 : Operation 32 [1/1] (0.00ns)   --->   "%specinterface_ln0 = specinterface void @_ssdm_op_SpecInterface, i1 %output_imag_V_last_V, i4 %output_imag_V_strb_V, i4 %output_imag_V_keep_V, i32 %output_imag_V_data_V, void @empty_8, i32 0, i32 0, void @empty_7, i32 0, i32 0, void @empty_6, void @empty_6, void @empty_6, i32 0, i32 0, i32 0, i32 0, void @empty_6, void @empty_6, i32 4294967295, i32 0, i32 0"   --->   Operation 32 'specinterface' 'specinterface_ln0' <Predicate = true> <Delay = 0.00>
ST_1 : Operation 33 [1/1] (0.00ns)   --->   "%specinterface_ln0 = specinterface void @_ssdm_op_SpecInterface, i1 %output_real_V_last_V, i4 %output_real_V_strb_V, i4 %output_real_V_keep_V, i32 %output_real_V_data_V, void @empty_8, i32 0, i32 0, void @empty_7, i32 0, i32 0, void @empty_6, void @empty_6, void @empty_6, i32 0, i32 0, i32 0, i32 0, void @empty_6, void @empty_6, i32 4294967295, i32 0, i32 0"   --->   Operation 33 'specinterface' 'specinterface_ln0' <Predicate = true> <Delay = 0.00>
ST_1 : Operation 34 [1/1] (0.00ns)   --->   "%p_phi5_reload_read = read i4 @_ssdm_op_Read.ap_auto.i4, i4 %p_phi5_reload"   --->   Operation 34 'read' 'p_phi5_reload_read' <Predicate = true> <Delay = 0.00>
ST_1 : Operation 35 [1/1] (0.00ns)   --->   "%p_phi_reload_read = read i4 @_ssdm_op_Read.ap_auto.i4, i4 %p_phi_reload"   --->   Operation 35 'read' 'p_phi_reload_read' <Predicate = true> <Delay = 0.00>
ST_1 : Operation 36 [1/1] (1.58ns)   --->   "%store_ln0 = store i21 0, i21 %indvar_flatten"   --->   Operation 36 'store' 'store_ln0' <Predicate = true> <Delay = 1.58>
ST_1 : Operation 37 [1/1] (1.58ns)   --->   "%store_ln14 = store i11 0, i11 %i" [dft.cpp:14]   --->   Operation 37 'store' 'store_ln14' <Predicate = true> <Delay = 1.58>
ST_1 : Operation 38 [1/1] (1.58ns)   --->   "%store_ln14 = store i11 0, i11 %j" [dft.cpp:14]   --->   Operation 38 'store' 'store_ln14' <Predicate = true> <Delay = 1.58>
ST_1 : Operation 39 [1/1] (1.58ns)   --->   "%store_ln32 = store i32 0, i32 %temp_imag" [dft.cpp:32]   --->   Operation 39 'store' 'store_ln32' <Predicate = true> <Delay = 1.58>
ST_1 : Operation 40 [1/1] (1.58ns)   --->   "%store_ln31 = store i32 0, i32 %temp_real" [dft.cpp:31]   --->   Operation 40 'store' 'store_ln31' <Predicate = true> <Delay = 1.58>
ST_1 : Operation 41 [1/1] (0.00ns)   --->   "%br_ln0 = br void %for.inc29"   --->   Operation 41 'br' 'br_ln0' <Predicate = true> <Delay = 0.00>
ST_1 : Operation 42 [1/1] (0.00ns)   --->   "%indvar_flatten_load = load i21 %indvar_flatten" [dft.cpp:30]   --->   Operation 42 'load' 'indvar_flatten_load' <Predicate = true> <Delay = 0.00>
ST_1 : Operation 43 [1/1] (2.22ns)   --->   "%icmp_ln30 = icmp_eq  i21 %indvar_flatten_load, i21 1048576" [dft.cpp:30]   --->   Operation 43 'icmp' 'icmp_ln30' <Predicate = true> <Delay = 2.22> <CoreInst = "Cmp">   --->   Core 9 'Cmp' <Latency = 0> <II = 1> <Delay = 2.22> <FuncUnit> <Opcode : 'seteq' 'setne' 'setle' 'setge' 'setlt' 'setgt'> <InPorts = 2> <OutPorts = 1>
ST_1 : Operation 44 [1/1] (2.22ns)   --->   "%add_ln30 = add i21 %indvar_flatten_load, i21 1" [dft.cpp:30]   --->   Operation 44 'add' 'add_ln30' <Predicate = true> <Delay = 2.22> <CoreInst = "Adder">   --->   Core 1 'Adder' <Latency = 0> <II = 1> <Delay = 2.22> <FuncUnit> <Opcode : 'add' 'sub'> <InPorts = 2> <OutPorts = 1>
ST_1 : Operation 45 [1/1] (0.00ns)   --->   "%br_ln30 = br i1 %icmp_ln30, void %for.inc43, void %for.end45.exitStub" [dft.cpp:30]   --->   Operation 45 'br' 'br_ln30' <Predicate = true> <Delay = 0.00>
ST_1 : Operation 46 [1/1] (0.00ns)   --->   "%j_load = load i11 %j" [dft.cpp:34]   --->   Operation 46 'load' 'j_load' <Predicate = (!icmp_ln30)> <Delay = 0.00>
ST_1 : Operation 47 [1/1] (1.63ns)   --->   "%icmp_ln34 = icmp_eq  i11 %j_load, i11 1024" [dft.cpp:34]   --->   Operation 47 'icmp' 'icmp_ln34' <Predicate = (!icmp_ln30)> <Delay = 1.63> <CoreInst = "Cmp">   --->   Core 9 'Cmp' <Latency = 0> <II = 1> <Delay = 1.63> <FuncUnit> <Opcode : 'seteq' 'setne' 'setle' 'setge' 'setlt' 'setgt'> <InPorts = 2> <OutPorts = 1>
ST_1 : Operation 48 [1/1] (0.69ns)   --->   "%select_ln14 = select i1 %icmp_ln34, i11 0, i11 %j_load" [dft.cpp:14]   --->   Operation 48 'select' 'select_ln14' <Predicate = (!icmp_ln30)> <Delay = 0.69> <CoreInst = "Sel">   --->   Core 73 'Sel' <Latency = 0> <II = 1> <Delay = 0.69> <FuncUnit> <Opcode : 'select'> <InPorts = 3> <OutPorts = 1>
ST_1 : Operation 49 [1/1] (0.00ns)   --->   "%zext_ln34 = zext i11 %select_ln14" [dft.cpp:34]   --->   Operation 49 'zext' 'zext_ln34' <Predicate = (!icmp_ln30)> <Delay = 0.00>
ST_1 : Operation 50 [1/1] (0.00ns)   --->   "%trunc_ln35_1 = trunc i11 %select_ln14" [dft.cpp:35]   --->   Operation 50 'trunc' 'trunc_ln35_1' <Predicate = (!icmp_ln30)> <Delay = 0.00>
ST_1 : Operation 51 [1/1] (0.00ns)   --->   "%real_sample_addr = getelementptr i32 %real_sample, i64 0, i64 %zext_ln34" [dft.cpp:38]   --->   Operation 51 'getelementptr' 'real_sample_addr' <Predicate = (!icmp_ln30)> <Delay = 0.00>
ST_1 : Operation 52 [2/2] (3.25ns)   --->   "%real_sample_load = load i10 %real_sample_addr" [dft.cpp:38]   --->   Operation 52 'load' 'real_sample_load' <Predicate = (!icmp_ln30)> <Delay = 3.25> <CoreInst = "RAM">   --->   Core 81 'RAM' <Latency = 1> <II = 1> <Delay = 3.25> <Storage> <Opcode : 'load' 'store'> <Ports = 2> <Width = 32> <Depth = 1024> <RAM>
ST_1 : Operation 53 [1/1] (0.00ns)   --->   "%imag_sample_addr = getelementptr i32 %imag_sample, i64 0, i64 %zext_ln34" [dft.cpp:38]   --->   Operation 53 'getelementptr' 'imag_sample_addr' <Predicate = (!icmp_ln30)> <Delay = 0.00>
ST_1 : Operation 54 [2/2] (3.25ns)   --->   "%imag_sample_load = load i10 %imag_sample_addr" [dft.cpp:38]   --->   Operation 54 'load' 'imag_sample_load' <Predicate = (!icmp_ln30)> <Delay = 3.25> <CoreInst = "RAM">   --->   Core 81 'RAM' <Latency = 1> <II = 1> <Delay = 3.25> <Storage> <Opcode : 'load' 'store'> <Ports = 2> <Width = 32> <Depth = 1024> <RAM>
ST_1 : Operation 55 [1/1] (1.63ns)   --->   "%add_ln34 = add i11 %select_ln14, i11 1" [dft.cpp:34]   --->   Operation 55 'add' 'add_ln34' <Predicate = (!icmp_ln30)> <Delay = 1.63> <CoreInst = "Adder">   --->   Core 1 'Adder' <Latency = 0> <II = 1> <Delay = 1.63> <FuncUnit> <Opcode : 'add' 'sub'> <InPorts = 2> <OutPorts = 1>
ST_1 : Operation 56 [1/1] (1.63ns)   --->   "%icmp_ln34_1 = icmp_eq  i11 %add_ln34, i11 1024" [dft.cpp:34]   --->   Operation 56 'icmp' 'icmp_ln34_1' <Predicate = (!icmp_ln30)> <Delay = 1.63> <CoreInst = "Cmp">   --->   Core 9 'Cmp' <Latency = 0> <II = 1> <Delay = 1.63> <FuncUnit> <Opcode : 'seteq' 'setne' 'setle' 'setge' 'setlt' 'setgt'> <InPorts = 2> <OutPorts = 1>
ST_1 : Operation 57 [1/1] (0.00ns)   --->   "%br_ln34 = br i1 %icmp_ln34_1, void %new.latch.for.inc29.split, void %last.iter.for.inc29.split" [dft.cpp:34]   --->   Operation 57 'br' 'br_ln34' <Predicate = (!icmp_ln30)> <Delay = 0.00>
ST_1 : Operation 58 [1/1] (1.58ns)   --->   "%store_ln30 = store i21 %add_ln30, i21 %indvar_flatten" [dft.cpp:30]   --->   Operation 58 'store' 'store_ln30' <Predicate = (!icmp_ln30)> <Delay = 1.58>
ST_1 : Operation 59 [1/1] (1.58ns)   --->   "%store_ln14 = store i11 %add_ln34, i11 %j" [dft.cpp:14]   --->   Operation 59 'store' 'store_ln14' <Predicate = (!icmp_ln30)> <Delay = 1.58>

State 2 <SV = 1> <Delay = 6.85>
ST_2 : Operation 60 [1/1] (0.00ns)   --->   "%i_load = load i11 %i" [dft.cpp:30]   --->   Operation 60 'load' 'i_load' <Predicate = (!icmp_ln30)> <Delay = 0.00>
ST_2 : Operation 61 [1/1] (1.63ns)   --->   "%add_ln30_1 = add i11 %i_load, i11 1" [dft.cpp:30]   --->   Operation 61 'add' 'add_ln30_1' <Predicate = (!icmp_ln30 & icmp_ln34)> <Delay = 1.63> <CoreInst = "Adder">   --->   Core 1 'Adder' <Latency = 0> <II = 1> <Delay = 1.63> <FuncUnit> <Opcode : 'add' 'sub'> <InPorts = 2> <OutPorts = 1>
ST_2 : Operation 62 [1/1] (0.69ns)   --->   "%select_ln30 = select i1 %icmp_ln34, i11 %add_ln30_1, i11 %i_load" [dft.cpp:30]   --->   Operation 62 'select' 'select_ln30' <Predicate = (!icmp_ln30)> <Delay = 0.69> <CoreInst = "Sel">   --->   Core 73 'Sel' <Latency = 0> <II = 1> <Delay = 0.69> <FuncUnit> <Opcode : 'select'> <InPorts = 3> <OutPorts = 1>
ST_2 : Operation 63 [1/1] (0.00ns)   --->   "%trunc_ln35 = trunc i11 %select_ln30" [dft.cpp:35]   --->   Operation 63 'trunc' 'trunc_ln35' <Predicate = (!icmp_ln30)> <Delay = 0.00>
ST_2 : Operation 64 [1/1] (4.52ns)   --->   "%idx = mul i10 %trunc_ln35_1, i10 %trunc_ln35" [dft.cpp:35]   --->   Operation 64 'mul' 'idx' <Predicate = (!icmp_ln30)> <Delay = 4.52> <CoreInst = "Multiplier">   --->   Core 3 'Multiplier' <Latency = 0> <II = 1> <Delay = 4.52> <FuncUnit> <Opcode : 'mul'> <InPorts = 2> <OutPorts = 1>
ST_2 : Operation 65 [1/2] ( I:3.25ns O:3.25ns )   --->   "%real_sample_load = load i10 %real_sample_addr" [dft.cpp:38]   --->   Operation 65 'load' 'real_sample_load' <Predicate = (!icmp_ln30)> <Delay = 3.25> <CoreInst = "RAM">   --->   Core 81 'RAM' <Latency = 1> <II = 1> <Delay = 3.25> <Storage> <Opcode : 'load' 'store'> <Ports = 2> <Width = 32> <Depth = 1024> <RAM>
ST_2 : Operation 66 [1/2] ( I:3.25ns O:3.25ns )   --->   "%imag_sample_load = load i10 %imag_sample_addr" [dft.cpp:38]   --->   Operation 66 'load' 'imag_sample_load' <Predicate = (!icmp_ln30)> <Delay = 3.25> <CoreInst = "RAM">   --->   Core 81 'RAM' <Latency = 1> <II = 1> <Delay = 3.25> <Storage> <Opcode : 'load' 'store'> <Ports = 2> <Width = 32> <Depth = 1024> <RAM>
ST_2 : Operation 67 [1/1] (1.63ns)   --->   "%pkt_real_last = icmp_eq  i11 %select_ln30, i11 1023" [dft.cpp:46]   --->   Operation 67 'icmp' 'pkt_real_last' <Predicate = (!icmp_ln30)> <Delay = 1.63> <CoreInst = "Cmp">   --->   Core 9 'Cmp' <Latency = 0> <II = 1> <Delay = 1.63> <FuncUnit> <Opcode : 'seteq' 'setne' 'setle' 'setge' 'setlt' 'setgt'> <InPorts = 2> <OutPorts = 1>
ST_2 : Operation 68 [1/1] (1.58ns)   --->   "%store_ln14 = store i11 %select_ln30, i11 %i" [dft.cpp:14]   --->   Operation 68 'store' 'store_ln14' <Predicate = (!icmp_ln30)> <Delay = 1.58>

State 3 <SV = 2> <Delay = 3.25>
ST_3 : Operation 69 [1/1] (0.00ns)   --->   "%zext_ln36 = zext i10 %idx" [dft.cpp:36]   --->   Operation 69 'zext' 'zext_ln36' <Predicate = (!icmp_ln30)> <Delay = 0.00>
ST_3 : Operation 70 [1/1] (0.00ns)   --->   "%cos_coefficients_table_addr = getelementptr i32 %cos_coefficients_table, i64 0, i64 %zext_ln36" [dft.cpp:36]   --->   Operation 70 'getelementptr' 'cos_coefficients_table_addr' <Predicate = (!icmp_ln30)> <Delay = 0.00>
ST_3 : Operation 71 [2/2] (3.25ns)   --->   "%c = load i10 %cos_coefficients_table_addr" [dft.cpp:36]   --->   Operation 71 'load' 'c' <Predicate = (!icmp_ln30)> <Delay = 3.25> <CoreInst = "ROM">   --->   Core 94 'ROM' <Latency = 1> <II = 1> <Delay = 3.25> <Storage> <Opcode : 'load'> <Ports = 0> <Width = 32> <Depth = 1024> <ROM>
ST_3 : Operation 72 [1/1] (0.00ns)   --->   "%sin_coefficients_table_addr = getelementptr i32 %sin_coefficients_table, i64 0, i64 %zext_ln36" [dft.cpp:37]   --->   Operation 72 'getelementptr' 'sin_coefficients_table_addr' <Predicate = (!icmp_ln30)> <Delay = 0.00>
ST_3 : Operation 73 [2/2] (3.25ns)   --->   "%s = load i10 %sin_coefficients_table_addr" [dft.cpp:37]   --->   Operation 73 'load' 's' <Predicate = (!icmp_ln30)> <Delay = 3.25> <CoreInst = "ROM">   --->   Core 94 'ROM' <Latency = 1> <II = 1> <Delay = 3.25> <Storage> <Opcode : 'load'> <Ports = 0> <Width = 32> <Depth = 1024> <ROM>

State 4 <SV = 3> <Delay = 3.25>
ST_4 : Operation 74 [1/2] ( I:3.25ns O:3.25ns )   --->   "%c = load i10 %cos_coefficients_table_addr" [dft.cpp:36]   --->   Operation 74 'load' 'c' <Predicate = (!icmp_ln30)> <Delay = 3.25> <CoreInst = "ROM">   --->   Core 94 'ROM' <Latency = 1> <II = 1> <Delay = 3.25> <Storage> <Opcode : 'load'> <Ports = 0> <Width = 32> <Depth = 1024> <ROM>
ST_4 : Operation 75 [1/2] ( I:3.25ns O:3.25ns )   --->   "%s = load i10 %sin_coefficients_table_addr" [dft.cpp:37]   --->   Operation 75 'load' 's' <Predicate = (!icmp_ln30)> <Delay = 3.25> <CoreInst = "ROM">   --->   Core 94 'ROM' <Latency = 1> <II = 1> <Delay = 3.25> <Storage> <Opcode : 'load'> <Ports = 0> <Width = 32> <Depth = 1024> <ROM>

State 5 <SV = 4> <Delay = 5.70>
ST_5 : Operation 76 [4/4] (5.70ns)   --->   "%mul = fmul i32 %real_sample_load, i32 %c" [dft.cpp:38]   --->   Operation 76 'fmul' 'mul' <Predicate = (!icmp_ln30)> <Delay = 5.70> <CoreInst = "FMul_maxdsp">   --->   Core 30 'FMul_maxdsp' <Latency = 3> <II = 1> <Delay = 5.70> <FuncUnit> <Opcode : 'fmul'> <InPorts = 2> <OutPorts = 1>

State 6 <SV = 5> <Delay = 5.70>
ST_6 : Operation 77 [3/4] (5.70ns)   --->   "%mul = fmul i32 %real_sample_load, i32 %c" [dft.cpp:38]   --->   Operation 77 'fmul' 'mul' <Predicate = (!icmp_ln30)> <Delay = 5.70> <CoreInst = "FMul_maxdsp">   --->   Core 30 'FMul_maxdsp' <Latency = 3> <II = 1> <Delay = 5.70> <FuncUnit> <Opcode : 'fmul'> <InPorts = 2> <OutPorts = 1>
ST_6 : Operation 78 [4/4] (5.70ns)   --->   "%mul1 = fmul i32 %imag_sample_load, i32 %s" [dft.cpp:38]   --->   Operation 78 'fmul' 'mul1' <Predicate = (!icmp_ln30)> <Delay = 5.70> <CoreInst = "FMul_maxdsp">   --->   Core 30 'FMul_maxdsp' <Latency = 3> <II = 1> <Delay = 5.70> <FuncUnit> <Opcode : 'fmul'> <InPorts = 2> <OutPorts = 1>

State 7 <SV = 6> <Delay = 5.70>
ST_7 : Operation 79 [2/4] (5.70ns)   --->   "%mul = fmul i32 %real_sample_load, i32 %c" [dft.cpp:38]   --->   Operation 79 'fmul' 'mul' <Predicate = true> <Delay = 5.70> <CoreInst = "FMul_maxdsp">   --->   Core 30 'FMul_maxdsp' <Latency = 3> <II = 1> <Delay = 5.70> <FuncUnit> <Opcode : 'fmul'> <InPorts = 2> <OutPorts = 1>
ST_7 : Operation 80 [3/4] (5.70ns)   --->   "%mul1 = fmul i32 %imag_sample_load, i32 %s" [dft.cpp:38]   --->   Operation 80 'fmul' 'mul1' <Predicate = true> <Delay = 5.70> <CoreInst = "FMul_maxdsp">   --->   Core 30 'FMul_maxdsp' <Latency = 3> <II = 1> <Delay = 5.70> <FuncUnit> <Opcode : 'fmul'> <InPorts = 2> <OutPorts = 1>
ST_7 : Operation 81 [4/4] (5.70ns)   --->   "%mul2 = fmul i32 %real_sample_load, i32 %s" [dft.cpp:39]   --->   Operation 81 'fmul' 'mul2' <Predicate = true> <Delay = 5.70> <CoreInst = "FMul_maxdsp">   --->   Core 30 'FMul_maxdsp' <Latency = 3> <II = 1> <Delay = 5.70> <FuncUnit> <Opcode : 'fmul'> <InPorts = 2> <OutPorts = 1>

State 8 <SV = 7> <Delay = 5.70>
ST_8 : Operation 82 [1/4] (5.70ns)   --->   "%mul = fmul i32 %real_sample_load, i32 %c" [dft.cpp:38]   --->   Operation 82 'fmul' 'mul' <Predicate = true> <Delay = 5.70> <CoreInst = "FMul_maxdsp">   --->   Core 30 'FMul_maxdsp' <Latency = 3> <II = 1> <Delay = 5.70> <FuncUnit> <Opcode : 'fmul'> <InPorts = 2> <OutPorts = 1>
ST_8 : Operation 83 [2/4] (5.70ns)   --->   "%mul1 = fmul i32 %imag_sample_load, i32 %s" [dft.cpp:38]   --->   Operation 83 'fmul' 'mul1' <Predicate = true> <Delay = 5.70> <CoreInst = "FMul_maxdsp">   --->   Core 30 'FMul_maxdsp' <Latency = 3> <II = 1> <Delay = 5.70> <FuncUnit> <Opcode : 'fmul'> <InPorts = 2> <OutPorts = 1>
ST_8 : Operation 84 [3/4] (5.70ns)   --->   "%mul2 = fmul i32 %real_sample_load, i32 %s" [dft.cpp:39]   --->   Operation 84 'fmul' 'mul2' <Predicate = true> <Delay = 5.70> <CoreInst = "FMul_maxdsp">   --->   Core 30 'FMul_maxdsp' <Latency = 3> <II = 1> <Delay = 5.70> <FuncUnit> <Opcode : 'fmul'> <InPorts = 2> <OutPorts = 1>
ST_8 : Operation 85 [4/4] (5.70ns)   --->   "%mul3 = fmul i32 %imag_sample_load, i32 %c" [dft.cpp:39]   --->   Operation 85 'fmul' 'mul3' <Predicate = true> <Delay = 5.70> <CoreInst = "FMul_maxdsp">   --->   Core 30 'FMul_maxdsp' <Latency = 3> <II = 1> <Delay = 5.70> <FuncUnit> <Opcode : 'fmul'> <InPorts = 2> <OutPorts = 1>

State 9 <SV = 8> <Delay = 5.70>
ST_9 : Operation 86 [1/4] (5.70ns)   --->   "%mul1 = fmul i32 %imag_sample_load, i32 %s" [dft.cpp:38]   --->   Operation 86 'fmul' 'mul1' <Predicate = true> <Delay = 5.70> <CoreInst = "FMul_maxdsp">   --->   Core 30 'FMul_maxdsp' <Latency = 3> <II = 1> <Delay = 5.70> <FuncUnit> <Opcode : 'fmul'> <InPorts = 2> <OutPorts = 1>
ST_9 : Operation 87 [2/4] (5.70ns)   --->   "%mul2 = fmul i32 %real_sample_load, i32 %s" [dft.cpp:39]   --->   Operation 87 'fmul' 'mul2' <Predicate = true> <Delay = 5.70> <CoreInst = "FMul_maxdsp">   --->   Core 30 'FMul_maxdsp' <Latency = 3> <II = 1> <Delay = 5.70> <FuncUnit> <Opcode : 'fmul'> <InPorts = 2> <OutPorts = 1>
ST_9 : Operation 88 [3/4] (5.70ns)   --->   "%mul3 = fmul i32 %imag_sample_load, i32 %c" [dft.cpp:39]   --->   Operation 88 'fmul' 'mul3' <Predicate = true> <Delay = 5.70> <CoreInst = "FMul_maxdsp">   --->   Core 30 'FMul_maxdsp' <Latency = 3> <II = 1> <Delay = 5.70> <FuncUnit> <Opcode : 'fmul'> <InPorts = 2> <OutPorts = 1>

State 10 <SV = 9> <Delay = 7.25>
ST_10 : Operation 89 [5/5] (7.25ns)   --->   "%sub = fsub i32 %mul, i32 %mul1" [dft.cpp:38]   --->   Operation 89 'fsub' 'sub' <Predicate = true> <Delay = 7.25> <CoreInst = "FAddSub_fulldsp">   --->   Core 18 'FAddSub_fulldsp' <Latency = 4> <II = 1> <Delay = 7.25> <FuncUnit> <Opcode : 'fadd' 'fsub'> <InPorts = 2> <OutPorts = 1>
ST_10 : Operation 90 [1/4] (5.70ns)   --->   "%mul2 = fmul i32 %real_sample_load, i32 %s" [dft.cpp:39]   --->   Operation 90 'fmul' 'mul2' <Predicate = true> <Delay = 5.70> <CoreInst = "FMul_maxdsp">   --->   Core 30 'FMul_maxdsp' <Latency = 3> <II = 1> <Delay = 5.70> <FuncUnit> <Opcode : 'fmul'> <InPorts = 2> <OutPorts = 1>
ST_10 : Operation 91 [2/4] (5.70ns)   --->   "%mul3 = fmul i32 %imag_sample_load, i32 %c" [dft.cpp:39]   --->   Operation 91 'fmul' 'mul3' <Predicate = true> <Delay = 5.70> <CoreInst = "FMul_maxdsp">   --->   Core 30 'FMul_maxdsp' <Latency = 3> <II = 1> <Delay = 5.70> <FuncUnit> <Opcode : 'fmul'> <InPorts = 2> <OutPorts = 1>

State 11 <SV = 10> <Delay = 7.25>
ST_11 : Operation 92 [4/5] (7.25ns)   --->   "%sub = fsub i32 %mul, i32 %mul1" [dft.cpp:38]   --->   Operation 92 'fsub' 'sub' <Predicate = true> <Delay = 7.25> <CoreInst = "FAddSub_fulldsp">   --->   Core 18 'FAddSub_fulldsp' <Latency = 4> <II = 1> <Delay = 7.25> <FuncUnit> <Opcode : 'fadd' 'fsub'> <InPorts = 2> <OutPorts = 1>
ST_11 : Operation 93 [1/4] (5.70ns)   --->   "%mul3 = fmul i32 %imag_sample_load, i32 %c" [dft.cpp:39]   --->   Operation 93 'fmul' 'mul3' <Predicate = true> <Delay = 5.70> <CoreInst = "FMul_maxdsp">   --->   Core 30 'FMul_maxdsp' <Latency = 3> <II = 1> <Delay = 5.70> <FuncUnit> <Opcode : 'fmul'> <InPorts = 2> <OutPorts = 1>

State 12 <SV = 11> <Delay = 7.25>
ST_12 : Operation 94 [3/5] (7.25ns)   --->   "%sub = fsub i32 %mul, i32 %mul1" [dft.cpp:38]   --->   Operation 94 'fsub' 'sub' <Predicate = true> <Delay = 7.25> <CoreInst = "FAddSub_fulldsp">   --->   Core 18 'FAddSub_fulldsp' <Latency = 4> <II = 1> <Delay = 7.25> <FuncUnit> <Opcode : 'fadd' 'fsub'> <InPorts = 2> <OutPorts = 1>
ST_12 : Operation 95 [5/5] (7.25ns)   --->   "%add1 = fadd i32 %mul2, i32 %mul3" [dft.cpp:39]   --->   Operation 95 'fadd' 'add1' <Predicate = true> <Delay = 7.25> <CoreInst = "FAddSub_fulldsp">   --->   Core 18 'FAddSub_fulldsp' <Latency = 4> <II = 1> <Delay = 7.25> <FuncUnit> <Opcode : 'fadd' 'fsub'> <InPorts = 2> <OutPorts = 1>

State 13 <SV = 12> <Delay = 7.25>
ST_13 : Operation 96 [2/5] (7.25ns)   --->   "%sub = fsub i32 %mul, i32 %mul1" [dft.cpp:38]   --->   Operation 96 'fsub' 'sub' <Predicate = true> <Delay = 7.25> <CoreInst = "FAddSub_fulldsp">   --->   Core 18 'FAddSub_fulldsp' <Latency = 4> <II = 1> <Delay = 7.25> <FuncUnit> <Opcode : 'fadd' 'fsub'> <InPorts = 2> <OutPorts = 1>
ST_13 : Operation 97 [4/5] (7.25ns)   --->   "%add1 = fadd i32 %mul2, i32 %mul3" [dft.cpp:39]   --->   Operation 97 'fadd' 'add1' <Predicate = true> <Delay = 7.25> <CoreInst = "FAddSub_fulldsp">   --->   Core 18 'FAddSub_fulldsp' <Latency = 4> <II = 1> <Delay = 7.25> <FuncUnit> <Opcode : 'fadd' 'fsub'> <InPorts = 2> <OutPorts = 1>

State 14 <SV = 13> <Delay = 7.25>
ST_14 : Operation 98 [1/1] (0.00ns)   --->   "%temp_real_load = load i32 %temp_real" [dft.cpp:14]   --->   Operation 98 'load' 'temp_real_load' <Predicate = (!icmp_ln34)> <Delay = 0.00>
ST_14 : Operation 99 [1/1] (0.69ns)   --->   "%select_ln14_2 = select i1 %icmp_ln34, i32 0, i32 %temp_real_load" [dft.cpp:14]   --->   Operation 99 'select' 'select_ln14_2' <Predicate = true> <Delay = 0.69> <CoreInst = "Sel">   --->   Core 73 'Sel' <Latency = 0> <II = 1> <Delay = 0.69> <FuncUnit> <Opcode : 'select'> <InPorts = 3> <OutPorts = 1>
ST_14 : Operation 100 [1/5] (7.25ns)   --->   "%sub = fsub i32 %mul, i32 %mul1" [dft.cpp:38]   --->   Operation 100 'fsub' 'sub' <Predicate = true> <Delay = 7.25> <CoreInst = "FAddSub_fulldsp">   --->   Core 18 'FAddSub_fulldsp' <Latency = 4> <II = 1> <Delay = 7.25> <FuncUnit> <Opcode : 'fadd' 'fsub'> <InPorts = 2> <OutPorts = 1>
ST_14 : Operation 101 [3/5] (7.25ns)   --->   "%add1 = fadd i32 %mul2, i32 %mul3" [dft.cpp:39]   --->   Operation 101 'fadd' 'add1' <Predicate = true> <Delay = 7.25> <CoreInst = "FAddSub_fulldsp">   --->   Core 18 'FAddSub_fulldsp' <Latency = 4> <II = 1> <Delay = 7.25> <FuncUnit> <Opcode : 'fadd' 'fsub'> <InPorts = 2> <OutPorts = 1>

State 15 <SV = 14> <Delay = 7.25>
ST_15 : Operation 102 [5/5] (7.25ns)   --->   "%temp_real_1 = fadd i32 %select_ln14_2, i32 %sub" [dft.cpp:38]   --->   Operation 102 'fadd' 'temp_real_1' <Predicate = true> <Delay = 7.25> <CoreInst = "FAddSub_fulldsp">   --->   Core 18 'FAddSub_fulldsp' <Latency = 4> <II = 1> <Delay = 7.25> <FuncUnit> <Opcode : 'fadd' 'fsub'> <InPorts = 2> <OutPorts = 1>
ST_15 : Operation 103 [2/5] (7.25ns)   --->   "%add1 = fadd i32 %mul2, i32 %mul3" [dft.cpp:39]   --->   Operation 103 'fadd' 'add1' <Predicate = true> <Delay = 7.25> <CoreInst = "FAddSub_fulldsp">   --->   Core 18 'FAddSub_fulldsp' <Latency = 4> <II = 1> <Delay = 7.25> <FuncUnit> <Opcode : 'fadd' 'fsub'> <InPorts = 2> <OutPorts = 1>

State 16 <SV = 15> <Delay = 7.25>
ST_16 : Operation 104 [1/1] (0.00ns)   --->   "%temp_imag_load = load i32 %temp_imag" [dft.cpp:14]   --->   Operation 104 'load' 'temp_imag_load' <Predicate = (!icmp_ln34)> <Delay = 0.00>
ST_16 : Operation 105 [1/1] (0.69ns)   --->   "%select_ln14_1 = select i1 %icmp_ln34, i32 0, i32 %temp_imag_load" [dft.cpp:14]   --->   Operation 105 'select' 'select_ln14_1' <Predicate = true> <Delay = 0.69> <CoreInst = "Sel">   --->   Core 73 'Sel' <Latency = 0> <II = 1> <Delay = 0.69> <FuncUnit> <Opcode : 'select'> <InPorts = 3> <OutPorts = 1>
ST_16 : Operation 106 [4/5] (7.25ns)   --->   "%temp_real_1 = fadd i32 %select_ln14_2, i32 %sub" [dft.cpp:38]   --->   Operation 106 'fadd' 'temp_real_1' <Predicate = true> <Delay = 7.25> <CoreInst = "FAddSub_fulldsp">   --->   Core 18 'FAddSub_fulldsp' <Latency = 4> <II = 1> <Delay = 7.25> <FuncUnit> <Opcode : 'fadd' 'fsub'> <InPorts = 2> <OutPorts = 1>
ST_16 : Operation 107 [1/5] (7.25ns)   --->   "%add1 = fadd i32 %mul2, i32 %mul3" [dft.cpp:39]   --->   Operation 107 'fadd' 'add1' <Predicate = true> <Delay = 7.25> <CoreInst = "FAddSub_fulldsp">   --->   Core 18 'FAddSub_fulldsp' <Latency = 4> <II = 1> <Delay = 7.25> <FuncUnit> <Opcode : 'fadd' 'fsub'> <InPorts = 2> <OutPorts = 1>
ST_16 : Operation 127 [1/1] (1.58ns)   --->   "%ret_ln0 = ret"   --->   Operation 127 'ret' 'ret_ln0' <Predicate = (icmp_ln30)> <Delay = 1.58>

State 17 <SV = 16> <Delay = 7.25>
ST_17 : Operation 108 [3/5] (7.25ns)   --->   "%temp_real_1 = fadd i32 %select_ln14_2, i32 %sub" [dft.cpp:38]   --->   Operation 108 'fadd' 'temp_real_1' <Predicate = true> <Delay = 7.25> <CoreInst = "FAddSub_fulldsp">   --->   Core 18 'FAddSub_fulldsp' <Latency = 4> <II = 1> <Delay = 7.25> <FuncUnit> <Opcode : 'fadd' 'fsub'> <InPorts = 2> <OutPorts = 1>
ST_17 : Operation 109 [5/5] (7.25ns)   --->   "%temp_imag_1 = fadd i32 %select_ln14_1, i32 %add1" [dft.cpp:39]   --->   Operation 109 'fadd' 'temp_imag_1' <Predicate = true> <Delay = 7.25> <CoreInst = "FAddSub_fulldsp">   --->   Core 18 'FAddSub_fulldsp' <Latency = 4> <II = 1> <Delay = 7.25> <FuncUnit> <Opcode : 'fadd' 'fsub'> <InPorts = 2> <OutPorts = 1>

State 18 <SV = 17> <Delay = 7.25>
ST_18 : Operation 110 [2/5] (7.25ns)   --->   "%temp_real_1 = fadd i32 %select_ln14_2, i32 %sub" [dft.cpp:38]   --->   Operation 110 'fadd' 'temp_real_1' <Predicate = true> <Delay = 7.25> <CoreInst = "FAddSub_fulldsp">   --->   Core 18 'FAddSub_fulldsp' <Latency = 4> <II = 1> <Delay = 7.25> <FuncUnit> <Opcode : 'fadd' 'fsub'> <InPorts = 2> <OutPorts = 1>
ST_18 : Operation 111 [4/5] (7.25ns)   --->   "%temp_imag_1 = fadd i32 %select_ln14_1, i32 %add1" [dft.cpp:39]   --->   Operation 111 'fadd' 'temp_imag_1' <Predicate = true> <Delay = 7.25> <CoreInst = "FAddSub_fulldsp">   --->   Core 18 'FAddSub_fulldsp' <Latency = 4> <II = 1> <Delay = 7.25> <FuncUnit> <Opcode : 'fadd' 'fsub'> <InPorts = 2> <OutPorts = 1>

State 19 <SV = 18> <Delay = 7.25>
ST_19 : Operation 112 [1/5] (7.25ns)   --->   "%temp_real_1 = fadd i32 %select_ln14_2, i32 %sub" [dft.cpp:38]   --->   Operation 112 'fadd' 'temp_real_1' <Predicate = true> <Delay = 7.25> <CoreInst = "FAddSub_fulldsp">   --->   Core 18 'FAddSub_fulldsp' <Latency = 4> <II = 1> <Delay = 7.25> <FuncUnit> <Opcode : 'fadd' 'fsub'> <InPorts = 2> <OutPorts = 1>
ST_19 : Operation 113 [3/5] (7.25ns)   --->   "%temp_imag_1 = fadd i32 %select_ln14_1, i32 %add1" [dft.cpp:39]   --->   Operation 113 'fadd' 'temp_imag_1' <Predicate = true> <Delay = 7.25> <CoreInst = "FAddSub_fulldsp">   --->   Core 18 'FAddSub_fulldsp' <Latency = 4> <II = 1> <Delay = 7.25> <FuncUnit> <Opcode : 'fadd' 'fsub'> <InPorts = 2> <OutPorts = 1>

State 20 <SV = 19> <Delay = 7.25>
ST_20 : Operation 114 [2/5] (7.25ns)   --->   "%temp_imag_1 = fadd i32 %select_ln14_1, i32 %add1" [dft.cpp:39]   --->   Operation 114 'fadd' 'temp_imag_1' <Predicate = true> <Delay = 7.25> <CoreInst = "FAddSub_fulldsp">   --->   Core 18 'FAddSub_fulldsp' <Latency = 4> <II = 1> <Delay = 7.25> <FuncUnit> <Opcode : 'fadd' 'fsub'> <InPorts = 2> <OutPorts = 1>
ST_20 : Operation 115 [1/1] (1.58ns)   --->   "%store_ln31 = store i32 %temp_real_1, i32 %temp_real" [dft.cpp:31]   --->   Operation 115 'store' 'store_ln31' <Predicate = true> <Delay = 1.58>

State 21 <SV = 20> <Delay = 7.25>
ST_21 : Operation 116 [1/5] (7.25ns)   --->   "%temp_imag_1 = fadd i32 %select_ln14_1, i32 %add1" [dft.cpp:39]   --->   Operation 116 'fadd' 'temp_imag_1' <Predicate = true> <Delay = 7.25> <CoreInst = "FAddSub_fulldsp">   --->   Core 18 'FAddSub_fulldsp' <Latency = 4> <II = 1> <Delay = 7.25> <FuncUnit> <Opcode : 'fadd' 'fsub'> <InPorts = 2> <OutPorts = 1>

State 22 <SV = 21> <Delay = 1.58>
ST_22 : Operation 117 [1/1] (0.00ns)   --->   "%specloopname_ln0 = specloopname void @_ssdm_op_SpecLoopName, void @VITIS_LOOP_30_2_VITIS_LOOP_34_3_str"   --->   Operation 117 'specloopname' 'specloopname_ln0' <Predicate = true> <Delay = 0.00>
ST_22 : Operation 118 [1/1] (0.00ns)   --->   "%speclooptripcount_ln0 = speclooptripcount void @_ssdm_op_SpecLoopTripCount, i64 1048576, i64 1048576, i64 1048576"   --->   Operation 118 'speclooptripcount' 'speclooptripcount_ln0' <Predicate = true> <Delay = 0.00>
ST_22 : Operation 119 [1/1] (0.00ns)   --->   "%specpipeline_ln14 = specpipeline void @_ssdm_op_SpecPipeline, i32 4294967295, i32 0, i32 0, i32 0, void @empty_6" [dft.cpp:14]   --->   Operation 119 'specpipeline' 'specpipeline_ln14' <Predicate = true> <Delay = 0.00>
ST_22 : Operation 120 [1/1] (0.00ns)   --->   "%bitcast_ln49 = bitcast i32 %temp_real_1" [dft.cpp:49]   --->   Operation 120 'bitcast' 'bitcast_ln49' <Predicate = true> <Delay = 0.00>
ST_22 : Operation 121 [1/1] (0.00ns)   --->   "%bitcast_ln50 = bitcast i32 %temp_imag_1" [dft.cpp:50]   --->   Operation 121 'bitcast' 'bitcast_ln50' <Predicate = true> <Delay = 0.00>
ST_22 : Operation 122 [1/1] (1.29ns)   --->   "%write_ln49 = write void @_ssdm_op_Write.axis.volatile.i32P0A.i4P0A.i4P0A.i1P0A, i32 %output_real_V_data_V, i4 %output_real_V_keep_V, i4 %output_real_V_strb_V, i1 %output_real_V_last_V, i32 %bitcast_ln49, i4 15, i4 %p_phi_reload_read, i1 %pkt_real_last" [dft.cpp:49]   --->   Operation 122 'write' 'write_ln49' <Predicate = (icmp_ln34_1)> <Delay = 1.29> <CoreInst = "regslice">   --->   Core 135 'regslice' <Latency = 0> <II = 1> <Delay = 1.86> <Adapter> <Opcode : 'read' 'write'>
ST_22 : Operation 123 [1/1] (1.29ns)   --->   "%write_ln50 = write void @_ssdm_op_Write.axis.volatile.i32P0A.i4P0A.i4P0A.i1P0A, i32 %output_imag_V_data_V, i4 %output_imag_V_keep_V, i4 %output_imag_V_strb_V, i1 %output_imag_V_last_V, i32 %bitcast_ln50, i4 15, i4 %p_phi5_reload_read, i1 %pkt_real_last" [dft.cpp:50]   --->   Operation 123 'write' 'write_ln50' <Predicate = (icmp_ln34_1)> <Delay = 1.29> <CoreInst = "regslice">   --->   Core 135 'regslice' <Latency = 0> <II = 1> <Delay = 1.86> <Adapter> <Opcode : 'read' 'write'>
ST_22 : Operation 124 [1/1] (0.00ns)   --->   "%br_ln34 = br void %new.latch.for.inc29.split" [dft.cpp:34]   --->   Operation 124 'br' 'br_ln34' <Predicate = (icmp_ln34_1)> <Delay = 0.00>
ST_22 : Operation 125 [1/1] (1.58ns)   --->   "%store_ln32 = store i32 %temp_imag_1, i32 %temp_imag" [dft.cpp:32]   --->   Operation 125 'store' 'store_ln32' <Predicate = true> <Delay = 1.58>
ST_22 : Operation 126 [1/1] (0.00ns)   --->   "%br_ln34 = br void %for.inc29" [dft.cpp:34]   --->   Operation 126 'br' 'br_ln34' <Predicate = true> <Delay = 0.00>


============================================================
+ Verbose Summary: Timing violations
============================================================
Target clock period: 10.000ns, clock uncertainty: 2.700ns.

 <State 1>: 7.197ns
The critical path consists of the following:
	'store' operation 0 bit ('store_ln14', dft.cpp:14) of constant 0 on local variable 'j', dft.cpp:14 [28]  (1.588 ns)
	'load' operation 11 bit ('j_load', dft.cpp:34) on local variable 'j', dft.cpp:14 [40]  (0.000 ns)
	'icmp' operation 1 bit ('icmp_ln34', dft.cpp:34) [44]  (1.639 ns)
	'select' operation 11 bit ('select_ln14', dft.cpp:14) [45]  (0.692 ns)
	'add' operation 11 bit ('add_ln34', dft.cpp:34) [72]  (1.639 ns)
	'icmp' operation 1 bit ('icmp_ln34_1', dft.cpp:34) [73]  (1.639 ns)

 <State 2>: 6.851ns
The critical path consists of the following:
	'load' operation 11 bit ('i_load', dft.cpp:30) on local variable 'i', dft.cpp:14 [41]  (0.000 ns)
	'add' operation 11 bit ('add_ln30_1', dft.cpp:30) [48]  (1.639 ns)
	'select' operation 11 bit ('select_ln30', dft.cpp:30) [49]  (0.692 ns)
	'mul' operation 10 bit ('idx', dft.cpp:35) [54]  (4.520 ns)

 <State 3>: 3.254ns
The critical path consists of the following:
	'getelementptr' operation 10 bit ('cos_coefficients_table_addr', dft.cpp:36) [56]  (0.000 ns)
	'load' operation 32 bit ('c', dft.cpp:36) on array 'cos_coefficients_table' [57]  (3.254 ns)

 <State 4>: 3.254ns
The critical path consists of the following:
	'load' operation 32 bit ('c', dft.cpp:36) on array 'cos_coefficients_table' [57]  (3.254 ns)

 <State 5>: 5.702ns
The critical path consists of the following:
	'fmul' operation 32 bit ('mul', dft.cpp:38) [62]  (5.702 ns)

 <State 6>: 5.702ns
The critical path consists of the following:
	'fmul' operation 32 bit ('mul', dft.cpp:38) [62]  (5.702 ns)

 <State 7>: 5.702ns
The critical path consists of the following:
	'fmul' operation 32 bit ('mul', dft.cpp:38) [62]  (5.702 ns)

 <State 8>: 5.702ns
The critical path consists of the following:
	'fmul' operation 32 bit ('mul', dft.cpp:38) [62]  (5.702 ns)

 <State 9>: 5.702ns
The critical path consists of the following:
	'fmul' operation 32 bit ('mul1', dft.cpp:38) [65]  (5.702 ns)

 <State 10>: 7.256ns
The critical path consists of the following:
	'fsub' operation 32 bit ('sub', dft.cpp:38) [66]  (7.256 ns)

 <State 11>: 7.256ns
The critical path consists of the following:
	'fsub' operation 32 bit ('sub', dft.cpp:38) [66]  (7.256 ns)

 <State 12>: 7.256ns
The critical path consists of the following:
	'fsub' operation 32 bit ('sub', dft.cpp:38) [66]  (7.256 ns)

 <State 13>: 7.256ns
The critical path consists of the following:
	'fsub' operation 32 bit ('sub', dft.cpp:38) [66]  (7.256 ns)

 <State 14>: 7.256ns
The critical path consists of the following:
	'fsub' operation 32 bit ('sub', dft.cpp:38) [66]  (7.256 ns)

 <State 15>: 7.256ns
The critical path consists of the following:
	'fadd' operation 32 bit ('temp_real', dft.cpp:38) [67]  (7.256 ns)

 <State 16>: 7.256ns
The critical path consists of the following:
	'fadd' operation 32 bit ('temp_real', dft.cpp:38) [67]  (7.256 ns)

 <State 17>: 7.256ns
The critical path consists of the following:
	'fadd' operation 32 bit ('temp_real', dft.cpp:38) [67]  (7.256 ns)

 <State 18>: 7.256ns
The critical path consists of the following:
	'fadd' operation 32 bit ('temp_real', dft.cpp:38) [67]  (7.256 ns)

 <State 19>: 7.256ns
The critical path consists of the following:
	'fadd' operation 32 bit ('temp_real', dft.cpp:38) [67]  (7.256 ns)

 <State 20>: 7.256ns
The critical path consists of the following:
	'fadd' operation 32 bit ('temp_imag', dft.cpp:39) [71]  (7.256 ns)

 <State 21>: 7.256ns
The critical path consists of the following:
	'fadd' operation 32 bit ('temp_imag', dft.cpp:39) [71]  (7.256 ns)

 <State 22>: 1.588ns
The critical path consists of the following:
	'store' operation 0 bit ('store_ln32', dft.cpp:32) of variable 'temp_imag', dft.cpp:39 on local variable 'temp_imag', dft.cpp:32 [86]  (1.588 ns)


============================================================
+ Verbose Summary: Binding
============================================================
N/A
* FSMD analyzer results:
  - Output states:
 - Input state : 
  - Chain level:
	State 1
	State 2
	State 3
	State 4
	State 5
	State 6
	State 7
	State 8
	State 9
	State 10
	State 11
	State 12
	State 13
	State 14
	State 15
	State 16
	State 17
	State 18
	State 19
	State 20
	State 21
	State 22


============================================================
+ Verbose Summary: Datapath Resource usage 
============================================================
N/A
