

================================================================
== Vitis HLS Report for 'dft_Pipeline_COMPUTE_DFT_INNER_LOOP'
================================================================
* Date:           Tue Nov  4 16:21:46 2025

* Version:        2024.2 (Build 5238294 on Nov  8 2024)
* Project:        dft.comp
* Solution:       hls (Vivado IP Flow Target)
* Product family: zynq
* Target device:  xc7z020-clg400-1


================================================================
== Performance Estimates
================================================================
+ Timing: 
    * Summary: 
    +--------+----------+----------+------------+
    |  Clock |  Target  | Estimated| Uncertainty|
    +--------+----------+----------+------------+
    |ap_clk  |  10.00 ns|  7.256 ns|     2.70 ns|
    +--------+----------+----------+------------+

+ Latency: 
    * Summary: 
    +---------+---------+-----------+-----------+---------+---------+------------------------------------------------+
    |  Latency (cycles) |   Latency (absolute)  |      Interval     |                    Pipeline                    |
    |   min   |   max   |    min    |    max    |   min   |   max   |                      Type                      |
    +---------+---------+-----------+-----------+---------+---------+------------------------------------------------+
    |  6291473|  6291473|  62.915 ms|  62.915 ms|  6291462|  6291462|  loop auto-rewind stp (delay=0 clock cycles(s))|
    +---------+---------+-----------+-----------+---------+---------+------------------------------------------------+

    + Detail: 
        * Instance: 
        N/A

        * Loop: 
        +--------------------------+---------+---------+----------+-----------+-----------+---------+----------+
        |                          |  Latency (cycles) | Iteration|  Initiation Interval  |   Trip  |          |
        |         Loop Name        |   min   |   max   |  Latency |  achieved |   target  |  Count  | Pipelined|
        +--------------------------+---------+---------+----------+-----------+-----------+---------+----------+
        |- COMPUTE_DFT_INNER_LOOP  |  6291471|  6291471|        22|          6|          1|  1048576|       yes|
        +--------------------------+---------+---------+----------+-----------+-----------+---------+----------+



================================================================
== Utilization Estimates
================================================================
* Summary: 
+-----------------+---------+-----+--------+-------+-----+
|       Name      | BRAM_18K| DSP |   FF   |  LUT  | URAM|
+-----------------+---------+-----+--------+-------+-----+
|DSP              |        -|    -|       -|      -|    -|
|Expression       |        -|    -|       0|    203|    -|
|FIFO             |        -|    -|       -|      -|    -|
|Instance         |        -|    5|     348|    774|    -|
|Memory           |        4|    -|       0|      0|    -|
|Multiplexer      |        -|    -|       0|    282|    -|
|Register         |        -|    -|     754|     96|    -|
+-----------------+---------+-----+--------+-------+-----+
|Total            |        4|    5|    1102|   1355|    0|
+-----------------+---------+-----+--------+-------+-----+
|Available        |      280|  220|  106400|  53200|    0|
+-----------------+---------+-----+--------+-------+-----+
|Utilization (%)  |        1|    2|       1|      2|    0|
+-----------------+---------+-----+--------+-------+-----+

+ Detail: 
    * Instance: 
    +---------------------------------------+------------------------------------+---------+----+-----+-----+-----+
    |                Instance               |               Module               | BRAM_18K| DSP|  FF | LUT | URAM|
    +---------------------------------------+------------------------------------+---------+----+-----+-----+-----+
    |faddfsub_32ns_32ns_32_5_full_dsp_1_U5  |faddfsub_32ns_32ns_32_5_full_dsp_1  |        0|   2|  205|  390|    0|
    |fmul_32ns_32ns_32_4_max_dsp_1_U6       |fmul_32ns_32ns_32_4_max_dsp_1       |        0|   3|  143|  321|    0|
    |mul_10s_10s_10_1_1_U7                  |mul_10s_10s_10_1_1                  |        0|   0|    0|   63|    0|
    +---------------------------------------+------------------------------------+---------+----+-----+-----+-----+
    |Total                                  |                                    |        0|   5|  348|  774|    0|
    +---------------------------------------+------------------------------------+---------+----+-----+-----+-----+

    * DSP: 
    N/A

    * Memory: 
    +--------------------------+------------------------------------------------------------------------+---------+---+----+-----+------+-----+------+-------------+
    |          Memory          |                                 Module                                 | BRAM_18K| FF| LUT| URAM| Words| Bits| Banks| W*Bits*Banks|
    +--------------------------+------------------------------------------------------------------------+---------+---+----+-----+------+-----+------+-------------+
    |cos_coefficients_table_U  |dft_Pipeline_COMPUTE_DFT_INNER_LOOP_cos_coefficients_table_ROM_AUTO_1R  |        2|  0|   0|    0|  1024|   32|     1|        32768|
    |sin_coefficients_table_U  |dft_Pipeline_COMPUTE_DFT_INNER_LOOP_sin_coefficients_table_ROM_AUTO_1R  |        2|  0|   0|    0|  1024|   32|     1|        32768|
    +--------------------------+------------------------------------------------------------------------+---------+---+----+-----+------+-----+------+-------------+
    |Total                     |                                                                        |        4|  0|   0|    0|  2048|   64|     2|        65536|
    +--------------------------+------------------------------------------------------------------------+---------+---+----+-----+------+-----+------+-------------+

    * FIFO: 
    N/A

    * Expression: 
    +----------------------------------------+----------+----+---+----+------------+------------+
    |              Variable Name             | Operation| DSP| FF| LUT| Bitwidth P0| Bitwidth P1|
    +----------------------------------------+----------+----+---+----+------------+------------+
    |add_ln19_1_fu_243_p2                    |         +|   0|  0|  12|          11|           1|
    |add_ln19_fu_185_p2                      |         +|   0|  0|  28|          21|           1|
    |add_ln23_fu_218_p2                      |         +|   0|  0|  12|          11|           1|
    |ap_block_pp0_stage3_00001_grp2          |       and|   0|  0|   2|           1|           1|
    |ap_block_pp0_stage3_01001_grp1          |       and|   0|  0|   2|           1|           1|
    |ap_block_pp0_stage3_11001               |       and|   0|  0|   2|           1|           1|
    |ap_block_state22_pp0_stage3_iter3_grp1  |       and|   0|  0|   2|           1|           1|
    |ap_block_state22_pp0_stage3_iter3_grp2  |       and|   0|  0|   2|           1|           1|
    |icmp_ln19_fu_179_p2                     |      icmp|   0|  0|  29|          21|          22|
    |icmp_ln23_1_fu_224_p2                   |      icmp|   0|  0|  12|          11|          12|
    |icmp_ln23_fu_194_p2                     |      icmp|   0|  0|  12|          11|          12|
    |select_ln19_fu_249_p3                   |    select|   0|  0|  11|           1|          11|
    |select_ln7_1_fu_288_p3                  |    select|   0|  0|  32|           1|           1|
    |select_ln7_2_fu_278_p3                  |    select|   0|  0|  32|           1|           1|
    |select_ln7_fu_200_p3                    |    select|   0|  0|  11|           1|           1|
    |ap_enable_pp0                           |       xor|   0|  0|   2|           1|           2|
    +----------------------------------------+----------+----+---+----+------------+------------+
    |Total                                   |          |   0|  0| 203|          96|          70|
    +----------------------------------------+----------+----+---+----+------------+------------+

    * Multiplexer: 
    +--------------------------------------+----+-----------+-----+-----------+
    |                 Name                 | LUT| Input Size| Bits| Total Bits|
    +--------------------------------------+----+-----------+-----+-----------+
    |ap_NS_fsm                             |  37|          7|    1|          7|
    |ap_done_int                           |   9|          2|    1|          2|
    |ap_enable_reg_pp0_iter0               |   9|          2|    1|          2|
    |ap_enable_reg_pp0_iter1               |   9|          2|    1|          2|
    |ap_enable_reg_pp0_iter3               |   9|          2|    1|          2|
    |ap_loop_exit_ready_pp0_iter1_reg      |   9|          2|    1|          2|
    |ap_loop_exit_ready_pp0_iter2_reg      |   9|          2|    1|          2|
    |ap_sig_allocacmp_indvar_flatten_load  |   9|          2|   21|         42|
    |ap_sig_allocacmp_j_1_load             |   9|          2|   11|         22|
    |ap_sig_allocacmp_temp_imag_load       |   9|          2|   32|         64|
    |ap_sig_allocacmp_temp_real_load       |   9|          2|   32|         64|
    |grp_fu_138_opcode                     |  14|          3|    2|          6|
    |grp_fu_138_p0                         |  25|          5|   32|        160|
    |grp_fu_138_p1                         |  25|          5|   32|        160|
    |grp_fu_142_p0                         |  14|          3|   32|         96|
    |grp_fu_142_p1                         |  14|          3|   32|         96|
    |i_fu_64                               |   9|          2|   11|         22|
    |indvar_flatten_fu_68                  |   9|          2|   21|         42|
    |j_1_fu_60                             |   9|          2|   11|         22|
    |output_imag_blk_n                     |   9|          2|    1|          2|
    |output_real_blk_n                     |   9|          2|    1|          2|
    |temp_imag_fu_56                       |   9|          2|   32|         64|
    |temp_real_fu_52                       |   9|          2|   32|         64|
    +--------------------------------------+----+-----------+-----+-----------+
    |Total                                 | 282|         60|  342|        947|
    +--------------------------------------+----+-----------+-----+-----------+

    * Register: 
    +-------------------------------------------+----+----+-----+-----------+
    |                    Name                   | FF | LUT| Bits| Const Bits|
    +-------------------------------------------+----+----+-----+-----------+
    |ap_CS_fsm                                  |   6|   0|    6|          0|
    |ap_block_pp0_stage3_subdone_grp0_done_reg  |   1|   0|    1|          0|
    |ap_block_pp0_stage3_subdone_grp1_done_reg  |   1|   0|    1|          0|
    |ap_block_pp0_stage3_subdone_grp2_done_reg  |   1|   0|    1|          0|
    |ap_done_reg                                |   1|   0|    1|          0|
    |ap_enable_reg_pp0_iter0_reg                |   1|   0|    1|          0|
    |ap_enable_reg_pp0_iter1                    |   1|   0|    1|          0|
    |ap_enable_reg_pp0_iter2                    |   1|   0|    1|          0|
    |ap_enable_reg_pp0_iter3                    |   1|   0|    1|          0|
    |ap_loop_exit_ready_pp0_iter1_reg           |   1|   0|    1|          0|
    |ap_loop_exit_ready_pp0_iter2_reg           |   1|   0|    1|          0|
    |c_reg_403                                  |  32|   0|   32|          0|
    |i_fu_64                                    |  11|   0|   11|          0|
    |icmp_ln19_reg_348                          |   1|   0|    1|          0|
    |icmp_ln23_1_reg_374                        |   1|   0|    1|          0|
    |icmp_ln23_reg_352                          |   1|   0|    1|          0|
    |idx_reg_378                                |  10|   0|   10|          0|
    |imag_sample_load_reg_388                   |  32|   0|   32|          0|
    |indvar_flatten_fu_68                       |  21|   0|   21|          0|
    |j_1_fu_60                                  |  11|   0|   11|          0|
    |mul1_reg_418                               |  32|   0|   32|          0|
    |mul2_reg_423                               |  32|   0|   32|          0|
    |mul3_reg_428                               |  32|   0|   32|          0|
    |mul_reg_413                                |  32|   0|   32|          0|
    |real_sample_load_reg_383                   |  32|   0|   32|          0|
    |reg_146                                    |  32|   0|   32|          0|
    |s_reg_408                                  |  32|   0|   32|          0|
    |select_ln7_1_reg_443                       |  32|   0|   32|          0|
    |select_ln7_2_reg_433                       |  32|   0|   32|          0|
    |sub_reg_438                                |  32|   0|   32|          0|
    |temp_imag_fu_56                            |  32|   0|   32|          0|
    |temp_real_1_reg_448                        |  32|   0|   32|          0|
    |temp_real_fu_52                            |  32|   0|   32|          0|
    |trunc_ln24_1_reg_359                       |  10|   0|   10|          0|
    |icmp_ln19_reg_348                          |  64|  32|    1|          0|
    |icmp_ln23_1_reg_374                        |  64|  32|    1|          0|
    |icmp_ln23_reg_352                          |  64|  32|    1|          0|
    +-------------------------------------------+----+----+-----+-----------+
    |Total                                      | 754|  96|  565|          0|
    +-------------------------------------------+----+----+-----+-----------+



================================================================
== Interface
================================================================
* Summary: 
+----------------------+-----+-----+------------+-------------------------------------+--------------+
|       RTL Ports      | Dir | Bits|  Protocol  |            Source Object            |    C Type    |
+----------------------+-----+-----+------------+-------------------------------------+--------------+
|ap_clk                |   in|    1|  ap_ctrl_hs|  dft_Pipeline_COMPUTE_DFT_INNER_LOOP|  return value|
|ap_rst                |   in|    1|  ap_ctrl_hs|  dft_Pipeline_COMPUTE_DFT_INNER_LOOP|  return value|
|ap_start              |   in|    1|  ap_ctrl_hs|  dft_Pipeline_COMPUTE_DFT_INNER_LOOP|  return value|
|ap_done               |  out|    1|  ap_ctrl_hs|  dft_Pipeline_COMPUTE_DFT_INNER_LOOP|  return value|
|ap_idle               |  out|    1|  ap_ctrl_hs|  dft_Pipeline_COMPUTE_DFT_INNER_LOOP|  return value|
|ap_ready              |  out|    1|  ap_ctrl_hs|  dft_Pipeline_COMPUTE_DFT_INNER_LOOP|  return value|
|output_real_din       |  out|   32|     ap_fifo|                          output_real|       pointer|
|output_real_full_n    |   in|    1|     ap_fifo|                          output_real|       pointer|
|output_real_write     |  out|    1|     ap_fifo|                          output_real|       pointer|
|output_imag_din       |  out|   32|     ap_fifo|                          output_imag|       pointer|
|output_imag_full_n    |   in|    1|     ap_fifo|                          output_imag|       pointer|
|output_imag_write     |  out|    1|     ap_fifo|                          output_imag|       pointer|
|real_sample_address0  |  out|   10|   ap_memory|                          real_sample|         array|
|real_sample_ce0       |  out|    1|   ap_memory|                          real_sample|         array|
|real_sample_q0        |   in|   32|   ap_memory|                          real_sample|         array|
|imag_sample_address0  |  out|   10|   ap_memory|                          imag_sample|         array|
|imag_sample_ce0       |  out|    1|   ap_memory|                          imag_sample|         array|
|imag_sample_q0        |   in|   32|   ap_memory|                          imag_sample|         array|
+----------------------+-----+-----+------------+-------------------------------------+--------------+

============================================================
+ Verbose Summary: Synthesis Manager
============================================================
InlineROM: 1
ExposeGlobal: 0
============================================================
+ Verbose Summary: CDFG Model
============================================================
IsTopModel: 0
ResetActiveHigh: 1
IsCombinational: 2
IsDatapathOnly: 2
HasWiredReturn: 1
HasMFsm: 2
HasVarLatency: 1
IsPipeline: 0
IsRtlPipelined: 0
IsInstanceOverlapped: 0
IsDontTouch: 0
HasImplIP: 0
IsGatedGlobalClock: 0

+ Individual pipeline summary: 
  * Pipeline-0: initiation interval (II) = 6, depth = 22


============================================================
+ Verbose Summary: Schedule
============================================================
* Number of FSM states : 22
* Pipeline : 1
  Pipeline-0 : II = 6, D = 22, States = { 1 2 3 4 5 6 7 8 9 10 11 12 13 14 15 16 17 18 19 20 21 22 }
* Dataflow Pipeline: 0

* FSM state transitions: 
1 --> 2 
2 --> 3 
3 --> 4 
4 --> 5 
5 --> 6 
6 --> 7 
7 --> 8 
8 --> 9 
9 --> 10 
10 --> 11 
11 --> 12 
12 --> 13 
13 --> 14 
14 --> 15 
15 --> 16 
16 --> 17 
17 --> 18 
18 --> 19 
19 --> 20 
20 --> 21 
21 --> 22 
22 --> 

* FSM state operations: 

State 1 <SV = 0> <Delay = 7.19>
ST_1 : Operation 25 [1/1] (0.00ns)   --->   "%temp_real = alloca i32 1" [dft.cpp:20]   --->   Operation 25 'alloca' 'temp_real' <Predicate = true> <Delay = 0.00>
ST_1 : Operation 26 [1/1] (0.00ns)   --->   "%temp_imag = alloca i32 1" [dft.cpp:21]   --->   Operation 26 'alloca' 'temp_imag' <Predicate = true> <Delay = 0.00>
ST_1 : Operation 27 [1/1] (0.00ns)   --->   "%j_1 = alloca i32 1" [dft.cpp:7]   --->   Operation 27 'alloca' 'j_1' <Predicate = true> <Delay = 0.00>
ST_1 : Operation 28 [1/1] (0.00ns)   --->   "%i = alloca i32 1" [dft.cpp:7]   --->   Operation 28 'alloca' 'i' <Predicate = true> <Delay = 0.00>
ST_1 : Operation 29 [1/1] (0.00ns)   --->   "%indvar_flatten = alloca i32 1"   --->   Operation 29 'alloca' 'indvar_flatten' <Predicate = true> <Delay = 0.00>
ST_1 : Operation 30 [1/1] (0.00ns)   --->   "%specinterface_ln0 = specinterface void @_ssdm_op_SpecInterface, i32 %output_imag, void @empty_0, i32 0, i32 0, void @empty, i32 0, i32 0, void @empty, void @empty, void @empty, i32 0, i32 0, i32 0, i32 0, void @empty, void @empty, i32 4294967295, i32 0, i32 0"   --->   Operation 30 'specinterface' 'specinterface_ln0' <Predicate = true> <Delay = 0.00>
ST_1 : Operation 31 [1/1] (0.00ns)   --->   "%specinterface_ln0 = specinterface void @_ssdm_op_SpecInterface, i32 %output_real, void @empty_0, i32 0, i32 0, void @empty, i32 0, i32 0, void @empty, void @empty, void @empty, i32 0, i32 0, i32 0, i32 0, void @empty, void @empty, i32 4294967295, i32 0, i32 0"   --->   Operation 31 'specinterface' 'specinterface_ln0' <Predicate = true> <Delay = 0.00>
ST_1 : Operation 32 [1/1] (1.58ns)   --->   "%store_ln0 = store i21 0, i21 %indvar_flatten"   --->   Operation 32 'store' 'store_ln0' <Predicate = true> <Delay = 1.58>
ST_1 : Operation 33 [1/1] (1.58ns)   --->   "%store_ln7 = store i11 0, i11 %i" [dft.cpp:7]   --->   Operation 33 'store' 'store_ln7' <Predicate = true> <Delay = 1.58>
ST_1 : Operation 34 [1/1] (1.58ns)   --->   "%store_ln7 = store i11 0, i11 %j_1" [dft.cpp:7]   --->   Operation 34 'store' 'store_ln7' <Predicate = true> <Delay = 1.58>
ST_1 : Operation 35 [1/1] (1.58ns)   --->   "%store_ln21 = store i32 0, i32 %temp_imag" [dft.cpp:21]   --->   Operation 35 'store' 'store_ln21' <Predicate = true> <Delay = 1.58>
ST_1 : Operation 36 [1/1] (1.58ns)   --->   "%store_ln20 = store i32 0, i32 %temp_real" [dft.cpp:20]   --->   Operation 36 'store' 'store_ln20' <Predicate = true> <Delay = 1.58>
ST_1 : Operation 37 [1/1] (0.00ns)   --->   "%br_ln0 = br void %for.inc28"   --->   Operation 37 'br' 'br_ln0' <Predicate = true> <Delay = 0.00>
ST_1 : Operation 38 [1/1] (0.00ns)   --->   "%indvar_flatten_load = load i21 %indvar_flatten" [dft.cpp:19]   --->   Operation 38 'load' 'indvar_flatten_load' <Predicate = true> <Delay = 0.00>
ST_1 : Operation 39 [1/1] (2.22ns)   --->   "%icmp_ln19 = icmp_eq  i21 %indvar_flatten_load, i21 1048576" [dft.cpp:19]   --->   Operation 39 'icmp' 'icmp_ln19' <Predicate = true> <Delay = 2.22> <CoreInst = "Cmp">   --->   Core 9 'Cmp' <Latency = 0> <II = 1> <Delay = 2.25> <FuncUnit> <Opcode : 'seteq' 'setne' 'setle' 'setge' 'setlt' 'setgt'> <InPorts = 2> <OutPorts = 1>
ST_1 : Operation 40 [1/1] (2.22ns)   --->   "%add_ln19 = add i21 %indvar_flatten_load, i21 1" [dft.cpp:19]   --->   Operation 40 'add' 'add_ln19' <Predicate = true> <Delay = 2.22> <CoreInst = "Adder">   --->   Core 1 'Adder' <Latency = 0> <II = 1> <Delay = 2.22> <FuncUnit> <Opcode : 'add' 'sub'> <InPorts = 2> <OutPorts = 1>
ST_1 : Operation 41 [1/1] (0.00ns)   --->   "%br_ln19 = br i1 %icmp_ln19, void %for.inc31, void %for.end33.exitStub" [dft.cpp:19]   --->   Operation 41 'br' 'br_ln19' <Predicate = true> <Delay = 0.00>
ST_1 : Operation 42 [1/1] (0.00ns)   --->   "%j_1_load = load i11 %j_1" [dft.cpp:23]   --->   Operation 42 'load' 'j_1_load' <Predicate = (!icmp_ln19)> <Delay = 0.00>
ST_1 : Operation 43 [1/1] (1.63ns)   --->   "%icmp_ln23 = icmp_eq  i11 %j_1_load, i11 1024" [dft.cpp:23]   --->   Operation 43 'icmp' 'icmp_ln23' <Predicate = (!icmp_ln19)> <Delay = 1.63> <CoreInst = "Cmp">   --->   Core 9 'Cmp' <Latency = 0> <II = 1> <Delay = 1.54> <FuncUnit> <Opcode : 'seteq' 'setne' 'setle' 'setge' 'setlt' 'setgt'> <InPorts = 2> <OutPorts = 1>
ST_1 : Operation 44 [1/1] (0.69ns)   --->   "%select_ln7 = select i1 %icmp_ln23, i11 0, i11 %j_1_load" [dft.cpp:7]   --->   Operation 44 'select' 'select_ln7' <Predicate = (!icmp_ln19)> <Delay = 0.69> <CoreInst = "Sel">   --->   Core 73 'Sel' <Latency = 0> <II = 1> <Delay = 0.69> <FuncUnit> <Opcode : 'select'> <InPorts = 3> <OutPorts = 1>
ST_1 : Operation 45 [1/1] (0.00ns)   --->   "%zext_ln23 = zext i11 %select_ln7" [dft.cpp:23]   --->   Operation 45 'zext' 'zext_ln23' <Predicate = (!icmp_ln19)> <Delay = 0.00>
ST_1 : Operation 46 [1/1] (0.00ns)   --->   "%trunc_ln24_1 = trunc i11 %select_ln7" [dft.cpp:24]   --->   Operation 46 'trunc' 'trunc_ln24_1' <Predicate = (!icmp_ln19)> <Delay = 0.00>
ST_1 : Operation 47 [1/1] (0.00ns)   --->   "%real_sample_addr = getelementptr i32 %real_sample, i64 0, i64 %zext_ln23" [dft.cpp:27]   --->   Operation 47 'getelementptr' 'real_sample_addr' <Predicate = (!icmp_ln19)> <Delay = 0.00>
ST_1 : Operation 48 [2/2] (3.25ns)   --->   "%real_sample_load = load i10 %real_sample_addr" [dft.cpp:27]   --->   Operation 48 'load' 'real_sample_load' <Predicate = (!icmp_ln19)> <Delay = 3.25> <CoreInst = "RAM">   --->   Core 81 'RAM' <Latency = 1> <II = 1> <Delay = 3.25> <Storage> <Opcode : 'load' 'store'> <Ports = 2> <Width = 32> <Depth = 1024> <RAM>
ST_1 : Operation 49 [1/1] (0.00ns)   --->   "%imag_sample_addr = getelementptr i32 %imag_sample, i64 0, i64 %zext_ln23" [dft.cpp:27]   --->   Operation 49 'getelementptr' 'imag_sample_addr' <Predicate = (!icmp_ln19)> <Delay = 0.00>
ST_1 : Operation 50 [2/2] (3.25ns)   --->   "%imag_sample_load = load i10 %imag_sample_addr" [dft.cpp:27]   --->   Operation 50 'load' 'imag_sample_load' <Predicate = (!icmp_ln19)> <Delay = 3.25> <CoreInst = "RAM">   --->   Core 81 'RAM' <Latency = 1> <II = 1> <Delay = 3.25> <Storage> <Opcode : 'load' 'store'> <Ports = 2> <Width = 32> <Depth = 1024> <RAM>
ST_1 : Operation 51 [1/1] (1.63ns)   --->   "%add_ln23 = add i11 %select_ln7, i11 1" [dft.cpp:23]   --->   Operation 51 'add' 'add_ln23' <Predicate = (!icmp_ln19)> <Delay = 1.63> <CoreInst = "Adder">   --->   Core 1 'Adder' <Latency = 0> <II = 1> <Delay = 1.63> <FuncUnit> <Opcode : 'add' 'sub'> <InPorts = 2> <OutPorts = 1>
ST_1 : Operation 52 [1/1] (1.63ns)   --->   "%icmp_ln23_1 = icmp_eq  i11 %add_ln23, i11 1024" [dft.cpp:23]   --->   Operation 52 'icmp' 'icmp_ln23_1' <Predicate = (!icmp_ln19)> <Delay = 1.63> <CoreInst = "Cmp">   --->   Core 9 'Cmp' <Latency = 0> <II = 1> <Delay = 1.54> <FuncUnit> <Opcode : 'seteq' 'setne' 'setle' 'setge' 'setlt' 'setgt'> <InPorts = 2> <OutPorts = 1>
ST_1 : Operation 53 [1/1] (0.00ns)   --->   "%br_ln23 = br i1 %icmp_ln23_1, void %new.latch.for.inc28.split, void %last.iter.for.inc28.split" [dft.cpp:23]   --->   Operation 53 'br' 'br_ln23' <Predicate = (!icmp_ln19)> <Delay = 0.00>
ST_1 : Operation 54 [1/1] (1.58ns)   --->   "%store_ln19 = store i21 %add_ln19, i21 %indvar_flatten" [dft.cpp:19]   --->   Operation 54 'store' 'store_ln19' <Predicate = (!icmp_ln19)> <Delay = 1.58>
ST_1 : Operation 55 [1/1] (1.58ns)   --->   "%store_ln7 = store i11 %add_ln23, i11 %j_1" [dft.cpp:7]   --->   Operation 55 'store' 'store_ln7' <Predicate = (!icmp_ln19)> <Delay = 1.58>

State 2 <SV = 1> <Delay = 6.85>
ST_2 : Operation 56 [1/1] (0.00ns)   --->   "%i_load = load i11 %i" [dft.cpp:19]   --->   Operation 56 'load' 'i_load' <Predicate = (!icmp_ln19)> <Delay = 0.00>
ST_2 : Operation 57 [1/1] (1.63ns)   --->   "%add_ln19_1 = add i11 %i_load, i11 1" [dft.cpp:19]   --->   Operation 57 'add' 'add_ln19_1' <Predicate = (!icmp_ln19 & icmp_ln23)> <Delay = 1.63> <CoreInst = "Adder">   --->   Core 1 'Adder' <Latency = 0> <II = 1> <Delay = 1.63> <FuncUnit> <Opcode : 'add' 'sub'> <InPorts = 2> <OutPorts = 1>
ST_2 : Operation 58 [1/1] (0.69ns)   --->   "%select_ln19 = select i1 %icmp_ln23, i11 %add_ln19_1, i11 %i_load" [dft.cpp:19]   --->   Operation 58 'select' 'select_ln19' <Predicate = (!icmp_ln19)> <Delay = 0.69> <CoreInst = "Sel">   --->   Core 73 'Sel' <Latency = 0> <II = 1> <Delay = 0.69> <FuncUnit> <Opcode : 'select'> <InPorts = 3> <OutPorts = 1>
ST_2 : Operation 59 [1/1] (0.00ns)   --->   "%trunc_ln24 = trunc i11 %select_ln19" [dft.cpp:24]   --->   Operation 59 'trunc' 'trunc_ln24' <Predicate = (!icmp_ln19)> <Delay = 0.00>
ST_2 : Operation 60 [1/1] (4.52ns)   --->   "%idx = mul i10 %trunc_ln24_1, i10 %trunc_ln24" [dft.cpp:24]   --->   Operation 60 'mul' 'idx' <Predicate = (!icmp_ln19)> <Delay = 4.52> <CoreInst = "Multiplier">   --->   Core 3 'Multiplier' <Latency = 0> <II = 1> <Delay = 4.52> <FuncUnit> <Opcode : 'mul'> <InPorts = 2> <OutPorts = 1>
ST_2 : Operation 61 [1/2] ( I:3.25ns O:3.25ns )   --->   "%real_sample_load = load i10 %real_sample_addr" [dft.cpp:27]   --->   Operation 61 'load' 'real_sample_load' <Predicate = (!icmp_ln19)> <Delay = 3.25> <CoreInst = "RAM">   --->   Core 81 'RAM' <Latency = 1> <II = 1> <Delay = 3.25> <Storage> <Opcode : 'load' 'store'> <Ports = 2> <Width = 32> <Depth = 1024> <RAM>
ST_2 : Operation 62 [1/2] ( I:3.25ns O:3.25ns )   --->   "%imag_sample_load = load i10 %imag_sample_addr" [dft.cpp:27]   --->   Operation 62 'load' 'imag_sample_load' <Predicate = (!icmp_ln19)> <Delay = 3.25> <CoreInst = "RAM">   --->   Core 81 'RAM' <Latency = 1> <II = 1> <Delay = 3.25> <Storage> <Opcode : 'load' 'store'> <Ports = 2> <Width = 32> <Depth = 1024> <RAM>
ST_2 : Operation 63 [1/1] (1.58ns)   --->   "%store_ln7 = store i11 %select_ln19, i11 %i" [dft.cpp:7]   --->   Operation 63 'store' 'store_ln7' <Predicate = (!icmp_ln19)> <Delay = 1.58>

State 3 <SV = 2> <Delay = 3.25>
ST_3 : Operation 64 [1/1] (0.00ns)   --->   "%zext_ln25 = zext i10 %idx" [dft.cpp:25]   --->   Operation 64 'zext' 'zext_ln25' <Predicate = (!icmp_ln19)> <Delay = 0.00>
ST_3 : Operation 65 [1/1] (0.00ns)   --->   "%cos_coefficients_table_addr = getelementptr i32 %cos_coefficients_table, i64 0, i64 %zext_ln25" [dft.cpp:25]   --->   Operation 65 'getelementptr' 'cos_coefficients_table_addr' <Predicate = (!icmp_ln19)> <Delay = 0.00>
ST_3 : Operation 66 [2/2] (3.25ns)   --->   "%c = load i10 %cos_coefficients_table_addr" [dft.cpp:25]   --->   Operation 66 'load' 'c' <Predicate = (!icmp_ln19)> <Delay = 3.25> <CoreInst = "ROM">   --->   Core 94 'ROM' <Latency = 1> <II = 1> <Delay = 3.25> <Storage> <Opcode : 'load'> <Ports = 0> <Width = 32> <Depth = 1024> <ROM>
ST_3 : Operation 67 [1/1] (0.00ns)   --->   "%sin_coefficients_table_addr = getelementptr i32 %sin_coefficients_table, i64 0, i64 %zext_ln25" [dft.cpp:26]   --->   Operation 67 'getelementptr' 'sin_coefficients_table_addr' <Predicate = (!icmp_ln19)> <Delay = 0.00>
ST_3 : Operation 68 [2/2] (3.25ns)   --->   "%s = load i10 %sin_coefficients_table_addr" [dft.cpp:26]   --->   Operation 68 'load' 's' <Predicate = (!icmp_ln19)> <Delay = 3.25> <CoreInst = "ROM">   --->   Core 94 'ROM' <Latency = 1> <II = 1> <Delay = 3.25> <Storage> <Opcode : 'load'> <Ports = 0> <Width = 32> <Depth = 1024> <ROM>

State 4 <SV = 3> <Delay = 3.25>
ST_4 : Operation 69 [1/2] ( I:3.25ns O:3.25ns )   --->   "%c = load i10 %cos_coefficients_table_addr" [dft.cpp:25]   --->   Operation 69 'load' 'c' <Predicate = (!icmp_ln19)> <Delay = 3.25> <CoreInst = "ROM">   --->   Core 94 'ROM' <Latency = 1> <II = 1> <Delay = 3.25> <Storage> <Opcode : 'load'> <Ports = 0> <Width = 32> <Depth = 1024> <ROM>
ST_4 : Operation 70 [1/2] ( I:3.25ns O:3.25ns )   --->   "%s = load i10 %sin_coefficients_table_addr" [dft.cpp:26]   --->   Operation 70 'load' 's' <Predicate = (!icmp_ln19)> <Delay = 3.25> <CoreInst = "ROM">   --->   Core 94 'ROM' <Latency = 1> <II = 1> <Delay = 3.25> <Storage> <Opcode : 'load'> <Ports = 0> <Width = 32> <Depth = 1024> <ROM>

State 5 <SV = 4> <Delay = 5.70>
ST_5 : Operation 71 [4/4] (5.70ns)   --->   "%mul = fmul i32 %real_sample_load, i32 %c" [dft.cpp:27]   --->   Operation 71 'fmul' 'mul' <Predicate = (!icmp_ln19)> <Delay = 5.70> <CoreInst = "FMul_maxdsp">   --->   Core 30 'FMul_maxdsp' <Latency = 3> <II = 1> <Delay = 5.70> <FuncUnit> <Opcode : 'fmul'> <InPorts = 2> <OutPorts = 1>

State 6 <SV = 5> <Delay = 5.70>
ST_6 : Operation 72 [3/4] (5.70ns)   --->   "%mul = fmul i32 %real_sample_load, i32 %c" [dft.cpp:27]   --->   Operation 72 'fmul' 'mul' <Predicate = (!icmp_ln19)> <Delay = 5.70> <CoreInst = "FMul_maxdsp">   --->   Core 30 'FMul_maxdsp' <Latency = 3> <II = 1> <Delay = 5.70> <FuncUnit> <Opcode : 'fmul'> <InPorts = 2> <OutPorts = 1>
ST_6 : Operation 73 [4/4] (5.70ns)   --->   "%mul1 = fmul i32 %imag_sample_load, i32 %s" [dft.cpp:27]   --->   Operation 73 'fmul' 'mul1' <Predicate = (!icmp_ln19)> <Delay = 5.70> <CoreInst = "FMul_maxdsp">   --->   Core 30 'FMul_maxdsp' <Latency = 3> <II = 1> <Delay = 5.70> <FuncUnit> <Opcode : 'fmul'> <InPorts = 2> <OutPorts = 1>

State 7 <SV = 6> <Delay = 5.70>
ST_7 : Operation 74 [2/4] (5.70ns)   --->   "%mul = fmul i32 %real_sample_load, i32 %c" [dft.cpp:27]   --->   Operation 74 'fmul' 'mul' <Predicate = true> <Delay = 5.70> <CoreInst = "FMul_maxdsp">   --->   Core 30 'FMul_maxdsp' <Latency = 3> <II = 1> <Delay = 5.70> <FuncUnit> <Opcode : 'fmul'> <InPorts = 2> <OutPorts = 1>
ST_7 : Operation 75 [3/4] (5.70ns)   --->   "%mul1 = fmul i32 %imag_sample_load, i32 %s" [dft.cpp:27]   --->   Operation 75 'fmul' 'mul1' <Predicate = true> <Delay = 5.70> <CoreInst = "FMul_maxdsp">   --->   Core 30 'FMul_maxdsp' <Latency = 3> <II = 1> <Delay = 5.70> <FuncUnit> <Opcode : 'fmul'> <InPorts = 2> <OutPorts = 1>
ST_7 : Operation 76 [4/4] (5.70ns)   --->   "%mul2 = fmul i32 %real_sample_load, i32 %s" [dft.cpp:28]   --->   Operation 76 'fmul' 'mul2' <Predicate = true> <Delay = 5.70> <CoreInst = "FMul_maxdsp">   --->   Core 30 'FMul_maxdsp' <Latency = 3> <II = 1> <Delay = 5.70> <FuncUnit> <Opcode : 'fmul'> <InPorts = 2> <OutPorts = 1>

State 8 <SV = 7> <Delay = 5.70>
ST_8 : Operation 77 [1/4] (5.70ns)   --->   "%mul = fmul i32 %real_sample_load, i32 %c" [dft.cpp:27]   --->   Operation 77 'fmul' 'mul' <Predicate = true> <Delay = 5.70> <CoreInst = "FMul_maxdsp">   --->   Core 30 'FMul_maxdsp' <Latency = 3> <II = 1> <Delay = 5.70> <FuncUnit> <Opcode : 'fmul'> <InPorts = 2> <OutPorts = 1>
ST_8 : Operation 78 [2/4] (5.70ns)   --->   "%mul1 = fmul i32 %imag_sample_load, i32 %s" [dft.cpp:27]   --->   Operation 78 'fmul' 'mul1' <Predicate = true> <Delay = 5.70> <CoreInst = "FMul_maxdsp">   --->   Core 30 'FMul_maxdsp' <Latency = 3> <II = 1> <Delay = 5.70> <FuncUnit> <Opcode : 'fmul'> <InPorts = 2> <OutPorts = 1>
ST_8 : Operation 79 [3/4] (5.70ns)   --->   "%mul2 = fmul i32 %real_sample_load, i32 %s" [dft.cpp:28]   --->   Operation 79 'fmul' 'mul2' <Predicate = true> <Delay = 5.70> <CoreInst = "FMul_maxdsp">   --->   Core 30 'FMul_maxdsp' <Latency = 3> <II = 1> <Delay = 5.70> <FuncUnit> <Opcode : 'fmul'> <InPorts = 2> <OutPorts = 1>
ST_8 : Operation 80 [4/4] (5.70ns)   --->   "%mul3 = fmul i32 %imag_sample_load, i32 %c" [dft.cpp:28]   --->   Operation 80 'fmul' 'mul3' <Predicate = true> <Delay = 5.70> <CoreInst = "FMul_maxdsp">   --->   Core 30 'FMul_maxdsp' <Latency = 3> <II = 1> <Delay = 5.70> <FuncUnit> <Opcode : 'fmul'> <InPorts = 2> <OutPorts = 1>

State 9 <SV = 8> <Delay = 5.70>
ST_9 : Operation 81 [1/4] (5.70ns)   --->   "%mul1 = fmul i32 %imag_sample_load, i32 %s" [dft.cpp:27]   --->   Operation 81 'fmul' 'mul1' <Predicate = true> <Delay = 5.70> <CoreInst = "FMul_maxdsp">   --->   Core 30 'FMul_maxdsp' <Latency = 3> <II = 1> <Delay = 5.70> <FuncUnit> <Opcode : 'fmul'> <InPorts = 2> <OutPorts = 1>
ST_9 : Operation 82 [2/4] (5.70ns)   --->   "%mul2 = fmul i32 %real_sample_load, i32 %s" [dft.cpp:28]   --->   Operation 82 'fmul' 'mul2' <Predicate = true> <Delay = 5.70> <CoreInst = "FMul_maxdsp">   --->   Core 30 'FMul_maxdsp' <Latency = 3> <II = 1> <Delay = 5.70> <FuncUnit> <Opcode : 'fmul'> <InPorts = 2> <OutPorts = 1>
ST_9 : Operation 83 [3/4] (5.70ns)   --->   "%mul3 = fmul i32 %imag_sample_load, i32 %c" [dft.cpp:28]   --->   Operation 83 'fmul' 'mul3' <Predicate = true> <Delay = 5.70> <CoreInst = "FMul_maxdsp">   --->   Core 30 'FMul_maxdsp' <Latency = 3> <II = 1> <Delay = 5.70> <FuncUnit> <Opcode : 'fmul'> <InPorts = 2> <OutPorts = 1>

State 10 <SV = 9> <Delay = 7.25>
ST_10 : Operation 84 [5/5] (7.25ns)   --->   "%sub = fsub i32 %mul, i32 %mul1" [dft.cpp:27]   --->   Operation 84 'fsub' 'sub' <Predicate = true> <Delay = 7.25> <CoreInst = "FAddSub_fulldsp">   --->   Core 18 'FAddSub_fulldsp' <Latency = 4> <II = 1> <Delay = 7.25> <FuncUnit> <Opcode : 'fadd' 'fsub'> <InPorts = 2> <OutPorts = 1>
ST_10 : Operation 85 [1/4] (5.70ns)   --->   "%mul2 = fmul i32 %real_sample_load, i32 %s" [dft.cpp:28]   --->   Operation 85 'fmul' 'mul2' <Predicate = true> <Delay = 5.70> <CoreInst = "FMul_maxdsp">   --->   Core 30 'FMul_maxdsp' <Latency = 3> <II = 1> <Delay = 5.70> <FuncUnit> <Opcode : 'fmul'> <InPorts = 2> <OutPorts = 1>
ST_10 : Operation 86 [2/4] (5.70ns)   --->   "%mul3 = fmul i32 %imag_sample_load, i32 %c" [dft.cpp:28]   --->   Operation 86 'fmul' 'mul3' <Predicate = true> <Delay = 5.70> <CoreInst = "FMul_maxdsp">   --->   Core 30 'FMul_maxdsp' <Latency = 3> <II = 1> <Delay = 5.70> <FuncUnit> <Opcode : 'fmul'> <InPorts = 2> <OutPorts = 1>

State 11 <SV = 10> <Delay = 7.25>
ST_11 : Operation 87 [4/5] (7.25ns)   --->   "%sub = fsub i32 %mul, i32 %mul1" [dft.cpp:27]   --->   Operation 87 'fsub' 'sub' <Predicate = true> <Delay = 7.25> <CoreInst = "FAddSub_fulldsp">   --->   Core 18 'FAddSub_fulldsp' <Latency = 4> <II = 1> <Delay = 7.25> <FuncUnit> <Opcode : 'fadd' 'fsub'> <InPorts = 2> <OutPorts = 1>
ST_11 : Operation 88 [1/4] (5.70ns)   --->   "%mul3 = fmul i32 %imag_sample_load, i32 %c" [dft.cpp:28]   --->   Operation 88 'fmul' 'mul3' <Predicate = true> <Delay = 5.70> <CoreInst = "FMul_maxdsp">   --->   Core 30 'FMul_maxdsp' <Latency = 3> <II = 1> <Delay = 5.70> <FuncUnit> <Opcode : 'fmul'> <InPorts = 2> <OutPorts = 1>

State 12 <SV = 11> <Delay = 7.25>
ST_12 : Operation 89 [3/5] (7.25ns)   --->   "%sub = fsub i32 %mul, i32 %mul1" [dft.cpp:27]   --->   Operation 89 'fsub' 'sub' <Predicate = true> <Delay = 7.25> <CoreInst = "FAddSub_fulldsp">   --->   Core 18 'FAddSub_fulldsp' <Latency = 4> <II = 1> <Delay = 7.25> <FuncUnit> <Opcode : 'fadd' 'fsub'> <InPorts = 2> <OutPorts = 1>
ST_12 : Operation 90 [5/5] (7.25ns)   --->   "%add1 = fadd i32 %mul2, i32 %mul3" [dft.cpp:28]   --->   Operation 90 'fadd' 'add1' <Predicate = true> <Delay = 7.25> <CoreInst = "FAddSub_fulldsp">   --->   Core 18 'FAddSub_fulldsp' <Latency = 4> <II = 1> <Delay = 7.25> <FuncUnit> <Opcode : 'fadd' 'fsub'> <InPorts = 2> <OutPorts = 1>

State 13 <SV = 12> <Delay = 7.25>
ST_13 : Operation 91 [2/5] (7.25ns)   --->   "%sub = fsub i32 %mul, i32 %mul1" [dft.cpp:27]   --->   Operation 91 'fsub' 'sub' <Predicate = true> <Delay = 7.25> <CoreInst = "FAddSub_fulldsp">   --->   Core 18 'FAddSub_fulldsp' <Latency = 4> <II = 1> <Delay = 7.25> <FuncUnit> <Opcode : 'fadd' 'fsub'> <InPorts = 2> <OutPorts = 1>
ST_13 : Operation 92 [4/5] (7.25ns)   --->   "%add1 = fadd i32 %mul2, i32 %mul3" [dft.cpp:28]   --->   Operation 92 'fadd' 'add1' <Predicate = true> <Delay = 7.25> <CoreInst = "FAddSub_fulldsp">   --->   Core 18 'FAddSub_fulldsp' <Latency = 4> <II = 1> <Delay = 7.25> <FuncUnit> <Opcode : 'fadd' 'fsub'> <InPorts = 2> <OutPorts = 1>

State 14 <SV = 13> <Delay = 7.25>
ST_14 : Operation 93 [1/1] (0.00ns)   --->   "%temp_real_load = load i32 %temp_real" [dft.cpp:7]   --->   Operation 93 'load' 'temp_real_load' <Predicate = (!icmp_ln23)> <Delay = 0.00>
ST_14 : Operation 94 [1/1] (0.69ns)   --->   "%select_ln7_2 = select i1 %icmp_ln23, i32 0, i32 %temp_real_load" [dft.cpp:7]   --->   Operation 94 'select' 'select_ln7_2' <Predicate = true> <Delay = 0.69> <CoreInst = "Sel">   --->   Core 73 'Sel' <Latency = 0> <II = 1> <Delay = 0.69> <FuncUnit> <Opcode : 'select'> <InPorts = 3> <OutPorts = 1>
ST_14 : Operation 95 [1/5] (7.25ns)   --->   "%sub = fsub i32 %mul, i32 %mul1" [dft.cpp:27]   --->   Operation 95 'fsub' 'sub' <Predicate = true> <Delay = 7.25> <CoreInst = "FAddSub_fulldsp">   --->   Core 18 'FAddSub_fulldsp' <Latency = 4> <II = 1> <Delay = 7.25> <FuncUnit> <Opcode : 'fadd' 'fsub'> <InPorts = 2> <OutPorts = 1>
ST_14 : Operation 96 [3/5] (7.25ns)   --->   "%add1 = fadd i32 %mul2, i32 %mul3" [dft.cpp:28]   --->   Operation 96 'fadd' 'add1' <Predicate = true> <Delay = 7.25> <CoreInst = "FAddSub_fulldsp">   --->   Core 18 'FAddSub_fulldsp' <Latency = 4> <II = 1> <Delay = 7.25> <FuncUnit> <Opcode : 'fadd' 'fsub'> <InPorts = 2> <OutPorts = 1>

State 15 <SV = 14> <Delay = 7.25>
ST_15 : Operation 97 [5/5] (7.25ns)   --->   "%temp_real_1 = fadd i32 %select_ln7_2, i32 %sub" [dft.cpp:27]   --->   Operation 97 'fadd' 'temp_real_1' <Predicate = true> <Delay = 7.25> <CoreInst = "FAddSub_fulldsp">   --->   Core 18 'FAddSub_fulldsp' <Latency = 4> <II = 1> <Delay = 7.25> <FuncUnit> <Opcode : 'fadd' 'fsub'> <InPorts = 2> <OutPorts = 1>
ST_15 : Operation 98 [2/5] (7.25ns)   --->   "%add1 = fadd i32 %mul2, i32 %mul3" [dft.cpp:28]   --->   Operation 98 'fadd' 'add1' <Predicate = true> <Delay = 7.25> <CoreInst = "FAddSub_fulldsp">   --->   Core 18 'FAddSub_fulldsp' <Latency = 4> <II = 1> <Delay = 7.25> <FuncUnit> <Opcode : 'fadd' 'fsub'> <InPorts = 2> <OutPorts = 1>

State 16 <SV = 15> <Delay = 7.25>
ST_16 : Operation 99 [1/1] (0.00ns)   --->   "%temp_imag_load = load i32 %temp_imag" [dft.cpp:7]   --->   Operation 99 'load' 'temp_imag_load' <Predicate = (!icmp_ln23)> <Delay = 0.00>
ST_16 : Operation 100 [1/1] (0.69ns)   --->   "%select_ln7_1 = select i1 %icmp_ln23, i32 0, i32 %temp_imag_load" [dft.cpp:7]   --->   Operation 100 'select' 'select_ln7_1' <Predicate = true> <Delay = 0.69> <CoreInst = "Sel">   --->   Core 73 'Sel' <Latency = 0> <II = 1> <Delay = 0.69> <FuncUnit> <Opcode : 'select'> <InPorts = 3> <OutPorts = 1>
ST_16 : Operation 101 [4/5] (7.25ns)   --->   "%temp_real_1 = fadd i32 %select_ln7_2, i32 %sub" [dft.cpp:27]   --->   Operation 101 'fadd' 'temp_real_1' <Predicate = true> <Delay = 7.25> <CoreInst = "FAddSub_fulldsp">   --->   Core 18 'FAddSub_fulldsp' <Latency = 4> <II = 1> <Delay = 7.25> <FuncUnit> <Opcode : 'fadd' 'fsub'> <InPorts = 2> <OutPorts = 1>
ST_16 : Operation 102 [1/5] (7.25ns)   --->   "%add1 = fadd i32 %mul2, i32 %mul3" [dft.cpp:28]   --->   Operation 102 'fadd' 'add1' <Predicate = true> <Delay = 7.25> <CoreInst = "FAddSub_fulldsp">   --->   Core 18 'FAddSub_fulldsp' <Latency = 4> <II = 1> <Delay = 7.25> <FuncUnit> <Opcode : 'fadd' 'fsub'> <InPorts = 2> <OutPorts = 1>
ST_16 : Operation 122 [1/1] (1.58ns)   --->   "%ret_ln0 = ret"   --->   Operation 122 'ret' 'ret_ln0' <Predicate = (icmp_ln19)> <Delay = 1.58>

State 17 <SV = 16> <Delay = 7.25>
ST_17 : Operation 103 [3/5] (7.25ns)   --->   "%temp_real_1 = fadd i32 %select_ln7_2, i32 %sub" [dft.cpp:27]   --->   Operation 103 'fadd' 'temp_real_1' <Predicate = true> <Delay = 7.25> <CoreInst = "FAddSub_fulldsp">   --->   Core 18 'FAddSub_fulldsp' <Latency = 4> <II = 1> <Delay = 7.25> <FuncUnit> <Opcode : 'fadd' 'fsub'> <InPorts = 2> <OutPorts = 1>
ST_17 : Operation 104 [5/5] (7.25ns)   --->   "%temp_imag_1 = fadd i32 %select_ln7_1, i32 %add1" [dft.cpp:28]   --->   Operation 104 'fadd' 'temp_imag_1' <Predicate = true> <Delay = 7.25> <CoreInst = "FAddSub_fulldsp">   --->   Core 18 'FAddSub_fulldsp' <Latency = 4> <II = 1> <Delay = 7.25> <FuncUnit> <Opcode : 'fadd' 'fsub'> <InPorts = 2> <OutPorts = 1>

State 18 <SV = 17> <Delay = 7.25>
ST_18 : Operation 105 [2/5] (7.25ns)   --->   "%temp_real_1 = fadd i32 %select_ln7_2, i32 %sub" [dft.cpp:27]   --->   Operation 105 'fadd' 'temp_real_1' <Predicate = true> <Delay = 7.25> <CoreInst = "FAddSub_fulldsp">   --->   Core 18 'FAddSub_fulldsp' <Latency = 4> <II = 1> <Delay = 7.25> <FuncUnit> <Opcode : 'fadd' 'fsub'> <InPorts = 2> <OutPorts = 1>
ST_18 : Operation 106 [4/5] (7.25ns)   --->   "%temp_imag_1 = fadd i32 %select_ln7_1, i32 %add1" [dft.cpp:28]   --->   Operation 106 'fadd' 'temp_imag_1' <Predicate = true> <Delay = 7.25> <CoreInst = "FAddSub_fulldsp">   --->   Core 18 'FAddSub_fulldsp' <Latency = 4> <II = 1> <Delay = 7.25> <FuncUnit> <Opcode : 'fadd' 'fsub'> <InPorts = 2> <OutPorts = 1>

State 19 <SV = 18> <Delay = 7.25>
ST_19 : Operation 107 [1/5] (7.25ns)   --->   "%temp_real_1 = fadd i32 %select_ln7_2, i32 %sub" [dft.cpp:27]   --->   Operation 107 'fadd' 'temp_real_1' <Predicate = true> <Delay = 7.25> <CoreInst = "FAddSub_fulldsp">   --->   Core 18 'FAddSub_fulldsp' <Latency = 4> <II = 1> <Delay = 7.25> <FuncUnit> <Opcode : 'fadd' 'fsub'> <InPorts = 2> <OutPorts = 1>
ST_19 : Operation 108 [3/5] (7.25ns)   --->   "%temp_imag_1 = fadd i32 %select_ln7_1, i32 %add1" [dft.cpp:28]   --->   Operation 108 'fadd' 'temp_imag_1' <Predicate = true> <Delay = 7.25> <CoreInst = "FAddSub_fulldsp">   --->   Core 18 'FAddSub_fulldsp' <Latency = 4> <II = 1> <Delay = 7.25> <FuncUnit> <Opcode : 'fadd' 'fsub'> <InPorts = 2> <OutPorts = 1>

State 20 <SV = 19> <Delay = 7.25>
ST_20 : Operation 109 [2/5] (7.25ns)   --->   "%temp_imag_1 = fadd i32 %select_ln7_1, i32 %add1" [dft.cpp:28]   --->   Operation 109 'fadd' 'temp_imag_1' <Predicate = true> <Delay = 7.25> <CoreInst = "FAddSub_fulldsp">   --->   Core 18 'FAddSub_fulldsp' <Latency = 4> <II = 1> <Delay = 7.25> <FuncUnit> <Opcode : 'fadd' 'fsub'> <InPorts = 2> <OutPorts = 1>
ST_20 : Operation 110 [1/1] (1.58ns)   --->   "%store_ln20 = store i32 %temp_real_1, i32 %temp_real" [dft.cpp:20]   --->   Operation 110 'store' 'store_ln20' <Predicate = true> <Delay = 1.58>

State 21 <SV = 20> <Delay = 7.25>
ST_21 : Operation 111 [1/5] (7.25ns)   --->   "%temp_imag_1 = fadd i32 %select_ln7_1, i32 %add1" [dft.cpp:28]   --->   Operation 111 'fadd' 'temp_imag_1' <Predicate = true> <Delay = 7.25> <CoreInst = "FAddSub_fulldsp">   --->   Core 18 'FAddSub_fulldsp' <Latency = 4> <II = 1> <Delay = 7.25> <FuncUnit> <Opcode : 'fadd' 'fsub'> <InPorts = 2> <OutPorts = 1>

State 22 <SV = 21> <Delay = 3.47>
ST_22 : Operation 112 [1/1] (0.00ns)   --->   "%specloopname_ln0 = specloopname void @_ssdm_op_SpecLoopName, void @COMPUTE_DFT_INNER_LOOP_str"   --->   Operation 112 'specloopname' 'specloopname_ln0' <Predicate = true> <Delay = 0.00>
ST_22 : Operation 113 [1/1] (0.00ns)   --->   "%speclooptripcount_ln0 = speclooptripcount void @_ssdm_op_SpecLoopTripCount, i64 1048576, i64 1048576, i64 1048576"   --->   Operation 113 'speclooptripcount' 'speclooptripcount_ln0' <Predicate = true> <Delay = 0.00>
ST_22 : Operation 114 [1/1] (0.00ns)   --->   "%specpipeline_ln20 = specpipeline void @_ssdm_op_SpecPipeline, i32 4294967295, i32 0, i32 0, i32 0, void @empty" [dft.cpp:20]   --->   Operation 114 'specpipeline' 'specpipeline_ln20' <Predicate = true> <Delay = 0.00>
ST_22 : Operation 115 [1/1] (0.00ns)   --->   "%bitcast_ln31 = bitcast i32 %temp_real_1" [dft.cpp:31]   --->   Operation 115 'bitcast' 'bitcast_ln31' <Predicate = true> <Delay = 0.00>
ST_22 : Operation 116 [1/1] (0.00ns)   --->   "%bitcast_ln32 = bitcast i32 %temp_imag_1" [dft.cpp:32]   --->   Operation 116 'bitcast' 'bitcast_ln32' <Predicate = true> <Delay = 0.00>
ST_22 : Operation 117 [1/1] ( I:3.47ns O:3.47ns )   --->   "%write_ln31 = write void @_ssdm_op_Write.ap_fifo.volatile.i32P0A, i32 %output_real, i32 %bitcast_ln31" [dft.cpp:31]   --->   Operation 117 'write' 'write_ln31' <Predicate = (icmp_ln23_1)> <Delay = 3.47> <CoreInst = "FIFO">   --->   Core 77 'FIFO' <Latency = 0> <II = 1> <Delay = 3.47> <Storage> <Opcode : 'read' 'write' 'nbread' 'nbwrite'> <Ports = 0> <Width = -1> <Depth = -1> <FIFO>
ST_22 : Operation 118 [1/1] ( I:3.47ns O:3.47ns )   --->   "%write_ln32 = write void @_ssdm_op_Write.ap_fifo.volatile.i32P0A, i32 %output_imag, i32 %bitcast_ln32" [dft.cpp:32]   --->   Operation 118 'write' 'write_ln32' <Predicate = (icmp_ln23_1)> <Delay = 3.47> <CoreInst = "FIFO">   --->   Core 77 'FIFO' <Latency = 0> <II = 1> <Delay = 3.47> <Storage> <Opcode : 'read' 'write' 'nbread' 'nbwrite'> <Ports = 0> <Width = -1> <Depth = -1> <FIFO>
ST_22 : Operation 119 [1/1] (0.00ns)   --->   "%br_ln23 = br void %new.latch.for.inc28.split" [dft.cpp:23]   --->   Operation 119 'br' 'br_ln23' <Predicate = (icmp_ln23_1)> <Delay = 0.00>
ST_22 : Operation 120 [1/1] (1.58ns)   --->   "%store_ln21 = store i32 %temp_imag_1, i32 %temp_imag" [dft.cpp:21]   --->   Operation 120 'store' 'store_ln21' <Predicate = true> <Delay = 1.58>
ST_22 : Operation 121 [1/1] (0.00ns)   --->   "%br_ln23 = br void %for.inc28" [dft.cpp:23]   --->   Operation 121 'br' 'br_ln23' <Predicate = true> <Delay = 0.00>


============================================================
+ Verbose Summary: Binding
============================================================
STG Binding: 
---------------- STG Properties BEGIN ----------------
- Is combinational: 0
- Is one-state seq: 0
- Is datapath-only: 0
- Is pipelined: 0
- Is top level: 0
Port [ Return ] is wired: 1; IO mode=ap_ctrl_hs:ce=0
Port [ output_real]:  wired=1; compound=1; hidden=0; nouse=0; global=0; static=0; extern=0; dir=1; type=3; pingpong=0; private_global=0; IO mode=ap_fifo:ce=0
Port [ output_imag]:  wired=1; compound=1; hidden=0; nouse=0; global=0; static=0; extern=0; dir=1; type=3; pingpong=0; private_global=0; IO mode=ap_fifo:ce=0
Port [ real_sample]:  wired=1; compound=1; hidden=0; nouse=0; global=0; static=0; extern=0; dir=0; type=1; pingpong=0; private_global=0; MemPort=[13]; IO mode=ap_memory:ce=0
Port [ imag_sample]:  wired=1; compound=1; hidden=0; nouse=0; global=0; static=0; extern=0; dir=0; type=1; pingpong=0; private_global=0; MemPort=[13]; IO mode=ap_memory:ce=0
Port [ cos_coefficients_table]:  wired=0; compound=1; hidden=1; nouse=0; global=1; static=1; extern=0; dir=0; type=1; pingpong=0; private_global=1; MemPort=[1]; IO mode=ap_memory:ce=0
Port [ sin_coefficients_table]:  wired=0; compound=1; hidden=1; nouse=0; global=1; static=1; extern=0; dir=0; type=1; pingpong=0; private_global=1; MemPort=[1]; IO mode=ap_memory:ce=0
---------------- STG Properties END ------------------

---------------- Datapath Model BEGIN ----------------

<LifeTime>
<method=bitvector/>
temp_real                   (alloca           ) [ 01111111111111111111100]
temp_imag                   (alloca           ) [ 01111111111111111111111]
j_1                         (alloca           ) [ 01000000000000000000000]
i                           (alloca           ) [ 01100000000000000000000]
indvar_flatten              (alloca           ) [ 01000000000000000000000]
specinterface_ln0           (specinterface    ) [ 00000000000000000000000]
specinterface_ln0           (specinterface    ) [ 00000000000000000000000]
store_ln0                   (store            ) [ 00000000000000000000000]
store_ln7                   (store            ) [ 00000000000000000000000]
store_ln7                   (store            ) [ 00000000000000000000000]
store_ln21                  (store            ) [ 00000000000000000000000]
store_ln20                  (store            ) [ 00000000000000000000000]
br_ln0                      (br               ) [ 00000000000000000000000]
indvar_flatten_load         (load             ) [ 00000000000000000000000]
icmp_ln19                   (icmp             ) [ 01111111111111111000000]
add_ln19                    (add              ) [ 00000000000000000000000]
br_ln19                     (br               ) [ 00000000000000000000000]
j_1_load                    (load             ) [ 00000000000000000000000]
icmp_ln23                   (icmp             ) [ 01111111111111111000000]
select_ln7                  (select           ) [ 00000000000000000000000]
zext_ln23                   (zext             ) [ 00000000000000000000000]
trunc_ln24_1                (trunc            ) [ 00100000000000000000000]
real_sample_addr            (getelementptr    ) [ 00100000000000000000000]
imag_sample_addr            (getelementptr    ) [ 00100000000000000000000]
add_ln23                    (add              ) [ 00000000000000000000000]
icmp_ln23_1                 (icmp             ) [ 01111111111111111111111]
br_ln23                     (br               ) [ 00000000000000000000000]
store_ln19                  (store            ) [ 00000000000000000000000]
store_ln7                   (store            ) [ 00000000000000000000000]
i_load                      (load             ) [ 00000000000000000000000]
add_ln19_1                  (add              ) [ 00000000000000000000000]
select_ln19                 (select           ) [ 00000000000000000000000]
trunc_ln24                  (trunc            ) [ 00000000000000000000000]
idx                         (mul              ) [ 00010000000000000000000]
real_sample_load            (load             ) [ 01111111111000000000000]
imag_sample_load            (load             ) [ 01111111111100000000000]
store_ln7                   (store            ) [ 00000000000000000000000]
zext_ln25                   (zext             ) [ 00000000000000000000000]
cos_coefficients_table_addr (getelementptr    ) [ 00001000000000000000000]
sin_coefficients_table_addr (getelementptr    ) [ 00001000000000000000000]
c                           (load             ) [ 01111111111100000000000]
s                           (load             ) [ 01111111111000000000000]
mul                         (fmul             ) [ 01111110011111100000000]
mul1                        (fmul             ) [ 01101110001111100000000]
mul2                        (fmul             ) [ 01111110000111111000000]
mul3                        (fmul             ) [ 01111010000011111000000]
temp_real_load              (load             ) [ 00000000000000000000000]
select_ln7_2                (select           ) [ 01011110000000011111000]
sub                         (fsub             ) [ 01011110000000011111000]
temp_imag_load              (load             ) [ 00000000000000000000000]
select_ln7_1                (select           ) [ 01110110000000000111110]
add1                        (fadd             ) [ 01110110000000000111110]
temp_real_1                 (fadd             ) [ 00111000000000000000111]
store_ln20                  (store            ) [ 00000000000000000000000]
temp_imag_1                 (fadd             ) [ 00001000000000000000001]
specloopname_ln0            (specloopname     ) [ 00000000000000000000000]
speclooptripcount_ln0       (speclooptripcount) [ 00000000000000000000000]
specpipeline_ln20           (specpipeline     ) [ 00000000000000000000000]
bitcast_ln31                (bitcast          ) [ 00000000000000000000000]
bitcast_ln32                (bitcast          ) [ 00000000000000000000000]
write_ln31                  (write            ) [ 00000000000000000000000]
write_ln32                  (write            ) [ 00000000000000000000000]
br_ln23                     (br               ) [ 00000000000000000000000]
store_ln21                  (store            ) [ 00000000000000000000000]
br_ln23                     (br               ) [ 00000000000000000000000]
ret_ln0                     (ret              ) [ 00000000000000000000000]
</LifeTime>

<model>

<comp_list>
<comp id="0" class="1000" name="output_real">
<pin_list>
<pin id="1" dir="1" index="0" bw="1" slack="0"/>
</pin_list>
<bind>
<StgValue><ssdm name="output_real"/></StgValue>
</bind>
</comp>

<comp id="2" class="1000" name="output_imag">
<pin_list>
<pin id="3" dir="1" index="0" bw="1" slack="0"/>
</pin_list>
<bind>
<StgValue><ssdm name="output_imag"/></StgValue>
</bind>
</comp>

<comp id="4" class="1000" name="real_sample">
<pin_list>
<pin id="5" dir="1" index="0" bw="1" slack="0"/>
</pin_list>
<bind>
<StgValue><ssdm name="real_sample"/><MemPortTyVec>1 3 </MemPortTyVec>
</StgValue>
</bind>
</comp>

<comp id="6" class="1000" name="imag_sample">
<pin_list>
<pin id="7" dir="1" index="0" bw="1" slack="0"/>
</pin_list>
<bind>
<StgValue><ssdm name="imag_sample"/><MemPortTyVec>1 3 </MemPortTyVec>
</StgValue>
</bind>
</comp>

<comp id="8" class="1000" name="cos_coefficients_table">
<pin_list>
<pin id="9" dir="1" index="0" bw="1" slack="0"/>
</pin_list>
<bind>
<StgValue><ssdm name="cos_coefficients_table"/><MemPortTyVec>1 </MemPortTyVec>
</StgValue>
</bind>
</comp>

<comp id="10" class="1000" name="sin_coefficients_table">
<pin_list>
<pin id="11" dir="1" index="0" bw="1" slack="0"/>
</pin_list>
<bind>
<StgValue><ssdm name="sin_coefficients_table"/><MemPortTyVec>1 </MemPortTyVec>
</StgValue>
</bind>
</comp>

<comp id="12" class="1001" name="const_12">
<pin_list>
<pin id="13" dir="1" index="0" bw="1" slack="0"/>
</pin_list>
<bind>
<StgValue><ssdm name=""/></StgValue>
</bind>
</comp>

<comp id="14" class="1001" name="const_14">
<pin_list>
<pin id="15" dir="1" index="0" bw="1" slack="2147483647"/>
</pin_list>
<bind>
<StgValue><ssdm name="_ssdm_op_SpecInterface"/></StgValue>
</bind>
</comp>

<comp id="16" class="1001" name="const_16">
<pin_list>
<pin id="17" dir="1" index="0" bw="1" slack="2147483647"/>
</pin_list>
<bind>
<StgValue><ssdm name="empty_0"/></StgValue>
</bind>
</comp>

<comp id="18" class="1001" name="const_18">
<pin_list>
<pin id="19" dir="1" index="0" bw="1" slack="2147483647"/>
</pin_list>
<bind>
<StgValue><ssdm name=""/></StgValue>
</bind>
</comp>

<comp id="20" class="1001" name="const_20">
<pin_list>
<pin id="21" dir="1" index="0" bw="1" slack="2147483647"/>
</pin_list>
<bind>
<StgValue><ssdm name="empty"/></StgValue>
</bind>
</comp>

<comp id="22" class="1001" name="const_22">
<pin_list>
<pin id="23" dir="1" index="0" bw="1" slack="2147483647"/>
</pin_list>
<bind>
<StgValue><ssdm name=""/></StgValue>
</bind>
</comp>

<comp id="24" class="1001" name="const_24">
<pin_list>
<pin id="25" dir="1" index="0" bw="1" slack="0"/>
</pin_list>
<bind>
<StgValue><ssdm name=""/></StgValue>
</bind>
</comp>

<comp id="26" class="1001" name="const_26">
<pin_list>
<pin id="27" dir="1" index="0" bw="1" slack="0"/>
</pin_list>
<bind>
<StgValue><ssdm name=""/></StgValue>
</bind>
</comp>

<comp id="28" class="1001" name="const_28">
<pin_list>
<pin id="29" dir="1" index="0" bw="1" slack="0"/>
</pin_list>
<bind>
<StgValue><ssdm name=""/></StgValue>
</bind>
</comp>

<comp id="30" class="1001" name="const_30">
<pin_list>
<pin id="31" dir="1" index="0" bw="1" slack="0"/>
</pin_list>
<bind>
<StgValue><ssdm name=""/></StgValue>
</bind>
</comp>

<comp id="32" class="1001" name="const_32">
<pin_list>
<pin id="33" dir="1" index="0" bw="1" slack="0"/>
</pin_list>
<bind>
<StgValue><ssdm name=""/></StgValue>
</bind>
</comp>

<comp id="34" class="1001" name="const_34">
<pin_list>
<pin id="35" dir="1" index="0" bw="1" slack="0"/>
</pin_list>
<bind>
<StgValue><ssdm name=""/></StgValue>
</bind>
</comp>

<comp id="36" class="1001" name="const_36">
<pin_list>
<pin id="37" dir="1" index="0" bw="1" slack="0"/>
</pin_list>
<bind>
<StgValue><ssdm name=""/></StgValue>
</bind>
</comp>

<comp id="38" class="1001" name="const_38">
<pin_list>
<pin id="39" dir="1" index="0" bw="1" slack="0"/>
</pin_list>
<bind>
<StgValue><ssdm name=""/></StgValue>
</bind>
</comp>

<comp id="40" class="1001" name="const_40">
<pin_list>
<pin id="41" dir="1" index="0" bw="1" slack="2147483647"/>
</pin_list>
<bind>
<StgValue><ssdm name="_ssdm_op_SpecLoopName"/></StgValue>
</bind>
</comp>

<comp id="42" class="1001" name="const_42">
<pin_list>
<pin id="43" dir="1" index="0" bw="1" slack="2147483647"/>
</pin_list>
<bind>
<StgValue><ssdm name="COMPUTE_DFT_INNER_LOOP_str"/></StgValue>
</bind>
</comp>

<comp id="44" class="1001" name="const_44">
<pin_list>
<pin id="45" dir="1" index="0" bw="1" slack="2147483647"/>
</pin_list>
<bind>
<StgValue><ssdm name="_ssdm_op_SpecLoopTripCount"/></StgValue>
</bind>
</comp>

<comp id="46" class="1001" name="const_46">
<pin_list>
<pin id="47" dir="1" index="0" bw="1" slack="2147483647"/>
</pin_list>
<bind>
<StgValue><ssdm name=""/></StgValue>
</bind>
</comp>

<comp id="48" class="1001" name="const_48">
<pin_list>
<pin id="49" dir="1" index="0" bw="1" slack="2147483647"/>
</pin_list>
<bind>
<StgValue><ssdm name="_ssdm_op_SpecPipeline"/></StgValue>
</bind>
</comp>

<comp id="50" class="1001" name="const_50">
<pin_list>
<pin id="51" dir="1" index="0" bw="1" slack="0"/>
</pin_list>
<bind>
<StgValue><ssdm name="_ssdm_op_Write.ap_fifo.volatile.i32P0A"/></StgValue>
</bind>
</comp>

<comp id="52" class="1004" name="temp_real_fu_52">
<pin_list>
<pin id="53" dir="0" index="0" bw="1" slack="0"/>
<pin id="54" dir="1" index="1" bw="32" slack="0"/>
</pin_list>
<bind>
<opcode="alloca(26) " fcode="alloca"/>
<opset="temp_real/1 "/>
</bind>
</comp>

<comp id="56" class="1004" name="temp_imag_fu_56">
<pin_list>
<pin id="57" dir="0" index="0" bw="1" slack="0"/>
<pin id="58" dir="1" index="1" bw="32" slack="0"/>
</pin_list>
<bind>
<opcode="alloca(26) " fcode="alloca"/>
<opset="temp_imag/1 "/>
</bind>
</comp>

<comp id="60" class="1004" name="j_1_fu_60">
<pin_list>
<pin id="61" dir="0" index="0" bw="1" slack="0"/>
<pin id="62" dir="1" index="1" bw="11" slack="0"/>
</pin_list>
<bind>
<opcode="alloca(26) " fcode="alloca"/>
<opset="j_1/1 "/>
</bind>
</comp>

<comp id="64" class="1004" name="i_fu_64">
<pin_list>
<pin id="65" dir="0" index="0" bw="1" slack="0"/>
<pin id="66" dir="1" index="1" bw="11" slack="0"/>
</pin_list>
<bind>
<opcode="alloca(26) " fcode="alloca"/>
<opset="i/1 "/>
</bind>
</comp>

<comp id="68" class="1004" name="indvar_flatten_fu_68">
<pin_list>
<pin id="69" dir="0" index="0" bw="1" slack="0"/>
<pin id="70" dir="1" index="1" bw="21" slack="0"/>
</pin_list>
<bind>
<opcode="alloca(26) " fcode="alloca"/>
<opset="indvar_flatten/1 "/>
</bind>
</comp>

<comp id="72" class="1004" name="write_ln31_write_fu_72">
<pin_list>
<pin id="73" dir="0" index="0" bw="0" slack="0"/>
<pin id="74" dir="0" index="1" bw="32" slack="0"/>
<pin id="75" dir="0" index="2" bw="32" slack="0"/>
<pin id="76" dir="1" index="3" bw="0" slack="2147483647"/>
</pin_list>
<bind>
<opcode="write(1151) " fcode="write"/>
<opset="write_ln31/22 "/>
</bind>
</comp>

<comp id="79" class="1004" name="write_ln32_write_fu_79">
<pin_list>
<pin id="80" dir="0" index="0" bw="0" slack="0"/>
<pin id="81" dir="0" index="1" bw="32" slack="0"/>
<pin id="82" dir="0" index="2" bw="32" slack="0"/>
<pin id="83" dir="1" index="3" bw="0" slack="2147483647"/>
</pin_list>
<bind>
<opcode="write(1151) " fcode="write"/>
<opset="write_ln32/22 "/>
</bind>
</comp>

<comp id="86" class="1004" name="real_sample_addr_gep_fu_86">
<pin_list>
<pin id="87" dir="0" index="0" bw="32" slack="0"/>
<pin id="88" dir="0" index="1" bw="1" slack="0"/>
<pin id="89" dir="0" index="2" bw="11" slack="0"/>
<pin id="90" dir="1" index="3" bw="10" slack="0"/>
</pin_list>
<bind>
<opcode="getelementptr(29) " fcode="getelementptr"/>
<opset="real_sample_addr/1 "/>
</bind>
</comp>

<comp id="93" class="1004" name="grp_access_fu_93">
<pin_list>
<pin id="94" dir="0" index="0" bw="10" slack="0"/>
<pin id="95" dir="0" index="1" bw="32" slack="2147483647"/>
<pin id="96" dir="0" index="2" bw="0" slack="2147483647"/>
<pin id="97" dir="1" index="3" bw="32" slack="3"/>
</pin_list>
<bind>
<opcode="load(27) " fcode="load"/>
<opset="real_sample_load/1 "/>
</bind>
</comp>

<comp id="99" class="1004" name="imag_sample_addr_gep_fu_99">
<pin_list>
<pin id="100" dir="0" index="0" bw="32" slack="0"/>
<pin id="101" dir="0" index="1" bw="1" slack="0"/>
<pin id="102" dir="0" index="2" bw="11" slack="0"/>
<pin id="103" dir="1" index="3" bw="10" slack="0"/>
</pin_list>
<bind>
<opcode="getelementptr(29) " fcode="getelementptr"/>
<opset="imag_sample_addr/1 "/>
</bind>
</comp>

<comp id="106" class="1004" name="grp_access_fu_106">
<pin_list>
<pin id="107" dir="0" index="0" bw="10" slack="0"/>
<pin id="108" dir="0" index="1" bw="32" slack="2147483647"/>
<pin id="109" dir="0" index="2" bw="0" slack="2147483647"/>
<pin id="110" dir="1" index="3" bw="32" slack="4"/>
</pin_list>
<bind>
<opcode="load(27) " fcode="load"/>
<opset="imag_sample_load/1 "/>
</bind>
</comp>

<comp id="112" class="1004" name="cos_coefficients_table_addr_gep_fu_112">
<pin_list>
<pin id="113" dir="0" index="0" bw="32" slack="0"/>
<pin id="114" dir="0" index="1" bw="1" slack="0"/>
<pin id="115" dir="0" index="2" bw="10" slack="0"/>
<pin id="116" dir="1" index="3" bw="10" slack="0"/>
</pin_list>
<bind>
<opcode="getelementptr(29) " fcode="getelementptr"/>
<opset="cos_coefficients_table_addr/3 "/>
</bind>
</comp>

<comp id="119" class="1004" name="grp_access_fu_119">
<pin_list>
<pin id="120" dir="0" index="0" bw="10" slack="0"/>
<pin id="121" dir="0" index="1" bw="32" slack="2147483647"/>
<pin id="122" dir="0" index="2" bw="0" slack="2147483647"/>
<pin id="123" dir="1" index="3" bw="32" slack="1"/>
</pin_list>
<bind>
<opcode="load(27) " fcode="load"/>
<opset="c/3 "/>
</bind>
</comp>

<comp id="125" class="1004" name="sin_coefficients_table_addr_gep_fu_125">
<pin_list>
<pin id="126" dir="0" index="0" bw="32" slack="0"/>
<pin id="127" dir="0" index="1" bw="1" slack="0"/>
<pin id="128" dir="0" index="2" bw="10" slack="0"/>
<pin id="129" dir="1" index="3" bw="10" slack="0"/>
</pin_list>
<bind>
<opcode="getelementptr(29) " fcode="getelementptr"/>
<opset="sin_coefficients_table_addr/3 "/>
</bind>
</comp>

<comp id="132" class="1004" name="grp_access_fu_132">
<pin_list>
<pin id="133" dir="0" index="0" bw="10" slack="0"/>
<pin id="134" dir="0" index="1" bw="32" slack="2147483647"/>
<pin id="135" dir="0" index="2" bw="0" slack="2147483647"/>
<pin id="136" dir="1" index="3" bw="32" slack="2"/>
</pin_list>
<bind>
<opcode="load(27) " fcode="load"/>
<opset="s/3 "/>
</bind>
</comp>

<comp id="138" class="1004" name="grp_fu_138">
<pin_list>
<pin id="139" dir="0" index="0" bw="32" slack="1"/>
<pin id="140" dir="0" index="1" bw="32" slack="1"/>
<pin id="141" dir="1" index="2" bw="32" slack="1"/>
</pin_list>
<bind>
<opcode="fadd(9) fsub(11) " fcode="fadd"/>
<opset="sub/10 add1/12 temp_real_1/15 temp_imag_1/17 "/>
</bind>
</comp>

<comp id="142" class="1004" name="grp_fu_142">
<pin_list>
<pin id="143" dir="0" index="0" bw="32" slack="3"/>
<pin id="144" dir="0" index="1" bw="32" slack="1"/>
<pin id="145" dir="1" index="2" bw="32" slack="1"/>
</pin_list>
<bind>
<opcode="fmul(13) " fcode="fmul"/>
<opset="mul/5 mul1/6 mul2/7 mul3/8 "/>
</bind>
</comp>

<comp id="146" class="1005" name="reg_146">
<pin_list>
<pin id="147" dir="0" index="0" bw="32" slack="1"/>
<pin id="148" dir="1" index="1" bw="32" slack="1"/>
</pin_list>
<bind>
<opset="add1 temp_imag_1 "/>
</bind>
</comp>

<comp id="151" class="1004" name="store_ln0_store_fu_151">
<pin_list>
<pin id="152" dir="0" index="0" bw="1" slack="0"/>
<pin id="153" dir="0" index="1" bw="21" slack="0"/>
<pin id="154" dir="1" index="2" bw="0" slack="2147483647"/>
</pin_list>
<bind>
<opcode="store(28) " fcode="store"/>
<opset="store_ln0/1 "/>
</bind>
</comp>

<comp id="156" class="1004" name="store_ln7_store_fu_156">
<pin_list>
<pin id="157" dir="0" index="0" bw="1" slack="0"/>
<pin id="158" dir="0" index="1" bw="11" slack="0"/>
<pin id="159" dir="1" index="2" bw="0" slack="2147483647"/>
</pin_list>
<bind>
<opcode="store(28) " fcode="store"/>
<opset="store_ln7/1 "/>
</bind>
</comp>

<comp id="161" class="1004" name="store_ln7_store_fu_161">
<pin_list>
<pin id="162" dir="0" index="0" bw="1" slack="0"/>
<pin id="163" dir="0" index="1" bw="11" slack="0"/>
<pin id="164" dir="1" index="2" bw="0" slack="2147483647"/>
</pin_list>
<bind>
<opcode="store(28) " fcode="store"/>
<opset="store_ln7/1 "/>
</bind>
</comp>

<comp id="166" class="1004" name="store_ln21_store_fu_166">
<pin_list>
<pin id="167" dir="0" index="0" bw="32" slack="0"/>
<pin id="168" dir="0" index="1" bw="32" slack="0"/>
<pin id="169" dir="1" index="2" bw="0" slack="2147483647"/>
</pin_list>
<bind>
<opcode="store(28) " fcode="store"/>
<opset="store_ln21/1 "/>
</bind>
</comp>

<comp id="171" class="1004" name="store_ln20_store_fu_171">
<pin_list>
<pin id="172" dir="0" index="0" bw="32" slack="0"/>
<pin id="173" dir="0" index="1" bw="32" slack="0"/>
<pin id="174" dir="1" index="2" bw="0" slack="2147483647"/>
</pin_list>
<bind>
<opcode="store(28) " fcode="store"/>
<opset="store_ln20/1 "/>
</bind>
</comp>

<comp id="176" class="1004" name="indvar_flatten_load_load_fu_176">
<pin_list>
<pin id="177" dir="0" index="0" bw="21" slack="0"/>
<pin id="178" dir="1" index="1" bw="21" slack="0"/>
</pin_list>
<bind>
<opcode="load(27) " fcode="load"/>
<opset="indvar_flatten_load/1 "/>
</bind>
</comp>

<comp id="179" class="1004" name="icmp_ln19_fu_179">
<pin_list>
<pin id="180" dir="0" index="0" bw="21" slack="0"/>
<pin id="181" dir="0" index="1" bw="21" slack="0"/>
<pin id="182" dir="1" index="2" bw="1" slack="1"/>
</pin_list>
<bind>
<opcode="icmp(45) " fcode="icmp"/>
<opset="icmp_ln19/1 "/>
</bind>
</comp>

<comp id="185" class="1004" name="add_ln19_fu_185">
<pin_list>
<pin id="186" dir="0" index="0" bw="21" slack="0"/>
<pin id="187" dir="0" index="1" bw="1" slack="0"/>
<pin id="188" dir="1" index="2" bw="21" slack="0"/>
</pin_list>
<bind>
<opcode="add(8) " fcode="add"/>
<opset="add_ln19/1 "/>
</bind>
</comp>

<comp id="191" class="1004" name="j_1_load_load_fu_191">
<pin_list>
<pin id="192" dir="0" index="0" bw="11" slack="0"/>
<pin id="193" dir="1" index="1" bw="11" slack="0"/>
</pin_list>
<bind>
<opcode="load(27) " fcode="load"/>
<opset="j_1_load/1 "/>
</bind>
</comp>

<comp id="194" class="1004" name="icmp_ln23_fu_194">
<pin_list>
<pin id="195" dir="0" index="0" bw="11" slack="0"/>
<pin id="196" dir="0" index="1" bw="11" slack="0"/>
<pin id="197" dir="1" index="2" bw="1" slack="0"/>
</pin_list>
<bind>
<opcode="icmp(45) " fcode="icmp"/>
<opset="icmp_ln23/1 "/>
</bind>
</comp>

<comp id="200" class="1004" name="select_ln7_fu_200">
<pin_list>
<pin id="201" dir="0" index="0" bw="1" slack="0"/>
<pin id="202" dir="0" index="1" bw="11" slack="0"/>
<pin id="203" dir="0" index="2" bw="11" slack="0"/>
<pin id="204" dir="1" index="3" bw="11" slack="0"/>
</pin_list>
<bind>
<opcode="select(49) " fcode="select"/>
<opset="select_ln7/1 "/>
</bind>
</comp>

<comp id="208" class="1004" name="zext_ln23_fu_208">
<pin_list>
<pin id="209" dir="0" index="0" bw="11" slack="0"/>
<pin id="210" dir="1" index="1" bw="64" slack="0"/>
</pin_list>
<bind>
<opcode="zext(34) " fcode="zext"/>
<opset="zext_ln23/1 "/>
</bind>
</comp>

<comp id="214" class="1004" name="trunc_ln24_1_fu_214">
<pin_list>
<pin id="215" dir="0" index="0" bw="11" slack="0"/>
<pin id="216" dir="1" index="1" bw="10" slack="1"/>
</pin_list>
<bind>
<opcode="trunc(33) " fcode="trunc"/>
<opset="trunc_ln24_1/1 "/>
</bind>
</comp>

<comp id="218" class="1004" name="add_ln23_fu_218">
<pin_list>
<pin id="219" dir="0" index="0" bw="11" slack="0"/>
<pin id="220" dir="0" index="1" bw="1" slack="0"/>
<pin id="221" dir="1" index="2" bw="11" slack="0"/>
</pin_list>
<bind>
<opcode="add(8) " fcode="add"/>
<opset="add_ln23/1 "/>
</bind>
</comp>

<comp id="224" class="1004" name="icmp_ln23_1_fu_224">
<pin_list>
<pin id="225" dir="0" index="0" bw="11" slack="0"/>
<pin id="226" dir="0" index="1" bw="11" slack="0"/>
<pin id="227" dir="1" index="2" bw="1" slack="21"/>
</pin_list>
<bind>
<opcode="icmp(45) " fcode="icmp"/>
<opset="icmp_ln23_1/1 "/>
</bind>
</comp>

<comp id="230" class="1004" name="store_ln19_store_fu_230">
<pin_list>
<pin id="231" dir="0" index="0" bw="21" slack="0"/>
<pin id="232" dir="0" index="1" bw="21" slack="0"/>
<pin id="233" dir="1" index="2" bw="0" slack="2147483647"/>
</pin_list>
<bind>
<opcode="store(28) " fcode="store"/>
<opset="store_ln19/1 "/>
</bind>
</comp>

<comp id="235" class="1004" name="store_ln7_store_fu_235">
<pin_list>
<pin id="236" dir="0" index="0" bw="11" slack="0"/>
<pin id="237" dir="0" index="1" bw="11" slack="0"/>
<pin id="238" dir="1" index="2" bw="0" slack="2147483647"/>
</pin_list>
<bind>
<opcode="store(28) " fcode="store"/>
<opset="store_ln7/1 "/>
</bind>
</comp>

<comp id="240" class="1004" name="i_load_load_fu_240">
<pin_list>
<pin id="241" dir="0" index="0" bw="11" slack="1"/>
<pin id="242" dir="1" index="1" bw="11" slack="0"/>
</pin_list>
<bind>
<opcode="load(27) " fcode="load"/>
<opset="i_load/2 "/>
</bind>
</comp>

<comp id="243" class="1004" name="add_ln19_1_fu_243">
<pin_list>
<pin id="244" dir="0" index="0" bw="11" slack="0"/>
<pin id="245" dir="0" index="1" bw="1" slack="0"/>
<pin id="246" dir="1" index="2" bw="11" slack="0"/>
</pin_list>
<bind>
<opcode="add(8) " fcode="add"/>
<opset="add_ln19_1/2 "/>
</bind>
</comp>

<comp id="249" class="1004" name="select_ln19_fu_249">
<pin_list>
<pin id="250" dir="0" index="0" bw="1" slack="1"/>
<pin id="251" dir="0" index="1" bw="11" slack="0"/>
<pin id="252" dir="0" index="2" bw="11" slack="0"/>
<pin id="253" dir="1" index="3" bw="11" slack="0"/>
</pin_list>
<bind>
<opcode="select(49) " fcode="select"/>
<opset="select_ln19/2 "/>
</bind>
</comp>

<comp id="256" class="1004" name="trunc_ln24_fu_256">
<pin_list>
<pin id="257" dir="0" index="0" bw="11" slack="0"/>
<pin id="258" dir="1" index="1" bw="10" slack="0"/>
</pin_list>
<bind>
<opcode="trunc(33) " fcode="trunc"/>
<opset="trunc_ln24/2 "/>
</bind>
</comp>

<comp id="260" class="1004" name="idx_fu_260">
<pin_list>
<pin id="261" dir="0" index="0" bw="10" slack="1"/>
<pin id="262" dir="0" index="1" bw="10" slack="0"/>
<pin id="263" dir="1" index="2" bw="10" slack="1"/>
</pin_list>
<bind>
<opcode="mul(12) " fcode="mul"/>
<opset="idx/2 "/>
</bind>
</comp>

<comp id="265" class="1004" name="store_ln7_store_fu_265">
<pin_list>
<pin id="266" dir="0" index="0" bw="11" slack="0"/>
<pin id="267" dir="0" index="1" bw="11" slack="1"/>
<pin id="268" dir="1" index="2" bw="0" slack="2147483647"/>
</pin_list>
<bind>
<opcode="store(28) " fcode="store"/>
<opset="store_ln7/2 "/>
</bind>
</comp>

<comp id="270" class="1004" name="zext_ln25_fu_270">
<pin_list>
<pin id="271" dir="0" index="0" bw="10" slack="1"/>
<pin id="272" dir="1" index="1" bw="64" slack="0"/>
</pin_list>
<bind>
<opcode="zext(34) " fcode="zext"/>
<opset="zext_ln25/3 "/>
</bind>
</comp>

<comp id="275" class="1004" name="temp_real_load_load_fu_275">
<pin_list>
<pin id="276" dir="0" index="0" bw="32" slack="13"/>
<pin id="277" dir="1" index="1" bw="32" slack="0"/>
</pin_list>
<bind>
<opcode="load(27) " fcode="load"/>
<opset="temp_real_load/14 "/>
</bind>
</comp>

<comp id="278" class="1004" name="select_ln7_2_fu_278">
<pin_list>
<pin id="279" dir="0" index="0" bw="1" slack="13"/>
<pin id="280" dir="0" index="1" bw="32" slack="0"/>
<pin id="281" dir="0" index="2" bw="32" slack="0"/>
<pin id="282" dir="1" index="3" bw="32" slack="1"/>
</pin_list>
<bind>
<opcode="select(49) " fcode="select"/>
<opset="select_ln7_2/14 "/>
</bind>
</comp>

<comp id="285" class="1004" name="temp_imag_load_load_fu_285">
<pin_list>
<pin id="286" dir="0" index="0" bw="32" slack="15"/>
<pin id="287" dir="1" index="1" bw="32" slack="0"/>
</pin_list>
<bind>
<opcode="load(27) " fcode="load"/>
<opset="temp_imag_load/16 "/>
</bind>
</comp>

<comp id="288" class="1004" name="select_ln7_1_fu_288">
<pin_list>
<pin id="289" dir="0" index="0" bw="1" slack="15"/>
<pin id="290" dir="0" index="1" bw="32" slack="0"/>
<pin id="291" dir="0" index="2" bw="32" slack="0"/>
<pin id="292" dir="1" index="3" bw="32" slack="1"/>
</pin_list>
<bind>
<opcode="select(49) " fcode="select"/>
<opset="select_ln7_1/16 "/>
</bind>
</comp>

<comp id="295" class="1004" name="store_ln20_store_fu_295">
<pin_list>
<pin id="296" dir="0" index="0" bw="32" slack="1"/>
<pin id="297" dir="0" index="1" bw="32" slack="19"/>
<pin id="298" dir="1" index="2" bw="0" slack="2147483647"/>
</pin_list>
<bind>
<opcode="store(28) " fcode="store"/>
<opset="store_ln20/20 "/>
</bind>
</comp>

<comp id="299" class="1004" name="bitcast_ln31_fu_299">
<pin_list>
<pin id="300" dir="0" index="0" bw="32" slack="3"/>
<pin id="301" dir="1" index="1" bw="32" slack="0"/>
</pin_list>
<bind>
<opcode="bitcast(44) " fcode="bitcast"/>
<opset="bitcast_ln31/22 "/>
</bind>
</comp>

<comp id="303" class="1004" name="bitcast_ln32_fu_303">
<pin_list>
<pin id="304" dir="0" index="0" bw="32" slack="1"/>
<pin id="305" dir="1" index="1" bw="32" slack="0"/>
</pin_list>
<bind>
<opcode="bitcast(44) " fcode="bitcast"/>
<opset="bitcast_ln32/22 "/>
</bind>
</comp>

<comp id="308" class="1004" name="store_ln21_store_fu_308">
<pin_list>
<pin id="309" dir="0" index="0" bw="32" slack="1"/>
<pin id="310" dir="0" index="1" bw="32" slack="21"/>
<pin id="311" dir="1" index="2" bw="0" slack="2147483647"/>
</pin_list>
<bind>
<opcode="store(28) " fcode="store"/>
<opset="store_ln21/22 "/>
</bind>
</comp>

<comp id="313" class="1005" name="temp_real_reg_313">
<pin_list>
<pin id="314" dir="0" index="0" bw="32" slack="0"/>
<pin id="315" dir="1" index="1" bw="32" slack="0"/>
</pin_list>
<bind>
<opset="temp_real "/>
</bind>
</comp>

<comp id="320" class="1005" name="temp_imag_reg_320">
<pin_list>
<pin id="321" dir="0" index="0" bw="32" slack="0"/>
<pin id="322" dir="1" index="1" bw="32" slack="0"/>
</pin_list>
<bind>
<opset="temp_imag "/>
</bind>
</comp>

<comp id="327" class="1005" name="j_1_reg_327">
<pin_list>
<pin id="328" dir="0" index="0" bw="11" slack="0"/>
<pin id="329" dir="1" index="1" bw="11" slack="0"/>
</pin_list>
<bind>
<opset="j_1 "/>
</bind>
</comp>

<comp id="334" class="1005" name="i_reg_334">
<pin_list>
<pin id="335" dir="0" index="0" bw="11" slack="0"/>
<pin id="336" dir="1" index="1" bw="11" slack="0"/>
</pin_list>
<bind>
<opset="i "/>
</bind>
</comp>

<comp id="341" class="1005" name="indvar_flatten_reg_341">
<pin_list>
<pin id="342" dir="0" index="0" bw="21" slack="0"/>
<pin id="343" dir="1" index="1" bw="21" slack="0"/>
</pin_list>
<bind>
<opset="indvar_flatten "/>
</bind>
</comp>

<comp id="348" class="1005" name="icmp_ln19_reg_348">
<pin_list>
<pin id="349" dir="0" index="0" bw="1" slack="1"/>
<pin id="350" dir="1" index="1" bw="1" slack="2147483647"/>
</pin_list>
<bind>
<opset="icmp_ln19 "/>
</bind>
</comp>

<comp id="352" class="1005" name="icmp_ln23_reg_352">
<pin_list>
<pin id="353" dir="0" index="0" bw="1" slack="1"/>
<pin id="354" dir="1" index="1" bw="1" slack="1"/>
</pin_list>
<bind>
<opset="icmp_ln23 "/>
</bind>
</comp>

<comp id="359" class="1005" name="trunc_ln24_1_reg_359">
<pin_list>
<pin id="360" dir="0" index="0" bw="10" slack="1"/>
<pin id="361" dir="1" index="1" bw="10" slack="1"/>
</pin_list>
<bind>
<opset="trunc_ln24_1 "/>
</bind>
</comp>

<comp id="364" class="1005" name="real_sample_addr_reg_364">
<pin_list>
<pin id="365" dir="0" index="0" bw="10" slack="1"/>
<pin id="366" dir="1" index="1" bw="10" slack="1"/>
</pin_list>
<bind>
<opset="real_sample_addr "/>
</bind>
</comp>

<comp id="369" class="1005" name="imag_sample_addr_reg_369">
<pin_list>
<pin id="370" dir="0" index="0" bw="10" slack="1"/>
<pin id="371" dir="1" index="1" bw="10" slack="1"/>
</pin_list>
<bind>
<opset="imag_sample_addr "/>
</bind>
</comp>

<comp id="374" class="1005" name="icmp_ln23_1_reg_374">
<pin_list>
<pin id="375" dir="0" index="0" bw="1" slack="21"/>
<pin id="376" dir="1" index="1" bw="1" slack="2147483647"/>
</pin_list>
<bind>
<opset="icmp_ln23_1 "/>
</bind>
</comp>

<comp id="378" class="1005" name="idx_reg_378">
<pin_list>
<pin id="379" dir="0" index="0" bw="10" slack="1"/>
<pin id="380" dir="1" index="1" bw="10" slack="1"/>
</pin_list>
<bind>
<opset="idx "/>
</bind>
</comp>

<comp id="383" class="1005" name="real_sample_load_reg_383">
<pin_list>
<pin id="384" dir="0" index="0" bw="32" slack="3"/>
<pin id="385" dir="1" index="1" bw="32" slack="3"/>
</pin_list>
<bind>
<opset="real_sample_load "/>
</bind>
</comp>

<comp id="388" class="1005" name="imag_sample_load_reg_388">
<pin_list>
<pin id="389" dir="0" index="0" bw="32" slack="4"/>
<pin id="390" dir="1" index="1" bw="32" slack="4"/>
</pin_list>
<bind>
<opset="imag_sample_load "/>
</bind>
</comp>

<comp id="393" class="1005" name="cos_coefficients_table_addr_reg_393">
<pin_list>
<pin id="394" dir="0" index="0" bw="10" slack="1"/>
<pin id="395" dir="1" index="1" bw="10" slack="1"/>
</pin_list>
<bind>
<opset="cos_coefficients_table_addr "/>
</bind>
</comp>

<comp id="398" class="1005" name="sin_coefficients_table_addr_reg_398">
<pin_list>
<pin id="399" dir="0" index="0" bw="10" slack="1"/>
<pin id="400" dir="1" index="1" bw="10" slack="1"/>
</pin_list>
<bind>
<opset="sin_coefficients_table_addr "/>
</bind>
</comp>

<comp id="403" class="1005" name="c_reg_403">
<pin_list>
<pin id="404" dir="0" index="0" bw="32" slack="1"/>
<pin id="405" dir="1" index="1" bw="32" slack="1"/>
</pin_list>
<bind>
<opset="c "/>
</bind>
</comp>

<comp id="408" class="1005" name="s_reg_408">
<pin_list>
<pin id="409" dir="0" index="0" bw="32" slack="2"/>
<pin id="410" dir="1" index="1" bw="32" slack="2"/>
</pin_list>
<bind>
<opset="s "/>
</bind>
</comp>

<comp id="413" class="1005" name="mul_reg_413">
<pin_list>
<pin id="414" dir="0" index="0" bw="32" slack="2"/>
<pin id="415" dir="1" index="1" bw="32" slack="2"/>
</pin_list>
<bind>
<opset="mul "/>
</bind>
</comp>

<comp id="418" class="1005" name="mul1_reg_418">
<pin_list>
<pin id="419" dir="0" index="0" bw="32" slack="1"/>
<pin id="420" dir="1" index="1" bw="32" slack="1"/>
</pin_list>
<bind>
<opset="mul1 "/>
</bind>
</comp>

<comp id="423" class="1005" name="mul2_reg_423">
<pin_list>
<pin id="424" dir="0" index="0" bw="32" slack="2"/>
<pin id="425" dir="1" index="1" bw="32" slack="2"/>
</pin_list>
<bind>
<opset="mul2 "/>
</bind>
</comp>

<comp id="428" class="1005" name="mul3_reg_428">
<pin_list>
<pin id="429" dir="0" index="0" bw="32" slack="1"/>
<pin id="430" dir="1" index="1" bw="32" slack="1"/>
</pin_list>
<bind>
<opset="mul3 "/>
</bind>
</comp>

<comp id="433" class="1005" name="select_ln7_2_reg_433">
<pin_list>
<pin id="434" dir="0" index="0" bw="32" slack="1"/>
<pin id="435" dir="1" index="1" bw="32" slack="1"/>
</pin_list>
<bind>
<opset="select_ln7_2 "/>
</bind>
</comp>

<comp id="438" class="1005" name="sub_reg_438">
<pin_list>
<pin id="439" dir="0" index="0" bw="32" slack="1"/>
<pin id="440" dir="1" index="1" bw="32" slack="1"/>
</pin_list>
<bind>
<opset="sub "/>
</bind>
</comp>

<comp id="443" class="1005" name="select_ln7_1_reg_443">
<pin_list>
<pin id="444" dir="0" index="0" bw="32" slack="1"/>
<pin id="445" dir="1" index="1" bw="32" slack="1"/>
</pin_list>
<bind>
<opset="select_ln7_1 "/>
</bind>
</comp>

<comp id="448" class="1005" name="temp_real_1_reg_448">
<pin_list>
<pin id="449" dir="0" index="0" bw="32" slack="1"/>
<pin id="450" dir="1" index="1" bw="32" slack="1"/>
</pin_list>
<bind>
<opset="temp_real_1 "/>
</bind>
</comp>

</comp_list>

<net_list>
<net id="55"><net_src comp="12" pin="0"/><net_sink comp="52" pin=0"/></net>

<net id="59"><net_src comp="12" pin="0"/><net_sink comp="56" pin=0"/></net>

<net id="63"><net_src comp="12" pin="0"/><net_sink comp="60" pin=0"/></net>

<net id="67"><net_src comp="12" pin="0"/><net_sink comp="64" pin=0"/></net>

<net id="71"><net_src comp="12" pin="0"/><net_sink comp="68" pin=0"/></net>

<net id="77"><net_src comp="50" pin="0"/><net_sink comp="72" pin=0"/></net>

<net id="78"><net_src comp="0" pin="0"/><net_sink comp="72" pin=1"/></net>

<net id="84"><net_src comp="50" pin="0"/><net_sink comp="79" pin=0"/></net>

<net id="85"><net_src comp="2" pin="0"/><net_sink comp="79" pin=1"/></net>

<net id="91"><net_src comp="4" pin="0"/><net_sink comp="86" pin=0"/></net>

<net id="92"><net_src comp="36" pin="0"/><net_sink comp="86" pin=1"/></net>

<net id="98"><net_src comp="86" pin="3"/><net_sink comp="93" pin=0"/></net>

<net id="104"><net_src comp="6" pin="0"/><net_sink comp="99" pin=0"/></net>

<net id="105"><net_src comp="36" pin="0"/><net_sink comp="99" pin=1"/></net>

<net id="111"><net_src comp="99" pin="3"/><net_sink comp="106" pin=0"/></net>

<net id="117"><net_src comp="8" pin="0"/><net_sink comp="112" pin=0"/></net>

<net id="118"><net_src comp="36" pin="0"/><net_sink comp="112" pin=1"/></net>

<net id="124"><net_src comp="112" pin="3"/><net_sink comp="119" pin=0"/></net>

<net id="130"><net_src comp="10" pin="0"/><net_sink comp="125" pin=0"/></net>

<net id="131"><net_src comp="36" pin="0"/><net_sink comp="125" pin=1"/></net>

<net id="137"><net_src comp="125" pin="3"/><net_sink comp="132" pin=0"/></net>

<net id="149"><net_src comp="138" pin="2"/><net_sink comp="146" pin=0"/></net>

<net id="150"><net_src comp="146" pin="1"/><net_sink comp="138" pin=1"/></net>

<net id="155"><net_src comp="24" pin="0"/><net_sink comp="151" pin=0"/></net>

<net id="160"><net_src comp="26" pin="0"/><net_sink comp="156" pin=0"/></net>

<net id="165"><net_src comp="26" pin="0"/><net_sink comp="161" pin=0"/></net>

<net id="170"><net_src comp="28" pin="0"/><net_sink comp="166" pin=0"/></net>

<net id="175"><net_src comp="28" pin="0"/><net_sink comp="171" pin=0"/></net>

<net id="183"><net_src comp="176" pin="1"/><net_sink comp="179" pin=0"/></net>

<net id="184"><net_src comp="30" pin="0"/><net_sink comp="179" pin=1"/></net>

<net id="189"><net_src comp="176" pin="1"/><net_sink comp="185" pin=0"/></net>

<net id="190"><net_src comp="32" pin="0"/><net_sink comp="185" pin=1"/></net>

<net id="198"><net_src comp="191" pin="1"/><net_sink comp="194" pin=0"/></net>

<net id="199"><net_src comp="34" pin="0"/><net_sink comp="194" pin=1"/></net>

<net id="205"><net_src comp="194" pin="2"/><net_sink comp="200" pin=0"/></net>

<net id="206"><net_src comp="26" pin="0"/><net_sink comp="200" pin=1"/></net>

<net id="207"><net_src comp="191" pin="1"/><net_sink comp="200" pin=2"/></net>

<net id="211"><net_src comp="200" pin="3"/><net_sink comp="208" pin=0"/></net>

<net id="212"><net_src comp="208" pin="1"/><net_sink comp="86" pin=2"/></net>

<net id="213"><net_src comp="208" pin="1"/><net_sink comp="99" pin=2"/></net>

<net id="217"><net_src comp="200" pin="3"/><net_sink comp="214" pin=0"/></net>

<net id="222"><net_src comp="200" pin="3"/><net_sink comp="218" pin=0"/></net>

<net id="223"><net_src comp="38" pin="0"/><net_sink comp="218" pin=1"/></net>

<net id="228"><net_src comp="218" pin="2"/><net_sink comp="224" pin=0"/></net>

<net id="229"><net_src comp="34" pin="0"/><net_sink comp="224" pin=1"/></net>

<net id="234"><net_src comp="185" pin="2"/><net_sink comp="230" pin=0"/></net>

<net id="239"><net_src comp="218" pin="2"/><net_sink comp="235" pin=0"/></net>

<net id="247"><net_src comp="240" pin="1"/><net_sink comp="243" pin=0"/></net>

<net id="248"><net_src comp="38" pin="0"/><net_sink comp="243" pin=1"/></net>

<net id="254"><net_src comp="243" pin="2"/><net_sink comp="249" pin=1"/></net>

<net id="255"><net_src comp="240" pin="1"/><net_sink comp="249" pin=2"/></net>

<net id="259"><net_src comp="249" pin="3"/><net_sink comp="256" pin=0"/></net>

<net id="264"><net_src comp="256" pin="1"/><net_sink comp="260" pin=1"/></net>

<net id="269"><net_src comp="249" pin="3"/><net_sink comp="265" pin=0"/></net>

<net id="273"><net_src comp="270" pin="1"/><net_sink comp="112" pin=2"/></net>

<net id="274"><net_src comp="270" pin="1"/><net_sink comp="125" pin=2"/></net>

<net id="283"><net_src comp="28" pin="0"/><net_sink comp="278" pin=1"/></net>

<net id="284"><net_src comp="275" pin="1"/><net_sink comp="278" pin=2"/></net>

<net id="293"><net_src comp="28" pin="0"/><net_sink comp="288" pin=1"/></net>

<net id="294"><net_src comp="285" pin="1"/><net_sink comp="288" pin=2"/></net>

<net id="302"><net_src comp="299" pin="1"/><net_sink comp="72" pin=2"/></net>

<net id="306"><net_src comp="146" pin="1"/><net_sink comp="303" pin=0"/></net>

<net id="307"><net_src comp="303" pin="1"/><net_sink comp="79" pin=2"/></net>

<net id="312"><net_src comp="146" pin="1"/><net_sink comp="308" pin=0"/></net>

<net id="316"><net_src comp="52" pin="1"/><net_sink comp="313" pin=0"/></net>

<net id="317"><net_src comp="313" pin="1"/><net_sink comp="171" pin=1"/></net>

<net id="318"><net_src comp="313" pin="1"/><net_sink comp="275" pin=0"/></net>

<net id="319"><net_src comp="313" pin="1"/><net_sink comp="295" pin=1"/></net>

<net id="323"><net_src comp="56" pin="1"/><net_sink comp="320" pin=0"/></net>

<net id="324"><net_src comp="320" pin="1"/><net_sink comp="166" pin=1"/></net>

<net id="325"><net_src comp="320" pin="1"/><net_sink comp="285" pin=0"/></net>

<net id="326"><net_src comp="320" pin="1"/><net_sink comp="308" pin=1"/></net>

<net id="330"><net_src comp="60" pin="1"/><net_sink comp="327" pin=0"/></net>

<net id="331"><net_src comp="327" pin="1"/><net_sink comp="161" pin=1"/></net>

<net id="332"><net_src comp="327" pin="1"/><net_sink comp="191" pin=0"/></net>

<net id="333"><net_src comp="327" pin="1"/><net_sink comp="235" pin=1"/></net>

<net id="337"><net_src comp="64" pin="1"/><net_sink comp="334" pin=0"/></net>

<net id="338"><net_src comp="334" pin="1"/><net_sink comp="156" pin=1"/></net>

<net id="339"><net_src comp="334" pin="1"/><net_sink comp="240" pin=0"/></net>

<net id="340"><net_src comp="334" pin="1"/><net_sink comp="265" pin=1"/></net>

<net id="344"><net_src comp="68" pin="1"/><net_sink comp="341" pin=0"/></net>

<net id="345"><net_src comp="341" pin="1"/><net_sink comp="151" pin=1"/></net>

<net id="346"><net_src comp="341" pin="1"/><net_sink comp="176" pin=0"/></net>

<net id="347"><net_src comp="341" pin="1"/><net_sink comp="230" pin=1"/></net>

<net id="351"><net_src comp="179" pin="2"/><net_sink comp="348" pin=0"/></net>

<net id="355"><net_src comp="194" pin="2"/><net_sink comp="352" pin=0"/></net>

<net id="356"><net_src comp="352" pin="1"/><net_sink comp="249" pin=0"/></net>

<net id="357"><net_src comp="352" pin="1"/><net_sink comp="278" pin=0"/></net>

<net id="358"><net_src comp="352" pin="1"/><net_sink comp="288" pin=0"/></net>

<net id="362"><net_src comp="214" pin="1"/><net_sink comp="359" pin=0"/></net>

<net id="363"><net_src comp="359" pin="1"/><net_sink comp="260" pin=0"/></net>

<net id="367"><net_src comp="86" pin="3"/><net_sink comp="364" pin=0"/></net>

<net id="368"><net_src comp="364" pin="1"/><net_sink comp="93" pin=0"/></net>

<net id="372"><net_src comp="99" pin="3"/><net_sink comp="369" pin=0"/></net>

<net id="373"><net_src comp="369" pin="1"/><net_sink comp="106" pin=0"/></net>

<net id="377"><net_src comp="224" pin="2"/><net_sink comp="374" pin=0"/></net>

<net id="381"><net_src comp="260" pin="2"/><net_sink comp="378" pin=0"/></net>

<net id="382"><net_src comp="378" pin="1"/><net_sink comp="270" pin=0"/></net>

<net id="386"><net_src comp="93" pin="3"/><net_sink comp="383" pin=0"/></net>

<net id="387"><net_src comp="383" pin="1"/><net_sink comp="142" pin=0"/></net>

<net id="391"><net_src comp="106" pin="3"/><net_sink comp="388" pin=0"/></net>

<net id="392"><net_src comp="388" pin="1"/><net_sink comp="142" pin=0"/></net>

<net id="396"><net_src comp="112" pin="3"/><net_sink comp="393" pin=0"/></net>

<net id="397"><net_src comp="393" pin="1"/><net_sink comp="119" pin=0"/></net>

<net id="401"><net_src comp="125" pin="3"/><net_sink comp="398" pin=0"/></net>

<net id="402"><net_src comp="398" pin="1"/><net_sink comp="132" pin=0"/></net>

<net id="406"><net_src comp="119" pin="3"/><net_sink comp="403" pin=0"/></net>

<net id="407"><net_src comp="403" pin="1"/><net_sink comp="142" pin=1"/></net>

<net id="411"><net_src comp="132" pin="3"/><net_sink comp="408" pin=0"/></net>

<net id="412"><net_src comp="408" pin="1"/><net_sink comp="142" pin=1"/></net>

<net id="416"><net_src comp="142" pin="2"/><net_sink comp="413" pin=0"/></net>

<net id="417"><net_src comp="413" pin="1"/><net_sink comp="138" pin=0"/></net>

<net id="421"><net_src comp="142" pin="2"/><net_sink comp="418" pin=0"/></net>

<net id="422"><net_src comp="418" pin="1"/><net_sink comp="138" pin=1"/></net>

<net id="426"><net_src comp="142" pin="2"/><net_sink comp="423" pin=0"/></net>

<net id="427"><net_src comp="423" pin="1"/><net_sink comp="138" pin=0"/></net>

<net id="431"><net_src comp="142" pin="2"/><net_sink comp="428" pin=0"/></net>

<net id="432"><net_src comp="428" pin="1"/><net_sink comp="138" pin=1"/></net>

<net id="436"><net_src comp="278" pin="3"/><net_sink comp="433" pin=0"/></net>

<net id="437"><net_src comp="433" pin="1"/><net_sink comp="138" pin=0"/></net>

<net id="441"><net_src comp="138" pin="2"/><net_sink comp="438" pin=0"/></net>

<net id="442"><net_src comp="438" pin="1"/><net_sink comp="138" pin=1"/></net>

<net id="446"><net_src comp="288" pin="3"/><net_sink comp="443" pin=0"/></net>

<net id="447"><net_src comp="443" pin="1"/><net_sink comp="138" pin=0"/></net>

<net id="451"><net_src comp="138" pin="2"/><net_sink comp="448" pin=0"/></net>

<net id="452"><net_src comp="448" pin="1"/><net_sink comp="295" pin=0"/></net>

<net id="453"><net_src comp="448" pin="1"/><net_sink comp="299" pin=0"/></net>

</net_list>

</model> 
---------------- Datapath Model END ------------------

* FSMD analyzer results:
  - Output states:
	Port: output_real | {22 }
	Port: output_imag | {22 }
	Port: cos_coefficients_table | {}
	Port: sin_coefficients_table | {}
 - Input state : 
	Port: dft_Pipeline_COMPUTE_DFT_INNER_LOOP : output_real | {}
	Port: dft_Pipeline_COMPUTE_DFT_INNER_LOOP : output_imag | {}
	Port: dft_Pipeline_COMPUTE_DFT_INNER_LOOP : real_sample | {1 2 }
	Port: dft_Pipeline_COMPUTE_DFT_INNER_LOOP : imag_sample | {1 2 }
	Port: dft_Pipeline_COMPUTE_DFT_INNER_LOOP : cos_coefficients_table | {3 4 }
	Port: dft_Pipeline_COMPUTE_DFT_INNER_LOOP : sin_coefficients_table | {3 4 }
  - Chain level:
	State 1
		store_ln0 : 1
		store_ln7 : 1
		store_ln7 : 1
		store_ln21 : 1
		store_ln20 : 1
		indvar_flatten_load : 1
		icmp_ln19 : 2
		add_ln19 : 2
		br_ln19 : 3
		j_1_load : 1
		icmp_ln23 : 2
		select_ln7 : 3
		zext_ln23 : 4
		trunc_ln24_1 : 4
		real_sample_addr : 5
		real_sample_load : 6
		imag_sample_addr : 5
		imag_sample_load : 6
		add_ln23 : 4
		icmp_ln23_1 : 5
		br_ln23 : 6
		store_ln19 : 3
		store_ln7 : 5
	State 2
		add_ln19_1 : 1
		select_ln19 : 2
		trunc_ln24 : 3
		idx : 4
		store_ln7 : 3
	State 3
		cos_coefficients_table_addr : 1
		c : 2
		sin_coefficients_table_addr : 1
		s : 2
	State 4
	State 5
	State 6
	State 7
	State 8
	State 9
	State 10
	State 11
	State 12
	State 13
	State 14
		select_ln7_2 : 1
	State 15
	State 16
		select_ln7_1 : 1
	State 17
	State 18
	State 19
	State 20
	State 21
	State 22
		write_ln31 : 1
		write_ln32 : 1


============================================================
+ Verbose Summary: Datapath Resource usage 
============================================================

* Functional unit list:
|----------|------------------------|---------|---------|---------|
| Operation|     Functional Unit    |   DSP   |    FF   |   LUT   |
|----------|------------------------|---------|---------|---------|
|   fadd   |       grp_fu_138       |    2    |   205   |   390   |
|----------|------------------------|---------|---------|---------|
|   fmul   |       grp_fu_142       |    3    |   143   |   321   |
|----------|------------------------|---------|---------|---------|
|          |    select_ln7_fu_200   |    0    |    0    |    11   |
|  select  |   select_ln19_fu_249   |    0    |    0    |    11   |
|          |   select_ln7_2_fu_278  |    0    |    0    |    32   |
|          |   select_ln7_1_fu_288  |    0    |    0    |    32   |
|----------|------------------------|---------|---------|---------|
|    mul   |       idx_fu_260       |    0    |    0    |    63   |
|----------|------------------------|---------|---------|---------|
|          |    icmp_ln19_fu_179    |    0    |    0    |    28   |
|   icmp   |    icmp_ln23_fu_194    |    0    |    0    |    12   |
|          |   icmp_ln23_1_fu_224   |    0    |    0    |    12   |
|----------|------------------------|---------|---------|---------|
|          |     add_ln19_fu_185    |    0    |    0    |    28   |
|    add   |     add_ln23_fu_218    |    0    |    0    |    12   |
|          |    add_ln19_1_fu_243   |    0    |    0    |    12   |
|----------|------------------------|---------|---------|---------|
|   write  | write_ln31_write_fu_72 |    0    |    0    |    0    |
|          | write_ln32_write_fu_79 |    0    |    0    |    0    |
|----------|------------------------|---------|---------|---------|
|   zext   |    zext_ln23_fu_208    |    0    |    0    |    0    |
|          |    zext_ln25_fu_270    |    0    |    0    |    0    |
|----------|------------------------|---------|---------|---------|
|   trunc  |   trunc_ln24_1_fu_214  |    0    |    0    |    0    |
|          |    trunc_ln24_fu_256   |    0    |    0    |    0    |
|----------|------------------------|---------|---------|---------|
|   Total  |                        |    5    |   348   |   964   |
|----------|------------------------|---------|---------|---------|

Memories:
N/A

* Register list:
+-----------------------------------+--------+
|                                   |   FF   |
+-----------------------------------+--------+
|             c_reg_403             |   32   |
|cos_coefficients_table_addr_reg_393|   10   |
|             i_reg_334             |   11   |
|         icmp_ln19_reg_348         |    1   |
|        icmp_ln23_1_reg_374        |    1   |
|         icmp_ln23_reg_352         |    1   |
|            idx_reg_378            |   10   |
|      imag_sample_addr_reg_369     |   10   |
|      imag_sample_load_reg_388     |   32   |
|       indvar_flatten_reg_341      |   21   |
|            j_1_reg_327            |   11   |
|            mul1_reg_418           |   32   |
|            mul2_reg_423           |   32   |
|            mul3_reg_428           |   32   |
|            mul_reg_413            |   32   |
|      real_sample_addr_reg_364     |   10   |
|      real_sample_load_reg_383     |   32   |
|              reg_146              |   32   |
|             s_reg_408             |   32   |
|        select_ln7_1_reg_443       |   32   |
|        select_ln7_2_reg_433       |   32   |
|sin_coefficients_table_addr_reg_398|   10   |
|            sub_reg_438            |   32   |
|         temp_imag_reg_320         |   32   |
|        temp_real_1_reg_448        |   32   |
|         temp_real_reg_313         |   32   |
|        trunc_ln24_1_reg_359       |   10   |
+-----------------------------------+--------+
|               Total               |   586  |
+-----------------------------------+--------+

* Multiplexer (MUX) list: 
|-------------------|------|------|------|--------||---------||---------||---------|
|        Comp       |  Pin | Size |  BW  | S x BW ||  Delay  ||    FF   ||   LUT   |
|-------------------|------|------|------|--------||---------||---------||---------|
|  grp_access_fu_93 |  p0  |   2  |  10  |   20   ||    0    ||    9    |
| grp_access_fu_106 |  p0  |   2  |  10  |   20   ||    0    ||    9    |
| grp_access_fu_119 |  p0  |   2  |  10  |   20   ||    0    ||    9    |
| grp_access_fu_132 |  p0  |   2  |  10  |   20   ||    0    ||    9    |
|     grp_fu_138    |  p0  |   4  |  32  |   128  ||    0    ||    20   |
|     grp_fu_138    |  p1  |   4  |  32  |   128  ||    0    ||    20   |
|     grp_fu_142    |  p0  |   2  |  32  |   64   ||    0    ||    9    |
|     grp_fu_142    |  p1  |   2  |  32  |   64   ||    0    ||    9    |
|-------------------|------|------|------|--------||---------||---------||---------|
|       Total       |      |      |      |   464  || 13.1812 ||    0    ||    94   |
|-------------------|------|------|------|--------||---------||---------||---------|



* Summary:
+-----------+--------+--------+--------+--------+
|           |   DSP  |  Delay |   FF   |   LUT  |
+-----------+--------+--------+--------+--------+
|  Function |    5   |    -   |   348  |   964  |
|   Memory  |    -   |    -   |    -   |    -   |
|Multiplexer|    -   |   13   |    0   |   94   |
|  Register |    -   |    -   |   586  |    -   |
+-----------+--------+--------+--------+--------+
|   Total   |    5   |   13   |   934  |  1058  |
+-----------+--------+--------+--------+--------+
