

================================================================
== Vitis HLS Report for 'dft_Pipeline_COMPUTE_DFT_INNER_LOOP'
================================================================
* Date:           Thu Nov  6 17:53:32 2025

* Version:        2024.2 (Build 5238294 on Nov  8 2024)
* Project:        dft.comp
* Solution:       hls (Vivado IP Flow Target)
* Product family: zynq
* Target device:  xc7z020-clg400-1


================================================================
== Performance Estimates
================================================================
+ Timing: 
    * Summary: 
    +--------+----------+----------+------------+
    |  Clock |  Target  | Estimated| Uncertainty|
    +--------+----------+----------+------------+
    |ap_clk  |  10.00 ns|  7.256 ns|     2.70 ns|
    +--------+----------+----------+------------+

+ Latency: 
    * Summary: 
    +---------+---------+-----------+-----------+---------+---------+------------------------------------------------+
    |  Latency (cycles) |   Latency (absolute)  |      Interval     |                    Pipeline                    |
    |   min   |   max   |    min    |    max    |   min   |   max   |                      Type                      |
    +---------+---------+-----------+-----------+---------+---------+------------------------------------------------+
    |  6291473|  6291473|  62.915 ms|  62.915 ms|  6291462|  6291462|  loop auto-rewind stp (delay=0 clock cycles(s))|
    +---------+---------+-----------+-----------+---------+---------+------------------------------------------------+

    + Detail: 
        * Instance: 
        N/A

        * Loop: 
        +--------------------------+---------+---------+----------+-----------+-----------+---------+----------+
        |                          |  Latency (cycles) | Iteration|  Initiation Interval  |   Trip  |          |
        |         Loop Name        |   min   |   max   |  Latency |  achieved |   target  |  Count  | Pipelined|
        +--------------------------+---------+---------+----------+-----------+-----------+---------+----------+
        |- COMPUTE_DFT_INNER_LOOP  |  6291471|  6291471|        22|          6|          1|  1048576|       yes|
        +--------------------------+---------+---------+----------+-----------+-----------+---------+----------+

============================================================
+ Verbose Summary: Synthesis Manager
============================================================
InlineROM: 1
ExposeGlobal: 0
============================================================
+ Verbose Summary: CDFG Model
============================================================
IsTopModel: 0
ResetActiveHigh: 1
IsCombinational: 0
IsDatapathOnly: 0
HasWiredReturn: 1
HasMFsm: 2
HasVarLatency: 1
IsPipeline: 0
IsRtlPipelined: 0
IsInstanceOverlapped: 0
IsDontTouch: 0
HasImplIP: 0
IsGatedGlobalClock: 0

+ Individual pipeline summary: 
  * Pipeline-0: initiation interval (II) = 6, depth = 22


============================================================
+ Verbose Summary: Schedule
============================================================
* Number of FSM states : 22
* Pipeline : 1
  Pipeline-0 : II = 6, D = 22, States = { 1 2 3 4 5 6 7 8 9 10 11 12 13 14 15 16 17 18 19 20 21 22 }
* Dataflow Pipeline: 0

* FSM state transitions: 
1 --> 2 
2 --> 3 
3 --> 4 
4 --> 5 
5 --> 6 
6 --> 7 
7 --> 8 
8 --> 9 
9 --> 10 
10 --> 11 
11 --> 12 
12 --> 13 
13 --> 14 
14 --> 15 
15 --> 16 
16 --> 17 
17 --> 18 
18 --> 19 
19 --> 20 
20 --> 21 
21 --> 22 
22 --> 

* FSM state operations: 

State 1 <SV = 0> <Delay = 7.19>
ST_1 : Operation 25 [1/1] (0.00ns)   --->   "%temp_real = alloca i32 1" [dft.cpp:22]   --->   Operation 25 'alloca' 'temp_real' <Predicate = true> <Delay = 0.00>
ST_1 : Operation 26 [1/1] (0.00ns)   --->   "%temp_imag = alloca i32 1" [dft.cpp:23]   --->   Operation 26 'alloca' 'temp_imag' <Predicate = true> <Delay = 0.00>
ST_1 : Operation 27 [1/1] (0.00ns)   --->   "%j_1 = alloca i32 1" [dft.cpp:9]   --->   Operation 27 'alloca' 'j_1' <Predicate = true> <Delay = 0.00>
ST_1 : Operation 28 [1/1] (0.00ns)   --->   "%i = alloca i32 1" [dft.cpp:9]   --->   Operation 28 'alloca' 'i' <Predicate = true> <Delay = 0.00>
ST_1 : Operation 29 [1/1] (0.00ns)   --->   "%indvar_flatten = alloca i32 1"   --->   Operation 29 'alloca' 'indvar_flatten' <Predicate = true> <Delay = 0.00>
ST_1 : Operation 30 [1/1] (0.00ns)   --->   "%specinterface_ln0 = specinterface void @_ssdm_op_SpecInterface, i32 %output_imag, void @empty, i32 0, i32 0, void @empty_0, i32 0, i32 0, void @empty_1, void @empty_1, void @empty_1, i32 0, i32 0, i32 0, i32 0, void @empty_1, void @empty_1, i32 4294967295, i32 0, i32 0"   --->   Operation 30 'specinterface' 'specinterface_ln0' <Predicate = true> <Delay = 0.00>
ST_1 : Operation 31 [1/1] (0.00ns)   --->   "%specinterface_ln0 = specinterface void @_ssdm_op_SpecInterface, i32 %output_real, void @empty, i32 0, i32 0, void @empty_0, i32 0, i32 0, void @empty_1, void @empty_1, void @empty_1, i32 0, i32 0, i32 0, i32 0, void @empty_1, void @empty_1, i32 4294967295, i32 0, i32 0"   --->   Operation 31 'specinterface' 'specinterface_ln0' <Predicate = true> <Delay = 0.00>
ST_1 : Operation 32 [1/1] (1.58ns)   --->   "%store_ln0 = store i21 0, i21 %indvar_flatten"   --->   Operation 32 'store' 'store_ln0' <Predicate = true> <Delay = 1.58>
ST_1 : Operation 33 [1/1] (1.58ns)   --->   "%store_ln9 = store i11 0, i11 %i" [dft.cpp:9]   --->   Operation 33 'store' 'store_ln9' <Predicate = true> <Delay = 1.58>
ST_1 : Operation 34 [1/1] (1.58ns)   --->   "%store_ln9 = store i11 0, i11 %j_1" [dft.cpp:9]   --->   Operation 34 'store' 'store_ln9' <Predicate = true> <Delay = 1.58>
ST_1 : Operation 35 [1/1] (1.58ns)   --->   "%store_ln23 = store i32 0, i32 %temp_imag" [dft.cpp:23]   --->   Operation 35 'store' 'store_ln23' <Predicate = true> <Delay = 1.58>
ST_1 : Operation 36 [1/1] (1.58ns)   --->   "%store_ln22 = store i32 0, i32 %temp_real" [dft.cpp:22]   --->   Operation 36 'store' 'store_ln22' <Predicate = true> <Delay = 1.58>
ST_1 : Operation 37 [1/1] (0.00ns)   --->   "%br_ln0 = br void %for.inc28"   --->   Operation 37 'br' 'br_ln0' <Predicate = true> <Delay = 0.00>
ST_1 : Operation 38 [1/1] (0.00ns)   --->   "%indvar_flatten_load = load i21 %indvar_flatten" [dft.cpp:21]   --->   Operation 38 'load' 'indvar_flatten_load' <Predicate = true> <Delay = 0.00>
ST_1 : Operation 39 [1/1] (2.22ns)   --->   "%icmp_ln21 = icmp_eq  i21 %indvar_flatten_load, i21 1048576" [dft.cpp:21]   --->   Operation 39 'icmp' 'icmp_ln21' <Predicate = true> <Delay = 2.22> <CoreInst = "Cmp">   --->   Core 9 'Cmp' <Latency = 0> <II = 1> <Delay = 2.22> <FuncUnit> <Opcode : 'seteq' 'setne' 'setle' 'setge' 'setlt' 'setgt'> <InPorts = 2> <OutPorts = 1>
ST_1 : Operation 40 [1/1] (2.22ns)   --->   "%add_ln21 = add i21 %indvar_flatten_load, i21 1" [dft.cpp:21]   --->   Operation 40 'add' 'add_ln21' <Predicate = true> <Delay = 2.22> <CoreInst = "Adder">   --->   Core 1 'Adder' <Latency = 0> <II = 1> <Delay = 2.22> <FuncUnit> <Opcode : 'add' 'sub'> <InPorts = 2> <OutPorts = 1>
ST_1 : Operation 41 [1/1] (0.00ns)   --->   "%br_ln21 = br i1 %icmp_ln21, void %for.inc31, void %for.end33.exitStub" [dft.cpp:21]   --->   Operation 41 'br' 'br_ln21' <Predicate = true> <Delay = 0.00>
ST_1 : Operation 42 [1/1] (0.00ns)   --->   "%j_1_load = load i11 %j_1" [dft.cpp:25]   --->   Operation 42 'load' 'j_1_load' <Predicate = (!icmp_ln21)> <Delay = 0.00>
ST_1 : Operation 43 [1/1] (1.63ns)   --->   "%icmp_ln25 = icmp_eq  i11 %j_1_load, i11 1024" [dft.cpp:25]   --->   Operation 43 'icmp' 'icmp_ln25' <Predicate = (!icmp_ln21)> <Delay = 1.63> <CoreInst = "Cmp">   --->   Core 9 'Cmp' <Latency = 0> <II = 1> <Delay = 1.63> <FuncUnit> <Opcode : 'seteq' 'setne' 'setle' 'setge' 'setlt' 'setgt'> <InPorts = 2> <OutPorts = 1>
ST_1 : Operation 44 [1/1] (0.69ns)   --->   "%select_ln9 = select i1 %icmp_ln25, i11 0, i11 %j_1_load" [dft.cpp:9]   --->   Operation 44 'select' 'select_ln9' <Predicate = (!icmp_ln21)> <Delay = 0.69> <CoreInst = "Sel">   --->   Core 73 'Sel' <Latency = 0> <II = 1> <Delay = 0.69> <FuncUnit> <Opcode : 'select'> <InPorts = 3> <OutPorts = 1>
ST_1 : Operation 45 [1/1] (0.00ns)   --->   "%zext_ln25 = zext i11 %select_ln9" [dft.cpp:25]   --->   Operation 45 'zext' 'zext_ln25' <Predicate = (!icmp_ln21)> <Delay = 0.00>
ST_1 : Operation 46 [1/1] (0.00ns)   --->   "%trunc_ln26_1 = trunc i11 %select_ln9" [dft.cpp:26]   --->   Operation 46 'trunc' 'trunc_ln26_1' <Predicate = (!icmp_ln21)> <Delay = 0.00>
ST_1 : Operation 47 [1/1] (0.00ns)   --->   "%real_sample_addr = getelementptr i32 %real_sample, i64 0, i64 %zext_ln25" [dft.cpp:29]   --->   Operation 47 'getelementptr' 'real_sample_addr' <Predicate = (!icmp_ln21)> <Delay = 0.00>
ST_1 : Operation 48 [2/2] (3.25ns)   --->   "%real_sample_load = load i10 %real_sample_addr" [dft.cpp:29]   --->   Operation 48 'load' 'real_sample_load' <Predicate = (!icmp_ln21)> <Delay = 3.25> <CoreInst = "RAM">   --->   Core 81 'RAM' <Latency = 1> <II = 1> <Delay = 3.25> <Storage> <Opcode : 'load' 'store'> <Ports = 2> <Width = 32> <Depth = 1024> <RAM>
ST_1 : Operation 49 [1/1] (0.00ns)   --->   "%imag_sample_addr = getelementptr i32 %imag_sample, i64 0, i64 %zext_ln25" [dft.cpp:29]   --->   Operation 49 'getelementptr' 'imag_sample_addr' <Predicate = (!icmp_ln21)> <Delay = 0.00>
ST_1 : Operation 50 [2/2] (3.25ns)   --->   "%imag_sample_load = load i10 %imag_sample_addr" [dft.cpp:29]   --->   Operation 50 'load' 'imag_sample_load' <Predicate = (!icmp_ln21)> <Delay = 3.25> <CoreInst = "RAM">   --->   Core 81 'RAM' <Latency = 1> <II = 1> <Delay = 3.25> <Storage> <Opcode : 'load' 'store'> <Ports = 2> <Width = 32> <Depth = 1024> <RAM>
ST_1 : Operation 51 [1/1] (1.63ns)   --->   "%add_ln25 = add i11 %select_ln9, i11 1" [dft.cpp:25]   --->   Operation 51 'add' 'add_ln25' <Predicate = (!icmp_ln21)> <Delay = 1.63> <CoreInst = "Adder">   --->   Core 1 'Adder' <Latency = 0> <II = 1> <Delay = 1.63> <FuncUnit> <Opcode : 'add' 'sub'> <InPorts = 2> <OutPorts = 1>
ST_1 : Operation 52 [1/1] (1.63ns)   --->   "%icmp_ln25_1 = icmp_eq  i11 %add_ln25, i11 1024" [dft.cpp:25]   --->   Operation 52 'icmp' 'icmp_ln25_1' <Predicate = (!icmp_ln21)> <Delay = 1.63> <CoreInst = "Cmp">   --->   Core 9 'Cmp' <Latency = 0> <II = 1> <Delay = 1.63> <FuncUnit> <Opcode : 'seteq' 'setne' 'setle' 'setge' 'setlt' 'setgt'> <InPorts = 2> <OutPorts = 1>
ST_1 : Operation 53 [1/1] (0.00ns)   --->   "%br_ln25 = br i1 %icmp_ln25_1, void %new.latch.for.inc28.split, void %last.iter.for.inc28.split" [dft.cpp:25]   --->   Operation 53 'br' 'br_ln25' <Predicate = (!icmp_ln21)> <Delay = 0.00>
ST_1 : Operation 54 [1/1] (1.58ns)   --->   "%store_ln21 = store i21 %add_ln21, i21 %indvar_flatten" [dft.cpp:21]   --->   Operation 54 'store' 'store_ln21' <Predicate = (!icmp_ln21)> <Delay = 1.58>
ST_1 : Operation 55 [1/1] (1.58ns)   --->   "%store_ln9 = store i11 %add_ln25, i11 %j_1" [dft.cpp:9]   --->   Operation 55 'store' 'store_ln9' <Predicate = (!icmp_ln21)> <Delay = 1.58>

State 2 <SV = 1> <Delay = 6.85>
ST_2 : Operation 56 [1/1] (0.00ns)   --->   "%i_load = load i11 %i" [dft.cpp:21]   --->   Operation 56 'load' 'i_load' <Predicate = (!icmp_ln21)> <Delay = 0.00>
ST_2 : Operation 57 [1/1] (1.63ns)   --->   "%add_ln21_1 = add i11 %i_load, i11 1" [dft.cpp:21]   --->   Operation 57 'add' 'add_ln21_1' <Predicate = (!icmp_ln21 & icmp_ln25)> <Delay = 1.63> <CoreInst = "Adder">   --->   Core 1 'Adder' <Latency = 0> <II = 1> <Delay = 1.63> <FuncUnit> <Opcode : 'add' 'sub'> <InPorts = 2> <OutPorts = 1>
ST_2 : Operation 58 [1/1] (0.69ns)   --->   "%select_ln21 = select i1 %icmp_ln25, i11 %add_ln21_1, i11 %i_load" [dft.cpp:21]   --->   Operation 58 'select' 'select_ln21' <Predicate = (!icmp_ln21)> <Delay = 0.69> <CoreInst = "Sel">   --->   Core 73 'Sel' <Latency = 0> <II = 1> <Delay = 0.69> <FuncUnit> <Opcode : 'select'> <InPorts = 3> <OutPorts = 1>
ST_2 : Operation 59 [1/1] (0.00ns)   --->   "%trunc_ln26 = trunc i11 %select_ln21" [dft.cpp:26]   --->   Operation 59 'trunc' 'trunc_ln26' <Predicate = (!icmp_ln21)> <Delay = 0.00>
ST_2 : Operation 60 [1/1] (4.52ns)   --->   "%idx = mul i10 %trunc_ln26_1, i10 %trunc_ln26" [dft.cpp:26]   --->   Operation 60 'mul' 'idx' <Predicate = (!icmp_ln21)> <Delay = 4.52> <CoreInst = "Multiplier">   --->   Core 3 'Multiplier' <Latency = 0> <II = 1> <Delay = 4.52> <FuncUnit> <Opcode : 'mul'> <InPorts = 2> <OutPorts = 1>
ST_2 : Operation 61 [1/2] ( I:3.25ns O:3.25ns )   --->   "%real_sample_load = load i10 %real_sample_addr" [dft.cpp:29]   --->   Operation 61 'load' 'real_sample_load' <Predicate = (!icmp_ln21)> <Delay = 3.25> <CoreInst = "RAM">   --->   Core 81 'RAM' <Latency = 1> <II = 1> <Delay = 3.25> <Storage> <Opcode : 'load' 'store'> <Ports = 2> <Width = 32> <Depth = 1024> <RAM>
ST_2 : Operation 62 [1/2] ( I:3.25ns O:3.25ns )   --->   "%imag_sample_load = load i10 %imag_sample_addr" [dft.cpp:29]   --->   Operation 62 'load' 'imag_sample_load' <Predicate = (!icmp_ln21)> <Delay = 3.25> <CoreInst = "RAM">   --->   Core 81 'RAM' <Latency = 1> <II = 1> <Delay = 3.25> <Storage> <Opcode : 'load' 'store'> <Ports = 2> <Width = 32> <Depth = 1024> <RAM>
ST_2 : Operation 63 [1/1] (1.58ns)   --->   "%store_ln9 = store i11 %select_ln21, i11 %i" [dft.cpp:9]   --->   Operation 63 'store' 'store_ln9' <Predicate = (!icmp_ln21)> <Delay = 1.58>

State 3 <SV = 2> <Delay = 3.25>
ST_3 : Operation 64 [1/1] (0.00ns)   --->   "%zext_ln27 = zext i10 %idx" [dft.cpp:27]   --->   Operation 64 'zext' 'zext_ln27' <Predicate = (!icmp_ln21)> <Delay = 0.00>
ST_3 : Operation 65 [1/1] (0.00ns)   --->   "%cos_coefficients_table_addr = getelementptr i32 %cos_coefficients_table, i64 0, i64 %zext_ln27" [dft.cpp:27]   --->   Operation 65 'getelementptr' 'cos_coefficients_table_addr' <Predicate = (!icmp_ln21)> <Delay = 0.00>
ST_3 : Operation 66 [2/2] (3.25ns)   --->   "%c = load i10 %cos_coefficients_table_addr" [dft.cpp:27]   --->   Operation 66 'load' 'c' <Predicate = (!icmp_ln21)> <Delay = 3.25> <CoreInst = "ROM">   --->   Core 94 'ROM' <Latency = 1> <II = 1> <Delay = 3.25> <Storage> <Opcode : 'load'> <Ports = 0> <Width = 32> <Depth = 1024> <ROM>
ST_3 : Operation 67 [1/1] (0.00ns)   --->   "%sin_coefficients_table_addr = getelementptr i32 %sin_coefficients_table, i64 0, i64 %zext_ln27" [dft.cpp:28]   --->   Operation 67 'getelementptr' 'sin_coefficients_table_addr' <Predicate = (!icmp_ln21)> <Delay = 0.00>
ST_3 : Operation 68 [2/2] (3.25ns)   --->   "%s = load i10 %sin_coefficients_table_addr" [dft.cpp:28]   --->   Operation 68 'load' 's' <Predicate = (!icmp_ln21)> <Delay = 3.25> <CoreInst = "ROM">   --->   Core 94 'ROM' <Latency = 1> <II = 1> <Delay = 3.25> <Storage> <Opcode : 'load'> <Ports = 0> <Width = 32> <Depth = 1024> <ROM>

State 4 <SV = 3> <Delay = 3.25>
ST_4 : Operation 69 [1/2] ( I:3.25ns O:3.25ns )   --->   "%c = load i10 %cos_coefficients_table_addr" [dft.cpp:27]   --->   Operation 69 'load' 'c' <Predicate = (!icmp_ln21)> <Delay = 3.25> <CoreInst = "ROM">   --->   Core 94 'ROM' <Latency = 1> <II = 1> <Delay = 3.25> <Storage> <Opcode : 'load'> <Ports = 0> <Width = 32> <Depth = 1024> <ROM>
ST_4 : Operation 70 [1/2] ( I:3.25ns O:3.25ns )   --->   "%s = load i10 %sin_coefficients_table_addr" [dft.cpp:28]   --->   Operation 70 'load' 's' <Predicate = (!icmp_ln21)> <Delay = 3.25> <CoreInst = "ROM">   --->   Core 94 'ROM' <Latency = 1> <II = 1> <Delay = 3.25> <Storage> <Opcode : 'load'> <Ports = 0> <Width = 32> <Depth = 1024> <ROM>

State 5 <SV = 4> <Delay = 5.70>
ST_5 : Operation 71 [4/4] (5.70ns)   --->   "%mul = fmul i32 %real_sample_load, i32 %c" [dft.cpp:29]   --->   Operation 71 'fmul' 'mul' <Predicate = (!icmp_ln21)> <Delay = 5.70> <CoreInst = "FMul_maxdsp">   --->   Core 30 'FMul_maxdsp' <Latency = 3> <II = 1> <Delay = 5.70> <FuncUnit> <Opcode : 'fmul'> <InPorts = 2> <OutPorts = 1>

State 6 <SV = 5> <Delay = 5.70>
ST_6 : Operation 72 [3/4] (5.70ns)   --->   "%mul = fmul i32 %real_sample_load, i32 %c" [dft.cpp:29]   --->   Operation 72 'fmul' 'mul' <Predicate = (!icmp_ln21)> <Delay = 5.70> <CoreInst = "FMul_maxdsp">   --->   Core 30 'FMul_maxdsp' <Latency = 3> <II = 1> <Delay = 5.70> <FuncUnit> <Opcode : 'fmul'> <InPorts = 2> <OutPorts = 1>
ST_6 : Operation 73 [4/4] (5.70ns)   --->   "%mul1 = fmul i32 %imag_sample_load, i32 %s" [dft.cpp:29]   --->   Operation 73 'fmul' 'mul1' <Predicate = (!icmp_ln21)> <Delay = 5.70> <CoreInst = "FMul_maxdsp">   --->   Core 30 'FMul_maxdsp' <Latency = 3> <II = 1> <Delay = 5.70> <FuncUnit> <Opcode : 'fmul'> <InPorts = 2> <OutPorts = 1>

State 7 <SV = 6> <Delay = 5.70>
ST_7 : Operation 74 [2/4] (5.70ns)   --->   "%mul = fmul i32 %real_sample_load, i32 %c" [dft.cpp:29]   --->   Operation 74 'fmul' 'mul' <Predicate = true> <Delay = 5.70> <CoreInst = "FMul_maxdsp">   --->   Core 30 'FMul_maxdsp' <Latency = 3> <II = 1> <Delay = 5.70> <FuncUnit> <Opcode : 'fmul'> <InPorts = 2> <OutPorts = 1>
ST_7 : Operation 75 [3/4] (5.70ns)   --->   "%mul1 = fmul i32 %imag_sample_load, i32 %s" [dft.cpp:29]   --->   Operation 75 'fmul' 'mul1' <Predicate = true> <Delay = 5.70> <CoreInst = "FMul_maxdsp">   --->   Core 30 'FMul_maxdsp' <Latency = 3> <II = 1> <Delay = 5.70> <FuncUnit> <Opcode : 'fmul'> <InPorts = 2> <OutPorts = 1>
ST_7 : Operation 76 [4/4] (5.70ns)   --->   "%mul2 = fmul i32 %real_sample_load, i32 %s" [dft.cpp:30]   --->   Operation 76 'fmul' 'mul2' <Predicate = true> <Delay = 5.70> <CoreInst = "FMul_maxdsp">   --->   Core 30 'FMul_maxdsp' <Latency = 3> <II = 1> <Delay = 5.70> <FuncUnit> <Opcode : 'fmul'> <InPorts = 2> <OutPorts = 1>

State 8 <SV = 7> <Delay = 5.70>
ST_8 : Operation 77 [1/4] (5.70ns)   --->   "%mul = fmul i32 %real_sample_load, i32 %c" [dft.cpp:29]   --->   Operation 77 'fmul' 'mul' <Predicate = true> <Delay = 5.70> <CoreInst = "FMul_maxdsp">   --->   Core 30 'FMul_maxdsp' <Latency = 3> <II = 1> <Delay = 5.70> <FuncUnit> <Opcode : 'fmul'> <InPorts = 2> <OutPorts = 1>
ST_8 : Operation 78 [2/4] (5.70ns)   --->   "%mul1 = fmul i32 %imag_sample_load, i32 %s" [dft.cpp:29]   --->   Operation 78 'fmul' 'mul1' <Predicate = true> <Delay = 5.70> <CoreInst = "FMul_maxdsp">   --->   Core 30 'FMul_maxdsp' <Latency = 3> <II = 1> <Delay = 5.70> <FuncUnit> <Opcode : 'fmul'> <InPorts = 2> <OutPorts = 1>
ST_8 : Operation 79 [3/4] (5.70ns)   --->   "%mul2 = fmul i32 %real_sample_load, i32 %s" [dft.cpp:30]   --->   Operation 79 'fmul' 'mul2' <Predicate = true> <Delay = 5.70> <CoreInst = "FMul_maxdsp">   --->   Core 30 'FMul_maxdsp' <Latency = 3> <II = 1> <Delay = 5.70> <FuncUnit> <Opcode : 'fmul'> <InPorts = 2> <OutPorts = 1>
ST_8 : Operation 80 [4/4] (5.70ns)   --->   "%mul3 = fmul i32 %imag_sample_load, i32 %c" [dft.cpp:30]   --->   Operation 80 'fmul' 'mul3' <Predicate = true> <Delay = 5.70> <CoreInst = "FMul_maxdsp">   --->   Core 30 'FMul_maxdsp' <Latency = 3> <II = 1> <Delay = 5.70> <FuncUnit> <Opcode : 'fmul'> <InPorts = 2> <OutPorts = 1>

State 9 <SV = 8> <Delay = 5.70>
ST_9 : Operation 81 [1/4] (5.70ns)   --->   "%mul1 = fmul i32 %imag_sample_load, i32 %s" [dft.cpp:29]   --->   Operation 81 'fmul' 'mul1' <Predicate = true> <Delay = 5.70> <CoreInst = "FMul_maxdsp">   --->   Core 30 'FMul_maxdsp' <Latency = 3> <II = 1> <Delay = 5.70> <FuncUnit> <Opcode : 'fmul'> <InPorts = 2> <OutPorts = 1>
ST_9 : Operation 82 [2/4] (5.70ns)   --->   "%mul2 = fmul i32 %real_sample_load, i32 %s" [dft.cpp:30]   --->   Operation 82 'fmul' 'mul2' <Predicate = true> <Delay = 5.70> <CoreInst = "FMul_maxdsp">   --->   Core 30 'FMul_maxdsp' <Latency = 3> <II = 1> <Delay = 5.70> <FuncUnit> <Opcode : 'fmul'> <InPorts = 2> <OutPorts = 1>
ST_9 : Operation 83 [3/4] (5.70ns)   --->   "%mul3 = fmul i32 %imag_sample_load, i32 %c" [dft.cpp:30]   --->   Operation 83 'fmul' 'mul3' <Predicate = true> <Delay = 5.70> <CoreInst = "FMul_maxdsp">   --->   Core 30 'FMul_maxdsp' <Latency = 3> <II = 1> <Delay = 5.70> <FuncUnit> <Opcode : 'fmul'> <InPorts = 2> <OutPorts = 1>

State 10 <SV = 9> <Delay = 7.25>
ST_10 : Operation 84 [5/5] (7.25ns)   --->   "%sub = fsub i32 %mul, i32 %mul1" [dft.cpp:29]   --->   Operation 84 'fsub' 'sub' <Predicate = true> <Delay = 7.25> <CoreInst = "FAddSub_fulldsp">   --->   Core 18 'FAddSub_fulldsp' <Latency = 4> <II = 1> <Delay = 7.25> <FuncUnit> <Opcode : 'fadd' 'fsub'> <InPorts = 2> <OutPorts = 1>
ST_10 : Operation 85 [1/4] (5.70ns)   --->   "%mul2 = fmul i32 %real_sample_load, i32 %s" [dft.cpp:30]   --->   Operation 85 'fmul' 'mul2' <Predicate = true> <Delay = 5.70> <CoreInst = "FMul_maxdsp">   --->   Core 30 'FMul_maxdsp' <Latency = 3> <II = 1> <Delay = 5.70> <FuncUnit> <Opcode : 'fmul'> <InPorts = 2> <OutPorts = 1>
ST_10 : Operation 86 [2/4] (5.70ns)   --->   "%mul3 = fmul i32 %imag_sample_load, i32 %c" [dft.cpp:30]   --->   Operation 86 'fmul' 'mul3' <Predicate = true> <Delay = 5.70> <CoreInst = "FMul_maxdsp">   --->   Core 30 'FMul_maxdsp' <Latency = 3> <II = 1> <Delay = 5.70> <FuncUnit> <Opcode : 'fmul'> <InPorts = 2> <OutPorts = 1>

State 11 <SV = 10> <Delay = 7.25>
ST_11 : Operation 87 [4/5] (7.25ns)   --->   "%sub = fsub i32 %mul, i32 %mul1" [dft.cpp:29]   --->   Operation 87 'fsub' 'sub' <Predicate = true> <Delay = 7.25> <CoreInst = "FAddSub_fulldsp">   --->   Core 18 'FAddSub_fulldsp' <Latency = 4> <II = 1> <Delay = 7.25> <FuncUnit> <Opcode : 'fadd' 'fsub'> <InPorts = 2> <OutPorts = 1>
ST_11 : Operation 88 [1/4] (5.70ns)   --->   "%mul3 = fmul i32 %imag_sample_load, i32 %c" [dft.cpp:30]   --->   Operation 88 'fmul' 'mul3' <Predicate = true> <Delay = 5.70> <CoreInst = "FMul_maxdsp">   --->   Core 30 'FMul_maxdsp' <Latency = 3> <II = 1> <Delay = 5.70> <FuncUnit> <Opcode : 'fmul'> <InPorts = 2> <OutPorts = 1>

State 12 <SV = 11> <Delay = 7.25>
ST_12 : Operation 89 [3/5] (7.25ns)   --->   "%sub = fsub i32 %mul, i32 %mul1" [dft.cpp:29]   --->   Operation 89 'fsub' 'sub' <Predicate = true> <Delay = 7.25> <CoreInst = "FAddSub_fulldsp">   --->   Core 18 'FAddSub_fulldsp' <Latency = 4> <II = 1> <Delay = 7.25> <FuncUnit> <Opcode : 'fadd' 'fsub'> <InPorts = 2> <OutPorts = 1>
ST_12 : Operation 90 [5/5] (7.25ns)   --->   "%add1 = fadd i32 %mul2, i32 %mul3" [dft.cpp:30]   --->   Operation 90 'fadd' 'add1' <Predicate = true> <Delay = 7.25> <CoreInst = "FAddSub_fulldsp">   --->   Core 18 'FAddSub_fulldsp' <Latency = 4> <II = 1> <Delay = 7.25> <FuncUnit> <Opcode : 'fadd' 'fsub'> <InPorts = 2> <OutPorts = 1>

State 13 <SV = 12> <Delay = 7.25>
ST_13 : Operation 91 [2/5] (7.25ns)   --->   "%sub = fsub i32 %mul, i32 %mul1" [dft.cpp:29]   --->   Operation 91 'fsub' 'sub' <Predicate = true> <Delay = 7.25> <CoreInst = "FAddSub_fulldsp">   --->   Core 18 'FAddSub_fulldsp' <Latency = 4> <II = 1> <Delay = 7.25> <FuncUnit> <Opcode : 'fadd' 'fsub'> <InPorts = 2> <OutPorts = 1>
ST_13 : Operation 92 [4/5] (7.25ns)   --->   "%add1 = fadd i32 %mul2, i32 %mul3" [dft.cpp:30]   --->   Operation 92 'fadd' 'add1' <Predicate = true> <Delay = 7.25> <CoreInst = "FAddSub_fulldsp">   --->   Core 18 'FAddSub_fulldsp' <Latency = 4> <II = 1> <Delay = 7.25> <FuncUnit> <Opcode : 'fadd' 'fsub'> <InPorts = 2> <OutPorts = 1>

State 14 <SV = 13> <Delay = 7.25>
ST_14 : Operation 93 [1/1] (0.00ns)   --->   "%temp_real_load = load i32 %temp_real" [dft.cpp:9]   --->   Operation 93 'load' 'temp_real_load' <Predicate = (!icmp_ln25)> <Delay = 0.00>
ST_14 : Operation 94 [1/1] (0.69ns)   --->   "%select_ln9_2 = select i1 %icmp_ln25, i32 0, i32 %temp_real_load" [dft.cpp:9]   --->   Operation 94 'select' 'select_ln9_2' <Predicate = true> <Delay = 0.69> <CoreInst = "Sel">   --->   Core 73 'Sel' <Latency = 0> <II = 1> <Delay = 0.69> <FuncUnit> <Opcode : 'select'> <InPorts = 3> <OutPorts = 1>
ST_14 : Operation 95 [1/5] (7.25ns)   --->   "%sub = fsub i32 %mul, i32 %mul1" [dft.cpp:29]   --->   Operation 95 'fsub' 'sub' <Predicate = true> <Delay = 7.25> <CoreInst = "FAddSub_fulldsp">   --->   Core 18 'FAddSub_fulldsp' <Latency = 4> <II = 1> <Delay = 7.25> <FuncUnit> <Opcode : 'fadd' 'fsub'> <InPorts = 2> <OutPorts = 1>
ST_14 : Operation 96 [3/5] (7.25ns)   --->   "%add1 = fadd i32 %mul2, i32 %mul3" [dft.cpp:30]   --->   Operation 96 'fadd' 'add1' <Predicate = true> <Delay = 7.25> <CoreInst = "FAddSub_fulldsp">   --->   Core 18 'FAddSub_fulldsp' <Latency = 4> <II = 1> <Delay = 7.25> <FuncUnit> <Opcode : 'fadd' 'fsub'> <InPorts = 2> <OutPorts = 1>

State 15 <SV = 14> <Delay = 7.25>
ST_15 : Operation 97 [5/5] (7.25ns)   --->   "%temp_real_1 = fadd i32 %select_ln9_2, i32 %sub" [dft.cpp:29]   --->   Operation 97 'fadd' 'temp_real_1' <Predicate = true> <Delay = 7.25> <CoreInst = "FAddSub_fulldsp">   --->   Core 18 'FAddSub_fulldsp' <Latency = 4> <II = 1> <Delay = 7.25> <FuncUnit> <Opcode : 'fadd' 'fsub'> <InPorts = 2> <OutPorts = 1>
ST_15 : Operation 98 [2/5] (7.25ns)   --->   "%add1 = fadd i32 %mul2, i32 %mul3" [dft.cpp:30]   --->   Operation 98 'fadd' 'add1' <Predicate = true> <Delay = 7.25> <CoreInst = "FAddSub_fulldsp">   --->   Core 18 'FAddSub_fulldsp' <Latency = 4> <II = 1> <Delay = 7.25> <FuncUnit> <Opcode : 'fadd' 'fsub'> <InPorts = 2> <OutPorts = 1>

State 16 <SV = 15> <Delay = 7.25>
ST_16 : Operation 99 [1/1] (0.00ns)   --->   "%temp_imag_load = load i32 %temp_imag" [dft.cpp:9]   --->   Operation 99 'load' 'temp_imag_load' <Predicate = (!icmp_ln25)> <Delay = 0.00>
ST_16 : Operation 100 [1/1] (0.69ns)   --->   "%select_ln9_1 = select i1 %icmp_ln25, i32 0, i32 %temp_imag_load" [dft.cpp:9]   --->   Operation 100 'select' 'select_ln9_1' <Predicate = true> <Delay = 0.69> <CoreInst = "Sel">   --->   Core 73 'Sel' <Latency = 0> <II = 1> <Delay = 0.69> <FuncUnit> <Opcode : 'select'> <InPorts = 3> <OutPorts = 1>
ST_16 : Operation 101 [4/5] (7.25ns)   --->   "%temp_real_1 = fadd i32 %select_ln9_2, i32 %sub" [dft.cpp:29]   --->   Operation 101 'fadd' 'temp_real_1' <Predicate = true> <Delay = 7.25> <CoreInst = "FAddSub_fulldsp">   --->   Core 18 'FAddSub_fulldsp' <Latency = 4> <II = 1> <Delay = 7.25> <FuncUnit> <Opcode : 'fadd' 'fsub'> <InPorts = 2> <OutPorts = 1>
ST_16 : Operation 102 [1/5] (7.25ns)   --->   "%add1 = fadd i32 %mul2, i32 %mul3" [dft.cpp:30]   --->   Operation 102 'fadd' 'add1' <Predicate = true> <Delay = 7.25> <CoreInst = "FAddSub_fulldsp">   --->   Core 18 'FAddSub_fulldsp' <Latency = 4> <II = 1> <Delay = 7.25> <FuncUnit> <Opcode : 'fadd' 'fsub'> <InPorts = 2> <OutPorts = 1>
ST_16 : Operation 122 [1/1] (1.58ns)   --->   "%ret_ln0 = ret"   --->   Operation 122 'ret' 'ret_ln0' <Predicate = (icmp_ln21)> <Delay = 1.58>

State 17 <SV = 16> <Delay = 7.25>
ST_17 : Operation 103 [3/5] (7.25ns)   --->   "%temp_real_1 = fadd i32 %select_ln9_2, i32 %sub" [dft.cpp:29]   --->   Operation 103 'fadd' 'temp_real_1' <Predicate = true> <Delay = 7.25> <CoreInst = "FAddSub_fulldsp">   --->   Core 18 'FAddSub_fulldsp' <Latency = 4> <II = 1> <Delay = 7.25> <FuncUnit> <Opcode : 'fadd' 'fsub'> <InPorts = 2> <OutPorts = 1>
ST_17 : Operation 104 [5/5] (7.25ns)   --->   "%temp_imag_1 = fadd i32 %select_ln9_1, i32 %add1" [dft.cpp:30]   --->   Operation 104 'fadd' 'temp_imag_1' <Predicate = true> <Delay = 7.25> <CoreInst = "FAddSub_fulldsp">   --->   Core 18 'FAddSub_fulldsp' <Latency = 4> <II = 1> <Delay = 7.25> <FuncUnit> <Opcode : 'fadd' 'fsub'> <InPorts = 2> <OutPorts = 1>

State 18 <SV = 17> <Delay = 7.25>
ST_18 : Operation 105 [2/5] (7.25ns)   --->   "%temp_real_1 = fadd i32 %select_ln9_2, i32 %sub" [dft.cpp:29]   --->   Operation 105 'fadd' 'temp_real_1' <Predicate = true> <Delay = 7.25> <CoreInst = "FAddSub_fulldsp">   --->   Core 18 'FAddSub_fulldsp' <Latency = 4> <II = 1> <Delay = 7.25> <FuncUnit> <Opcode : 'fadd' 'fsub'> <InPorts = 2> <OutPorts = 1>
ST_18 : Operation 106 [4/5] (7.25ns)   --->   "%temp_imag_1 = fadd i32 %select_ln9_1, i32 %add1" [dft.cpp:30]   --->   Operation 106 'fadd' 'temp_imag_1' <Predicate = true> <Delay = 7.25> <CoreInst = "FAddSub_fulldsp">   --->   Core 18 'FAddSub_fulldsp' <Latency = 4> <II = 1> <Delay = 7.25> <FuncUnit> <Opcode : 'fadd' 'fsub'> <InPorts = 2> <OutPorts = 1>

State 19 <SV = 18> <Delay = 7.25>
ST_19 : Operation 107 [1/5] (7.25ns)   --->   "%temp_real_1 = fadd i32 %select_ln9_2, i32 %sub" [dft.cpp:29]   --->   Operation 107 'fadd' 'temp_real_1' <Predicate = true> <Delay = 7.25> <CoreInst = "FAddSub_fulldsp">   --->   Core 18 'FAddSub_fulldsp' <Latency = 4> <II = 1> <Delay = 7.25> <FuncUnit> <Opcode : 'fadd' 'fsub'> <InPorts = 2> <OutPorts = 1>
ST_19 : Operation 108 [3/5] (7.25ns)   --->   "%temp_imag_1 = fadd i32 %select_ln9_1, i32 %add1" [dft.cpp:30]   --->   Operation 108 'fadd' 'temp_imag_1' <Predicate = true> <Delay = 7.25> <CoreInst = "FAddSub_fulldsp">   --->   Core 18 'FAddSub_fulldsp' <Latency = 4> <II = 1> <Delay = 7.25> <FuncUnit> <Opcode : 'fadd' 'fsub'> <InPorts = 2> <OutPorts = 1>

State 20 <SV = 19> <Delay = 7.25>
ST_20 : Operation 109 [2/5] (7.25ns)   --->   "%temp_imag_1 = fadd i32 %select_ln9_1, i32 %add1" [dft.cpp:30]   --->   Operation 109 'fadd' 'temp_imag_1' <Predicate = true> <Delay = 7.25> <CoreInst = "FAddSub_fulldsp">   --->   Core 18 'FAddSub_fulldsp' <Latency = 4> <II = 1> <Delay = 7.25> <FuncUnit> <Opcode : 'fadd' 'fsub'> <InPorts = 2> <OutPorts = 1>
ST_20 : Operation 110 [1/1] (1.58ns)   --->   "%store_ln22 = store i32 %temp_real_1, i32 %temp_real" [dft.cpp:22]   --->   Operation 110 'store' 'store_ln22' <Predicate = true> <Delay = 1.58>

State 21 <SV = 20> <Delay = 7.25>
ST_21 : Operation 111 [1/5] (7.25ns)   --->   "%temp_imag_1 = fadd i32 %select_ln9_1, i32 %add1" [dft.cpp:30]   --->   Operation 111 'fadd' 'temp_imag_1' <Predicate = true> <Delay = 7.25> <CoreInst = "FAddSub_fulldsp">   --->   Core 18 'FAddSub_fulldsp' <Latency = 4> <II = 1> <Delay = 7.25> <FuncUnit> <Opcode : 'fadd' 'fsub'> <InPorts = 2> <OutPorts = 1>

State 22 <SV = 21> <Delay = 1.58>
ST_22 : Operation 112 [1/1] (0.00ns)   --->   "%specloopname_ln0 = specloopname void @_ssdm_op_SpecLoopName, void @COMPUTE_DFT_INNER_LOOP_str"   --->   Operation 112 'specloopname' 'specloopname_ln0' <Predicate = true> <Delay = 0.00>
ST_22 : Operation 113 [1/1] (0.00ns)   --->   "%speclooptripcount_ln0 = speclooptripcount void @_ssdm_op_SpecLoopTripCount, i64 1048576, i64 1048576, i64 1048576"   --->   Operation 113 'speclooptripcount' 'speclooptripcount_ln0' <Predicate = true> <Delay = 0.00>
ST_22 : Operation 114 [1/1] (0.00ns)   --->   "%specpipeline_ln22 = specpipeline void @_ssdm_op_SpecPipeline, i32 4294967295, i32 0, i32 0, i32 0, void @empty_1" [dft.cpp:22]   --->   Operation 114 'specpipeline' 'specpipeline_ln22' <Predicate = true> <Delay = 0.00>
ST_22 : Operation 115 [1/1] (0.00ns)   --->   "%bitcast_ln33 = bitcast i32 %temp_real_1" [dft.cpp:33]   --->   Operation 115 'bitcast' 'bitcast_ln33' <Predicate = true> <Delay = 0.00>
ST_22 : Operation 116 [1/1] (0.00ns)   --->   "%bitcast_ln34 = bitcast i32 %temp_imag_1" [dft.cpp:34]   --->   Operation 116 'bitcast' 'bitcast_ln34' <Predicate = true> <Delay = 0.00>
ST_22 : Operation 117 [1/1] (1.29ns)   --->   "%write_ln33 = write void @_ssdm_op_Write.axis.volatile.i32P128A, i32 %output_real, i32 %bitcast_ln33" [dft.cpp:33]   --->   Operation 117 'write' 'write_ln33' <Predicate = (icmp_ln25_1)> <Delay = 1.29> <CoreInst = "regslice">   --->   Core 135 'regslice' <Latency = 0> <II = 1> <Delay = 1.86> <Adapter> <Opcode : 'read' 'write'>
ST_22 : Operation 118 [1/1] (1.29ns)   --->   "%write_ln34 = write void @_ssdm_op_Write.axis.volatile.i32P128A, i32 %output_imag, i32 %bitcast_ln34" [dft.cpp:34]   --->   Operation 118 'write' 'write_ln34' <Predicate = (icmp_ln25_1)> <Delay = 1.29> <CoreInst = "regslice">   --->   Core 135 'regslice' <Latency = 0> <II = 1> <Delay = 1.86> <Adapter> <Opcode : 'read' 'write'>
ST_22 : Operation 119 [1/1] (0.00ns)   --->   "%br_ln25 = br void %new.latch.for.inc28.split" [dft.cpp:25]   --->   Operation 119 'br' 'br_ln25' <Predicate = (icmp_ln25_1)> <Delay = 0.00>
ST_22 : Operation 120 [1/1] (1.58ns)   --->   "%store_ln23 = store i32 %temp_imag_1, i32 %temp_imag" [dft.cpp:23]   --->   Operation 120 'store' 'store_ln23' <Predicate = true> <Delay = 1.58>
ST_22 : Operation 121 [1/1] (0.00ns)   --->   "%br_ln25 = br void %for.inc28" [dft.cpp:25]   --->   Operation 121 'br' 'br_ln25' <Predicate = true> <Delay = 0.00>


============================================================
+ Verbose Summary: Binding
============================================================
STG Binding: 
---------------- STG Properties BEGIN ----------------
- Is combinational: 0
- Is one-state seq: 0
- Is datapath-only: 0
- Is pipelined: 0
- Is top level: 0
Port [ Return ] is wired: 1; IO mode=ap_ctrl_hs:ce=0
Port [ output_real]:  wired=1; compound=1; hidden=0; nouse=0; global=0; static=0; extern=0; dir=1; type=0; pingpong=0; private_global=0; IO mode=axis:ce=0
Port [ output_imag]:  wired=1; compound=1; hidden=0; nouse=0; global=0; static=0; extern=0; dir=1; type=0; pingpong=0; private_global=0; IO mode=axis:ce=0
Port [ real_sample]:  wired=1; compound=1; hidden=0; nouse=0; global=0; static=0; extern=0; dir=0; type=1; pingpong=0; private_global=0; MemPort=[13]; IO mode=ap_memory:ce=0
Port [ imag_sample]:  wired=1; compound=1; hidden=0; nouse=0; global=0; static=0; extern=0; dir=0; type=1; pingpong=0; private_global=0; MemPort=[13]; IO mode=ap_memory:ce=0
Port [ cos_coefficients_table]:  wired=0; compound=1; hidden=1; nouse=0; global=1; static=1; extern=0; dir=0; type=1; pingpong=0; private_global=1; MemPort=[1]; IO mode=ap_memory:ce=0
Port [ sin_coefficients_table]:  wired=0; compound=1; hidden=1; nouse=0; global=1; static=1; extern=0; dir=0; type=1; pingpong=0; private_global=1; MemPort=[1]; IO mode=ap_memory:ce=0
---------------- STG Properties END ------------------

---------------- Datapath Model BEGIN ----------------

<LifeTime>
<method=bitvector/>
temp_real                   (alloca           ) [ 01111111111111111111100]
temp_imag                   (alloca           ) [ 01111111111111111111111]
j_1                         (alloca           ) [ 01000000000000000000000]
i                           (alloca           ) [ 01100000000000000000000]
indvar_flatten              (alloca           ) [ 01000000000000000000000]
specinterface_ln0           (specinterface    ) [ 00000000000000000000000]
specinterface_ln0           (specinterface    ) [ 00000000000000000000000]
store_ln0                   (store            ) [ 00000000000000000000000]
store_ln9                   (store            ) [ 00000000000000000000000]
store_ln9                   (store            ) [ 00000000000000000000000]
store_ln23                  (store            ) [ 00000000000000000000000]
store_ln22                  (store            ) [ 00000000000000000000000]
br_ln0                      (br               ) [ 00000000000000000000000]
indvar_flatten_load         (load             ) [ 00000000000000000000000]
icmp_ln21                   (icmp             ) [ 01111111111111111000000]
add_ln21                    (add              ) [ 00000000000000000000000]
br_ln21                     (br               ) [ 00000000000000000000000]
j_1_load                    (load             ) [ 00000000000000000000000]
icmp_ln25                   (icmp             ) [ 01111111111111111000000]
select_ln9                  (select           ) [ 00000000000000000000000]
zext_ln25                   (zext             ) [ 00000000000000000000000]
trunc_ln26_1                (trunc            ) [ 00100000000000000000000]
real_sample_addr            (getelementptr    ) [ 00100000000000000000000]
imag_sample_addr            (getelementptr    ) [ 00100000000000000000000]
add_ln25                    (add              ) [ 00000000000000000000000]
icmp_ln25_1                 (icmp             ) [ 01111111111111111111111]
br_ln25                     (br               ) [ 00000000000000000000000]
store_ln21                  (store            ) [ 00000000000000000000000]
store_ln9                   (store            ) [ 00000000000000000000000]
i_load                      (load             ) [ 00000000000000000000000]
add_ln21_1                  (add              ) [ 00000000000000000000000]
select_ln21                 (select           ) [ 00000000000000000000000]
trunc_ln26                  (trunc            ) [ 00000000000000000000000]
idx                         (mul              ) [ 00010000000000000000000]
real_sample_load            (load             ) [ 01111111111000000000000]
imag_sample_load            (load             ) [ 01111111111100000000000]
store_ln9                   (store            ) [ 00000000000000000000000]
zext_ln27                   (zext             ) [ 00000000000000000000000]
cos_coefficients_table_addr (getelementptr    ) [ 00001000000000000000000]
sin_coefficients_table_addr (getelementptr    ) [ 00001000000000000000000]
c                           (load             ) [ 01111111111100000000000]
s                           (load             ) [ 01111111111000000000000]
mul                         (fmul             ) [ 01111110011111100000000]
mul1                        (fmul             ) [ 01101110001111100000000]
mul2                        (fmul             ) [ 01111110000111111000000]
mul3                        (fmul             ) [ 01111010000011111000000]
temp_real_load              (load             ) [ 00000000000000000000000]
select_ln9_2                (select           ) [ 01011110000000011111000]
sub                         (fsub             ) [ 01011110000000011111000]
temp_imag_load              (load             ) [ 00000000000000000000000]
select_ln9_1                (select           ) [ 01110110000000000111110]
add1                        (fadd             ) [ 01110110000000000111110]
temp_real_1                 (fadd             ) [ 00111000000000000000111]
store_ln22                  (store            ) [ 00000000000000000000000]
temp_imag_1                 (fadd             ) [ 00001000000000000000001]
specloopname_ln0            (specloopname     ) [ 00000000000000000000000]
speclooptripcount_ln0       (speclooptripcount) [ 00000000000000000000000]
specpipeline_ln22           (specpipeline     ) [ 00000000000000000000000]
bitcast_ln33                (bitcast          ) [ 00000000000000000000000]
bitcast_ln34                (bitcast          ) [ 00000000000000000000000]
write_ln33                  (write            ) [ 00000000000000000000000]
write_ln34                  (write            ) [ 00000000000000000000000]
br_ln25                     (br               ) [ 00000000000000000000000]
store_ln23                  (store            ) [ 00000000000000000000000]
br_ln25                     (br               ) [ 00000000000000000000000]
ret_ln0                     (ret              ) [ 00000000000000000000000]
</LifeTime>

<model>

<comp_list>
<comp id="0" class="1000" name="output_real">
<pin_list>
<pin id="1" dir="1" index="0" bw="1" slack="0"/>
</pin_list>
<bind>
<StgValue><ssdm name="output_real"/></StgValue>
</bind>
</comp>

<comp id="2" class="1000" name="output_imag">
<pin_list>
<pin id="3" dir="1" index="0" bw="1" slack="0"/>
</pin_list>
<bind>
<StgValue><ssdm name="output_imag"/></StgValue>
</bind>
</comp>

<comp id="4" class="1000" name="real_sample">
<pin_list>
<pin id="5" dir="1" index="0" bw="1" slack="0"/>
</pin_list>
<bind>
<StgValue><ssdm name="real_sample"/><MemPortTyVec>1 3 </MemPortTyVec>
</StgValue>
</bind>
</comp>

<comp id="6" class="1000" name="imag_sample">
<pin_list>
<pin id="7" dir="1" index="0" bw="1" slack="0"/>
</pin_list>
<bind>
<StgValue><ssdm name="imag_sample"/><MemPortTyVec>1 3 </MemPortTyVec>
</StgValue>
</bind>
</comp>

<comp id="8" class="1000" name="cos_coefficients_table">
<pin_list>
<pin id="9" dir="1" index="0" bw="1" slack="0"/>
</pin_list>
<bind>
<StgValue><ssdm name="cos_coefficients_table"/><MemPortTyVec>1 </MemPortTyVec>
</StgValue>
</bind>
</comp>

<comp id="10" class="1000" name="sin_coefficients_table">
<pin_list>
<pin id="11" dir="1" index="0" bw="1" slack="0"/>
</pin_list>
<bind>
<StgValue><ssdm name="sin_coefficients_table"/><MemPortTyVec>1 </MemPortTyVec>
</StgValue>
</bind>
</comp>

<comp id="12" class="1001" name="const_12">
<pin_list>
<pin id="13" dir="1" index="0" bw="1" slack="0"/>
</pin_list>
<bind>
<StgValue><ssdm name=""/></StgValue>
</bind>
</comp>

<comp id="14" class="1001" name="const_14">
<pin_list>
<pin id="15" dir="1" index="0" bw="1" slack="2147483647"/>
</pin_list>
<bind>
<StgValue><ssdm name="_ssdm_op_SpecInterface"/></StgValue>
</bind>
</comp>

<comp id="16" class="1001" name="const_16">
<pin_list>
<pin id="17" dir="1" index="0" bw="1" slack="2147483647"/>
</pin_list>
<bind>
<StgValue><ssdm name="empty"/></StgValue>
</bind>
</comp>

<comp id="18" class="1001" name="const_18">
<pin_list>
<pin id="19" dir="1" index="0" bw="1" slack="2147483647"/>
</pin_list>
<bind>
<StgValue><ssdm name=""/></StgValue>
</bind>
</comp>

<comp id="20" class="1001" name="const_20">
<pin_list>
<pin id="21" dir="1" index="0" bw="1" slack="2147483647"/>
</pin_list>
<bind>
<StgValue><ssdm name="empty_0"/></StgValue>
</bind>
</comp>

<comp id="22" class="1001" name="const_22">
<pin_list>
<pin id="23" dir="1" index="0" bw="1" slack="2147483647"/>
</pin_list>
<bind>
<StgValue><ssdm name="empty_1"/></StgValue>
</bind>
</comp>

<comp id="24" class="1001" name="const_24">
<pin_list>
<pin id="25" dir="1" index="0" bw="1" slack="2147483647"/>
</pin_list>
<bind>
<StgValue><ssdm name=""/></StgValue>
</bind>
</comp>

<comp id="26" class="1001" name="const_26">
<pin_list>
<pin id="27" dir="1" index="0" bw="1" slack="0"/>
</pin_list>
<bind>
<StgValue><ssdm name=""/></StgValue>
</bind>
</comp>

<comp id="28" class="1001" name="const_28">
<pin_list>
<pin id="29" dir="1" index="0" bw="1" slack="0"/>
</pin_list>
<bind>
<StgValue><ssdm name=""/></StgValue>
</bind>
</comp>

<comp id="30" class="1001" name="const_30">
<pin_list>
<pin id="31" dir="1" index="0" bw="1" slack="0"/>
</pin_list>
<bind>
<StgValue><ssdm name=""/></StgValue>
</bind>
</comp>

<comp id="32" class="1001" name="const_32">
<pin_list>
<pin id="33" dir="1" index="0" bw="1" slack="0"/>
</pin_list>
<bind>
<StgValue><ssdm name=""/></StgValue>
</bind>
</comp>

<comp id="34" class="1001" name="const_34">
<pin_list>
<pin id="35" dir="1" index="0" bw="1" slack="0"/>
</pin_list>
<bind>
<StgValue><ssdm name=""/></StgValue>
</bind>
</comp>

<comp id="36" class="1001" name="const_36">
<pin_list>
<pin id="37" dir="1" index="0" bw="1" slack="0"/>
</pin_list>
<bind>
<StgValue><ssdm name=""/></StgValue>
</bind>
</comp>

<comp id="38" class="1001" name="const_38">
<pin_list>
<pin id="39" dir="1" index="0" bw="1" slack="0"/>
</pin_list>
<bind>
<StgValue><ssdm name=""/></StgValue>
</bind>
</comp>

<comp id="40" class="1001" name="const_40">
<pin_list>
<pin id="41" dir="1" index="0" bw="1" slack="0"/>
</pin_list>
<bind>
<StgValue><ssdm name=""/></StgValue>
</bind>
</comp>

<comp id="42" class="1001" name="const_42">
<pin_list>
<pin id="43" dir="1" index="0" bw="1" slack="2147483647"/>
</pin_list>
<bind>
<StgValue><ssdm name="_ssdm_op_SpecLoopName"/></StgValue>
</bind>
</comp>

<comp id="44" class="1001" name="const_44">
<pin_list>
<pin id="45" dir="1" index="0" bw="1" slack="2147483647"/>
</pin_list>
<bind>
<StgValue><ssdm name="COMPUTE_DFT_INNER_LOOP_str"/></StgValue>
</bind>
</comp>

<comp id="46" class="1001" name="const_46">
<pin_list>
<pin id="47" dir="1" index="0" bw="1" slack="2147483647"/>
</pin_list>
<bind>
<StgValue><ssdm name="_ssdm_op_SpecLoopTripCount"/></StgValue>
</bind>
</comp>

<comp id="48" class="1001" name="const_48">
<pin_list>
<pin id="49" dir="1" index="0" bw="1" slack="2147483647"/>
</pin_list>
<bind>
<StgValue><ssdm name=""/></StgValue>
</bind>
</comp>

<comp id="50" class="1001" name="const_50">
<pin_list>
<pin id="51" dir="1" index="0" bw="1" slack="2147483647"/>
</pin_list>
<bind>
<StgValue><ssdm name="_ssdm_op_SpecPipeline"/></StgValue>
</bind>
</comp>

<comp id="52" class="1001" name="const_52">
<pin_list>
<pin id="53" dir="1" index="0" bw="1" slack="0"/>
</pin_list>
<bind>
<StgValue><ssdm name="_ssdm_op_Write.axis.volatile.i32P128A"/></StgValue>
</bind>
</comp>

<comp id="54" class="1004" name="temp_real_fu_54">
<pin_list>
<pin id="55" dir="0" index="0" bw="1" slack="0"/>
<pin id="56" dir="1" index="1" bw="32" slack="0"/>
</pin_list>
<bind>
<opcode="alloca(26) " fcode="alloca"/>
<opset="temp_real/1 "/>
</bind>
</comp>

<comp id="58" class="1004" name="temp_imag_fu_58">
<pin_list>
<pin id="59" dir="0" index="0" bw="1" slack="0"/>
<pin id="60" dir="1" index="1" bw="32" slack="0"/>
</pin_list>
<bind>
<opcode="alloca(26) " fcode="alloca"/>
<opset="temp_imag/1 "/>
</bind>
</comp>

<comp id="62" class="1004" name="j_1_fu_62">
<pin_list>
<pin id="63" dir="0" index="0" bw="1" slack="0"/>
<pin id="64" dir="1" index="1" bw="11" slack="0"/>
</pin_list>
<bind>
<opcode="alloca(26) " fcode="alloca"/>
<opset="j_1/1 "/>
</bind>
</comp>

<comp id="66" class="1004" name="i_fu_66">
<pin_list>
<pin id="67" dir="0" index="0" bw="1" slack="0"/>
<pin id="68" dir="1" index="1" bw="11" slack="0"/>
</pin_list>
<bind>
<opcode="alloca(26) " fcode="alloca"/>
<opset="i/1 "/>
</bind>
</comp>

<comp id="70" class="1004" name="indvar_flatten_fu_70">
<pin_list>
<pin id="71" dir="0" index="0" bw="1" slack="0"/>
<pin id="72" dir="1" index="1" bw="21" slack="0"/>
</pin_list>
<bind>
<opcode="alloca(26) " fcode="alloca"/>
<opset="indvar_flatten/1 "/>
</bind>
</comp>

<comp id="74" class="1004" name="write_ln33_write_fu_74">
<pin_list>
<pin id="75" dir="0" index="0" bw="0" slack="0"/>
<pin id="76" dir="0" index="1" bw="32" slack="0"/>
<pin id="77" dir="0" index="2" bw="32" slack="0"/>
<pin id="78" dir="1" index="3" bw="0" slack="2147483647"/>
</pin_list>
<bind>
<opcode="write(1151) " fcode="write"/>
<opset="write_ln33/22 "/>
</bind>
</comp>

<comp id="81" class="1004" name="write_ln34_write_fu_81">
<pin_list>
<pin id="82" dir="0" index="0" bw="0" slack="0"/>
<pin id="83" dir="0" index="1" bw="32" slack="0"/>
<pin id="84" dir="0" index="2" bw="32" slack="0"/>
<pin id="85" dir="1" index="3" bw="0" slack="2147483647"/>
</pin_list>
<bind>
<opcode="write(1151) " fcode="write"/>
<opset="write_ln34/22 "/>
</bind>
</comp>

<comp id="88" class="1004" name="real_sample_addr_gep_fu_88">
<pin_list>
<pin id="89" dir="0" index="0" bw="32" slack="0"/>
<pin id="90" dir="0" index="1" bw="1" slack="0"/>
<pin id="91" dir="0" index="2" bw="11" slack="0"/>
<pin id="92" dir="1" index="3" bw="10" slack="0"/>
</pin_list>
<bind>
<opcode="getelementptr(29) " fcode="getelementptr"/>
<opset="real_sample_addr/1 "/>
</bind>
</comp>

<comp id="95" class="1004" name="grp_access_fu_95">
<pin_list>
<pin id="96" dir="0" index="0" bw="10" slack="0"/>
<pin id="97" dir="0" index="1" bw="32" slack="2147483647"/>
<pin id="98" dir="0" index="2" bw="0" slack="2147483647"/>
<pin id="99" dir="1" index="3" bw="32" slack="3"/>
</pin_list>
<bind>
<opcode="load(27) " fcode="load"/>
<opset="real_sample_load/1 "/>
</bind>
</comp>

<comp id="101" class="1004" name="imag_sample_addr_gep_fu_101">
<pin_list>
<pin id="102" dir="0" index="0" bw="32" slack="0"/>
<pin id="103" dir="0" index="1" bw="1" slack="0"/>
<pin id="104" dir="0" index="2" bw="11" slack="0"/>
<pin id="105" dir="1" index="3" bw="10" slack="0"/>
</pin_list>
<bind>
<opcode="getelementptr(29) " fcode="getelementptr"/>
<opset="imag_sample_addr/1 "/>
</bind>
</comp>

<comp id="108" class="1004" name="grp_access_fu_108">
<pin_list>
<pin id="109" dir="0" index="0" bw="10" slack="0"/>
<pin id="110" dir="0" index="1" bw="32" slack="2147483647"/>
<pin id="111" dir="0" index="2" bw="0" slack="2147483647"/>
<pin id="112" dir="1" index="3" bw="32" slack="4"/>
</pin_list>
<bind>
<opcode="load(27) " fcode="load"/>
<opset="imag_sample_load/1 "/>
</bind>
</comp>

<comp id="114" class="1004" name="cos_coefficients_table_addr_gep_fu_114">
<pin_list>
<pin id="115" dir="0" index="0" bw="32" slack="0"/>
<pin id="116" dir="0" index="1" bw="1" slack="0"/>
<pin id="117" dir="0" index="2" bw="10" slack="0"/>
<pin id="118" dir="1" index="3" bw="10" slack="0"/>
</pin_list>
<bind>
<opcode="getelementptr(29) " fcode="getelementptr"/>
<opset="cos_coefficients_table_addr/3 "/>
</bind>
</comp>

<comp id="121" class="1004" name="grp_access_fu_121">
<pin_list>
<pin id="122" dir="0" index="0" bw="10" slack="0"/>
<pin id="123" dir="0" index="1" bw="32" slack="2147483647"/>
<pin id="124" dir="0" index="2" bw="0" slack="2147483647"/>
<pin id="125" dir="1" index="3" bw="32" slack="1"/>
</pin_list>
<bind>
<opcode="load(27) " fcode="load"/>
<opset="c/3 "/>
</bind>
</comp>

<comp id="127" class="1004" name="sin_coefficients_table_addr_gep_fu_127">
<pin_list>
<pin id="128" dir="0" index="0" bw="32" slack="0"/>
<pin id="129" dir="0" index="1" bw="1" slack="0"/>
<pin id="130" dir="0" index="2" bw="10" slack="0"/>
<pin id="131" dir="1" index="3" bw="10" slack="0"/>
</pin_list>
<bind>
<opcode="getelementptr(29) " fcode="getelementptr"/>
<opset="sin_coefficients_table_addr/3 "/>
</bind>
</comp>

<comp id="134" class="1004" name="grp_access_fu_134">
<pin_list>
<pin id="135" dir="0" index="0" bw="10" slack="0"/>
<pin id="136" dir="0" index="1" bw="32" slack="2147483647"/>
<pin id="137" dir="0" index="2" bw="0" slack="2147483647"/>
<pin id="138" dir="1" index="3" bw="32" slack="2"/>
</pin_list>
<bind>
<opcode="load(27) " fcode="load"/>
<opset="s/3 "/>
</bind>
</comp>

<comp id="140" class="1004" name="grp_fu_140">
<pin_list>
<pin id="141" dir="0" index="0" bw="32" slack="1"/>
<pin id="142" dir="0" index="1" bw="32" slack="1"/>
<pin id="143" dir="1" index="2" bw="32" slack="1"/>
</pin_list>
<bind>
<opcode="fadd(9) fsub(11) " fcode="fadd"/>
<opset="sub/10 add1/12 temp_real_1/15 temp_imag_1/17 "/>
</bind>
</comp>

<comp id="144" class="1004" name="grp_fu_144">
<pin_list>
<pin id="145" dir="0" index="0" bw="32" slack="3"/>
<pin id="146" dir="0" index="1" bw="32" slack="1"/>
<pin id="147" dir="1" index="2" bw="32" slack="1"/>
</pin_list>
<bind>
<opcode="fmul(13) " fcode="fmul"/>
<opset="mul/5 mul1/6 mul2/7 mul3/8 "/>
</bind>
</comp>

<comp id="148" class="1005" name="reg_148">
<pin_list>
<pin id="149" dir="0" index="0" bw="32" slack="1"/>
<pin id="150" dir="1" index="1" bw="32" slack="1"/>
</pin_list>
<bind>
<opset="add1 temp_imag_1 "/>
</bind>
</comp>

<comp id="153" class="1004" name="store_ln0_store_fu_153">
<pin_list>
<pin id="154" dir="0" index="0" bw="1" slack="0"/>
<pin id="155" dir="0" index="1" bw="21" slack="0"/>
<pin id="156" dir="1" index="2" bw="0" slack="2147483647"/>
</pin_list>
<bind>
<opcode="store(28) " fcode="store"/>
<opset="store_ln0/1 "/>
</bind>
</comp>

<comp id="158" class="1004" name="store_ln9_store_fu_158">
<pin_list>
<pin id="159" dir="0" index="0" bw="1" slack="0"/>
<pin id="160" dir="0" index="1" bw="11" slack="0"/>
<pin id="161" dir="1" index="2" bw="0" slack="2147483647"/>
</pin_list>
<bind>
<opcode="store(28) " fcode="store"/>
<opset="store_ln9/1 "/>
</bind>
</comp>

<comp id="163" class="1004" name="store_ln9_store_fu_163">
<pin_list>
<pin id="164" dir="0" index="0" bw="1" slack="0"/>
<pin id="165" dir="0" index="1" bw="11" slack="0"/>
<pin id="166" dir="1" index="2" bw="0" slack="2147483647"/>
</pin_list>
<bind>
<opcode="store(28) " fcode="store"/>
<opset="store_ln9/1 "/>
</bind>
</comp>

<comp id="168" class="1004" name="store_ln23_store_fu_168">
<pin_list>
<pin id="169" dir="0" index="0" bw="32" slack="0"/>
<pin id="170" dir="0" index="1" bw="32" slack="0"/>
<pin id="171" dir="1" index="2" bw="0" slack="2147483647"/>
</pin_list>
<bind>
<opcode="store(28) " fcode="store"/>
<opset="store_ln23/1 "/>
</bind>
</comp>

<comp id="173" class="1004" name="store_ln22_store_fu_173">
<pin_list>
<pin id="174" dir="0" index="0" bw="32" slack="0"/>
<pin id="175" dir="0" index="1" bw="32" slack="0"/>
<pin id="176" dir="1" index="2" bw="0" slack="2147483647"/>
</pin_list>
<bind>
<opcode="store(28) " fcode="store"/>
<opset="store_ln22/1 "/>
</bind>
</comp>

<comp id="178" class="1004" name="indvar_flatten_load_load_fu_178">
<pin_list>
<pin id="179" dir="0" index="0" bw="21" slack="0"/>
<pin id="180" dir="1" index="1" bw="21" slack="0"/>
</pin_list>
<bind>
<opcode="load(27) " fcode="load"/>
<opset="indvar_flatten_load/1 "/>
</bind>
</comp>

<comp id="181" class="1004" name="icmp_ln21_fu_181">
<pin_list>
<pin id="182" dir="0" index="0" bw="21" slack="0"/>
<pin id="183" dir="0" index="1" bw="21" slack="0"/>
<pin id="184" dir="1" index="2" bw="1" slack="1"/>
</pin_list>
<bind>
<opcode="icmp(45) " fcode="icmp"/>
<opset="icmp_ln21/1 "/>
</bind>
</comp>

<comp id="187" class="1004" name="add_ln21_fu_187">
<pin_list>
<pin id="188" dir="0" index="0" bw="21" slack="0"/>
<pin id="189" dir="0" index="1" bw="1" slack="0"/>
<pin id="190" dir="1" index="2" bw="21" slack="0"/>
</pin_list>
<bind>
<opcode="add(8) " fcode="add"/>
<opset="add_ln21/1 "/>
</bind>
</comp>

<comp id="193" class="1004" name="j_1_load_load_fu_193">
<pin_list>
<pin id="194" dir="0" index="0" bw="11" slack="0"/>
<pin id="195" dir="1" index="1" bw="11" slack="0"/>
</pin_list>
<bind>
<opcode="load(27) " fcode="load"/>
<opset="j_1_load/1 "/>
</bind>
</comp>

<comp id="196" class="1004" name="icmp_ln25_fu_196">
<pin_list>
<pin id="197" dir="0" index="0" bw="11" slack="0"/>
<pin id="198" dir="0" index="1" bw="11" slack="0"/>
<pin id="199" dir="1" index="2" bw="1" slack="0"/>
</pin_list>
<bind>
<opcode="icmp(45) " fcode="icmp"/>
<opset="icmp_ln25/1 "/>
</bind>
</comp>

<comp id="202" class="1004" name="select_ln9_fu_202">
<pin_list>
<pin id="203" dir="0" index="0" bw="1" slack="0"/>
<pin id="204" dir="0" index="1" bw="1" slack="0"/>
<pin id="205" dir="0" index="2" bw="11" slack="0"/>
<pin id="206" dir="1" index="3" bw="11" slack="0"/>
</pin_list>
<bind>
<opcode="select(49) " fcode="select"/>
<opset="select_ln9/1 "/>
</bind>
</comp>

<comp id="210" class="1004" name="zext_ln25_fu_210">
<pin_list>
<pin id="211" dir="0" index="0" bw="11" slack="0"/>
<pin id="212" dir="1" index="1" bw="64" slack="0"/>
</pin_list>
<bind>
<opcode="zext(34) " fcode="zext"/>
<opset="zext_ln25/1 "/>
</bind>
</comp>

<comp id="216" class="1004" name="trunc_ln26_1_fu_216">
<pin_list>
<pin id="217" dir="0" index="0" bw="11" slack="0"/>
<pin id="218" dir="1" index="1" bw="10" slack="1"/>
</pin_list>
<bind>
<opcode="trunc(33) " fcode="trunc"/>
<opset="trunc_ln26_1/1 "/>
</bind>
</comp>

<comp id="220" class="1004" name="add_ln25_fu_220">
<pin_list>
<pin id="221" dir="0" index="0" bw="11" slack="0"/>
<pin id="222" dir="0" index="1" bw="1" slack="0"/>
<pin id="223" dir="1" index="2" bw="11" slack="0"/>
</pin_list>
<bind>
<opcode="add(8) " fcode="add"/>
<opset="add_ln25/1 "/>
</bind>
</comp>

<comp id="226" class="1004" name="icmp_ln25_1_fu_226">
<pin_list>
<pin id="227" dir="0" index="0" bw="11" slack="0"/>
<pin id="228" dir="0" index="1" bw="11" slack="0"/>
<pin id="229" dir="1" index="2" bw="1" slack="21"/>
</pin_list>
<bind>
<opcode="icmp(45) " fcode="icmp"/>
<opset="icmp_ln25_1/1 "/>
</bind>
</comp>

<comp id="232" class="1004" name="store_ln21_store_fu_232">
<pin_list>
<pin id="233" dir="0" index="0" bw="21" slack="0"/>
<pin id="234" dir="0" index="1" bw="21" slack="0"/>
<pin id="235" dir="1" index="2" bw="0" slack="2147483647"/>
</pin_list>
<bind>
<opcode="store(28) " fcode="store"/>
<opset="store_ln21/1 "/>
</bind>
</comp>

<comp id="237" class="1004" name="store_ln9_store_fu_237">
<pin_list>
<pin id="238" dir="0" index="0" bw="11" slack="0"/>
<pin id="239" dir="0" index="1" bw="11" slack="0"/>
<pin id="240" dir="1" index="2" bw="0" slack="2147483647"/>
</pin_list>
<bind>
<opcode="store(28) " fcode="store"/>
<opset="store_ln9/1 "/>
</bind>
</comp>

<comp id="242" class="1004" name="i_load_load_fu_242">
<pin_list>
<pin id="243" dir="0" index="0" bw="11" slack="1"/>
<pin id="244" dir="1" index="1" bw="11" slack="0"/>
</pin_list>
<bind>
<opcode="load(27) " fcode="load"/>
<opset="i_load/2 "/>
</bind>
</comp>

<comp id="245" class="1004" name="add_ln21_1_fu_245">
<pin_list>
<pin id="246" dir="0" index="0" bw="11" slack="0"/>
<pin id="247" dir="0" index="1" bw="1" slack="0"/>
<pin id="248" dir="1" index="2" bw="11" slack="0"/>
</pin_list>
<bind>
<opcode="add(8) " fcode="add"/>
<opset="add_ln21_1/2 "/>
</bind>
</comp>

<comp id="251" class="1004" name="select_ln21_fu_251">
<pin_list>
<pin id="252" dir="0" index="0" bw="1" slack="1"/>
<pin id="253" dir="0" index="1" bw="11" slack="0"/>
<pin id="254" dir="0" index="2" bw="11" slack="0"/>
<pin id="255" dir="1" index="3" bw="11" slack="0"/>
</pin_list>
<bind>
<opcode="select(49) " fcode="select"/>
<opset="select_ln21/2 "/>
</bind>
</comp>

<comp id="258" class="1004" name="trunc_ln26_fu_258">
<pin_list>
<pin id="259" dir="0" index="0" bw="11" slack="0"/>
<pin id="260" dir="1" index="1" bw="10" slack="0"/>
</pin_list>
<bind>
<opcode="trunc(33) " fcode="trunc"/>
<opset="trunc_ln26/2 "/>
</bind>
</comp>

<comp id="262" class="1004" name="idx_fu_262">
<pin_list>
<pin id="263" dir="0" index="0" bw="10" slack="1"/>
<pin id="264" dir="0" index="1" bw="10" slack="0"/>
<pin id="265" dir="1" index="2" bw="10" slack="1"/>
</pin_list>
<bind>
<opcode="mul(12) " fcode="mul"/>
<opset="idx/2 "/>
</bind>
</comp>

<comp id="267" class="1004" name="store_ln9_store_fu_267">
<pin_list>
<pin id="268" dir="0" index="0" bw="11" slack="0"/>
<pin id="269" dir="0" index="1" bw="11" slack="1"/>
<pin id="270" dir="1" index="2" bw="0" slack="2147483647"/>
</pin_list>
<bind>
<opcode="store(28) " fcode="store"/>
<opset="store_ln9/2 "/>
</bind>
</comp>

<comp id="272" class="1004" name="zext_ln27_fu_272">
<pin_list>
<pin id="273" dir="0" index="0" bw="10" slack="1"/>
<pin id="274" dir="1" index="1" bw="64" slack="0"/>
</pin_list>
<bind>
<opcode="zext(34) " fcode="zext"/>
<opset="zext_ln27/3 "/>
</bind>
</comp>

<comp id="277" class="1004" name="temp_real_load_load_fu_277">
<pin_list>
<pin id="278" dir="0" index="0" bw="32" slack="13"/>
<pin id="279" dir="1" index="1" bw="32" slack="0"/>
</pin_list>
<bind>
<opcode="load(27) " fcode="load"/>
<opset="temp_real_load/14 "/>
</bind>
</comp>

<comp id="280" class="1004" name="select_ln9_2_fu_280">
<pin_list>
<pin id="281" dir="0" index="0" bw="1" slack="13"/>
<pin id="282" dir="0" index="1" bw="32" slack="0"/>
<pin id="283" dir="0" index="2" bw="32" slack="0"/>
<pin id="284" dir="1" index="3" bw="32" slack="1"/>
</pin_list>
<bind>
<opcode="select(49) " fcode="select"/>
<opset="select_ln9_2/14 "/>
</bind>
</comp>

<comp id="287" class="1004" name="temp_imag_load_load_fu_287">
<pin_list>
<pin id="288" dir="0" index="0" bw="32" slack="15"/>
<pin id="289" dir="1" index="1" bw="32" slack="0"/>
</pin_list>
<bind>
<opcode="load(27) " fcode="load"/>
<opset="temp_imag_load/16 "/>
</bind>
</comp>

<comp id="290" class="1004" name="select_ln9_1_fu_290">
<pin_list>
<pin id="291" dir="0" index="0" bw="1" slack="15"/>
<pin id="292" dir="0" index="1" bw="32" slack="0"/>
<pin id="293" dir="0" index="2" bw="32" slack="0"/>
<pin id="294" dir="1" index="3" bw="32" slack="1"/>
</pin_list>
<bind>
<opcode="select(49) " fcode="select"/>
<opset="select_ln9_1/16 "/>
</bind>
</comp>

<comp id="297" class="1004" name="store_ln22_store_fu_297">
<pin_list>
<pin id="298" dir="0" index="0" bw="32" slack="1"/>
<pin id="299" dir="0" index="1" bw="32" slack="19"/>
<pin id="300" dir="1" index="2" bw="0" slack="2147483647"/>
</pin_list>
<bind>
<opcode="store(28) " fcode="store"/>
<opset="store_ln22/20 "/>
</bind>
</comp>

<comp id="301" class="1004" name="bitcast_ln33_fu_301">
<pin_list>
<pin id="302" dir="0" index="0" bw="32" slack="3"/>
<pin id="303" dir="1" index="1" bw="32" slack="0"/>
</pin_list>
<bind>
<opcode="bitcast(44) " fcode="bitcast"/>
<opset="bitcast_ln33/22 "/>
</bind>
</comp>

<comp id="305" class="1004" name="bitcast_ln34_fu_305">
<pin_list>
<pin id="306" dir="0" index="0" bw="32" slack="1"/>
<pin id="307" dir="1" index="1" bw="32" slack="0"/>
</pin_list>
<bind>
<opcode="bitcast(44) " fcode="bitcast"/>
<opset="bitcast_ln34/22 "/>
</bind>
</comp>

<comp id="310" class="1004" name="store_ln23_store_fu_310">
<pin_list>
<pin id="311" dir="0" index="0" bw="32" slack="1"/>
<pin id="312" dir="0" index="1" bw="32" slack="21"/>
<pin id="313" dir="1" index="2" bw="0" slack="2147483647"/>
</pin_list>
<bind>
<opcode="store(28) " fcode="store"/>
<opset="store_ln23/22 "/>
</bind>
</comp>

<comp id="315" class="1005" name="temp_real_reg_315">
<pin_list>
<pin id="316" dir="0" index="0" bw="32" slack="0"/>
<pin id="317" dir="1" index="1" bw="32" slack="0"/>
</pin_list>
<bind>
<opset="temp_real "/>
</bind>
</comp>

<comp id="322" class="1005" name="temp_imag_reg_322">
<pin_list>
<pin id="323" dir="0" index="0" bw="32" slack="0"/>
<pin id="324" dir="1" index="1" bw="32" slack="0"/>
</pin_list>
<bind>
<opset="temp_imag "/>
</bind>
</comp>

<comp id="329" class="1005" name="j_1_reg_329">
<pin_list>
<pin id="330" dir="0" index="0" bw="11" slack="0"/>
<pin id="331" dir="1" index="1" bw="11" slack="0"/>
</pin_list>
<bind>
<opset="j_1 "/>
</bind>
</comp>

<comp id="336" class="1005" name="i_reg_336">
<pin_list>
<pin id="337" dir="0" index="0" bw="11" slack="0"/>
<pin id="338" dir="1" index="1" bw="11" slack="0"/>
</pin_list>
<bind>
<opset="i "/>
</bind>
</comp>

<comp id="343" class="1005" name="indvar_flatten_reg_343">
<pin_list>
<pin id="344" dir="0" index="0" bw="21" slack="0"/>
<pin id="345" dir="1" index="1" bw="21" slack="0"/>
</pin_list>
<bind>
<opset="indvar_flatten "/>
</bind>
</comp>

<comp id="350" class="1005" name="icmp_ln21_reg_350">
<pin_list>
<pin id="351" dir="0" index="0" bw="1" slack="1"/>
<pin id="352" dir="1" index="1" bw="1" slack="2147483647"/>
</pin_list>
<bind>
<opset="icmp_ln21 "/>
</bind>
</comp>

<comp id="354" class="1005" name="icmp_ln25_reg_354">
<pin_list>
<pin id="355" dir="0" index="0" bw="1" slack="1"/>
<pin id="356" dir="1" index="1" bw="1" slack="1"/>
</pin_list>
<bind>
<opset="icmp_ln25 "/>
</bind>
</comp>

<comp id="361" class="1005" name="trunc_ln26_1_reg_361">
<pin_list>
<pin id="362" dir="0" index="0" bw="10" slack="1"/>
<pin id="363" dir="1" index="1" bw="10" slack="1"/>
</pin_list>
<bind>
<opset="trunc_ln26_1 "/>
</bind>
</comp>

<comp id="366" class="1005" name="real_sample_addr_reg_366">
<pin_list>
<pin id="367" dir="0" index="0" bw="10" slack="1"/>
<pin id="368" dir="1" index="1" bw="10" slack="1"/>
</pin_list>
<bind>
<opset="real_sample_addr "/>
</bind>
</comp>

<comp id="371" class="1005" name="imag_sample_addr_reg_371">
<pin_list>
<pin id="372" dir="0" index="0" bw="10" slack="1"/>
<pin id="373" dir="1" index="1" bw="10" slack="1"/>
</pin_list>
<bind>
<opset="imag_sample_addr "/>
</bind>
</comp>

<comp id="376" class="1005" name="icmp_ln25_1_reg_376">
<pin_list>
<pin id="377" dir="0" index="0" bw="1" slack="21"/>
<pin id="378" dir="1" index="1" bw="1" slack="2147483647"/>
</pin_list>
<bind>
<opset="icmp_ln25_1 "/>
</bind>
</comp>

<comp id="380" class="1005" name="idx_reg_380">
<pin_list>
<pin id="381" dir="0" index="0" bw="10" slack="1"/>
<pin id="382" dir="1" index="1" bw="10" slack="1"/>
</pin_list>
<bind>
<opset="idx "/>
</bind>
</comp>

<comp id="385" class="1005" name="real_sample_load_reg_385">
<pin_list>
<pin id="386" dir="0" index="0" bw="32" slack="3"/>
<pin id="387" dir="1" index="1" bw="32" slack="3"/>
</pin_list>
<bind>
<opset="real_sample_load "/>
</bind>
</comp>

<comp id="390" class="1005" name="imag_sample_load_reg_390">
<pin_list>
<pin id="391" dir="0" index="0" bw="32" slack="4"/>
<pin id="392" dir="1" index="1" bw="32" slack="4"/>
</pin_list>
<bind>
<opset="imag_sample_load "/>
</bind>
</comp>

<comp id="395" class="1005" name="cos_coefficients_table_addr_reg_395">
<pin_list>
<pin id="396" dir="0" index="0" bw="10" slack="1"/>
<pin id="397" dir="1" index="1" bw="10" slack="1"/>
</pin_list>
<bind>
<opset="cos_coefficients_table_addr "/>
</bind>
</comp>

<comp id="400" class="1005" name="sin_coefficients_table_addr_reg_400">
<pin_list>
<pin id="401" dir="0" index="0" bw="10" slack="1"/>
<pin id="402" dir="1" index="1" bw="10" slack="1"/>
</pin_list>
<bind>
<opset="sin_coefficients_table_addr "/>
</bind>
</comp>

<comp id="405" class="1005" name="c_reg_405">
<pin_list>
<pin id="406" dir="0" index="0" bw="32" slack="1"/>
<pin id="407" dir="1" index="1" bw="32" slack="1"/>
</pin_list>
<bind>
<opset="c "/>
</bind>
</comp>

<comp id="410" class="1005" name="s_reg_410">
<pin_list>
<pin id="411" dir="0" index="0" bw="32" slack="2"/>
<pin id="412" dir="1" index="1" bw="32" slack="2"/>
</pin_list>
<bind>
<opset="s "/>
</bind>
</comp>

<comp id="415" class="1005" name="mul_reg_415">
<pin_list>
<pin id="416" dir="0" index="0" bw="32" slack="2"/>
<pin id="417" dir="1" index="1" bw="32" slack="2"/>
</pin_list>
<bind>
<opset="mul "/>
</bind>
</comp>

<comp id="420" class="1005" name="mul1_reg_420">
<pin_list>
<pin id="421" dir="0" index="0" bw="32" slack="1"/>
<pin id="422" dir="1" index="1" bw="32" slack="1"/>
</pin_list>
<bind>
<opset="mul1 "/>
</bind>
</comp>

<comp id="425" class="1005" name="mul2_reg_425">
<pin_list>
<pin id="426" dir="0" index="0" bw="32" slack="2"/>
<pin id="427" dir="1" index="1" bw="32" slack="2"/>
</pin_list>
<bind>
<opset="mul2 "/>
</bind>
</comp>

<comp id="430" class="1005" name="mul3_reg_430">
<pin_list>
<pin id="431" dir="0" index="0" bw="32" slack="1"/>
<pin id="432" dir="1" index="1" bw="32" slack="1"/>
</pin_list>
<bind>
<opset="mul3 "/>
</bind>
</comp>

<comp id="435" class="1005" name="select_ln9_2_reg_435">
<pin_list>
<pin id="436" dir="0" index="0" bw="32" slack="1"/>
<pin id="437" dir="1" index="1" bw="32" slack="1"/>
</pin_list>
<bind>
<opset="select_ln9_2 "/>
</bind>
</comp>

<comp id="440" class="1005" name="sub_reg_440">
<pin_list>
<pin id="441" dir="0" index="0" bw="32" slack="1"/>
<pin id="442" dir="1" index="1" bw="32" slack="1"/>
</pin_list>
<bind>
<opset="sub "/>
</bind>
</comp>

<comp id="445" class="1005" name="select_ln9_1_reg_445">
<pin_list>
<pin id="446" dir="0" index="0" bw="32" slack="1"/>
<pin id="447" dir="1" index="1" bw="32" slack="1"/>
</pin_list>
<bind>
<opset="select_ln9_1 "/>
</bind>
</comp>

<comp id="450" class="1005" name="temp_real_1_reg_450">
<pin_list>
<pin id="451" dir="0" index="0" bw="32" slack="1"/>
<pin id="452" dir="1" index="1" bw="32" slack="1"/>
</pin_list>
<bind>
<opset="temp_real_1 "/>
</bind>
</comp>

</comp_list>

<net_list>
<net id="57"><net_src comp="12" pin="0"/><net_sink comp="54" pin=0"/></net>

<net id="61"><net_src comp="12" pin="0"/><net_sink comp="58" pin=0"/></net>

<net id="65"><net_src comp="12" pin="0"/><net_sink comp="62" pin=0"/></net>

<net id="69"><net_src comp="12" pin="0"/><net_sink comp="66" pin=0"/></net>

<net id="73"><net_src comp="12" pin="0"/><net_sink comp="70" pin=0"/></net>

<net id="79"><net_src comp="52" pin="0"/><net_sink comp="74" pin=0"/></net>

<net id="80"><net_src comp="0" pin="0"/><net_sink comp="74" pin=1"/></net>

<net id="86"><net_src comp="52" pin="0"/><net_sink comp="81" pin=0"/></net>

<net id="87"><net_src comp="2" pin="0"/><net_sink comp="81" pin=1"/></net>

<net id="93"><net_src comp="4" pin="0"/><net_sink comp="88" pin=0"/></net>

<net id="94"><net_src comp="38" pin="0"/><net_sink comp="88" pin=1"/></net>

<net id="100"><net_src comp="88" pin="3"/><net_sink comp="95" pin=0"/></net>

<net id="106"><net_src comp="6" pin="0"/><net_sink comp="101" pin=0"/></net>

<net id="107"><net_src comp="38" pin="0"/><net_sink comp="101" pin=1"/></net>

<net id="113"><net_src comp="101" pin="3"/><net_sink comp="108" pin=0"/></net>

<net id="119"><net_src comp="8" pin="0"/><net_sink comp="114" pin=0"/></net>

<net id="120"><net_src comp="38" pin="0"/><net_sink comp="114" pin=1"/></net>

<net id="126"><net_src comp="114" pin="3"/><net_sink comp="121" pin=0"/></net>

<net id="132"><net_src comp="10" pin="0"/><net_sink comp="127" pin=0"/></net>

<net id="133"><net_src comp="38" pin="0"/><net_sink comp="127" pin=1"/></net>

<net id="139"><net_src comp="127" pin="3"/><net_sink comp="134" pin=0"/></net>

<net id="151"><net_src comp="140" pin="2"/><net_sink comp="148" pin=0"/></net>

<net id="152"><net_src comp="148" pin="1"/><net_sink comp="140" pin=1"/></net>

<net id="157"><net_src comp="26" pin="0"/><net_sink comp="153" pin=0"/></net>

<net id="162"><net_src comp="28" pin="0"/><net_sink comp="158" pin=0"/></net>

<net id="167"><net_src comp="28" pin="0"/><net_sink comp="163" pin=0"/></net>

<net id="172"><net_src comp="30" pin="0"/><net_sink comp="168" pin=0"/></net>

<net id="177"><net_src comp="30" pin="0"/><net_sink comp="173" pin=0"/></net>

<net id="185"><net_src comp="178" pin="1"/><net_sink comp="181" pin=0"/></net>

<net id="186"><net_src comp="32" pin="0"/><net_sink comp="181" pin=1"/></net>

<net id="191"><net_src comp="178" pin="1"/><net_sink comp="187" pin=0"/></net>

<net id="192"><net_src comp="34" pin="0"/><net_sink comp="187" pin=1"/></net>

<net id="200"><net_src comp="193" pin="1"/><net_sink comp="196" pin=0"/></net>

<net id="201"><net_src comp="36" pin="0"/><net_sink comp="196" pin=1"/></net>

<net id="207"><net_src comp="196" pin="2"/><net_sink comp="202" pin=0"/></net>

<net id="208"><net_src comp="28" pin="0"/><net_sink comp="202" pin=1"/></net>

<net id="209"><net_src comp="193" pin="1"/><net_sink comp="202" pin=2"/></net>

<net id="213"><net_src comp="202" pin="3"/><net_sink comp="210" pin=0"/></net>

<net id="214"><net_src comp="210" pin="1"/><net_sink comp="88" pin=2"/></net>

<net id="215"><net_src comp="210" pin="1"/><net_sink comp="101" pin=2"/></net>

<net id="219"><net_src comp="202" pin="3"/><net_sink comp="216" pin=0"/></net>

<net id="224"><net_src comp="202" pin="3"/><net_sink comp="220" pin=0"/></net>

<net id="225"><net_src comp="40" pin="0"/><net_sink comp="220" pin=1"/></net>

<net id="230"><net_src comp="220" pin="2"/><net_sink comp="226" pin=0"/></net>

<net id="231"><net_src comp="36" pin="0"/><net_sink comp="226" pin=1"/></net>

<net id="236"><net_src comp="187" pin="2"/><net_sink comp="232" pin=0"/></net>

<net id="241"><net_src comp="220" pin="2"/><net_sink comp="237" pin=0"/></net>

<net id="249"><net_src comp="242" pin="1"/><net_sink comp="245" pin=0"/></net>

<net id="250"><net_src comp="40" pin="0"/><net_sink comp="245" pin=1"/></net>

<net id="256"><net_src comp="245" pin="2"/><net_sink comp="251" pin=1"/></net>

<net id="257"><net_src comp="242" pin="1"/><net_sink comp="251" pin=2"/></net>

<net id="261"><net_src comp="251" pin="3"/><net_sink comp="258" pin=0"/></net>

<net id="266"><net_src comp="258" pin="1"/><net_sink comp="262" pin=1"/></net>

<net id="271"><net_src comp="251" pin="3"/><net_sink comp="267" pin=0"/></net>

<net id="275"><net_src comp="272" pin="1"/><net_sink comp="114" pin=2"/></net>

<net id="276"><net_src comp="272" pin="1"/><net_sink comp="127" pin=2"/></net>

<net id="285"><net_src comp="30" pin="0"/><net_sink comp="280" pin=1"/></net>

<net id="286"><net_src comp="277" pin="1"/><net_sink comp="280" pin=2"/></net>

<net id="295"><net_src comp="30" pin="0"/><net_sink comp="290" pin=1"/></net>

<net id="296"><net_src comp="287" pin="1"/><net_sink comp="290" pin=2"/></net>

<net id="304"><net_src comp="301" pin="1"/><net_sink comp="74" pin=2"/></net>

<net id="308"><net_src comp="148" pin="1"/><net_sink comp="305" pin=0"/></net>

<net id="309"><net_src comp="305" pin="1"/><net_sink comp="81" pin=2"/></net>

<net id="314"><net_src comp="148" pin="1"/><net_sink comp="310" pin=0"/></net>

<net id="318"><net_src comp="54" pin="1"/><net_sink comp="315" pin=0"/></net>

<net id="319"><net_src comp="315" pin="1"/><net_sink comp="173" pin=1"/></net>

<net id="320"><net_src comp="315" pin="1"/><net_sink comp="277" pin=0"/></net>

<net id="321"><net_src comp="315" pin="1"/><net_sink comp="297" pin=1"/></net>

<net id="325"><net_src comp="58" pin="1"/><net_sink comp="322" pin=0"/></net>

<net id="326"><net_src comp="322" pin="1"/><net_sink comp="168" pin=1"/></net>

<net id="327"><net_src comp="322" pin="1"/><net_sink comp="287" pin=0"/></net>

<net id="328"><net_src comp="322" pin="1"/><net_sink comp="310" pin=1"/></net>

<net id="332"><net_src comp="62" pin="1"/><net_sink comp="329" pin=0"/></net>

<net id="333"><net_src comp="329" pin="1"/><net_sink comp="163" pin=1"/></net>

<net id="334"><net_src comp="329" pin="1"/><net_sink comp="193" pin=0"/></net>

<net id="335"><net_src comp="329" pin="1"/><net_sink comp="237" pin=1"/></net>

<net id="339"><net_src comp="66" pin="1"/><net_sink comp="336" pin=0"/></net>

<net id="340"><net_src comp="336" pin="1"/><net_sink comp="158" pin=1"/></net>

<net id="341"><net_src comp="336" pin="1"/><net_sink comp="242" pin=0"/></net>

<net id="342"><net_src comp="336" pin="1"/><net_sink comp="267" pin=1"/></net>

<net id="346"><net_src comp="70" pin="1"/><net_sink comp="343" pin=0"/></net>

<net id="347"><net_src comp="343" pin="1"/><net_sink comp="153" pin=1"/></net>

<net id="348"><net_src comp="343" pin="1"/><net_sink comp="178" pin=0"/></net>

<net id="349"><net_src comp="343" pin="1"/><net_sink comp="232" pin=1"/></net>

<net id="353"><net_src comp="181" pin="2"/><net_sink comp="350" pin=0"/></net>

<net id="357"><net_src comp="196" pin="2"/><net_sink comp="354" pin=0"/></net>

<net id="358"><net_src comp="354" pin="1"/><net_sink comp="251" pin=0"/></net>

<net id="359"><net_src comp="354" pin="1"/><net_sink comp="280" pin=0"/></net>

<net id="360"><net_src comp="354" pin="1"/><net_sink comp="290" pin=0"/></net>

<net id="364"><net_src comp="216" pin="1"/><net_sink comp="361" pin=0"/></net>

<net id="365"><net_src comp="361" pin="1"/><net_sink comp="262" pin=0"/></net>

<net id="369"><net_src comp="88" pin="3"/><net_sink comp="366" pin=0"/></net>

<net id="370"><net_src comp="366" pin="1"/><net_sink comp="95" pin=0"/></net>

<net id="374"><net_src comp="101" pin="3"/><net_sink comp="371" pin=0"/></net>

<net id="375"><net_src comp="371" pin="1"/><net_sink comp="108" pin=0"/></net>

<net id="379"><net_src comp="226" pin="2"/><net_sink comp="376" pin=0"/></net>

<net id="383"><net_src comp="262" pin="2"/><net_sink comp="380" pin=0"/></net>

<net id="384"><net_src comp="380" pin="1"/><net_sink comp="272" pin=0"/></net>

<net id="388"><net_src comp="95" pin="3"/><net_sink comp="385" pin=0"/></net>

<net id="389"><net_src comp="385" pin="1"/><net_sink comp="144" pin=0"/></net>

<net id="393"><net_src comp="108" pin="3"/><net_sink comp="390" pin=0"/></net>

<net id="394"><net_src comp="390" pin="1"/><net_sink comp="144" pin=0"/></net>

<net id="398"><net_src comp="114" pin="3"/><net_sink comp="395" pin=0"/></net>

<net id="399"><net_src comp="395" pin="1"/><net_sink comp="121" pin=0"/></net>

<net id="403"><net_src comp="127" pin="3"/><net_sink comp="400" pin=0"/></net>

<net id="404"><net_src comp="400" pin="1"/><net_sink comp="134" pin=0"/></net>

<net id="408"><net_src comp="121" pin="3"/><net_sink comp="405" pin=0"/></net>

<net id="409"><net_src comp="405" pin="1"/><net_sink comp="144" pin=1"/></net>

<net id="413"><net_src comp="134" pin="3"/><net_sink comp="410" pin=0"/></net>

<net id="414"><net_src comp="410" pin="1"/><net_sink comp="144" pin=1"/></net>

<net id="418"><net_src comp="144" pin="2"/><net_sink comp="415" pin=0"/></net>

<net id="419"><net_src comp="415" pin="1"/><net_sink comp="140" pin=0"/></net>

<net id="423"><net_src comp="144" pin="2"/><net_sink comp="420" pin=0"/></net>

<net id="424"><net_src comp="420" pin="1"/><net_sink comp="140" pin=1"/></net>

<net id="428"><net_src comp="144" pin="2"/><net_sink comp="425" pin=0"/></net>

<net id="429"><net_src comp="425" pin="1"/><net_sink comp="140" pin=0"/></net>

<net id="433"><net_src comp="144" pin="2"/><net_sink comp="430" pin=0"/></net>

<net id="434"><net_src comp="430" pin="1"/><net_sink comp="140" pin=1"/></net>

<net id="438"><net_src comp="280" pin="3"/><net_sink comp="435" pin=0"/></net>

<net id="439"><net_src comp="435" pin="1"/><net_sink comp="140" pin=0"/></net>

<net id="443"><net_src comp="140" pin="2"/><net_sink comp="440" pin=0"/></net>

<net id="444"><net_src comp="440" pin="1"/><net_sink comp="140" pin=1"/></net>

<net id="448"><net_src comp="290" pin="3"/><net_sink comp="445" pin=0"/></net>

<net id="449"><net_src comp="445" pin="1"/><net_sink comp="140" pin=0"/></net>

<net id="453"><net_src comp="140" pin="2"/><net_sink comp="450" pin=0"/></net>

<net id="454"><net_src comp="450" pin="1"/><net_sink comp="297" pin=0"/></net>

<net id="455"><net_src comp="450" pin="1"/><net_sink comp="301" pin=0"/></net>

</net_list>

</model> 
---------------- Datapath Model END ------------------

* FSMD analyzer results:
  - Output states:
	Port: output_real | {22 }
	Port: output_imag | {22 }
 - Input state : 
	Port: dft_Pipeline_COMPUTE_DFT_INNER_LOOP : real_sample | {1 2 }
	Port: dft_Pipeline_COMPUTE_DFT_INNER_LOOP : imag_sample | {1 2 }
	Port: dft_Pipeline_COMPUTE_DFT_INNER_LOOP : cos_coefficients_table | {3 4 }
	Port: dft_Pipeline_COMPUTE_DFT_INNER_LOOP : sin_coefficients_table | {3 4 }
  - Chain level:
	State 1
		store_ln0 : 1
		store_ln9 : 1
		store_ln9 : 1
		store_ln23 : 1
		store_ln22 : 1
		indvar_flatten_load : 1
		icmp_ln21 : 2
		add_ln21 : 2
		br_ln21 : 3
		j_1_load : 1
		icmp_ln25 : 2
		select_ln9 : 3
		zext_ln25 : 4
		trunc_ln26_1 : 4
		real_sample_addr : 5
		real_sample_load : 6
		imag_sample_addr : 5
		imag_sample_load : 6
		add_ln25 : 4
		icmp_ln25_1 : 5
		br_ln25 : 6
		store_ln21 : 3
		store_ln9 : 5
	State 2
		add_ln21_1 : 1
		select_ln21 : 2
		trunc_ln26 : 3
		idx : 4
		store_ln9 : 3
	State 3
		cos_coefficients_table_addr : 1
		c : 2
		sin_coefficients_table_addr : 1
		s : 2
	State 4
	State 5
	State 6
	State 7
	State 8
	State 9
	State 10
	State 11
	State 12
	State 13
	State 14
		select_ln9_2 : 1
	State 15
	State 16
		select_ln9_1 : 1
	State 17
	State 18
	State 19
	State 20
	State 21
	State 22
		write_ln33 : 1
		write_ln34 : 1


============================================================
+ Verbose Summary: Datapath Resource usage 
============================================================

* Functional unit list:
|----------|------------------------|---------|---------|---------|
| Operation|     Functional Unit    |   DSP   |    FF   |   LUT   |
|----------|------------------------|---------|---------|---------|
|   fadd   |       grp_fu_140       |    2    |   205   |   390   |
|----------|------------------------|---------|---------|---------|
|   fmul   |       grp_fu_144       |    3    |   143   |   321   |
|----------|------------------------|---------|---------|---------|
|          |    select_ln9_fu_202   |    0    |    0    |    11   |
|  select  |   select_ln21_fu_251   |    0    |    0    |    11   |
|          |   select_ln9_2_fu_280  |    0    |    0    |    32   |
|          |   select_ln9_1_fu_290  |    0    |    0    |    32   |
|----------|------------------------|---------|---------|---------|
|    mul   |       idx_fu_262       |    0    |    0    |    63   |
|----------|------------------------|---------|---------|---------|
|          |    icmp_ln21_fu_181    |    0    |    0    |    28   |
|   icmp   |    icmp_ln25_fu_196    |    0    |    0    |    12   |
|          |   icmp_ln25_1_fu_226   |    0    |    0    |    12   |
|----------|------------------------|---------|---------|---------|
|          |     add_ln21_fu_187    |    0    |    0    |    28   |
|    add   |     add_ln25_fu_220    |    0    |    0    |    12   |
|          |    add_ln21_1_fu_245   |    0    |    0    |    12   |
|----------|------------------------|---------|---------|---------|
|   write  | write_ln33_write_fu_74 |    0    |    0    |    0    |
|          | write_ln34_write_fu_81 |    0    |    0    |    0    |
|----------|------------------------|---------|---------|---------|
|   zext   |    zext_ln25_fu_210    |    0    |    0    |    0    |
|          |    zext_ln27_fu_272    |    0    |    0    |    0    |
|----------|------------------------|---------|---------|---------|
|   trunc  |   trunc_ln26_1_fu_216  |    0    |    0    |    0    |
|          |    trunc_ln26_fu_258   |    0    |    0    |    0    |
|----------|------------------------|---------|---------|---------|
|   Total  |                        |    5    |   348   |   964   |
|----------|------------------------|---------|---------|---------|

Memories:
N/A

* Register list:
+-----------------------------------+--------+
|                                   |   FF   |
+-----------------------------------+--------+
|             c_reg_405             |   32   |
|cos_coefficients_table_addr_reg_395|   10   |
|             i_reg_336             |   11   |
|         icmp_ln21_reg_350         |    1   |
|        icmp_ln25_1_reg_376        |    1   |
|         icmp_ln25_reg_354         |    1   |
|            idx_reg_380            |   10   |
|      imag_sample_addr_reg_371     |   10   |
|      imag_sample_load_reg_390     |   32   |
|       indvar_flatten_reg_343      |   21   |
|            j_1_reg_329            |   11   |
|            mul1_reg_420           |   32   |
|            mul2_reg_425           |   32   |
|            mul3_reg_430           |   32   |
|            mul_reg_415            |   32   |
|      real_sample_addr_reg_366     |   10   |
|      real_sample_load_reg_385     |   32   |
|              reg_148              |   32   |
|             s_reg_410             |   32   |
|        select_ln9_1_reg_445       |   32   |
|        select_ln9_2_reg_435       |   32   |
|sin_coefficients_table_addr_reg_400|   10   |
|            sub_reg_440            |   32   |
|         temp_imag_reg_322         |   32   |
|        temp_real_1_reg_450        |   32   |
|         temp_real_reg_315         |   32   |
|        trunc_ln26_1_reg_361       |   10   |
+-----------------------------------+--------+
|               Total               |   586  |
+-----------------------------------+--------+

* Multiplexer (MUX) list: 
|-------------------|------|------|------|--------||---------||---------||---------|
|        Comp       |  Pin | Size |  BW  | S x BW ||  Delay  ||    FF   ||   LUT   |
|-------------------|------|------|------|--------||---------||---------||---------|
|  grp_access_fu_95 |  p0  |   2  |  10  |   20   ||    0    ||    9    |
| grp_access_fu_108 |  p0  |   2  |  10  |   20   ||    0    ||    9    |
| grp_access_fu_121 |  p0  |   2  |  10  |   20   ||    0    ||    9    |
| grp_access_fu_134 |  p0  |   2  |  10  |   20   ||    0    ||    9    |
|     grp_fu_140    |  p0  |   4  |  32  |   128  ||    0    ||    20   |
|     grp_fu_140    |  p1  |   4  |  32  |   128  ||    0    ||    20   |
|     grp_fu_144    |  p0  |   2  |  32  |   64   ||    0    ||    9    |
|     grp_fu_144    |  p1  |   2  |  32  |   64   ||    0    ||    9    |
|-------------------|------|------|------|--------||---------||---------||---------|
|       Total       |      |      |      |   464  || 13.1812 ||    0    ||    94   |
|-------------------|------|------|------|--------||---------||---------||---------|



* Summary:
+-----------+--------+--------+--------+--------+
|           |   DSP  |  Delay |   FF   |   LUT  |
+-----------+--------+--------+--------+--------+
|  Function |    5   |    -   |   348  |   964  |
|   Memory  |    -   |    -   |    -   |    -   |
|Multiplexer|    -   |   13   |    0   |   94   |
|  Register |    -   |    -   |   586  |    -   |
+-----------+--------+--------+--------+--------+
|   Total   |    5   |   13   |   934  |  1058  |
+-----------+--------+--------+--------+--------+
