

================================================================
== Vitis HLS Report for 'dft_Pipeline_VITIS_LOOP_20_2_VITIS_LOOP_21_3'
================================================================
* Date:           Tue Nov  4 15:05:18 2025

* Version:        2024.2 (Build 5238294 on Nov  8 2024)
* Project:        dft.comp
* Solution:       hls (Vivado IP Flow Target)
* Product family: zynq
* Target device:  xc7z020-clg400-1


================================================================
== Performance Estimates
================================================================
+ Timing: 
    * Summary: 
    +--------+----------+----------+------------+
    |  Clock |  Target  | Estimated| Uncertainty|
    +--------+----------+----------+------------+
    |ap_clk  |  10.00 ns|  7.256 ns|     2.70 ns|
    +--------+----------+----------+------------+

+ Latency: 
    * Summary: 
    +---------+---------+-----------+-----------+---------+---------+------------------------------------------------+
    |  Latency (cycles) |   Latency (absolute)  |      Interval     |                    Pipeline                    |
    |   min   |   max   |    min    |    max    |   min   |   max   |                      Type                      |
    +---------+---------+-----------+-----------+---------+---------+------------------------------------------------+
    |  1048595|  1048595|  10.486 ms|  10.486 ms|  1048577|  1048577|  loop auto-rewind stp (delay=0 clock cycles(s))|
    +---------+---------+-----------+-----------+---------+---------+------------------------------------------------+

    + Detail: 
        * Instance: 
        N/A

        * Loop: 
        +-----------------------------------+---------+---------+----------+-----------+-----------+---------+----------+
        |                                   |  Latency (cycles) | Iteration|  Initiation Interval  |   Trip  |          |
        |             Loop Name             |   min   |   max   |  Latency |  achieved |   target  |  Count  | Pipelined|
        +-----------------------------------+---------+---------+----------+-----------+-----------+---------+----------+
        |- VITIS_LOOP_20_2_VITIS_LOOP_21_3  |  1048593|  1048593|        19|          1|          1|  1048576|       yes|
        +-----------------------------------+---------+---------+----------+-----------+-----------+---------+----------+

============================================================
+ Verbose Summary: Synthesis Manager
============================================================
InlineROM: 1
ExposeGlobal: 0
============================================================
+ Verbose Summary: CDFG Model
============================================================
IsTopModel: 0
ResetActiveHigh: 1
IsCombinational: 0
IsDatapathOnly: 0
HasWiredReturn: 1
HasMFsm: 2
HasVarLatency: 1
IsPipeline: 0
IsRtlPipelined: 0
IsInstanceOverlapped: 0
IsDontTouch: 0
HasImplIP: 0
IsGatedGlobalClock: 0

+ Individual pipeline summary: 
  * Pipeline-0: initiation interval (II) = 1, depth = 19


============================================================
+ Verbose Summary: Schedule
============================================================
* Number of FSM states : 19
* Pipeline : 1
  Pipeline-0 : II = 1, D = 19, States = { 1 2 3 4 5 6 7 8 9 10 11 12 13 14 15 16 17 18 19 }
* Dataflow Pipeline: 0

* FSM state transitions: 
1 --> 2 
2 --> 3 
3 --> 4 
4 --> 5 
5 --> 6 
6 --> 7 
7 --> 8 
8 --> 9 
9 --> 10 
10 --> 11 
11 --> 12 
12 --> 13 
13 --> 14 
14 --> 15 
15 --> 16 
16 --> 17 
17 --> 18 
18 --> 19 
19 --> 

* FSM state operations: 

State 1 <SV = 0> <Delay = 5.40>
ST_1 : Operation 22 [1/1] (0.00ns)   --->   "%i = alloca i32 1" [dft.cpp:8]   --->   Operation 22 'alloca' 'i' <Predicate = true> <Delay = 0.00>
ST_1 : Operation 23 [1/1] (0.00ns)   --->   "%j = alloca i32 1" [dft.cpp:8]   --->   Operation 23 'alloca' 'j' <Predicate = true> <Delay = 0.00>
ST_1 : Operation 24 [1/1] (0.00ns)   --->   "%indvar_flatten = alloca i32 1"   --->   Operation 24 'alloca' 'indvar_flatten' <Predicate = true> <Delay = 0.00>
ST_1 : Operation 25 [1/1] (0.00ns)   --->   "%specinterface_ln0 = specinterface void @_ssdm_op_SpecInterface, i32 %imag_op, void @empty, i32 0, i32 0, void @empty_0, i32 4294967295, i32 0, void @empty_0, void @empty_0, void @empty_0, i32 0, i32 0, i32 0, i32 0, void @empty_0, void @empty_0, i32 4294967295, i32 0, i32 0"   --->   Operation 25 'specinterface' 'specinterface_ln0' <Predicate = true> <Delay = 0.00>
ST_1 : Operation 26 [1/1] (0.00ns)   --->   "%specinterface_ln0 = specinterface void @_ssdm_op_SpecInterface, i32 %real_op, void @empty, i32 0, i32 0, void @empty_0, i32 4294967295, i32 0, void @empty_0, void @empty_0, void @empty_0, i32 0, i32 0, i32 0, i32 0, void @empty_0, void @empty_0, i32 4294967295, i32 0, i32 0"   --->   Operation 26 'specinterface' 'specinterface_ln0' <Predicate = true> <Delay = 0.00>
ST_1 : Operation 27 [1/1] (0.00ns)   --->   "%specinterface_ln0 = specinterface void @_ssdm_op_SpecInterface, i32 %imag_sample, void @empty, i32 0, i32 0, void @empty_0, i32 4294967295, i32 0, void @empty_0, void @empty_0, void @empty_0, i32 0, i32 0, i32 0, i32 0, void @empty_0, void @empty_0, i32 4294967295, i32 0, i32 0"   --->   Operation 27 'specinterface' 'specinterface_ln0' <Predicate = true> <Delay = 0.00>
ST_1 : Operation 28 [1/1] (0.00ns)   --->   "%specinterface_ln0 = specinterface void @_ssdm_op_SpecInterface, i32 %real_sample, void @empty, i32 0, i32 0, void @empty_0, i32 4294967295, i32 0, void @empty_0, void @empty_0, void @empty_0, i32 0, i32 0, i32 0, i32 0, void @empty_0, void @empty_0, i32 4294967295, i32 0, i32 0"   --->   Operation 28 'specinterface' 'specinterface_ln0' <Predicate = true> <Delay = 0.00>
ST_1 : Operation 29 [1/1] (1.58ns)   --->   "%store_ln0 = store i21 0, i21 %indvar_flatten"   --->   Operation 29 'store' 'store_ln0' <Predicate = true> <Delay = 1.58>
ST_1 : Operation 30 [1/1] (1.58ns)   --->   "%store_ln8 = store i11 0, i11 %j" [dft.cpp:8]   --->   Operation 30 'store' 'store_ln8' <Predicate = true> <Delay = 1.58>
ST_1 : Operation 31 [1/1] (1.58ns)   --->   "%store_ln8 = store i11 0, i11 %i" [dft.cpp:8]   --->   Operation 31 'store' 'store_ln8' <Predicate = true> <Delay = 1.58>
ST_1 : Operation 32 [1/1] (0.00ns)   --->   "%br_ln0 = br void %for.inc32"   --->   Operation 32 'br' 'br_ln0' <Predicate = true> <Delay = 0.00>
ST_1 : Operation 33 [1/1] (0.00ns)   --->   "%indvar_flatten_load = load i21 %indvar_flatten" [dft.cpp:20]   --->   Operation 33 'load' 'indvar_flatten_load' <Predicate = true> <Delay = 0.00>
ST_1 : Operation 34 [1/1] (2.22ns)   --->   "%icmp_ln20 = icmp_eq  i21 %indvar_flatten_load, i21 1048576" [dft.cpp:20]   --->   Operation 34 'icmp' 'icmp_ln20' <Predicate = true> <Delay = 2.22> <CoreInst = "Cmp">   --->   Core 9 'Cmp' <Latency = 0> <II = 1> <Delay = 2.22> <FuncUnit> <Opcode : 'seteq' 'setne' 'setle' 'setge' 'setlt' 'setgt'> <InPorts = 2> <OutPorts = 1>
ST_1 : Operation 35 [1/1] (2.22ns)   --->   "%add_ln20 = add i21 %indvar_flatten_load, i21 1" [dft.cpp:20]   --->   Operation 35 'add' 'add_ln20' <Predicate = true> <Delay = 2.22> <CoreInst = "Adder">   --->   Core 1 'Adder' <Latency = 0> <II = 1> <Delay = 2.22> <FuncUnit> <Opcode : 'add' 'sub'> <InPorts = 2> <OutPorts = 1>
ST_1 : Operation 36 [1/1] (0.00ns)   --->   "%br_ln20 = br i1 %icmp_ln20, void %for.inc35, void %for.end37.exitStub" [dft.cpp:20]   --->   Operation 36 'br' 'br_ln20' <Predicate = true> <Delay = 0.00>
ST_1 : Operation 37 [1/1] (1.58ns)   --->   "%store_ln20 = store i21 %add_ln20, i21 %indvar_flatten" [dft.cpp:20]   --->   Operation 37 'store' 'store_ln20' <Predicate = (!icmp_ln20)> <Delay = 1.58>

State 2 <SV = 1> <Delay = 6.85>
ST_2 : Operation 38 [1/1] (0.00ns)   --->   "%i_load = load i11 %i" [dft.cpp:21]   --->   Operation 38 'load' 'i_load' <Predicate = true> <Delay = 0.00>
ST_2 : Operation 39 [1/1] (0.00ns)   --->   "%j_load = load i11 %j" [dft.cpp:20]   --->   Operation 39 'load' 'j_load' <Predicate = true> <Delay = 0.00>
ST_2 : Operation 40 [1/1] (1.63ns)   --->   "%icmp_ln21 = icmp_eq  i11 %i_load, i11 1024" [dft.cpp:21]   --->   Operation 40 'icmp' 'icmp_ln21' <Predicate = true> <Delay = 1.63> <CoreInst = "Cmp">   --->   Core 9 'Cmp' <Latency = 0> <II = 1> <Delay = 1.63> <FuncUnit> <Opcode : 'seteq' 'setne' 'setle' 'setge' 'setlt' 'setgt'> <InPorts = 2> <OutPorts = 1>
ST_2 : Operation 41 [1/1] (0.69ns)   --->   "%select_ln8 = select i1 %icmp_ln21, i11 0, i11 %i_load" [dft.cpp:8]   --->   Operation 41 'select' 'select_ln8' <Predicate = true> <Delay = 0.69> <CoreInst = "Sel">   --->   Core 73 'Sel' <Latency = 0> <II = 1> <Delay = 0.69> <FuncUnit> <Opcode : 'select'> <InPorts = 3> <OutPorts = 1>
ST_2 : Operation 42 [1/1] (1.63ns)   --->   "%add_ln20_1 = add i11 %j_load, i11 1" [dft.cpp:20]   --->   Operation 42 'add' 'add_ln20_1' <Predicate = true> <Delay = 1.63> <CoreInst = "Adder">   --->   Core 1 'Adder' <Latency = 0> <II = 1> <Delay = 1.63> <FuncUnit> <Opcode : 'add' 'sub'> <InPorts = 2> <OutPorts = 1>
ST_2 : Operation 43 [1/1] (0.69ns)   --->   "%select_ln20 = select i1 %icmp_ln21, i11 %add_ln20_1, i11 %j_load" [dft.cpp:20]   --->   Operation 43 'select' 'select_ln20' <Predicate = true> <Delay = 0.69> <CoreInst = "Sel">   --->   Core 73 'Sel' <Latency = 0> <II = 1> <Delay = 0.69> <FuncUnit> <Opcode : 'select'> <InPorts = 3> <OutPorts = 1>
ST_2 : Operation 44 [1/1] (0.00ns)   --->   "%trunc_ln22 = trunc i11 %select_ln20" [dft.cpp:22]   --->   Operation 44 'trunc' 'trunc_ln22' <Predicate = true> <Delay = 0.00>
ST_2 : Operation 45 [1/1] (0.00ns)   --->   "%trunc_ln22_1 = trunc i11 %select_ln8" [dft.cpp:22]   --->   Operation 45 'trunc' 'trunc_ln22_1' <Predicate = true> <Delay = 0.00>
ST_2 : Operation 46 [1/1] (4.52ns)   --->   "%idx = mul i10 %trunc_ln22_1, i10 %trunc_ln22" [dft.cpp:22]   --->   Operation 46 'mul' 'idx' <Predicate = true> <Delay = 4.52> <CoreInst = "Multiplier">   --->   Core 3 'Multiplier' <Latency = 0> <II = 1> <Delay = 4.52> <FuncUnit> <Opcode : 'mul'> <InPorts = 2> <OutPorts = 1>
ST_2 : Operation 47 [1/1] (1.63ns)   --->   "%add_ln21 = add i11 %select_ln8, i11 1" [dft.cpp:21]   --->   Operation 47 'add' 'add_ln21' <Predicate = true> <Delay = 1.63> <CoreInst = "Adder">   --->   Core 1 'Adder' <Latency = 0> <II = 1> <Delay = 1.63> <FuncUnit> <Opcode : 'add' 'sub'> <InPorts = 2> <OutPorts = 1>
ST_2 : Operation 48 [1/1] (1.58ns)   --->   "%store_ln8 = store i11 %select_ln20, i11 %j" [dft.cpp:8]   --->   Operation 48 'store' 'store_ln8' <Predicate = true> <Delay = 1.58>
ST_2 : Operation 49 [1/1] (1.58ns)   --->   "%store_ln8 = store i11 %add_ln21, i11 %i" [dft.cpp:8]   --->   Operation 49 'store' 'store_ln8' <Predicate = true> <Delay = 1.58>

State 3 <SV = 2> <Delay = 3.25>
ST_3 : Operation 50 [1/1] (0.00ns)   --->   "%zext_ln20 = zext i11 %select_ln20" [dft.cpp:20]   --->   Operation 50 'zext' 'zext_ln20' <Predicate = true> <Delay = 0.00>
ST_3 : Operation 51 [1/1] (0.00ns)   --->   "%real_sample_addr = getelementptr i32 %real_sample, i64 0, i64 %zext_ln20" [dft.cpp:20]   --->   Operation 51 'getelementptr' 'real_sample_addr' <Predicate = true> <Delay = 0.00>
ST_3 : Operation 52 [2/2] (3.25ns)   --->   "%real_sample_load = load i10 %real_sample_addr" [dft.cpp:20]   --->   Operation 52 'load' 'real_sample_load' <Predicate = true> <Delay = 3.25> <CoreInst = "RAM">   --->   Core 81 'RAM' <Latency = 1> <II = 1> <Delay = 3.25> <Storage> <Opcode : 'load' 'store'> <Ports = 2> <Width = 32> <Depth = 1024> <RAM>
ST_3 : Operation 53 [1/1] (0.00ns)   --->   "%imag_sample_addr = getelementptr i32 %imag_sample, i64 0, i64 %zext_ln20" [dft.cpp:20]   --->   Operation 53 'getelementptr' 'imag_sample_addr' <Predicate = true> <Delay = 0.00>
ST_3 : Operation 54 [2/2] (3.25ns)   --->   "%imag_sample_load = load i10 %imag_sample_addr" [dft.cpp:20]   --->   Operation 54 'load' 'imag_sample_load' <Predicate = true> <Delay = 3.25> <CoreInst = "RAM">   --->   Core 81 'RAM' <Latency = 1> <II = 1> <Delay = 3.25> <Storage> <Opcode : 'load' 'store'> <Ports = 2> <Width = 32> <Depth = 1024> <RAM>
ST_3 : Operation 55 [1/1] (0.00ns)   --->   "%zext_ln23 = zext i10 %idx" [dft.cpp:23]   --->   Operation 55 'zext' 'zext_ln23' <Predicate = true> <Delay = 0.00>
ST_3 : Operation 56 [1/1] (0.00ns)   --->   "%cos_coefficients_table_addr = getelementptr i32 %cos_coefficients_table, i64 0, i64 %zext_ln23" [dft.cpp:23]   --->   Operation 56 'getelementptr' 'cos_coefficients_table_addr' <Predicate = true> <Delay = 0.00>
ST_3 : Operation 57 [2/2] (3.25ns)   --->   "%c = load i10 %cos_coefficients_table_addr" [dft.cpp:23]   --->   Operation 57 'load' 'c' <Predicate = true> <Delay = 3.25> <CoreInst = "ROM">   --->   Core 94 'ROM' <Latency = 1> <II = 1> <Delay = 3.25> <Storage> <Opcode : 'load'> <Ports = 0> <Width = 32> <Depth = 1024> <ROM>
ST_3 : Operation 58 [1/1] (0.00ns)   --->   "%sin_coefficients_table_addr = getelementptr i32 %sin_coefficients_table, i64 0, i64 %zext_ln23" [dft.cpp:24]   --->   Operation 58 'getelementptr' 'sin_coefficients_table_addr' <Predicate = true> <Delay = 0.00>
ST_3 : Operation 59 [2/2] (3.25ns)   --->   "%s = load i10 %sin_coefficients_table_addr" [dft.cpp:24]   --->   Operation 59 'load' 's' <Predicate = true> <Delay = 3.25> <CoreInst = "ROM">   --->   Core 94 'ROM' <Latency = 1> <II = 1> <Delay = 3.25> <Storage> <Opcode : 'load'> <Ports = 0> <Width = 32> <Depth = 1024> <ROM>

State 4 <SV = 3> <Delay = 3.25>
ST_4 : Operation 60 [1/2] ( I:3.25ns O:3.25ns )   --->   "%real_sample_load = load i10 %real_sample_addr" [dft.cpp:20]   --->   Operation 60 'load' 'real_sample_load' <Predicate = true> <Delay = 3.25> <CoreInst = "RAM">   --->   Core 81 'RAM' <Latency = 1> <II = 1> <Delay = 3.25> <Storage> <Opcode : 'load' 'store'> <Ports = 2> <Width = 32> <Depth = 1024> <RAM>
ST_4 : Operation 61 [1/2] ( I:3.25ns O:3.25ns )   --->   "%imag_sample_load = load i10 %imag_sample_addr" [dft.cpp:20]   --->   Operation 61 'load' 'imag_sample_load' <Predicate = true> <Delay = 3.25> <CoreInst = "RAM">   --->   Core 81 'RAM' <Latency = 1> <II = 1> <Delay = 3.25> <Storage> <Opcode : 'load' 'store'> <Ports = 2> <Width = 32> <Depth = 1024> <RAM>
ST_4 : Operation 62 [1/2] ( I:3.25ns O:3.25ns )   --->   "%c = load i10 %cos_coefficients_table_addr" [dft.cpp:23]   --->   Operation 62 'load' 'c' <Predicate = true> <Delay = 3.25> <CoreInst = "ROM">   --->   Core 94 'ROM' <Latency = 1> <II = 1> <Delay = 3.25> <Storage> <Opcode : 'load'> <Ports = 0> <Width = 32> <Depth = 1024> <ROM>
ST_4 : Operation 63 [1/2] ( I:3.25ns O:3.25ns )   --->   "%s = load i10 %sin_coefficients_table_addr" [dft.cpp:24]   --->   Operation 63 'load' 's' <Predicate = true> <Delay = 3.25> <CoreInst = "ROM">   --->   Core 94 'ROM' <Latency = 1> <II = 1> <Delay = 3.25> <Storage> <Opcode : 'load'> <Ports = 0> <Width = 32> <Depth = 1024> <ROM>

State 5 <SV = 4> <Delay = 5.70>
ST_5 : Operation 64 [1/1] (0.00ns)   --->   "%empty = bitcast i32 %real_sample_load" [dft.cpp:20]   --->   Operation 64 'bitcast' 'empty' <Predicate = true> <Delay = 0.00>
ST_5 : Operation 65 [1/1] (0.00ns)   --->   "%empty_6 = bitcast i32 %imag_sample_load" [dft.cpp:20]   --->   Operation 65 'bitcast' 'empty_6' <Predicate = true> <Delay = 0.00>
ST_5 : Operation 66 [4/4] (5.70ns)   --->   "%mul = fmul i32 %empty, i32 %c" [dft.cpp:25]   --->   Operation 66 'fmul' 'mul' <Predicate = true> <Delay = 5.70> <CoreInst = "FMul_maxdsp">   --->   Core 30 'FMul_maxdsp' <Latency = 3> <II = 1> <Delay = 5.70> <FuncUnit> <Opcode : 'fmul'> <InPorts = 2> <OutPorts = 1>
ST_5 : Operation 67 [4/4] (5.70ns)   --->   "%mul1 = fmul i32 %empty_6, i32 %s" [dft.cpp:25]   --->   Operation 67 'fmul' 'mul1' <Predicate = true> <Delay = 5.70> <CoreInst = "FMul_maxdsp">   --->   Core 30 'FMul_maxdsp' <Latency = 3> <II = 1> <Delay = 5.70> <FuncUnit> <Opcode : 'fmul'> <InPorts = 2> <OutPorts = 1>
ST_5 : Operation 68 [4/4] (5.70ns)   --->   "%mul2 = fmul i32 %empty, i32 %s" [dft.cpp:26]   --->   Operation 68 'fmul' 'mul2' <Predicate = true> <Delay = 5.70> <CoreInst = "FMul_maxdsp">   --->   Core 30 'FMul_maxdsp' <Latency = 3> <II = 1> <Delay = 5.70> <FuncUnit> <Opcode : 'fmul'> <InPorts = 2> <OutPorts = 1>
ST_5 : Operation 69 [4/4] (5.70ns)   --->   "%mul3 = fmul i32 %empty_6, i32 %c" [dft.cpp:26]   --->   Operation 69 'fmul' 'mul3' <Predicate = true> <Delay = 5.70> <CoreInst = "FMul_maxdsp">   --->   Core 30 'FMul_maxdsp' <Latency = 3> <II = 1> <Delay = 5.70> <FuncUnit> <Opcode : 'fmul'> <InPorts = 2> <OutPorts = 1>

State 6 <SV = 5> <Delay = 5.70>
ST_6 : Operation 70 [3/4] (5.70ns)   --->   "%mul = fmul i32 %empty, i32 %c" [dft.cpp:25]   --->   Operation 70 'fmul' 'mul' <Predicate = true> <Delay = 5.70> <CoreInst = "FMul_maxdsp">   --->   Core 30 'FMul_maxdsp' <Latency = 3> <II = 1> <Delay = 5.70> <FuncUnit> <Opcode : 'fmul'> <InPorts = 2> <OutPorts = 1>
ST_6 : Operation 71 [3/4] (5.70ns)   --->   "%mul1 = fmul i32 %empty_6, i32 %s" [dft.cpp:25]   --->   Operation 71 'fmul' 'mul1' <Predicate = true> <Delay = 5.70> <CoreInst = "FMul_maxdsp">   --->   Core 30 'FMul_maxdsp' <Latency = 3> <II = 1> <Delay = 5.70> <FuncUnit> <Opcode : 'fmul'> <InPorts = 2> <OutPorts = 1>
ST_6 : Operation 72 [3/4] (5.70ns)   --->   "%mul2 = fmul i32 %empty, i32 %s" [dft.cpp:26]   --->   Operation 72 'fmul' 'mul2' <Predicate = true> <Delay = 5.70> <CoreInst = "FMul_maxdsp">   --->   Core 30 'FMul_maxdsp' <Latency = 3> <II = 1> <Delay = 5.70> <FuncUnit> <Opcode : 'fmul'> <InPorts = 2> <OutPorts = 1>
ST_6 : Operation 73 [3/4] (5.70ns)   --->   "%mul3 = fmul i32 %empty_6, i32 %c" [dft.cpp:26]   --->   Operation 73 'fmul' 'mul3' <Predicate = true> <Delay = 5.70> <CoreInst = "FMul_maxdsp">   --->   Core 30 'FMul_maxdsp' <Latency = 3> <II = 1> <Delay = 5.70> <FuncUnit> <Opcode : 'fmul'> <InPorts = 2> <OutPorts = 1>

State 7 <SV = 6> <Delay = 5.70>
ST_7 : Operation 74 [2/4] (5.70ns)   --->   "%mul = fmul i32 %empty, i32 %c" [dft.cpp:25]   --->   Operation 74 'fmul' 'mul' <Predicate = true> <Delay = 5.70> <CoreInst = "FMul_maxdsp">   --->   Core 30 'FMul_maxdsp' <Latency = 3> <II = 1> <Delay = 5.70> <FuncUnit> <Opcode : 'fmul'> <InPorts = 2> <OutPorts = 1>
ST_7 : Operation 75 [2/4] (5.70ns)   --->   "%mul1 = fmul i32 %empty_6, i32 %s" [dft.cpp:25]   --->   Operation 75 'fmul' 'mul1' <Predicate = true> <Delay = 5.70> <CoreInst = "FMul_maxdsp">   --->   Core 30 'FMul_maxdsp' <Latency = 3> <II = 1> <Delay = 5.70> <FuncUnit> <Opcode : 'fmul'> <InPorts = 2> <OutPorts = 1>
ST_7 : Operation 76 [2/4] (5.70ns)   --->   "%mul2 = fmul i32 %empty, i32 %s" [dft.cpp:26]   --->   Operation 76 'fmul' 'mul2' <Predicate = true> <Delay = 5.70> <CoreInst = "FMul_maxdsp">   --->   Core 30 'FMul_maxdsp' <Latency = 3> <II = 1> <Delay = 5.70> <FuncUnit> <Opcode : 'fmul'> <InPorts = 2> <OutPorts = 1>
ST_7 : Operation 77 [2/4] (5.70ns)   --->   "%mul3 = fmul i32 %empty_6, i32 %c" [dft.cpp:26]   --->   Operation 77 'fmul' 'mul3' <Predicate = true> <Delay = 5.70> <CoreInst = "FMul_maxdsp">   --->   Core 30 'FMul_maxdsp' <Latency = 3> <II = 1> <Delay = 5.70> <FuncUnit> <Opcode : 'fmul'> <InPorts = 2> <OutPorts = 1>

State 8 <SV = 7> <Delay = 5.70>
ST_8 : Operation 78 [1/4] (5.70ns)   --->   "%mul = fmul i32 %empty, i32 %c" [dft.cpp:25]   --->   Operation 78 'fmul' 'mul' <Predicate = true> <Delay = 5.70> <CoreInst = "FMul_maxdsp">   --->   Core 30 'FMul_maxdsp' <Latency = 3> <II = 1> <Delay = 5.70> <FuncUnit> <Opcode : 'fmul'> <InPorts = 2> <OutPorts = 1>
ST_8 : Operation 79 [1/4] (5.70ns)   --->   "%mul1 = fmul i32 %empty_6, i32 %s" [dft.cpp:25]   --->   Operation 79 'fmul' 'mul1' <Predicate = true> <Delay = 5.70> <CoreInst = "FMul_maxdsp">   --->   Core 30 'FMul_maxdsp' <Latency = 3> <II = 1> <Delay = 5.70> <FuncUnit> <Opcode : 'fmul'> <InPorts = 2> <OutPorts = 1>
ST_8 : Operation 80 [1/4] (5.70ns)   --->   "%mul2 = fmul i32 %empty, i32 %s" [dft.cpp:26]   --->   Operation 80 'fmul' 'mul2' <Predicate = true> <Delay = 5.70> <CoreInst = "FMul_maxdsp">   --->   Core 30 'FMul_maxdsp' <Latency = 3> <II = 1> <Delay = 5.70> <FuncUnit> <Opcode : 'fmul'> <InPorts = 2> <OutPorts = 1>
ST_8 : Operation 81 [1/4] (5.70ns)   --->   "%mul3 = fmul i32 %empty_6, i32 %c" [dft.cpp:26]   --->   Operation 81 'fmul' 'mul3' <Predicate = true> <Delay = 5.70> <CoreInst = "FMul_maxdsp">   --->   Core 30 'FMul_maxdsp' <Latency = 3> <II = 1> <Delay = 5.70> <FuncUnit> <Opcode : 'fmul'> <InPorts = 2> <OutPorts = 1>

State 9 <SV = 8> <Delay = 7.25>
ST_9 : Operation 82 [5/5] (7.25ns)   --->   "%sub = fsub i32 %mul, i32 %mul1" [dft.cpp:25]   --->   Operation 82 'fsub' 'sub' <Predicate = true> <Delay = 7.25> <CoreInst = "FAddSub_fulldsp">   --->   Core 18 'FAddSub_fulldsp' <Latency = 4> <II = 1> <Delay = 7.25> <FuncUnit> <Opcode : 'fadd' 'fsub'> <InPorts = 2> <OutPorts = 1>
ST_9 : Operation 83 [5/5] (7.25ns)   --->   "%add1 = fadd i32 %mul2, i32 %mul3" [dft.cpp:26]   --->   Operation 83 'fadd' 'add1' <Predicate = true> <Delay = 7.25> <CoreInst = "FAddSub_fulldsp">   --->   Core 18 'FAddSub_fulldsp' <Latency = 4> <II = 1> <Delay = 7.25> <FuncUnit> <Opcode : 'fadd' 'fsub'> <InPorts = 2> <OutPorts = 1>

State 10 <SV = 9> <Delay = 7.25>
ST_10 : Operation 84 [4/5] (7.25ns)   --->   "%sub = fsub i32 %mul, i32 %mul1" [dft.cpp:25]   --->   Operation 84 'fsub' 'sub' <Predicate = true> <Delay = 7.25> <CoreInst = "FAddSub_fulldsp">   --->   Core 18 'FAddSub_fulldsp' <Latency = 4> <II = 1> <Delay = 7.25> <FuncUnit> <Opcode : 'fadd' 'fsub'> <InPorts = 2> <OutPorts = 1>
ST_10 : Operation 85 [4/5] (7.25ns)   --->   "%add1 = fadd i32 %mul2, i32 %mul3" [dft.cpp:26]   --->   Operation 85 'fadd' 'add1' <Predicate = true> <Delay = 7.25> <CoreInst = "FAddSub_fulldsp">   --->   Core 18 'FAddSub_fulldsp' <Latency = 4> <II = 1> <Delay = 7.25> <FuncUnit> <Opcode : 'fadd' 'fsub'> <InPorts = 2> <OutPorts = 1>

State 11 <SV = 10> <Delay = 7.25>
ST_11 : Operation 86 [3/5] (7.25ns)   --->   "%sub = fsub i32 %mul, i32 %mul1" [dft.cpp:25]   --->   Operation 86 'fsub' 'sub' <Predicate = true> <Delay = 7.25> <CoreInst = "FAddSub_fulldsp">   --->   Core 18 'FAddSub_fulldsp' <Latency = 4> <II = 1> <Delay = 7.25> <FuncUnit> <Opcode : 'fadd' 'fsub'> <InPorts = 2> <OutPorts = 1>
ST_11 : Operation 87 [3/5] (7.25ns)   --->   "%add1 = fadd i32 %mul2, i32 %mul3" [dft.cpp:26]   --->   Operation 87 'fadd' 'add1' <Predicate = true> <Delay = 7.25> <CoreInst = "FAddSub_fulldsp">   --->   Core 18 'FAddSub_fulldsp' <Latency = 4> <II = 1> <Delay = 7.25> <FuncUnit> <Opcode : 'fadd' 'fsub'> <InPorts = 2> <OutPorts = 1>

State 12 <SV = 11> <Delay = 7.25>
ST_12 : Operation 88 [1/1] (0.00ns)   --->   "%zext_ln21 = zext i11 %select_ln8" [dft.cpp:21]   --->   Operation 88 'zext' 'zext_ln21' <Predicate = true> <Delay = 0.00>
ST_12 : Operation 89 [2/5] (7.25ns)   --->   "%sub = fsub i32 %mul, i32 %mul1" [dft.cpp:25]   --->   Operation 89 'fsub' 'sub' <Predicate = true> <Delay = 7.25> <CoreInst = "FAddSub_fulldsp">   --->   Core 18 'FAddSub_fulldsp' <Latency = 4> <II = 1> <Delay = 7.25> <FuncUnit> <Opcode : 'fadd' 'fsub'> <InPorts = 2> <OutPorts = 1>
ST_12 : Operation 90 [1/1] (0.00ns)   --->   "%real_op_addr = getelementptr i32 %real_op, i64 0, i64 %zext_ln21" [dft.cpp:25]   --->   Operation 90 'getelementptr' 'real_op_addr' <Predicate = true> <Delay = 0.00>
ST_12 : Operation 91 [2/2] (3.25ns)   --->   "%real_op_load = load i10 %real_op_addr" [dft.cpp:25]   --->   Operation 91 'load' 'real_op_load' <Predicate = true> <Delay = 3.25> <CoreInst = "RAM">   --->   Core 81 'RAM' <Latency = 1> <II = 1> <Delay = 3.25> <Storage> <Opcode : 'load' 'store'> <Ports = 2> <Width = 32> <Depth = 1024> <RAM>
ST_12 : Operation 92 [2/5] (7.25ns)   --->   "%add1 = fadd i32 %mul2, i32 %mul3" [dft.cpp:26]   --->   Operation 92 'fadd' 'add1' <Predicate = true> <Delay = 7.25> <CoreInst = "FAddSub_fulldsp">   --->   Core 18 'FAddSub_fulldsp' <Latency = 4> <II = 1> <Delay = 7.25> <FuncUnit> <Opcode : 'fadd' 'fsub'> <InPorts = 2> <OutPorts = 1>
ST_12 : Operation 93 [1/1] (0.00ns)   --->   "%imag_op_addr = getelementptr i32 %imag_op, i64 0, i64 %zext_ln21" [dft.cpp:26]   --->   Operation 93 'getelementptr' 'imag_op_addr' <Predicate = true> <Delay = 0.00>
ST_12 : Operation 94 [2/2] (3.25ns)   --->   "%imag_op_load = load i10 %imag_op_addr" [dft.cpp:26]   --->   Operation 94 'load' 'imag_op_load' <Predicate = true> <Delay = 3.25> <CoreInst = "RAM">   --->   Core 81 'RAM' <Latency = 1> <II = 1> <Delay = 3.25> <Storage> <Opcode : 'load' 'store'> <Ports = 2> <Width = 32> <Depth = 1024> <RAM>

State 13 <SV = 12> <Delay = 7.25>
ST_13 : Operation 95 [1/5] (7.25ns)   --->   "%sub = fsub i32 %mul, i32 %mul1" [dft.cpp:25]   --->   Operation 95 'fsub' 'sub' <Predicate = true> <Delay = 7.25> <CoreInst = "FAddSub_fulldsp">   --->   Core 18 'FAddSub_fulldsp' <Latency = 4> <II = 1> <Delay = 7.25> <FuncUnit> <Opcode : 'fadd' 'fsub'> <InPorts = 2> <OutPorts = 1>
ST_13 : Operation 96 [1/2] ( I:3.25ns O:3.25ns )   --->   "%real_op_load = load i10 %real_op_addr" [dft.cpp:25]   --->   Operation 96 'load' 'real_op_load' <Predicate = true> <Delay = 3.25> <CoreInst = "RAM">   --->   Core 81 'RAM' <Latency = 1> <II = 1> <Delay = 3.25> <Storage> <Opcode : 'load' 'store'> <Ports = 2> <Width = 32> <Depth = 1024> <RAM>
ST_13 : Operation 97 [1/5] (7.25ns)   --->   "%add1 = fadd i32 %mul2, i32 %mul3" [dft.cpp:26]   --->   Operation 97 'fadd' 'add1' <Predicate = true> <Delay = 7.25> <CoreInst = "FAddSub_fulldsp">   --->   Core 18 'FAddSub_fulldsp' <Latency = 4> <II = 1> <Delay = 7.25> <FuncUnit> <Opcode : 'fadd' 'fsub'> <InPorts = 2> <OutPorts = 1>
ST_13 : Operation 98 [1/2] ( I:3.25ns O:3.25ns )   --->   "%imag_op_load = load i10 %imag_op_addr" [dft.cpp:26]   --->   Operation 98 'load' 'imag_op_load' <Predicate = true> <Delay = 3.25> <CoreInst = "RAM">   --->   Core 81 'RAM' <Latency = 1> <II = 1> <Delay = 3.25> <Storage> <Opcode : 'load' 'store'> <Ports = 2> <Width = 32> <Depth = 1024> <RAM>

State 14 <SV = 13> <Delay = 7.25>
ST_14 : Operation 99 [1/1] (0.00ns)   --->   "%bitcast_ln25 = bitcast i32 %real_op_load" [dft.cpp:25]   --->   Operation 99 'bitcast' 'bitcast_ln25' <Predicate = true> <Delay = 0.00>
ST_14 : Operation 100 [5/5] (7.25ns)   --->   "%add = fadd i32 %bitcast_ln25, i32 %sub" [dft.cpp:25]   --->   Operation 100 'fadd' 'add' <Predicate = true> <Delay = 7.25> <CoreInst = "FAddSub_fulldsp">   --->   Core 18 'FAddSub_fulldsp' <Latency = 4> <II = 1> <Delay = 7.25> <FuncUnit> <Opcode : 'fadd' 'fsub'> <InPorts = 2> <OutPorts = 1>
ST_14 : Operation 101 [1/1] (0.00ns)   --->   "%bitcast_ln26 = bitcast i32 %imag_op_load" [dft.cpp:26]   --->   Operation 101 'bitcast' 'bitcast_ln26' <Predicate = true> <Delay = 0.00>
ST_14 : Operation 102 [5/5] (7.25ns)   --->   "%add2 = fadd i32 %bitcast_ln26, i32 %add1" [dft.cpp:26]   --->   Operation 102 'fadd' 'add2' <Predicate = true> <Delay = 7.25> <CoreInst = "FAddSub_fulldsp">   --->   Core 18 'FAddSub_fulldsp' <Latency = 4> <II = 1> <Delay = 7.25> <FuncUnit> <Opcode : 'fadd' 'fsub'> <InPorts = 2> <OutPorts = 1>

State 15 <SV = 14> <Delay = 7.25>
ST_15 : Operation 103 [4/5] (7.25ns)   --->   "%add = fadd i32 %bitcast_ln25, i32 %sub" [dft.cpp:25]   --->   Operation 103 'fadd' 'add' <Predicate = true> <Delay = 7.25> <CoreInst = "FAddSub_fulldsp">   --->   Core 18 'FAddSub_fulldsp' <Latency = 4> <II = 1> <Delay = 7.25> <FuncUnit> <Opcode : 'fadd' 'fsub'> <InPorts = 2> <OutPorts = 1>
ST_15 : Operation 104 [4/5] (7.25ns)   --->   "%add2 = fadd i32 %bitcast_ln26, i32 %add1" [dft.cpp:26]   --->   Operation 104 'fadd' 'add2' <Predicate = true> <Delay = 7.25> <CoreInst = "FAddSub_fulldsp">   --->   Core 18 'FAddSub_fulldsp' <Latency = 4> <II = 1> <Delay = 7.25> <FuncUnit> <Opcode : 'fadd' 'fsub'> <InPorts = 2> <OutPorts = 1>

State 16 <SV = 15> <Delay = 7.25>
ST_16 : Operation 105 [3/5] (7.25ns)   --->   "%add = fadd i32 %bitcast_ln25, i32 %sub" [dft.cpp:25]   --->   Operation 105 'fadd' 'add' <Predicate = true> <Delay = 7.25> <CoreInst = "FAddSub_fulldsp">   --->   Core 18 'FAddSub_fulldsp' <Latency = 4> <II = 1> <Delay = 7.25> <FuncUnit> <Opcode : 'fadd' 'fsub'> <InPorts = 2> <OutPorts = 1>
ST_16 : Operation 106 [3/5] (7.25ns)   --->   "%add2 = fadd i32 %bitcast_ln26, i32 %add1" [dft.cpp:26]   --->   Operation 106 'fadd' 'add2' <Predicate = true> <Delay = 7.25> <CoreInst = "FAddSub_fulldsp">   --->   Core 18 'FAddSub_fulldsp' <Latency = 4> <II = 1> <Delay = 7.25> <FuncUnit> <Opcode : 'fadd' 'fsub'> <InPorts = 2> <OutPorts = 1>

State 17 <SV = 16> <Delay = 7.25>
ST_17 : Operation 107 [2/5] (7.25ns)   --->   "%add = fadd i32 %bitcast_ln25, i32 %sub" [dft.cpp:25]   --->   Operation 107 'fadd' 'add' <Predicate = true> <Delay = 7.25> <CoreInst = "FAddSub_fulldsp">   --->   Core 18 'FAddSub_fulldsp' <Latency = 4> <II = 1> <Delay = 7.25> <FuncUnit> <Opcode : 'fadd' 'fsub'> <InPorts = 2> <OutPorts = 1>
ST_17 : Operation 108 [2/5] (7.25ns)   --->   "%add2 = fadd i32 %bitcast_ln26, i32 %add1" [dft.cpp:26]   --->   Operation 108 'fadd' 'add2' <Predicate = true> <Delay = 7.25> <CoreInst = "FAddSub_fulldsp">   --->   Core 18 'FAddSub_fulldsp' <Latency = 4> <II = 1> <Delay = 7.25> <FuncUnit> <Opcode : 'fadd' 'fsub'> <InPorts = 2> <OutPorts = 1>

State 18 <SV = 17> <Delay = 7.25>
ST_18 : Operation 109 [1/5] (7.25ns)   --->   "%add = fadd i32 %bitcast_ln25, i32 %sub" [dft.cpp:25]   --->   Operation 109 'fadd' 'add' <Predicate = true> <Delay = 7.25> <CoreInst = "FAddSub_fulldsp">   --->   Core 18 'FAddSub_fulldsp' <Latency = 4> <II = 1> <Delay = 7.25> <FuncUnit> <Opcode : 'fadd' 'fsub'> <InPorts = 2> <OutPorts = 1>
ST_18 : Operation 110 [1/5] (7.25ns)   --->   "%add2 = fadd i32 %bitcast_ln26, i32 %add1" [dft.cpp:26]   --->   Operation 110 'fadd' 'add2' <Predicate = true> <Delay = 7.25> <CoreInst = "FAddSub_fulldsp">   --->   Core 18 'FAddSub_fulldsp' <Latency = 4> <II = 1> <Delay = 7.25> <FuncUnit> <Opcode : 'fadd' 'fsub'> <InPorts = 2> <OutPorts = 1>
ST_18 : Operation 119 [1/1] (1.58ns)   --->   "%ret_ln0 = ret"   --->   Operation 119 'ret' 'ret_ln0' <Predicate = (icmp_ln20)> <Delay = 1.58>

State 19 <SV = 18> <Delay = 3.25>
ST_19 : Operation 111 [1/1] (0.00ns)   --->   "%specloopname_ln0 = specloopname void @_ssdm_op_SpecLoopName, void @VITIS_LOOP_20_2_VITIS_LOOP_21_3_str"   --->   Operation 111 'specloopname' 'specloopname_ln0' <Predicate = true> <Delay = 0.00>
ST_19 : Operation 112 [1/1] (0.00ns)   --->   "%speclooptripcount_ln0 = speclooptripcount void @_ssdm_op_SpecLoopTripCount, i64 1048576, i64 1048576, i64 1048576"   --->   Operation 112 'speclooptripcount' 'speclooptripcount_ln0' <Predicate = true> <Delay = 0.00>
ST_19 : Operation 113 [1/1] (0.00ns)   --->   "%specpipeline_ln8 = specpipeline void @_ssdm_op_SpecPipeline, i32 4294967295, i32 0, i32 0, i32 0, void @empty_0" [dft.cpp:8]   --->   Operation 113 'specpipeline' 'specpipeline_ln8' <Predicate = true> <Delay = 0.00>
ST_19 : Operation 114 [1/1] (0.00ns)   --->   "%bitcast_ln25_1 = bitcast i32 %add" [dft.cpp:25]   --->   Operation 114 'bitcast' 'bitcast_ln25_1' <Predicate = true> <Delay = 0.00>
ST_19 : Operation 115 [1/1] ( I:3.25ns O:3.25ns )   --->   "%store_ln25 = store i32 %bitcast_ln25_1, i10 %real_op_addr" [dft.cpp:25]   --->   Operation 115 'store' 'store_ln25' <Predicate = true> <Delay = 3.25> <CoreInst = "RAM">   --->   Core 81 'RAM' <Latency = 1> <II = 1> <Delay = 3.25> <Storage> <Opcode : 'load' 'store'> <Ports = 2> <Width = 32> <Depth = 1024> <RAM>
ST_19 : Operation 116 [1/1] (0.00ns)   --->   "%bitcast_ln26_1 = bitcast i32 %add2" [dft.cpp:26]   --->   Operation 116 'bitcast' 'bitcast_ln26_1' <Predicate = true> <Delay = 0.00>
ST_19 : Operation 117 [1/1] ( I:3.25ns O:3.25ns )   --->   "%store_ln26 = store i32 %bitcast_ln26_1, i10 %imag_op_addr" [dft.cpp:26]   --->   Operation 117 'store' 'store_ln26' <Predicate = true> <Delay = 3.25> <CoreInst = "RAM">   --->   Core 81 'RAM' <Latency = 1> <II = 1> <Delay = 3.25> <Storage> <Opcode : 'load' 'store'> <Ports = 2> <Width = 32> <Depth = 1024> <RAM>
ST_19 : Operation 118 [1/1] (0.00ns)   --->   "%br_ln21 = br void %for.inc32" [dft.cpp:21]   --->   Operation 118 'br' 'br_ln21' <Predicate = true> <Delay = 0.00>


============================================================
+ Verbose Summary: Binding
============================================================
STG Binding: 
---------------- STG Properties BEGIN ----------------
- Is combinational: 0
- Is one-state seq: 0
- Is datapath-only: 0
- Is pipelined: 0
- Is top level: 0
Port [ Return ] is wired: 1; IO mode=ap_ctrl_hs:ce=0
Port [ real_sample]:  wired=1; compound=1; hidden=0; nouse=0; global=0; static=0; extern=0; dir=0; type=1; pingpong=0; private_global=0; MemPort=[13]; IO mode=ap_memory:ce=0
Port [ imag_sample]:  wired=1; compound=1; hidden=0; nouse=0; global=0; static=0; extern=0; dir=0; type=1; pingpong=0; private_global=0; MemPort=[13]; IO mode=ap_memory:ce=0
Port [ real_op]:  wired=1; compound=1; hidden=0; nouse=0; global=0; static=0; extern=0; dir=2; type=1; pingpong=0; private_global=0; MemPort=[01]; IO mode=ap_memory:ce=0
Port [ imag_op]:  wired=1; compound=1; hidden=0; nouse=0; global=0; static=0; extern=0; dir=2; type=1; pingpong=0; private_global=0; MemPort=[01]; IO mode=ap_memory:ce=0
Port [ cos_coefficients_table]:  wired=0; compound=1; hidden=1; nouse=0; global=1; static=1; extern=0; dir=0; type=1; pingpong=0; private_global=1; MemPort=[1]; IO mode=ap_memory:ce=0
Port [ sin_coefficients_table]:  wired=0; compound=1; hidden=1; nouse=0; global=1; static=1; extern=0; dir=0; type=1; pingpong=0; private_global=1; MemPort=[1]; IO mode=ap_memory:ce=0
---------------- STG Properties END ------------------

---------------- Datapath Model BEGIN ----------------

<LifeTime>
<method=bitvector/>
i                           (alloca           ) [ 01100000000000000000]
j                           (alloca           ) [ 01100000000000000000]
indvar_flatten              (alloca           ) [ 01000000000000000000]
specinterface_ln0           (specinterface    ) [ 00000000000000000000]
specinterface_ln0           (specinterface    ) [ 00000000000000000000]
specinterface_ln0           (specinterface    ) [ 00000000000000000000]
specinterface_ln0           (specinterface    ) [ 00000000000000000000]
store_ln0                   (store            ) [ 00000000000000000000]
store_ln8                   (store            ) [ 00000000000000000000]
store_ln8                   (store            ) [ 00000000000000000000]
br_ln0                      (br               ) [ 00000000000000000000]
indvar_flatten_load         (load             ) [ 00000000000000000000]
icmp_ln20                   (icmp             ) [ 01111111111111111110]
add_ln20                    (add              ) [ 00000000000000000000]
br_ln20                     (br               ) [ 00000000000000000000]
store_ln20                  (store            ) [ 00000000000000000000]
i_load                      (load             ) [ 00000000000000000000]
j_load                      (load             ) [ 00000000000000000000]
icmp_ln21                   (icmp             ) [ 00000000000000000000]
select_ln8                  (select           ) [ 01011111111110000000]
add_ln20_1                  (add              ) [ 00000000000000000000]
select_ln20                 (select           ) [ 01010000000000000000]
trunc_ln22                  (trunc            ) [ 00000000000000000000]
trunc_ln22_1                (trunc            ) [ 00000000000000000000]
idx                         (mul              ) [ 01010000000000000000]
add_ln21                    (add              ) [ 00000000000000000000]
store_ln8                   (store            ) [ 00000000000000000000]
store_ln8                   (store            ) [ 00000000000000000000]
zext_ln20                   (zext             ) [ 00000000000000000000]
real_sample_addr            (getelementptr    ) [ 01001000000000000000]
imag_sample_addr            (getelementptr    ) [ 01001000000000000000]
zext_ln23                   (zext             ) [ 00000000000000000000]
cos_coefficients_table_addr (getelementptr    ) [ 01001000000000000000]
sin_coefficients_table_addr (getelementptr    ) [ 01001000000000000000]
real_sample_load            (load             ) [ 01000100000000000000]
imag_sample_load            (load             ) [ 01000100000000000000]
c                           (load             ) [ 01000111100000000000]
s                           (load             ) [ 01000111100000000000]
empty                       (bitcast          ) [ 01000011100000000000]
empty_6                     (bitcast          ) [ 01000011100000000000]
mul                         (fmul             ) [ 01000000011111000000]
mul1                        (fmul             ) [ 01000000011111000000]
mul2                        (fmul             ) [ 01000000011111000000]
mul3                        (fmul             ) [ 01000000011111000000]
zext_ln21                   (zext             ) [ 00000000000000000000]
real_op_addr                (getelementptr    ) [ 01000000000001111111]
imag_op_addr                (getelementptr    ) [ 01000000000001111111]
sub                         (fsub             ) [ 01000000000000111110]
real_op_load                (load             ) [ 01000000000000100000]
add1                        (fadd             ) [ 01000000000000111110]
imag_op_load                (load             ) [ 01000000000000100000]
bitcast_ln25                (bitcast          ) [ 01000000000000011110]
bitcast_ln26                (bitcast          ) [ 01000000000000011110]
add                         (fadd             ) [ 01000000000000000001]
add2                        (fadd             ) [ 01000000000000000001]
specloopname_ln0            (specloopname     ) [ 00000000000000000000]
speclooptripcount_ln0       (speclooptripcount) [ 00000000000000000000]
specpipeline_ln8            (specpipeline     ) [ 00000000000000000000]
bitcast_ln25_1              (bitcast          ) [ 00000000000000000000]
store_ln25                  (store            ) [ 00000000000000000000]
bitcast_ln26_1              (bitcast          ) [ 00000000000000000000]
store_ln26                  (store            ) [ 00000000000000000000]
br_ln21                     (br               ) [ 00000000000000000000]
ret_ln0                     (ret              ) [ 00000000000000000000]
</LifeTime>

<model>

<comp_list>
<comp id="0" class="1000" name="real_sample">
<pin_list>
<pin id="1" dir="1" index="0" bw="1" slack="0"/>
</pin_list>
<bind>
<StgValue><ssdm name="real_sample"/><MemPortTyVec>1 3 </MemPortTyVec>
</StgValue>
</bind>
</comp>

<comp id="2" class="1000" name="imag_sample">
<pin_list>
<pin id="3" dir="1" index="0" bw="1" slack="0"/>
</pin_list>
<bind>
<StgValue><ssdm name="imag_sample"/><MemPortTyVec>1 3 </MemPortTyVec>
</StgValue>
</bind>
</comp>

<comp id="4" class="1000" name="real_op">
<pin_list>
<pin id="5" dir="1" index="0" bw="1" slack="0"/>
</pin_list>
<bind>
<StgValue><ssdm name="real_op"/><MemPortTyVec>0 1 </MemPortTyVec>
</StgValue>
</bind>
</comp>

<comp id="6" class="1000" name="imag_op">
<pin_list>
<pin id="7" dir="1" index="0" bw="1" slack="0"/>
</pin_list>
<bind>
<StgValue><ssdm name="imag_op"/><MemPortTyVec>0 1 </MemPortTyVec>
</StgValue>
</bind>
</comp>

<comp id="8" class="1000" name="cos_coefficients_table">
<pin_list>
<pin id="9" dir="1" index="0" bw="1" slack="0"/>
</pin_list>
<bind>
<StgValue><ssdm name="cos_coefficients_table"/><MemPortTyVec>1 </MemPortTyVec>
</StgValue>
</bind>
</comp>

<comp id="10" class="1000" name="sin_coefficients_table">
<pin_list>
<pin id="11" dir="1" index="0" bw="1" slack="0"/>
</pin_list>
<bind>
<StgValue><ssdm name="sin_coefficients_table"/><MemPortTyVec>1 </MemPortTyVec>
</StgValue>
</bind>
</comp>

<comp id="12" class="1001" name="const_12">
<pin_list>
<pin id="13" dir="1" index="0" bw="1" slack="0"/>
</pin_list>
<bind>
<StgValue><ssdm name=""/></StgValue>
</bind>
</comp>

<comp id="14" class="1001" name="const_14">
<pin_list>
<pin id="15" dir="1" index="0" bw="1" slack="2147483647"/>
</pin_list>
<bind>
<StgValue><ssdm name="_ssdm_op_SpecInterface"/></StgValue>
</bind>
</comp>

<comp id="16" class="1001" name="const_16">
<pin_list>
<pin id="17" dir="1" index="0" bw="1" slack="2147483647"/>
</pin_list>
<bind>
<StgValue><ssdm name="empty"/></StgValue>
</bind>
</comp>

<comp id="18" class="1001" name="const_18">
<pin_list>
<pin id="19" dir="1" index="0" bw="1" slack="2147483647"/>
</pin_list>
<bind>
<StgValue><ssdm name=""/></StgValue>
</bind>
</comp>

<comp id="20" class="1001" name="const_20">
<pin_list>
<pin id="21" dir="1" index="0" bw="1" slack="2147483647"/>
</pin_list>
<bind>
<StgValue><ssdm name="empty_0"/></StgValue>
</bind>
</comp>

<comp id="22" class="1001" name="const_22">
<pin_list>
<pin id="23" dir="1" index="0" bw="1" slack="2147483647"/>
</pin_list>
<bind>
<StgValue><ssdm name=""/></StgValue>
</bind>
</comp>

<comp id="24" class="1001" name="const_24">
<pin_list>
<pin id="25" dir="1" index="0" bw="1" slack="0"/>
</pin_list>
<bind>
<StgValue><ssdm name=""/></StgValue>
</bind>
</comp>

<comp id="26" class="1001" name="const_26">
<pin_list>
<pin id="27" dir="1" index="0" bw="1" slack="0"/>
</pin_list>
<bind>
<StgValue><ssdm name=""/></StgValue>
</bind>
</comp>

<comp id="28" class="1001" name="const_28">
<pin_list>
<pin id="29" dir="1" index="0" bw="1" slack="0"/>
</pin_list>
<bind>
<StgValue><ssdm name=""/></StgValue>
</bind>
</comp>

<comp id="30" class="1001" name="const_30">
<pin_list>
<pin id="31" dir="1" index="0" bw="1" slack="0"/>
</pin_list>
<bind>
<StgValue><ssdm name=""/></StgValue>
</bind>
</comp>

<comp id="32" class="1001" name="const_32">
<pin_list>
<pin id="33" dir="1" index="0" bw="1" slack="0"/>
</pin_list>
<bind>
<StgValue><ssdm name=""/></StgValue>
</bind>
</comp>

<comp id="34" class="1001" name="const_34">
<pin_list>
<pin id="35" dir="1" index="0" bw="1" slack="0"/>
</pin_list>
<bind>
<StgValue><ssdm name=""/></StgValue>
</bind>
</comp>

<comp id="36" class="1001" name="const_36">
<pin_list>
<pin id="37" dir="1" index="0" bw="1" slack="0"/>
</pin_list>
<bind>
<StgValue><ssdm name=""/></StgValue>
</bind>
</comp>

<comp id="38" class="1001" name="const_38">
<pin_list>
<pin id="39" dir="1" index="0" bw="1" slack="2147483647"/>
</pin_list>
<bind>
<StgValue><ssdm name="_ssdm_op_SpecLoopName"/></StgValue>
</bind>
</comp>

<comp id="40" class="1001" name="const_40">
<pin_list>
<pin id="41" dir="1" index="0" bw="1" slack="2147483647"/>
</pin_list>
<bind>
<StgValue><ssdm name="VITIS_LOOP_20_2_VITIS_LOOP_21_3_str"/></StgValue>
</bind>
</comp>

<comp id="42" class="1001" name="const_42">
<pin_list>
<pin id="43" dir="1" index="0" bw="1" slack="2147483647"/>
</pin_list>
<bind>
<StgValue><ssdm name="_ssdm_op_SpecLoopTripCount"/></StgValue>
</bind>
</comp>

<comp id="44" class="1001" name="const_44">
<pin_list>
<pin id="45" dir="1" index="0" bw="1" slack="2147483647"/>
</pin_list>
<bind>
<StgValue><ssdm name=""/></StgValue>
</bind>
</comp>

<comp id="46" class="1001" name="const_46">
<pin_list>
<pin id="47" dir="1" index="0" bw="1" slack="2147483647"/>
</pin_list>
<bind>
<StgValue><ssdm name="_ssdm_op_SpecPipeline"/></StgValue>
</bind>
</comp>

<comp id="48" class="1004" name="i_fu_48">
<pin_list>
<pin id="49" dir="0" index="0" bw="1" slack="0"/>
<pin id="50" dir="1" index="1" bw="11" slack="0"/>
</pin_list>
<bind>
<opcode="alloca(26) " fcode="alloca"/>
<opset="i/1 "/>
</bind>
</comp>

<comp id="52" class="1004" name="j_fu_52">
<pin_list>
<pin id="53" dir="0" index="0" bw="1" slack="0"/>
<pin id="54" dir="1" index="1" bw="11" slack="0"/>
</pin_list>
<bind>
<opcode="alloca(26) " fcode="alloca"/>
<opset="j/1 "/>
</bind>
</comp>

<comp id="56" class="1004" name="indvar_flatten_fu_56">
<pin_list>
<pin id="57" dir="0" index="0" bw="1" slack="0"/>
<pin id="58" dir="1" index="1" bw="21" slack="0"/>
</pin_list>
<bind>
<opcode="alloca(26) " fcode="alloca"/>
<opset="indvar_flatten/1 "/>
</bind>
</comp>

<comp id="60" class="1004" name="real_sample_addr_gep_fu_60">
<pin_list>
<pin id="61" dir="0" index="0" bw="32" slack="0"/>
<pin id="62" dir="0" index="1" bw="1" slack="0"/>
<pin id="63" dir="0" index="2" bw="11" slack="0"/>
<pin id="64" dir="1" index="3" bw="10" slack="0"/>
</pin_list>
<bind>
<opcode="getelementptr(29) " fcode="getelementptr"/>
<opset="real_sample_addr/3 "/>
</bind>
</comp>

<comp id="67" class="1004" name="grp_access_fu_67">
<pin_list>
<pin id="68" dir="0" index="0" bw="10" slack="0"/>
<pin id="69" dir="0" index="1" bw="32" slack="2147483647"/>
<pin id="70" dir="0" index="2" bw="0" slack="2147483647"/>
<pin id="71" dir="1" index="3" bw="32" slack="1"/>
</pin_list>
<bind>
<opcode="load(27) " fcode="load"/>
<opset="real_sample_load/3 "/>
</bind>
</comp>

<comp id="73" class="1004" name="imag_sample_addr_gep_fu_73">
<pin_list>
<pin id="74" dir="0" index="0" bw="32" slack="0"/>
<pin id="75" dir="0" index="1" bw="1" slack="0"/>
<pin id="76" dir="0" index="2" bw="11" slack="0"/>
<pin id="77" dir="1" index="3" bw="10" slack="0"/>
</pin_list>
<bind>
<opcode="getelementptr(29) " fcode="getelementptr"/>
<opset="imag_sample_addr/3 "/>
</bind>
</comp>

<comp id="80" class="1004" name="grp_access_fu_80">
<pin_list>
<pin id="81" dir="0" index="0" bw="10" slack="0"/>
<pin id="82" dir="0" index="1" bw="32" slack="2147483647"/>
<pin id="83" dir="0" index="2" bw="0" slack="2147483647"/>
<pin id="84" dir="1" index="3" bw="32" slack="1"/>
</pin_list>
<bind>
<opcode="load(27) " fcode="load"/>
<opset="imag_sample_load/3 "/>
</bind>
</comp>

<comp id="86" class="1004" name="cos_coefficients_table_addr_gep_fu_86">
<pin_list>
<pin id="87" dir="0" index="0" bw="32" slack="0"/>
<pin id="88" dir="0" index="1" bw="1" slack="0"/>
<pin id="89" dir="0" index="2" bw="10" slack="0"/>
<pin id="90" dir="1" index="3" bw="10" slack="0"/>
</pin_list>
<bind>
<opcode="getelementptr(29) " fcode="getelementptr"/>
<opset="cos_coefficients_table_addr/3 "/>
</bind>
</comp>

<comp id="93" class="1004" name="grp_access_fu_93">
<pin_list>
<pin id="94" dir="0" index="0" bw="10" slack="0"/>
<pin id="95" dir="0" index="1" bw="32" slack="2147483647"/>
<pin id="96" dir="0" index="2" bw="0" slack="2147483647"/>
<pin id="97" dir="1" index="3" bw="32" slack="1"/>
</pin_list>
<bind>
<opcode="load(27) " fcode="load"/>
<opset="c/3 "/>
</bind>
</comp>

<comp id="99" class="1004" name="sin_coefficients_table_addr_gep_fu_99">
<pin_list>
<pin id="100" dir="0" index="0" bw="32" slack="0"/>
<pin id="101" dir="0" index="1" bw="1" slack="0"/>
<pin id="102" dir="0" index="2" bw="10" slack="0"/>
<pin id="103" dir="1" index="3" bw="10" slack="0"/>
</pin_list>
<bind>
<opcode="getelementptr(29) " fcode="getelementptr"/>
<opset="sin_coefficients_table_addr/3 "/>
</bind>
</comp>

<comp id="106" class="1004" name="grp_access_fu_106">
<pin_list>
<pin id="107" dir="0" index="0" bw="10" slack="0"/>
<pin id="108" dir="0" index="1" bw="32" slack="2147483647"/>
<pin id="109" dir="0" index="2" bw="0" slack="2147483647"/>
<pin id="110" dir="1" index="3" bw="32" slack="1"/>
</pin_list>
<bind>
<opcode="load(27) " fcode="load"/>
<opset="s/3 "/>
</bind>
</comp>

<comp id="112" class="1004" name="real_op_addr_gep_fu_112">
<pin_list>
<pin id="113" dir="0" index="0" bw="32" slack="0"/>
<pin id="114" dir="0" index="1" bw="1" slack="0"/>
<pin id="115" dir="0" index="2" bw="11" slack="0"/>
<pin id="116" dir="1" index="3" bw="10" slack="0"/>
</pin_list>
<bind>
<opcode="getelementptr(29) " fcode="getelementptr"/>
<opset="real_op_addr/12 "/>
</bind>
</comp>

<comp id="119" class="1004" name="grp_access_fu_119">
<pin_list>
<pin id="120" dir="0" index="0" bw="10" slack="7"/>
<pin id="121" dir="0" index="1" bw="32" slack="0"/>
<pin id="122" dir="0" index="2" bw="0" slack="0"/>
<pin id="124" dir="0" index="4" bw="10" slack="2147483647"/>
<pin id="125" dir="0" index="5" bw="32" slack="2147483647"/>
<pin id="126" dir="0" index="6" bw="0" slack="2147483647"/>
<pin id="123" dir="1" index="3" bw="32" slack="2147483647"/>
<pin id="127" dir="1" index="7" bw="32" slack="1"/>
</pin_list>
<bind>
<opcode="load(27) store(28) " fcode="store"/>
<opset="real_op_load/12 store_ln25/19 "/>
</bind>
</comp>

<comp id="129" class="1004" name="imag_op_addr_gep_fu_129">
<pin_list>
<pin id="130" dir="0" index="0" bw="32" slack="0"/>
<pin id="131" dir="0" index="1" bw="1" slack="0"/>
<pin id="132" dir="0" index="2" bw="11" slack="0"/>
<pin id="133" dir="1" index="3" bw="10" slack="0"/>
</pin_list>
<bind>
<opcode="getelementptr(29) " fcode="getelementptr"/>
<opset="imag_op_addr/12 "/>
</bind>
</comp>

<comp id="136" class="1004" name="grp_access_fu_136">
<pin_list>
<pin id="137" dir="0" index="0" bw="10" slack="7"/>
<pin id="138" dir="0" index="1" bw="32" slack="0"/>
<pin id="139" dir="0" index="2" bw="0" slack="0"/>
<pin id="141" dir="0" index="4" bw="10" slack="2147483647"/>
<pin id="142" dir="0" index="5" bw="32" slack="2147483647"/>
<pin id="143" dir="0" index="6" bw="0" slack="2147483647"/>
<pin id="140" dir="1" index="3" bw="32" slack="2147483647"/>
<pin id="144" dir="1" index="7" bw="32" slack="1"/>
</pin_list>
<bind>
<opcode="load(27) store(28) " fcode="store"/>
<opset="imag_op_load/12 store_ln26/19 "/>
</bind>
</comp>

<comp id="146" class="1004" name="grp_fu_146">
<pin_list>
<pin id="147" dir="0" index="0" bw="32" slack="1"/>
<pin id="148" dir="0" index="1" bw="32" slack="1"/>
<pin id="149" dir="1" index="2" bw="32" slack="1"/>
</pin_list>
<bind>
<opcode="fsub(11) " fcode="fadd"/>
<opset="sub/9 "/>
</bind>
</comp>

<comp id="150" class="1004" name="grp_fu_150">
<pin_list>
<pin id="151" dir="0" index="0" bw="32" slack="1"/>
<pin id="152" dir="0" index="1" bw="32" slack="1"/>
<pin id="153" dir="1" index="2" bw="32" slack="1"/>
</pin_list>
<bind>
<opcode="fadd(9) " fcode="fadd"/>
<opset="add1/9 "/>
</bind>
</comp>

<comp id="154" class="1004" name="grp_fu_154">
<pin_list>
<pin id="155" dir="0" index="0" bw="32" slack="0"/>
<pin id="156" dir="0" index="1" bw="32" slack="1"/>
<pin id="157" dir="1" index="2" bw="32" slack="1"/>
</pin_list>
<bind>
<opcode="fadd(9) " fcode="fadd"/>
<opset="add/14 "/>
</bind>
</comp>

<comp id="158" class="1004" name="grp_fu_158">
<pin_list>
<pin id="159" dir="0" index="0" bw="32" slack="0"/>
<pin id="160" dir="0" index="1" bw="32" slack="1"/>
<pin id="161" dir="1" index="2" bw="32" slack="1"/>
</pin_list>
<bind>
<opcode="fadd(9) " fcode="fadd"/>
<opset="add2/14 "/>
</bind>
</comp>

<comp id="162" class="1004" name="grp_fu_162">
<pin_list>
<pin id="163" dir="0" index="0" bw="32" slack="0"/>
<pin id="164" dir="0" index="1" bw="32" slack="1"/>
<pin id="165" dir="1" index="2" bw="32" slack="1"/>
</pin_list>
<bind>
<opcode="fmul(13) " fcode="fmul"/>
<opset="mul/5 "/>
</bind>
</comp>

<comp id="166" class="1004" name="grp_fu_166">
<pin_list>
<pin id="167" dir="0" index="0" bw="32" slack="0"/>
<pin id="168" dir="0" index="1" bw="32" slack="1"/>
<pin id="169" dir="1" index="2" bw="32" slack="1"/>
</pin_list>
<bind>
<opcode="fmul(13) " fcode="fmul"/>
<opset="mul1/5 "/>
</bind>
</comp>

<comp id="170" class="1004" name="grp_fu_170">
<pin_list>
<pin id="171" dir="0" index="0" bw="32" slack="0"/>
<pin id="172" dir="0" index="1" bw="32" slack="1"/>
<pin id="173" dir="1" index="2" bw="32" slack="1"/>
</pin_list>
<bind>
<opcode="fmul(13) " fcode="fmul"/>
<opset="mul2/5 "/>
</bind>
</comp>

<comp id="174" class="1004" name="grp_fu_174">
<pin_list>
<pin id="175" dir="0" index="0" bw="32" slack="0"/>
<pin id="176" dir="0" index="1" bw="32" slack="1"/>
<pin id="177" dir="1" index="2" bw="32" slack="1"/>
</pin_list>
<bind>
<opcode="fmul(13) " fcode="fmul"/>
<opset="mul3/5 "/>
</bind>
</comp>

<comp id="178" class="1004" name="store_ln0_store_fu_178">
<pin_list>
<pin id="179" dir="0" index="0" bw="1" slack="0"/>
<pin id="180" dir="0" index="1" bw="21" slack="0"/>
<pin id="181" dir="1" index="2" bw="0" slack="2147483647"/>
</pin_list>
<bind>
<opcode="store(28) " fcode="store"/>
<opset="store_ln0/1 "/>
</bind>
</comp>

<comp id="183" class="1004" name="store_ln8_store_fu_183">
<pin_list>
<pin id="184" dir="0" index="0" bw="1" slack="0"/>
<pin id="185" dir="0" index="1" bw="11" slack="0"/>
<pin id="186" dir="1" index="2" bw="0" slack="2147483647"/>
</pin_list>
<bind>
<opcode="store(28) " fcode="store"/>
<opset="store_ln8/1 "/>
</bind>
</comp>

<comp id="188" class="1004" name="store_ln8_store_fu_188">
<pin_list>
<pin id="189" dir="0" index="0" bw="1" slack="0"/>
<pin id="190" dir="0" index="1" bw="11" slack="0"/>
<pin id="191" dir="1" index="2" bw="0" slack="2147483647"/>
</pin_list>
<bind>
<opcode="store(28) " fcode="store"/>
<opset="store_ln8/1 "/>
</bind>
</comp>

<comp id="193" class="1004" name="indvar_flatten_load_load_fu_193">
<pin_list>
<pin id="194" dir="0" index="0" bw="21" slack="0"/>
<pin id="195" dir="1" index="1" bw="21" slack="0"/>
</pin_list>
<bind>
<opcode="load(27) " fcode="load"/>
<opset="indvar_flatten_load/1 "/>
</bind>
</comp>

<comp id="196" class="1004" name="icmp_ln20_fu_196">
<pin_list>
<pin id="197" dir="0" index="0" bw="21" slack="0"/>
<pin id="198" dir="0" index="1" bw="21" slack="0"/>
<pin id="199" dir="1" index="2" bw="1" slack="17"/>
</pin_list>
<bind>
<opcode="icmp(45) " fcode="icmp"/>
<opset="icmp_ln20/1 "/>
</bind>
</comp>

<comp id="202" class="1004" name="add_ln20_fu_202">
<pin_list>
<pin id="203" dir="0" index="0" bw="21" slack="0"/>
<pin id="204" dir="0" index="1" bw="1" slack="0"/>
<pin id="205" dir="1" index="2" bw="21" slack="0"/>
</pin_list>
<bind>
<opcode="add(8) " fcode="add"/>
<opset="add_ln20/1 "/>
</bind>
</comp>

<comp id="208" class="1004" name="store_ln20_store_fu_208">
<pin_list>
<pin id="209" dir="0" index="0" bw="21" slack="0"/>
<pin id="210" dir="0" index="1" bw="21" slack="0"/>
<pin id="211" dir="1" index="2" bw="0" slack="2147483647"/>
</pin_list>
<bind>
<opcode="store(28) " fcode="store"/>
<opset="store_ln20/1 "/>
</bind>
</comp>

<comp id="213" class="1004" name="i_load_load_fu_213">
<pin_list>
<pin id="214" dir="0" index="0" bw="11" slack="1"/>
<pin id="215" dir="1" index="1" bw="11" slack="0"/>
</pin_list>
<bind>
<opcode="load(27) " fcode="load"/>
<opset="i_load/2 "/>
</bind>
</comp>

<comp id="216" class="1004" name="j_load_load_fu_216">
<pin_list>
<pin id="217" dir="0" index="0" bw="11" slack="1"/>
<pin id="218" dir="1" index="1" bw="11" slack="0"/>
</pin_list>
<bind>
<opcode="load(27) " fcode="load"/>
<opset="j_load/2 "/>
</bind>
</comp>

<comp id="219" class="1004" name="icmp_ln21_fu_219">
<pin_list>
<pin id="220" dir="0" index="0" bw="11" slack="0"/>
<pin id="221" dir="0" index="1" bw="11" slack="0"/>
<pin id="222" dir="1" index="2" bw="1" slack="0"/>
</pin_list>
<bind>
<opcode="icmp(45) " fcode="icmp"/>
<opset="icmp_ln21/2 "/>
</bind>
</comp>

<comp id="225" class="1004" name="select_ln8_fu_225">
<pin_list>
<pin id="226" dir="0" index="0" bw="1" slack="0"/>
<pin id="227" dir="0" index="1" bw="1" slack="0"/>
<pin id="228" dir="0" index="2" bw="11" slack="0"/>
<pin id="229" dir="1" index="3" bw="11" slack="0"/>
</pin_list>
<bind>
<opcode="select(49) " fcode="select"/>
<opset="select_ln8/2 "/>
</bind>
</comp>

<comp id="233" class="1004" name="add_ln20_1_fu_233">
<pin_list>
<pin id="234" dir="0" index="0" bw="11" slack="0"/>
<pin id="235" dir="0" index="1" bw="1" slack="0"/>
<pin id="236" dir="1" index="2" bw="11" slack="0"/>
</pin_list>
<bind>
<opcode="add(8) " fcode="add"/>
<opset="add_ln20_1/2 "/>
</bind>
</comp>

<comp id="239" class="1004" name="select_ln20_fu_239">
<pin_list>
<pin id="240" dir="0" index="0" bw="1" slack="0"/>
<pin id="241" dir="0" index="1" bw="11" slack="0"/>
<pin id="242" dir="0" index="2" bw="11" slack="0"/>
<pin id="243" dir="1" index="3" bw="11" slack="0"/>
</pin_list>
<bind>
<opcode="select(49) " fcode="select"/>
<opset="select_ln20/2 "/>
</bind>
</comp>

<comp id="247" class="1004" name="trunc_ln22_fu_247">
<pin_list>
<pin id="248" dir="0" index="0" bw="11" slack="0"/>
<pin id="249" dir="1" index="1" bw="10" slack="0"/>
</pin_list>
<bind>
<opcode="trunc(33) " fcode="trunc"/>
<opset="trunc_ln22/2 "/>
</bind>
</comp>

<comp id="251" class="1004" name="trunc_ln22_1_fu_251">
<pin_list>
<pin id="252" dir="0" index="0" bw="11" slack="0"/>
<pin id="253" dir="1" index="1" bw="10" slack="0"/>
</pin_list>
<bind>
<opcode="trunc(33) " fcode="trunc"/>
<opset="trunc_ln22_1/2 "/>
</bind>
</comp>

<comp id="255" class="1004" name="idx_fu_255">
<pin_list>
<pin id="256" dir="0" index="0" bw="10" slack="0"/>
<pin id="257" dir="0" index="1" bw="10" slack="0"/>
<pin id="258" dir="1" index="2" bw="10" slack="1"/>
</pin_list>
<bind>
<opcode="mul(12) " fcode="mul"/>
<opset="idx/2 "/>
</bind>
</comp>

<comp id="261" class="1004" name="add_ln21_fu_261">
<pin_list>
<pin id="262" dir="0" index="0" bw="11" slack="0"/>
<pin id="263" dir="0" index="1" bw="1" slack="0"/>
<pin id="264" dir="1" index="2" bw="11" slack="0"/>
</pin_list>
<bind>
<opcode="add(8) " fcode="add"/>
<opset="add_ln21/2 "/>
</bind>
</comp>

<comp id="267" class="1004" name="store_ln8_store_fu_267">
<pin_list>
<pin id="268" dir="0" index="0" bw="11" slack="0"/>
<pin id="269" dir="0" index="1" bw="11" slack="1"/>
<pin id="270" dir="1" index="2" bw="0" slack="2147483647"/>
</pin_list>
<bind>
<opcode="store(28) " fcode="store"/>
<opset="store_ln8/2 "/>
</bind>
</comp>

<comp id="272" class="1004" name="store_ln8_store_fu_272">
<pin_list>
<pin id="273" dir="0" index="0" bw="11" slack="0"/>
<pin id="274" dir="0" index="1" bw="11" slack="1"/>
<pin id="275" dir="1" index="2" bw="0" slack="2147483647"/>
</pin_list>
<bind>
<opcode="store(28) " fcode="store"/>
<opset="store_ln8/2 "/>
</bind>
</comp>

<comp id="277" class="1004" name="zext_ln20_fu_277">
<pin_list>
<pin id="278" dir="0" index="0" bw="11" slack="1"/>
<pin id="279" dir="1" index="1" bw="64" slack="0"/>
</pin_list>
<bind>
<opcode="zext(34) " fcode="zext"/>
<opset="zext_ln20/3 "/>
</bind>
</comp>

<comp id="282" class="1004" name="zext_ln23_fu_282">
<pin_list>
<pin id="283" dir="0" index="0" bw="10" slack="1"/>
<pin id="284" dir="1" index="1" bw="64" slack="0"/>
</pin_list>
<bind>
<opcode="zext(34) " fcode="zext"/>
<opset="zext_ln23/3 "/>
</bind>
</comp>

<comp id="287" class="1004" name="empty_fu_287">
<pin_list>
<pin id="288" dir="0" index="0" bw="32" slack="1"/>
<pin id="289" dir="1" index="1" bw="32" slack="0"/>
</pin_list>
<bind>
<opcode="bitcast(44) " fcode="bitcast"/>
<opset="empty/5 "/>
</bind>
</comp>

<comp id="292" class="1004" name="empty_6_fu_292">
<pin_list>
<pin id="293" dir="0" index="0" bw="32" slack="1"/>
<pin id="294" dir="1" index="1" bw="32" slack="0"/>
</pin_list>
<bind>
<opcode="bitcast(44) " fcode="bitcast"/>
<opset="empty_6/5 "/>
</bind>
</comp>

<comp id="297" class="1004" name="zext_ln21_fu_297">
<pin_list>
<pin id="298" dir="0" index="0" bw="11" slack="10"/>
<pin id="299" dir="1" index="1" bw="64" slack="0"/>
</pin_list>
<bind>
<opcode="zext(34) " fcode="zext"/>
<opset="zext_ln21/12 "/>
</bind>
</comp>

<comp id="302" class="1004" name="bitcast_ln25_fu_302">
<pin_list>
<pin id="303" dir="0" index="0" bw="32" slack="1"/>
<pin id="304" dir="1" index="1" bw="32" slack="0"/>
</pin_list>
<bind>
<opcode="bitcast(44) " fcode="bitcast"/>
<opset="bitcast_ln25/14 "/>
</bind>
</comp>

<comp id="306" class="1004" name="bitcast_ln26_fu_306">
<pin_list>
<pin id="307" dir="0" index="0" bw="32" slack="1"/>
<pin id="308" dir="1" index="1" bw="32" slack="0"/>
</pin_list>
<bind>
<opcode="bitcast(44) " fcode="bitcast"/>
<opset="bitcast_ln26/14 "/>
</bind>
</comp>

<comp id="310" class="1004" name="bitcast_ln25_1_fu_310">
<pin_list>
<pin id="311" dir="0" index="0" bw="32" slack="1"/>
<pin id="312" dir="1" index="1" bw="32" slack="0"/>
</pin_list>
<bind>
<opcode="bitcast(44) " fcode="bitcast"/>
<opset="bitcast_ln25_1/19 "/>
</bind>
</comp>

<comp id="314" class="1004" name="bitcast_ln26_1_fu_314">
<pin_list>
<pin id="315" dir="0" index="0" bw="32" slack="1"/>
<pin id="316" dir="1" index="1" bw="32" slack="0"/>
</pin_list>
<bind>
<opcode="bitcast(44) " fcode="bitcast"/>
<opset="bitcast_ln26_1/19 "/>
</bind>
</comp>

<comp id="318" class="1005" name="i_reg_318">
<pin_list>
<pin id="319" dir="0" index="0" bw="11" slack="0"/>
<pin id="320" dir="1" index="1" bw="11" slack="0"/>
</pin_list>
<bind>
<opset="i "/>
</bind>
</comp>

<comp id="325" class="1005" name="j_reg_325">
<pin_list>
<pin id="326" dir="0" index="0" bw="11" slack="0"/>
<pin id="327" dir="1" index="1" bw="11" slack="0"/>
</pin_list>
<bind>
<opset="j "/>
</bind>
</comp>

<comp id="332" class="1005" name="indvar_flatten_reg_332">
<pin_list>
<pin id="333" dir="0" index="0" bw="21" slack="0"/>
<pin id="334" dir="1" index="1" bw="21" slack="0"/>
</pin_list>
<bind>
<opset="indvar_flatten "/>
</bind>
</comp>

<comp id="339" class="1005" name="icmp_ln20_reg_339">
<pin_list>
<pin id="340" dir="0" index="0" bw="1" slack="17"/>
<pin id="341" dir="1" index="1" bw="1" slack="2147483647"/>
</pin_list>
<bind>
<opset="icmp_ln20 "/>
</bind>
</comp>

<comp id="343" class="1005" name="select_ln8_reg_343">
<pin_list>
<pin id="344" dir="0" index="0" bw="11" slack="10"/>
<pin id="345" dir="1" index="1" bw="11" slack="10"/>
</pin_list>
<bind>
<opset="select_ln8 "/>
</bind>
</comp>

<comp id="348" class="1005" name="select_ln20_reg_348">
<pin_list>
<pin id="349" dir="0" index="0" bw="11" slack="1"/>
<pin id="350" dir="1" index="1" bw="11" slack="1"/>
</pin_list>
<bind>
<opset="select_ln20 "/>
</bind>
</comp>

<comp id="353" class="1005" name="idx_reg_353">
<pin_list>
<pin id="354" dir="0" index="0" bw="10" slack="1"/>
<pin id="355" dir="1" index="1" bw="10" slack="1"/>
</pin_list>
<bind>
<opset="idx "/>
</bind>
</comp>

<comp id="358" class="1005" name="real_sample_addr_reg_358">
<pin_list>
<pin id="359" dir="0" index="0" bw="10" slack="1"/>
<pin id="360" dir="1" index="1" bw="10" slack="1"/>
</pin_list>
<bind>
<opset="real_sample_addr "/>
</bind>
</comp>

<comp id="363" class="1005" name="imag_sample_addr_reg_363">
<pin_list>
<pin id="364" dir="0" index="0" bw="10" slack="1"/>
<pin id="365" dir="1" index="1" bw="10" slack="1"/>
</pin_list>
<bind>
<opset="imag_sample_addr "/>
</bind>
</comp>

<comp id="368" class="1005" name="cos_coefficients_table_addr_reg_368">
<pin_list>
<pin id="369" dir="0" index="0" bw="10" slack="1"/>
<pin id="370" dir="1" index="1" bw="10" slack="1"/>
</pin_list>
<bind>
<opset="cos_coefficients_table_addr "/>
</bind>
</comp>

<comp id="373" class="1005" name="sin_coefficients_table_addr_reg_373">
<pin_list>
<pin id="374" dir="0" index="0" bw="10" slack="1"/>
<pin id="375" dir="1" index="1" bw="10" slack="1"/>
</pin_list>
<bind>
<opset="sin_coefficients_table_addr "/>
</bind>
</comp>

<comp id="378" class="1005" name="real_sample_load_reg_378">
<pin_list>
<pin id="379" dir="0" index="0" bw="32" slack="1"/>
<pin id="380" dir="1" index="1" bw="32" slack="1"/>
</pin_list>
<bind>
<opset="real_sample_load "/>
</bind>
</comp>

<comp id="383" class="1005" name="imag_sample_load_reg_383">
<pin_list>
<pin id="384" dir="0" index="0" bw="32" slack="1"/>
<pin id="385" dir="1" index="1" bw="32" slack="1"/>
</pin_list>
<bind>
<opset="imag_sample_load "/>
</bind>
</comp>

<comp id="388" class="1005" name="c_reg_388">
<pin_list>
<pin id="389" dir="0" index="0" bw="32" slack="1"/>
<pin id="390" dir="1" index="1" bw="32" slack="1"/>
</pin_list>
<bind>
<opset="c "/>
</bind>
</comp>

<comp id="394" class="1005" name="s_reg_394">
<pin_list>
<pin id="395" dir="0" index="0" bw="32" slack="1"/>
<pin id="396" dir="1" index="1" bw="32" slack="1"/>
</pin_list>
<bind>
<opset="s "/>
</bind>
</comp>

<comp id="400" class="1005" name="empty_reg_400">
<pin_list>
<pin id="401" dir="0" index="0" bw="32" slack="1"/>
<pin id="402" dir="1" index="1" bw="32" slack="1"/>
</pin_list>
<bind>
<opset="empty "/>
</bind>
</comp>

<comp id="406" class="1005" name="empty_6_reg_406">
<pin_list>
<pin id="407" dir="0" index="0" bw="32" slack="1"/>
<pin id="408" dir="1" index="1" bw="32" slack="1"/>
</pin_list>
<bind>
<opset="empty_6 "/>
</bind>
</comp>

<comp id="412" class="1005" name="mul_reg_412">
<pin_list>
<pin id="413" dir="0" index="0" bw="32" slack="1"/>
<pin id="414" dir="1" index="1" bw="32" slack="1"/>
</pin_list>
<bind>
<opset="mul "/>
</bind>
</comp>

<comp id="417" class="1005" name="mul1_reg_417">
<pin_list>
<pin id="418" dir="0" index="0" bw="32" slack="1"/>
<pin id="419" dir="1" index="1" bw="32" slack="1"/>
</pin_list>
<bind>
<opset="mul1 "/>
</bind>
</comp>

<comp id="422" class="1005" name="mul2_reg_422">
<pin_list>
<pin id="423" dir="0" index="0" bw="32" slack="1"/>
<pin id="424" dir="1" index="1" bw="32" slack="1"/>
</pin_list>
<bind>
<opset="mul2 "/>
</bind>
</comp>

<comp id="427" class="1005" name="mul3_reg_427">
<pin_list>
<pin id="428" dir="0" index="0" bw="32" slack="1"/>
<pin id="429" dir="1" index="1" bw="32" slack="1"/>
</pin_list>
<bind>
<opset="mul3 "/>
</bind>
</comp>

<comp id="432" class="1005" name="real_op_addr_reg_432">
<pin_list>
<pin id="433" dir="0" index="0" bw="10" slack="1"/>
<pin id="434" dir="1" index="1" bw="10" slack="1"/>
</pin_list>
<bind>
<opset="real_op_addr "/>
</bind>
</comp>

<comp id="438" class="1005" name="imag_op_addr_reg_438">
<pin_list>
<pin id="439" dir="0" index="0" bw="10" slack="1"/>
<pin id="440" dir="1" index="1" bw="10" slack="1"/>
</pin_list>
<bind>
<opset="imag_op_addr "/>
</bind>
</comp>

<comp id="444" class="1005" name="sub_reg_444">
<pin_list>
<pin id="445" dir="0" index="0" bw="32" slack="1"/>
<pin id="446" dir="1" index="1" bw="32" slack="1"/>
</pin_list>
<bind>
<opset="sub "/>
</bind>
</comp>

<comp id="449" class="1005" name="real_op_load_reg_449">
<pin_list>
<pin id="450" dir="0" index="0" bw="32" slack="1"/>
<pin id="451" dir="1" index="1" bw="32" slack="1"/>
</pin_list>
<bind>
<opset="real_op_load "/>
</bind>
</comp>

<comp id="454" class="1005" name="add1_reg_454">
<pin_list>
<pin id="455" dir="0" index="0" bw="32" slack="1"/>
<pin id="456" dir="1" index="1" bw="32" slack="1"/>
</pin_list>
<bind>
<opset="add1 "/>
</bind>
</comp>

<comp id="459" class="1005" name="imag_op_load_reg_459">
<pin_list>
<pin id="460" dir="0" index="0" bw="32" slack="1"/>
<pin id="461" dir="1" index="1" bw="32" slack="1"/>
</pin_list>
<bind>
<opset="imag_op_load "/>
</bind>
</comp>

<comp id="464" class="1005" name="bitcast_ln25_reg_464">
<pin_list>
<pin id="465" dir="0" index="0" bw="32" slack="1"/>
<pin id="466" dir="1" index="1" bw="32" slack="1"/>
</pin_list>
<bind>
<opset="bitcast_ln25 "/>
</bind>
</comp>

<comp id="469" class="1005" name="bitcast_ln26_reg_469">
<pin_list>
<pin id="470" dir="0" index="0" bw="32" slack="1"/>
<pin id="471" dir="1" index="1" bw="32" slack="1"/>
</pin_list>
<bind>
<opset="bitcast_ln26 "/>
</bind>
</comp>

<comp id="474" class="1005" name="add_reg_474">
<pin_list>
<pin id="475" dir="0" index="0" bw="32" slack="1"/>
<pin id="476" dir="1" index="1" bw="32" slack="1"/>
</pin_list>
<bind>
<opset="add "/>
</bind>
</comp>

<comp id="479" class="1005" name="add2_reg_479">
<pin_list>
<pin id="480" dir="0" index="0" bw="32" slack="1"/>
<pin id="481" dir="1" index="1" bw="32" slack="1"/>
</pin_list>
<bind>
<opset="add2 "/>
</bind>
</comp>

</comp_list>

<net_list>
<net id="51"><net_src comp="12" pin="0"/><net_sink comp="48" pin=0"/></net>

<net id="55"><net_src comp="12" pin="0"/><net_sink comp="52" pin=0"/></net>

<net id="59"><net_src comp="12" pin="0"/><net_sink comp="56" pin=0"/></net>

<net id="65"><net_src comp="0" pin="0"/><net_sink comp="60" pin=0"/></net>

<net id="66"><net_src comp="36" pin="0"/><net_sink comp="60" pin=1"/></net>

<net id="72"><net_src comp="60" pin="3"/><net_sink comp="67" pin=0"/></net>

<net id="78"><net_src comp="2" pin="0"/><net_sink comp="73" pin=0"/></net>

<net id="79"><net_src comp="36" pin="0"/><net_sink comp="73" pin=1"/></net>

<net id="85"><net_src comp="73" pin="3"/><net_sink comp="80" pin=0"/></net>

<net id="91"><net_src comp="8" pin="0"/><net_sink comp="86" pin=0"/></net>

<net id="92"><net_src comp="36" pin="0"/><net_sink comp="86" pin=1"/></net>

<net id="98"><net_src comp="86" pin="3"/><net_sink comp="93" pin=0"/></net>

<net id="104"><net_src comp="10" pin="0"/><net_sink comp="99" pin=0"/></net>

<net id="105"><net_src comp="36" pin="0"/><net_sink comp="99" pin=1"/></net>

<net id="111"><net_src comp="99" pin="3"/><net_sink comp="106" pin=0"/></net>

<net id="117"><net_src comp="4" pin="0"/><net_sink comp="112" pin=0"/></net>

<net id="118"><net_src comp="36" pin="0"/><net_sink comp="112" pin=1"/></net>

<net id="128"><net_src comp="112" pin="3"/><net_sink comp="119" pin=2"/></net>

<net id="134"><net_src comp="6" pin="0"/><net_sink comp="129" pin=0"/></net>

<net id="135"><net_src comp="36" pin="0"/><net_sink comp="129" pin=1"/></net>

<net id="145"><net_src comp="129" pin="3"/><net_sink comp="136" pin=2"/></net>

<net id="182"><net_src comp="24" pin="0"/><net_sink comp="178" pin=0"/></net>

<net id="187"><net_src comp="26" pin="0"/><net_sink comp="183" pin=0"/></net>

<net id="192"><net_src comp="26" pin="0"/><net_sink comp="188" pin=0"/></net>

<net id="200"><net_src comp="193" pin="1"/><net_sink comp="196" pin=0"/></net>

<net id="201"><net_src comp="28" pin="0"/><net_sink comp="196" pin=1"/></net>

<net id="206"><net_src comp="193" pin="1"/><net_sink comp="202" pin=0"/></net>

<net id="207"><net_src comp="30" pin="0"/><net_sink comp="202" pin=1"/></net>

<net id="212"><net_src comp="202" pin="2"/><net_sink comp="208" pin=0"/></net>

<net id="223"><net_src comp="213" pin="1"/><net_sink comp="219" pin=0"/></net>

<net id="224"><net_src comp="32" pin="0"/><net_sink comp="219" pin=1"/></net>

<net id="230"><net_src comp="219" pin="2"/><net_sink comp="225" pin=0"/></net>

<net id="231"><net_src comp="26" pin="0"/><net_sink comp="225" pin=1"/></net>

<net id="232"><net_src comp="213" pin="1"/><net_sink comp="225" pin=2"/></net>

<net id="237"><net_src comp="216" pin="1"/><net_sink comp="233" pin=0"/></net>

<net id="238"><net_src comp="34" pin="0"/><net_sink comp="233" pin=1"/></net>

<net id="244"><net_src comp="219" pin="2"/><net_sink comp="239" pin=0"/></net>

<net id="245"><net_src comp="233" pin="2"/><net_sink comp="239" pin=1"/></net>

<net id="246"><net_src comp="216" pin="1"/><net_sink comp="239" pin=2"/></net>

<net id="250"><net_src comp="239" pin="3"/><net_sink comp="247" pin=0"/></net>

<net id="254"><net_src comp="225" pin="3"/><net_sink comp="251" pin=0"/></net>

<net id="259"><net_src comp="251" pin="1"/><net_sink comp="255" pin=0"/></net>

<net id="260"><net_src comp="247" pin="1"/><net_sink comp="255" pin=1"/></net>

<net id="265"><net_src comp="225" pin="3"/><net_sink comp="261" pin=0"/></net>

<net id="266"><net_src comp="34" pin="0"/><net_sink comp="261" pin=1"/></net>

<net id="271"><net_src comp="239" pin="3"/><net_sink comp="267" pin=0"/></net>

<net id="276"><net_src comp="261" pin="2"/><net_sink comp="272" pin=0"/></net>

<net id="280"><net_src comp="277" pin="1"/><net_sink comp="60" pin=2"/></net>

<net id="281"><net_src comp="277" pin="1"/><net_sink comp="73" pin=2"/></net>

<net id="285"><net_src comp="282" pin="1"/><net_sink comp="86" pin=2"/></net>

<net id="286"><net_src comp="282" pin="1"/><net_sink comp="99" pin=2"/></net>

<net id="290"><net_src comp="287" pin="1"/><net_sink comp="162" pin=0"/></net>

<net id="291"><net_src comp="287" pin="1"/><net_sink comp="170" pin=0"/></net>

<net id="295"><net_src comp="292" pin="1"/><net_sink comp="166" pin=0"/></net>

<net id="296"><net_src comp="292" pin="1"/><net_sink comp="174" pin=0"/></net>

<net id="300"><net_src comp="297" pin="1"/><net_sink comp="112" pin=2"/></net>

<net id="301"><net_src comp="297" pin="1"/><net_sink comp="129" pin=2"/></net>

<net id="305"><net_src comp="302" pin="1"/><net_sink comp="154" pin=0"/></net>

<net id="309"><net_src comp="306" pin="1"/><net_sink comp="158" pin=0"/></net>

<net id="313"><net_src comp="310" pin="1"/><net_sink comp="119" pin=1"/></net>

<net id="317"><net_src comp="314" pin="1"/><net_sink comp="136" pin=1"/></net>

<net id="321"><net_src comp="48" pin="1"/><net_sink comp="318" pin=0"/></net>

<net id="322"><net_src comp="318" pin="1"/><net_sink comp="188" pin=1"/></net>

<net id="323"><net_src comp="318" pin="1"/><net_sink comp="213" pin=0"/></net>

<net id="324"><net_src comp="318" pin="1"/><net_sink comp="272" pin=1"/></net>

<net id="328"><net_src comp="52" pin="1"/><net_sink comp="325" pin=0"/></net>

<net id="329"><net_src comp="325" pin="1"/><net_sink comp="183" pin=1"/></net>

<net id="330"><net_src comp="325" pin="1"/><net_sink comp="216" pin=0"/></net>

<net id="331"><net_src comp="325" pin="1"/><net_sink comp="267" pin=1"/></net>

<net id="335"><net_src comp="56" pin="1"/><net_sink comp="332" pin=0"/></net>

<net id="336"><net_src comp="332" pin="1"/><net_sink comp="178" pin=1"/></net>

<net id="337"><net_src comp="332" pin="1"/><net_sink comp="193" pin=0"/></net>

<net id="338"><net_src comp="332" pin="1"/><net_sink comp="208" pin=1"/></net>

<net id="342"><net_src comp="196" pin="2"/><net_sink comp="339" pin=0"/></net>

<net id="346"><net_src comp="225" pin="3"/><net_sink comp="343" pin=0"/></net>

<net id="347"><net_src comp="343" pin="1"/><net_sink comp="297" pin=0"/></net>

<net id="351"><net_src comp="239" pin="3"/><net_sink comp="348" pin=0"/></net>

<net id="352"><net_src comp="348" pin="1"/><net_sink comp="277" pin=0"/></net>

<net id="356"><net_src comp="255" pin="2"/><net_sink comp="353" pin=0"/></net>

<net id="357"><net_src comp="353" pin="1"/><net_sink comp="282" pin=0"/></net>

<net id="361"><net_src comp="60" pin="3"/><net_sink comp="358" pin=0"/></net>

<net id="362"><net_src comp="358" pin="1"/><net_sink comp="67" pin=0"/></net>

<net id="366"><net_src comp="73" pin="3"/><net_sink comp="363" pin=0"/></net>

<net id="367"><net_src comp="363" pin="1"/><net_sink comp="80" pin=0"/></net>

<net id="371"><net_src comp="86" pin="3"/><net_sink comp="368" pin=0"/></net>

<net id="372"><net_src comp="368" pin="1"/><net_sink comp="93" pin=0"/></net>

<net id="376"><net_src comp="99" pin="3"/><net_sink comp="373" pin=0"/></net>

<net id="377"><net_src comp="373" pin="1"/><net_sink comp="106" pin=0"/></net>

<net id="381"><net_src comp="67" pin="3"/><net_sink comp="378" pin=0"/></net>

<net id="382"><net_src comp="378" pin="1"/><net_sink comp="287" pin=0"/></net>

<net id="386"><net_src comp="80" pin="3"/><net_sink comp="383" pin=0"/></net>

<net id="387"><net_src comp="383" pin="1"/><net_sink comp="292" pin=0"/></net>

<net id="391"><net_src comp="93" pin="3"/><net_sink comp="388" pin=0"/></net>

<net id="392"><net_src comp="388" pin="1"/><net_sink comp="162" pin=1"/></net>

<net id="393"><net_src comp="388" pin="1"/><net_sink comp="174" pin=1"/></net>

<net id="397"><net_src comp="106" pin="3"/><net_sink comp="394" pin=0"/></net>

<net id="398"><net_src comp="394" pin="1"/><net_sink comp="166" pin=1"/></net>

<net id="399"><net_src comp="394" pin="1"/><net_sink comp="170" pin=1"/></net>

<net id="403"><net_src comp="287" pin="1"/><net_sink comp="400" pin=0"/></net>

<net id="404"><net_src comp="400" pin="1"/><net_sink comp="162" pin=0"/></net>

<net id="405"><net_src comp="400" pin="1"/><net_sink comp="170" pin=0"/></net>

<net id="409"><net_src comp="292" pin="1"/><net_sink comp="406" pin=0"/></net>

<net id="410"><net_src comp="406" pin="1"/><net_sink comp="166" pin=0"/></net>

<net id="411"><net_src comp="406" pin="1"/><net_sink comp="174" pin=0"/></net>

<net id="415"><net_src comp="162" pin="2"/><net_sink comp="412" pin=0"/></net>

<net id="416"><net_src comp="412" pin="1"/><net_sink comp="146" pin=0"/></net>

<net id="420"><net_src comp="166" pin="2"/><net_sink comp="417" pin=0"/></net>

<net id="421"><net_src comp="417" pin="1"/><net_sink comp="146" pin=1"/></net>

<net id="425"><net_src comp="170" pin="2"/><net_sink comp="422" pin=0"/></net>

<net id="426"><net_src comp="422" pin="1"/><net_sink comp="150" pin=0"/></net>

<net id="430"><net_src comp="174" pin="2"/><net_sink comp="427" pin=0"/></net>

<net id="431"><net_src comp="427" pin="1"/><net_sink comp="150" pin=1"/></net>

<net id="435"><net_src comp="112" pin="3"/><net_sink comp="432" pin=0"/></net>

<net id="436"><net_src comp="432" pin="1"/><net_sink comp="119" pin=2"/></net>

<net id="437"><net_src comp="432" pin="1"/><net_sink comp="119" pin=0"/></net>

<net id="441"><net_src comp="129" pin="3"/><net_sink comp="438" pin=0"/></net>

<net id="442"><net_src comp="438" pin="1"/><net_sink comp="136" pin=2"/></net>

<net id="443"><net_src comp="438" pin="1"/><net_sink comp="136" pin=0"/></net>

<net id="447"><net_src comp="146" pin="2"/><net_sink comp="444" pin=0"/></net>

<net id="448"><net_src comp="444" pin="1"/><net_sink comp="154" pin=1"/></net>

<net id="452"><net_src comp="119" pin="7"/><net_sink comp="449" pin=0"/></net>

<net id="453"><net_src comp="449" pin="1"/><net_sink comp="302" pin=0"/></net>

<net id="457"><net_src comp="150" pin="2"/><net_sink comp="454" pin=0"/></net>

<net id="458"><net_src comp="454" pin="1"/><net_sink comp="158" pin=1"/></net>

<net id="462"><net_src comp="136" pin="7"/><net_sink comp="459" pin=0"/></net>

<net id="463"><net_src comp="459" pin="1"/><net_sink comp="306" pin=0"/></net>

<net id="467"><net_src comp="302" pin="1"/><net_sink comp="464" pin=0"/></net>

<net id="468"><net_src comp="464" pin="1"/><net_sink comp="154" pin=0"/></net>

<net id="472"><net_src comp="306" pin="1"/><net_sink comp="469" pin=0"/></net>

<net id="473"><net_src comp="469" pin="1"/><net_sink comp="158" pin=0"/></net>

<net id="477"><net_src comp="154" pin="2"/><net_sink comp="474" pin=0"/></net>

<net id="478"><net_src comp="474" pin="1"/><net_sink comp="310" pin=0"/></net>

<net id="482"><net_src comp="158" pin="2"/><net_sink comp="479" pin=0"/></net>

<net id="483"><net_src comp="479" pin="1"/><net_sink comp="314" pin=0"/></net>

</net_list>

</model> 
---------------- Datapath Model END ------------------

* FSMD analyzer results:
  - Output states:
	Port: real_op | {19 }
	Port: imag_op | {19 }
 - Input state : 
	Port: dft_Pipeline_VITIS_LOOP_20_2_VITIS_LOOP_21_3 : real_sample | {3 4 }
	Port: dft_Pipeline_VITIS_LOOP_20_2_VITIS_LOOP_21_3 : imag_sample | {3 4 }
	Port: dft_Pipeline_VITIS_LOOP_20_2_VITIS_LOOP_21_3 : real_op | {12 13 }
	Port: dft_Pipeline_VITIS_LOOP_20_2_VITIS_LOOP_21_3 : imag_op | {12 13 }
	Port: dft_Pipeline_VITIS_LOOP_20_2_VITIS_LOOP_21_3 : cos_coefficients_table | {3 4 }
	Port: dft_Pipeline_VITIS_LOOP_20_2_VITIS_LOOP_21_3 : sin_coefficients_table | {3 4 }
  - Chain level:
	State 1
		store_ln0 : 1
		store_ln8 : 1
		store_ln8 : 1
		indvar_flatten_load : 1
		icmp_ln20 : 2
		add_ln20 : 2
		br_ln20 : 3
		store_ln20 : 3
	State 2
		icmp_ln21 : 1
		select_ln8 : 2
		add_ln20_1 : 1
		select_ln20 : 2
		trunc_ln22 : 3
		trunc_ln22_1 : 3
		idx : 4
		add_ln21 : 3
		store_ln8 : 3
		store_ln8 : 4
	State 3
		real_sample_addr : 1
		real_sample_load : 2
		imag_sample_addr : 1
		imag_sample_load : 2
		cos_coefficients_table_addr : 1
		c : 2
		sin_coefficients_table_addr : 1
		s : 2
	State 4
	State 5
		mul : 1
		mul1 : 1
		mul2 : 1
		mul3 : 1
	State 6
	State 7
	State 8
	State 9
	State 10
	State 11
	State 12
		real_op_addr : 1
		real_op_load : 2
		imag_op_addr : 1
		imag_op_load : 2
	State 13
	State 14
		add : 1
		add2 : 1
	State 15
	State 16
	State 17
	State 18
	State 19
		store_ln25 : 1
		store_ln26 : 1


============================================================
+ Verbose Summary: Datapath Resource usage 
============================================================

* Functional unit list:
|----------|---------------------|---------|---------|---------|
| Operation|   Functional Unit   |   DSP   |    FF   |   LUT   |
|----------|---------------------|---------|---------|---------|
|          |      grp_fu_146     |    2    |   205   |   390   |
|   fadd   |      grp_fu_150     |    2    |   205   |   390   |
|          |      grp_fu_154     |    2    |   205   |   390   |
|          |      grp_fu_158     |    2    |   205   |   390   |
|----------|---------------------|---------|---------|---------|
|          |      grp_fu_162     |    3    |   143   |   321   |
|   fmul   |      grp_fu_166     |    3    |   143   |   321   |
|          |      grp_fu_170     |    3    |   143   |   321   |
|          |      grp_fu_174     |    3    |   143   |   321   |
|----------|---------------------|---------|---------|---------|
|    mul   |      idx_fu_255     |    0    |    0    |    63   |
|----------|---------------------|---------|---------|---------|
|          |   add_ln20_fu_202   |    0    |    0    |    28   |
|    add   |  add_ln20_1_fu_233  |    0    |    0    |    12   |
|          |   add_ln21_fu_261   |    0    |    0    |    12   |
|----------|---------------------|---------|---------|---------|
|   icmp   |   icmp_ln20_fu_196  |    0    |    0    |    28   |
|          |   icmp_ln21_fu_219  |    0    |    0    |    12   |
|----------|---------------------|---------|---------|---------|
|  select  |  select_ln8_fu_225  |    0    |    0    |    11   |
|          |  select_ln20_fu_239 |    0    |    0    |    11   |
|----------|---------------------|---------|---------|---------|
|   trunc  |  trunc_ln22_fu_247  |    0    |    0    |    0    |
|          | trunc_ln22_1_fu_251 |    0    |    0    |    0    |
|----------|---------------------|---------|---------|---------|
|          |   zext_ln20_fu_277  |    0    |    0    |    0    |
|   zext   |   zext_ln23_fu_282  |    0    |    0    |    0    |
|          |   zext_ln21_fu_297  |    0    |    0    |    0    |
|----------|---------------------|---------|---------|---------|
|   Total  |                     |    20   |   1392  |   3021  |
|----------|---------------------|---------|---------|---------|

Memories:
N/A

* Register list:
+-----------------------------------+--------+
|                                   |   FF   |
+-----------------------------------+--------+
|            add1_reg_454           |   32   |
|            add2_reg_479           |   32   |
|            add_reg_474            |   32   |
|        bitcast_ln25_reg_464       |   32   |
|        bitcast_ln26_reg_469       |   32   |
|             c_reg_388             |   32   |
|cos_coefficients_table_addr_reg_368|   10   |
|          empty_6_reg_406          |   32   |
|           empty_reg_400           |   32   |
|             i_reg_318             |   11   |
|         icmp_ln20_reg_339         |    1   |
|            idx_reg_353            |   10   |
|        imag_op_addr_reg_438       |   10   |
|        imag_op_load_reg_459       |   32   |
|      imag_sample_addr_reg_363     |   10   |
|      imag_sample_load_reg_383     |   32   |
|       indvar_flatten_reg_332      |   21   |
|             j_reg_325             |   11   |
|            mul1_reg_417           |   32   |
|            mul2_reg_422           |   32   |
|            mul3_reg_427           |   32   |
|            mul_reg_412            |   32   |
|        real_op_addr_reg_432       |   10   |
|        real_op_load_reg_449       |   32   |
|      real_sample_addr_reg_358     |   10   |
|      real_sample_load_reg_378     |   32   |
|             s_reg_394             |   32   |
|        select_ln20_reg_348        |   11   |
|         select_ln8_reg_343        |   11   |
|sin_coefficients_table_addr_reg_373|   10   |
|            sub_reg_444            |   32   |
+-----------------------------------+--------+
|               Total               |   712  |
+-----------------------------------+--------+

* Multiplexer (MUX) list: 
|-------------------|------|------|------|--------||---------||---------||---------|
|        Comp       |  Pin | Size |  BW  | S x BW ||  Delay  ||    FF   ||   LUT   |
|-------------------|------|------|------|--------||---------||---------||---------|
|  grp_access_fu_67 |  p0  |   2  |  10  |   20   ||    0    ||    9    |
|  grp_access_fu_80 |  p0  |   2  |  10  |   20   ||    0    ||    9    |
|  grp_access_fu_93 |  p0  |   2  |  10  |   20   ||    0    ||    9    |
| grp_access_fu_106 |  p0  |   2  |  10  |   20   ||    0    ||    9    |
| grp_access_fu_119 |  p2  |   2  |   0  |    0   ||    0    ||    9    |
| grp_access_fu_136 |  p2  |   2  |   0  |    0   ||    0    ||    9    |
|     grp_fu_154    |  p0  |   2  |  32  |   64   ||    0    ||    9    |
|     grp_fu_158    |  p0  |   2  |  32  |   64   ||    0    ||    9    |
|     grp_fu_162    |  p0  |   2  |  32  |   64   ||    0    ||    9    |
|     grp_fu_166    |  p0  |   2  |  32  |   64   ||    0    ||    9    |
|     grp_fu_170    |  p0  |   2  |  32  |   64   ||    0    ||    9    |
|     grp_fu_174    |  p0  |   2  |  32  |   64   ||    0    ||    9    |
|-------------------|------|------|------|--------||---------||---------||---------|
|       Total       |      |      |      |   464  ||  19.056 ||    0    ||   108   |
|-------------------|------|------|------|--------||---------||---------||---------|



* Summary:
+-----------+--------+--------+--------+--------+
|           |   DSP  |  Delay |   FF   |   LUT  |
+-----------+--------+--------+--------+--------+
|  Function |   20   |    -   |  1392  |  3021  |
|   Memory  |    -   |    -   |    -   |    -   |
|Multiplexer|    -   |   19   |    0   |   108  |
|  Register |    -   |    -   |   712  |    -   |
+-----------+--------+--------+--------+--------+
|   Total   |   20   |   19   |  2104  |  3129  |
+-----------+--------+--------+--------+--------+
