

================================================================
== Vitis HLS Report for 'dft_Pipeline_VITIS_LOOP_27_1'
================================================================
* Date:           Fri Nov  7 16:16:58 2025

* Version:        2024.2 (Build 5238294 on Nov  8 2024)
* Project:        dft.comp
* Solution:       hls (Vivado IP Flow Target)
* Product family: zynq
* Target device:  xc7z020-clg400-1


================================================================
== Performance Estimates
================================================================
+ Timing: 
    * Summary: 
    +--------+----------+----------+------------+
    |  Clock |  Target  | Estimated| Uncertainty|
    +--------+----------+----------+------------+
    |ap_clk  |  10.00 ns|  4.815 ns|     2.70 ns|
    +--------+----------+----------+------------+

+ Latency: 
    * Summary: 
    +---------+---------+-----------+-----------+------+------+------------------------------------------------+
    |  Latency (cycles) |   Latency (absolute)  |   Interval  |                    Pipeline                    |
    |   min   |   max   |    min    |    max    |  min |  max |                      Type                      |
    +---------+---------+-----------+-----------+------+------+------------------------------------------------+
    |     1026|     1026|  10.260 us|  10.260 us|  1025|  1025|  loop auto-rewind stp (delay=0 clock cycles(s))|
    +---------+---------+-----------+-----------+------+------+------------------------------------------------+

    + Detail: 
        * Instance: 
        N/A

        * Loop: 
        +-------------------+---------+---------+----------+-----------+-----------+------+----------+
        |                   |  Latency (cycles) | Iteration|  Initiation Interval  | Trip |          |
        |     Loop Name     |   min   |   max   |  Latency |  achieved |   target  | Count| Pipelined|
        +-------------------+---------+---------+----------+-----------+-----------+------+----------+
        |- VITIS_LOOP_27_1  |     1024|     1024|         2|          1|          1|  1024|       yes|
        +-------------------+---------+---------+----------+-----------+-----------+------+----------+

============================================================
+ Verbose Summary: Synthesis Manager
============================================================
InlineROM: 1
ExposeGlobal: 0
============================================================
+ Verbose Summary: CDFG Model
============================================================
IsTopModel: 0
ResetActiveHigh: 1
IsCombinational: 0
IsDatapathOnly: 0
HasWiredReturn: 1
HasMFsm: 2
HasVarLatency: 1
IsPipeline: 0
IsRtlPipelined: 0
IsInstanceOverlapped: 0
IsDontTouch: 0
HasImplIP: 0
IsGatedGlobalClock: 0

+ Individual pipeline summary: 
  * Pipeline-0: initiation interval (II) = 1, depth = 2


============================================================
+ Verbose Summary: Schedule
============================================================
* Number of FSM states : 2
* Pipeline : 1
  Pipeline-0 : II = 1, D = 2, States = { 1 2 }
* Dataflow Pipeline: 0

* FSM state transitions: 
1 --> 2 
2 --> 

* FSM state operations: 

State 1 <SV = 0> <Delay = 4.81>
ST_1 : Operation 5 [1/1] (0.00ns)   --->   "%p_phi5 = alloca i32 1"   --->   Operation 5 'alloca' 'p_phi5' <Predicate = true> <Delay = 0.00>
ST_1 : Operation 6 [1/1] (0.00ns)   --->   "%p_phi = alloca i32 1"   --->   Operation 6 'alloca' 'p_phi' <Predicate = true> <Delay = 0.00>
ST_1 : Operation 7 [1/1] (0.00ns)   --->   "%j = alloca i32 1" [dft.cpp:16]   --->   Operation 7 'alloca' 'j' <Predicate = true> <Delay = 0.00>
ST_1 : Operation 8 [1/1] (0.00ns)   --->   "%specaxissidechannel_ln0 = specaxissidechannel void @_ssdm_op_SpecAXISSideChannel, i32 %input_imag_V_data_V, i4 %input_imag_V_keep_V, i4 %input_imag_V_strb_V, i1 0, i1 %input_imag_V_last_V, i1 0, i1 0, void @empty_4"   --->   Operation 8 'specaxissidechannel' 'specaxissidechannel_ln0' <Predicate = true> <Delay = 0.00>
ST_1 : Operation 9 [1/1] (0.00ns)   --->   "%specaxissidechannel_ln0 = specaxissidechannel void @_ssdm_op_SpecAXISSideChannel, i32 %input_real_V_data_V, i4 %input_real_V_keep_V, i4 %input_real_V_strb_V, i1 0, i1 %input_real_V_last_V, i1 0, i1 0, void @empty_5"   --->   Operation 9 'specaxissidechannel' 'specaxissidechannel_ln0' <Predicate = true> <Delay = 0.00>
ST_1 : Operation 10 [1/1] (0.00ns)   --->   "%specinterface_ln0 = specinterface void @_ssdm_op_SpecInterface, i1 %input_imag_V_last_V, i4 %input_imag_V_strb_V, i4 %input_imag_V_keep_V, i32 %input_imag_V_data_V, void @empty, i32 0, i32 0, void @empty_0, i32 0, i32 0, void @empty_1, void @empty_1, void @empty_1, i32 0, i32 0, i32 0, i32 0, void @empty_1, void @empty_1, i32 4294967295, i32 0, i32 0"   --->   Operation 10 'specinterface' 'specinterface_ln0' <Predicate = true> <Delay = 0.00>
ST_1 : Operation 11 [1/1] (0.00ns)   --->   "%specinterface_ln0 = specinterface void @_ssdm_op_SpecInterface, i1 %input_real_V_last_V, i4 %input_real_V_strb_V, i4 %input_real_V_keep_V, i32 %input_real_V_data_V, void @empty, i32 0, i32 0, void @empty_0, i32 0, i32 0, void @empty_1, void @empty_1, void @empty_1, i32 0, i32 0, i32 0, i32 0, void @empty_1, void @empty_1, i32 4294967295, i32 0, i32 0"   --->   Operation 11 'specinterface' 'specinterface_ln0' <Predicate = true> <Delay = 0.00>
ST_1 : Operation 12 [1/1] (1.58ns)   --->   "%store_ln16 = store i11 0, i11 %j" [dft.cpp:16]   --->   Operation 12 'store' 'store_ln16' <Predicate = true> <Delay = 1.58>
ST_1 : Operation 13 [1/1] (0.00ns)   --->   "%br_ln27 = br void %for.inc" [dft.cpp:27]   --->   Operation 13 'br' 'br_ln27' <Predicate = true> <Delay = 0.00>
ST_1 : Operation 14 [1/1] (0.00ns)   --->   "%j_1 = load i11 %j" [dft.cpp:27]   --->   Operation 14 'load' 'j_1' <Predicate = true> <Delay = 0.00>
ST_1 : Operation 15 [1/1] (1.63ns)   --->   "%icmp_ln27 = icmp_eq  i11 %j_1, i11 1024" [dft.cpp:27]   --->   Operation 15 'icmp' 'icmp_ln27' <Predicate = true> <Delay = 1.63> <CoreInst = "Cmp">   --->   Core 9 'Cmp' <Latency = 0> <II = 1> <Delay = 1.63> <FuncUnit> <Opcode : 'seteq' 'setne' 'setle' 'setge' 'setlt' 'setgt'> <InPorts = 2> <OutPorts = 1>
ST_1 : Operation 16 [1/1] (1.63ns)   --->   "%add_ln27 = add i11 %j_1, i11 1" [dft.cpp:27]   --->   Operation 16 'add' 'add_ln27' <Predicate = true> <Delay = 1.63> <CoreInst = "Adder">   --->   Core 1 'Adder' <Latency = 0> <II = 1> <Delay = 1.63> <FuncUnit> <Opcode : 'add' 'sub'> <InPorts = 2> <OutPorts = 1>
ST_1 : Operation 17 [1/1] (0.00ns)   --->   "%br_ln27 = br i1 %icmp_ln27, void %for.inc.split, void %for.inc29.preheader.exitStub" [dft.cpp:27]   --->   Operation 17 'br' 'br_ln27' <Predicate = true> <Delay = 0.00>
ST_1 : Operation 18 [1/1] (1.58ns)   --->   "%store_ln16 = store i11 %add_ln27, i11 %j" [dft.cpp:16]   --->   Operation 18 'store' 'store_ln16' <Predicate = (!icmp_ln27)> <Delay = 1.58>
ST_1 : Operation 38 [1/1] (0.00ns)   --->   "%p_phi5_load = load i4 %p_phi5"   --->   Operation 38 'load' 'p_phi5_load' <Predicate = (icmp_ln27)> <Delay = 0.00>
ST_1 : Operation 39 [1/1] (0.00ns)   --->   "%p_phi_load = load i4 %p_phi"   --->   Operation 39 'load' 'p_phi_load' <Predicate = (icmp_ln27)> <Delay = 0.00>
ST_1 : Operation 40 [1/1] (0.00ns)   --->   "%write_ln0 = write void @_ssdm_op_Write.ap_auto.i4P0A, i4 %p_phi_out, i4 %p_phi_load"   --->   Operation 40 'write' 'write_ln0' <Predicate = (icmp_ln27)> <Delay = 0.00>
ST_1 : Operation 41 [1/1] (0.00ns)   --->   "%write_ln0 = write void @_ssdm_op_Write.ap_auto.i4P0A, i4 %p_phi5_out, i4 %p_phi5_load"   --->   Operation 41 'write' 'write_ln0' <Predicate = (icmp_ln27)> <Delay = 0.00>
ST_1 : Operation 42 [1/1] (1.58ns)   --->   "%ret_ln0 = ret"   --->   Operation 42 'ret' 'ret_ln0' <Predicate = (icmp_ln27)> <Delay = 1.58>

State 2 <SV = 1> <Delay = 3.77>
ST_2 : Operation 19 [1/1] (0.00ns)   --->   "%zext_ln27 = zext i11 %j_1" [dft.cpp:27]   --->   Operation 19 'zext' 'zext_ln27' <Predicate = true> <Delay = 0.00>
ST_2 : Operation 20 [1/1] (0.00ns)   --->   "%specpipeline_ln16 = specpipeline void @_ssdm_op_SpecPipeline, i32 4294967295, i32 0, i32 0, i32 0, void @empty_1" [dft.cpp:16]   --->   Operation 20 'specpipeline' 'specpipeline_ln16' <Predicate = true> <Delay = 0.00>
ST_2 : Operation 21 [1/1] (0.00ns)   --->   "%speclooptripcount_ln16 = speclooptripcount void @_ssdm_op_SpecLoopTripCount, i64 1024, i64 1024, i64 1024" [dft.cpp:16]   --->   Operation 21 'speclooptripcount' 'speclooptripcount_ln16' <Predicate = true> <Delay = 0.00>
ST_2 : Operation 22 [1/1] (0.00ns)   --->   "%specloopname_ln27 = specloopname void @_ssdm_op_SpecLoopName, void @empty_8" [dft.cpp:27]   --->   Operation 22 'specloopname' 'specloopname_ln27' <Predicate = true> <Delay = 0.00>
ST_2 : Operation 23 [1/1] (0.51ns)   --->   "%empty = read i41 @_ssdm_op_Read.axis.volatile.i32P0A.i4P0A.i4P0A.i1P0A, i32 %input_real_V_data_V, i4 %input_real_V_keep_V, i4 %input_real_V_strb_V, i1 %input_real_V_last_V" [dft.cpp:28]   --->   Operation 23 'read' 'empty' <Predicate = true> <Delay = 0.51> <CoreInst = "regslice">   --->   Core 135 'regslice' <Latency = 0> <II = 1> <Delay = 1.86> <Adapter> <Opcode : 'read' 'write'>
ST_2 : Operation 24 [1/1] (0.00ns)   --->   "%p_s = extractvalue i41 %empty" [dft.cpp:28]   --->   Operation 24 'extractvalue' 'p_s' <Predicate = true> <Delay = 0.00>
ST_2 : Operation 25 [1/1] (0.00ns)   --->   "%pkt_real_strb = extractvalue i41 %empty" [dft.cpp:28]   --->   Operation 25 'extractvalue' 'pkt_real_strb' <Predicate = true> <Delay = 0.00>
ST_2 : Operation 26 [1/1] (0.00ns)   --->   "%pkt_real_data = bitcast i32 %p_s" [dft.cpp:28]   --->   Operation 26 'bitcast' 'pkt_real_data' <Predicate = true> <Delay = 0.00>
ST_2 : Operation 27 [1/1] (0.51ns)   --->   "%empty_12 = read i41 @_ssdm_op_Read.axis.volatile.i32P0A.i4P0A.i4P0A.i1P0A, i32 %input_imag_V_data_V, i4 %input_imag_V_keep_V, i4 %input_imag_V_strb_V, i1 %input_imag_V_last_V" [dft.cpp:29]   --->   Operation 27 'read' 'empty_12' <Predicate = true> <Delay = 0.51> <CoreInst = "regslice">   --->   Core 135 'regslice' <Latency = 0> <II = 1> <Delay = 1.86> <Adapter> <Opcode : 'read' 'write'>
ST_2 : Operation 28 [1/1] (0.00ns)   --->   "%p_2 = extractvalue i41 %empty_12" [dft.cpp:29]   --->   Operation 28 'extractvalue' 'p_2' <Predicate = true> <Delay = 0.00>
ST_2 : Operation 29 [1/1] (0.00ns)   --->   "%pkt_imag_strb = extractvalue i41 %empty_12" [dft.cpp:29]   --->   Operation 29 'extractvalue' 'pkt_imag_strb' <Predicate = true> <Delay = 0.00>
ST_2 : Operation 30 [1/1] (0.00ns)   --->   "%pkt_imag_data = bitcast i32 %p_2" [dft.cpp:29]   --->   Operation 30 'bitcast' 'pkt_imag_data' <Predicate = true> <Delay = 0.00>
ST_2 : Operation 31 [1/1] (0.00ns)   --->   "%real_sample_addr = getelementptr i32 %real_sample, i64 0, i64 %zext_ln27" [dft.cpp:30]   --->   Operation 31 'getelementptr' 'real_sample_addr' <Predicate = true> <Delay = 0.00>
ST_2 : Operation 32 [1/1] ( I:3.25ns O:3.25ns )   --->   "%store_ln30 = store i32 %pkt_real_data, i10 %real_sample_addr" [dft.cpp:30]   --->   Operation 32 'store' 'store_ln30' <Predicate = true> <Delay = 3.25> <CoreInst = "RAM">   --->   Core 81 'RAM' <Latency = 1> <II = 1> <Delay = 3.25> <Storage> <Opcode : 'load' 'store'> <Ports = 2> <Width = 32> <Depth = 1024> <RAM>
ST_2 : Operation 33 [1/1] (0.00ns)   --->   "%imag_sample_addr = getelementptr i32 %imag_sample, i64 0, i64 %zext_ln27" [dft.cpp:31]   --->   Operation 33 'getelementptr' 'imag_sample_addr' <Predicate = true> <Delay = 0.00>
ST_2 : Operation 34 [1/1] ( I:3.25ns O:3.25ns )   --->   "%store_ln31 = store i32 %pkt_imag_data, i10 %imag_sample_addr" [dft.cpp:31]   --->   Operation 34 'store' 'store_ln31' <Predicate = true> <Delay = 3.25> <CoreInst = "RAM">   --->   Core 81 'RAM' <Latency = 1> <II = 1> <Delay = 3.25> <Storage> <Opcode : 'load' 'store'> <Ports = 2> <Width = 32> <Depth = 1024> <RAM>
ST_2 : Operation 35 [1/1] (0.00ns)   --->   "%store_ln28 = store i4 %pkt_real_strb, i4 %p_phi" [dft.cpp:28]   --->   Operation 35 'store' 'store_ln28' <Predicate = true> <Delay = 0.00>
ST_2 : Operation 36 [1/1] (0.00ns)   --->   "%store_ln29 = store i4 %pkt_imag_strb, i4 %p_phi5" [dft.cpp:29]   --->   Operation 36 'store' 'store_ln29' <Predicate = true> <Delay = 0.00>
ST_2 : Operation 37 [1/1] (0.00ns)   --->   "%br_ln27 = br void %for.inc" [dft.cpp:27]   --->   Operation 37 'br' 'br_ln27' <Predicate = true> <Delay = 0.00>


============================================================
+ Verbose Summary: Binding
============================================================
STG Binding: 
---------------- STG Properties BEGIN ----------------
- Is combinational: 0
- Is one-state seq: 0
- Is datapath-only: 0
- Is pipelined: 0
- Is top level: 0
Port [ Return ] is wired: 1; IO mode=ap_ctrl_hs:ce=0
Port [ input_real_V_data_V]:  wired=1; compound=1; hidden=0; nouse=0; global=0; static=0; extern=0; dir=0; type=0; pingpong=0; private_global=0; IO mode=axis:ce=0
Port [ input_real_V_keep_V]:  wired=1; compound=1; hidden=0; nouse=0; global=0; static=0; extern=0; dir=0; type=0; pingpong=0; private_global=0; IO mode=axis:ce=0
Port [ input_real_V_strb_V]:  wired=1; compound=1; hidden=0; nouse=0; global=0; static=0; extern=0; dir=0; type=0; pingpong=0; private_global=0; IO mode=axis:ce=0
Port [ input_real_V_last_V]:  wired=1; compound=1; hidden=0; nouse=0; global=0; static=0; extern=0; dir=0; type=0; pingpong=0; private_global=0; IO mode=axis:ce=0
Port [ input_imag_V_data_V]:  wired=1; compound=1; hidden=0; nouse=0; global=0; static=0; extern=0; dir=0; type=0; pingpong=0; private_global=0; IO mode=axis:ce=0
Port [ input_imag_V_keep_V]:  wired=1; compound=1; hidden=0; nouse=0; global=0; static=0; extern=0; dir=0; type=0; pingpong=0; private_global=0; IO mode=axis:ce=0
Port [ input_imag_V_strb_V]:  wired=1; compound=1; hidden=0; nouse=0; global=0; static=0; extern=0; dir=0; type=0; pingpong=0; private_global=0; IO mode=axis:ce=0
Port [ input_imag_V_last_V]:  wired=1; compound=1; hidden=0; nouse=0; global=0; static=0; extern=0; dir=0; type=0; pingpong=0; private_global=0; IO mode=axis:ce=0
Port [ real_sample]:  wired=1; compound=1; hidden=0; nouse=0; global=0; static=0; extern=0; dir=1; type=1; pingpong=0; private_global=0; MemPort=[03]; IO mode=ap_memory:ce=0
Port [ imag_sample]:  wired=1; compound=1; hidden=0; nouse=0; global=0; static=0; extern=0; dir=1; type=1; pingpong=0; private_global=0; MemPort=[03]; IO mode=ap_memory:ce=0
Port [ p_phi_out]:  wired=1; compound=0; hidden=0; nouse=0; global=0; static=0; extern=0; dir=1; type=0; pingpong=0; private_global=0; IO mode=ap_vld:ce=0
Port [ p_phi5_out]:  wired=1; compound=0; hidden=0; nouse=0; global=0; static=0; extern=0; dir=1; type=0; pingpong=0; private_global=0; IO mode=ap_vld:ce=0
---------------- STG Properties END ------------------

---------------- Datapath Model BEGIN ----------------

<LifeTime>
<method=bitvector/>
p_phi5                  (alloca             ) [ 011]
p_phi                   (alloca             ) [ 011]
j                       (alloca             ) [ 010]
specaxissidechannel_ln0 (specaxissidechannel) [ 000]
specaxissidechannel_ln0 (specaxissidechannel) [ 000]
specinterface_ln0       (specinterface      ) [ 000]
specinterface_ln0       (specinterface      ) [ 000]
store_ln16              (store              ) [ 000]
br_ln27                 (br                 ) [ 000]
j_1                     (load               ) [ 011]
icmp_ln27               (icmp               ) [ 010]
add_ln27                (add                ) [ 000]
br_ln27                 (br                 ) [ 000]
store_ln16              (store              ) [ 000]
zext_ln27               (zext               ) [ 000]
specpipeline_ln16       (specpipeline       ) [ 000]
speclooptripcount_ln16  (speclooptripcount  ) [ 000]
specloopname_ln27       (specloopname       ) [ 000]
empty                   (read               ) [ 000]
p_s                     (extractvalue       ) [ 000]
pkt_real_strb           (extractvalue       ) [ 000]
pkt_real_data           (bitcast            ) [ 000]
empty_12                (read               ) [ 000]
p_2                     (extractvalue       ) [ 000]
pkt_imag_strb           (extractvalue       ) [ 000]
pkt_imag_data           (bitcast            ) [ 000]
real_sample_addr        (getelementptr      ) [ 000]
store_ln30              (store              ) [ 000]
imag_sample_addr        (getelementptr      ) [ 000]
store_ln31              (store              ) [ 000]
store_ln28              (store              ) [ 000]
store_ln29              (store              ) [ 000]
br_ln27                 (br                 ) [ 000]
p_phi5_load             (load               ) [ 000]
p_phi_load              (load               ) [ 000]
write_ln0               (write              ) [ 000]
write_ln0               (write              ) [ 000]
ret_ln0                 (ret                ) [ 000]
</LifeTime>

<model>

<comp_list>
<comp id="0" class="1000" name="input_real_V_data_V">
<pin_list>
<pin id="1" dir="1" index="0" bw="1" slack="0"/>
</pin_list>
<bind>
<StgValue><ssdm name="input_real_V_data_V"/></StgValue>
</bind>
</comp>

<comp id="2" class="1000" name="input_real_V_keep_V">
<pin_list>
<pin id="3" dir="1" index="0" bw="1" slack="0"/>
</pin_list>
<bind>
<StgValue><ssdm name="input_real_V_keep_V"/></StgValue>
</bind>
</comp>

<comp id="4" class="1000" name="input_real_V_strb_V">
<pin_list>
<pin id="5" dir="1" index="0" bw="1" slack="0"/>
</pin_list>
<bind>
<StgValue><ssdm name="input_real_V_strb_V"/></StgValue>
</bind>
</comp>

<comp id="6" class="1000" name="input_real_V_last_V">
<pin_list>
<pin id="7" dir="1" index="0" bw="1" slack="0"/>
</pin_list>
<bind>
<StgValue><ssdm name="input_real_V_last_V"/></StgValue>
</bind>
</comp>

<comp id="8" class="1000" name="input_imag_V_data_V">
<pin_list>
<pin id="9" dir="1" index="0" bw="1" slack="0"/>
</pin_list>
<bind>
<StgValue><ssdm name="input_imag_V_data_V"/></StgValue>
</bind>
</comp>

<comp id="10" class="1000" name="input_imag_V_keep_V">
<pin_list>
<pin id="11" dir="1" index="0" bw="1" slack="0"/>
</pin_list>
<bind>
<StgValue><ssdm name="input_imag_V_keep_V"/></StgValue>
</bind>
</comp>

<comp id="12" class="1000" name="input_imag_V_strb_V">
<pin_list>
<pin id="13" dir="1" index="0" bw="1" slack="0"/>
</pin_list>
<bind>
<StgValue><ssdm name="input_imag_V_strb_V"/></StgValue>
</bind>
</comp>

<comp id="14" class="1000" name="input_imag_V_last_V">
<pin_list>
<pin id="15" dir="1" index="0" bw="1" slack="0"/>
</pin_list>
<bind>
<StgValue><ssdm name="input_imag_V_last_V"/></StgValue>
</bind>
</comp>

<comp id="16" class="1000" name="real_sample">
<pin_list>
<pin id="17" dir="1" index="0" bw="1" slack="0"/>
</pin_list>
<bind>
<StgValue><ssdm name="real_sample"/><MemPortTyVec>0 3 </MemPortTyVec>
</StgValue>
</bind>
</comp>

<comp id="18" class="1000" name="imag_sample">
<pin_list>
<pin id="19" dir="1" index="0" bw="1" slack="0"/>
</pin_list>
<bind>
<StgValue><ssdm name="imag_sample"/><MemPortTyVec>0 3 </MemPortTyVec>
</StgValue>
</bind>
</comp>

<comp id="20" class="1000" name="p_phi_out">
<pin_list>
<pin id="21" dir="1" index="0" bw="1" slack="0"/>
</pin_list>
<bind>
<StgValue><ssdm name="p_phi_out"/></StgValue>
</bind>
</comp>

<comp id="22" class="1000" name="p_phi5_out">
<pin_list>
<pin id="23" dir="1" index="0" bw="1" slack="0"/>
</pin_list>
<bind>
<StgValue><ssdm name="p_phi5_out"/></StgValue>
</bind>
</comp>

<comp id="24" class="1001" name="const_24">
<pin_list>
<pin id="25" dir="1" index="0" bw="1" slack="0"/>
</pin_list>
<bind>
<StgValue><ssdm name=""/></StgValue>
</bind>
</comp>

<comp id="26" class="1001" name="const_26">
<pin_list>
<pin id="27" dir="1" index="0" bw="1" slack="2147483647"/>
</pin_list>
<bind>
<StgValue><ssdm name="_ssdm_op_SpecAXISSideChannel"/></StgValue>
</bind>
</comp>

<comp id="28" class="1001" name="const_28">
<pin_list>
<pin id="29" dir="1" index="0" bw="1" slack="2147483647"/>
</pin_list>
<bind>
<StgValue><ssdm name=""/></StgValue>
</bind>
</comp>

<comp id="30" class="1001" name="const_30">
<pin_list>
<pin id="31" dir="1" index="0" bw="1" slack="2147483647"/>
</pin_list>
<bind>
<StgValue><ssdm name="empty_4"/></StgValue>
</bind>
</comp>

<comp id="32" class="1001" name="const_32">
<pin_list>
<pin id="33" dir="1" index="0" bw="1" slack="2147483647"/>
</pin_list>
<bind>
<StgValue><ssdm name="empty_5"/></StgValue>
</bind>
</comp>

<comp id="34" class="1001" name="const_34">
<pin_list>
<pin id="35" dir="1" index="0" bw="1" slack="2147483647"/>
</pin_list>
<bind>
<StgValue><ssdm name="_ssdm_op_SpecInterface"/></StgValue>
</bind>
</comp>

<comp id="36" class="1001" name="const_36">
<pin_list>
<pin id="37" dir="1" index="0" bw="1" slack="2147483647"/>
</pin_list>
<bind>
<StgValue><ssdm name="empty"/></StgValue>
</bind>
</comp>

<comp id="38" class="1001" name="const_38">
<pin_list>
<pin id="39" dir="1" index="0" bw="1" slack="2147483647"/>
</pin_list>
<bind>
<StgValue><ssdm name=""/></StgValue>
</bind>
</comp>

<comp id="40" class="1001" name="const_40">
<pin_list>
<pin id="41" dir="1" index="0" bw="1" slack="2147483647"/>
</pin_list>
<bind>
<StgValue><ssdm name="empty_0"/></StgValue>
</bind>
</comp>

<comp id="42" class="1001" name="const_42">
<pin_list>
<pin id="43" dir="1" index="0" bw="1" slack="2147483647"/>
</pin_list>
<bind>
<StgValue><ssdm name="empty_1"/></StgValue>
</bind>
</comp>

<comp id="44" class="1001" name="const_44">
<pin_list>
<pin id="45" dir="1" index="0" bw="1" slack="2147483647"/>
</pin_list>
<bind>
<StgValue><ssdm name=""/></StgValue>
</bind>
</comp>

<comp id="46" class="1001" name="const_46">
<pin_list>
<pin id="47" dir="1" index="0" bw="1" slack="0"/>
</pin_list>
<bind>
<StgValue><ssdm name=""/></StgValue>
</bind>
</comp>

<comp id="48" class="1001" name="const_48">
<pin_list>
<pin id="49" dir="1" index="0" bw="1" slack="0"/>
</pin_list>
<bind>
<StgValue><ssdm name=""/></StgValue>
</bind>
</comp>

<comp id="50" class="1001" name="const_50">
<pin_list>
<pin id="51" dir="1" index="0" bw="1" slack="0"/>
</pin_list>
<bind>
<StgValue><ssdm name=""/></StgValue>
</bind>
</comp>

<comp id="52" class="1001" name="const_52">
<pin_list>
<pin id="53" dir="1" index="0" bw="1" slack="2147483647"/>
</pin_list>
<bind>
<StgValue><ssdm name="_ssdm_op_SpecPipeline"/></StgValue>
</bind>
</comp>

<comp id="54" class="1001" name="const_54">
<pin_list>
<pin id="55" dir="1" index="0" bw="1" slack="2147483647"/>
</pin_list>
<bind>
<StgValue><ssdm name="_ssdm_op_SpecLoopTripCount"/></StgValue>
</bind>
</comp>

<comp id="56" class="1001" name="const_56">
<pin_list>
<pin id="57" dir="1" index="0" bw="1" slack="2147483647"/>
</pin_list>
<bind>
<StgValue><ssdm name=""/></StgValue>
</bind>
</comp>

<comp id="58" class="1001" name="const_58">
<pin_list>
<pin id="59" dir="1" index="0" bw="1" slack="2147483647"/>
</pin_list>
<bind>
<StgValue><ssdm name="_ssdm_op_SpecLoopName"/></StgValue>
</bind>
</comp>

<comp id="60" class="1001" name="const_60">
<pin_list>
<pin id="61" dir="1" index="0" bw="1" slack="2147483647"/>
</pin_list>
<bind>
<StgValue><ssdm name="empty_8"/></StgValue>
</bind>
</comp>

<comp id="62" class="1001" name="const_62">
<pin_list>
<pin id="63" dir="1" index="0" bw="1" slack="0"/>
</pin_list>
<bind>
<StgValue><ssdm name="_ssdm_op_Read.axis.volatile.i32P0A.i4P0A.i4P0A.i1P0A"/></StgValue>
</bind>
</comp>

<comp id="64" class="1001" name="const_64">
<pin_list>
<pin id="65" dir="1" index="0" bw="1" slack="0"/>
</pin_list>
<bind>
<StgValue><ssdm name=""/></StgValue>
</bind>
</comp>

<comp id="66" class="1001" name="const_66">
<pin_list>
<pin id="67" dir="1" index="0" bw="1" slack="0"/>
</pin_list>
<bind>
<StgValue><ssdm name="_ssdm_op_Write.ap_auto.i4P0A"/></StgValue>
</bind>
</comp>

<comp id="68" class="1004" name="p_phi5_fu_68">
<pin_list>
<pin id="69" dir="0" index="0" bw="1" slack="0"/>
<pin id="70" dir="1" index="1" bw="4" slack="0"/>
</pin_list>
<bind>
<opcode="alloca(26) " fcode="alloca"/>
<opset="p_phi5/1 "/>
</bind>
</comp>

<comp id="72" class="1004" name="p_phi_fu_72">
<pin_list>
<pin id="73" dir="0" index="0" bw="1" slack="0"/>
<pin id="74" dir="1" index="1" bw="4" slack="0"/>
</pin_list>
<bind>
<opcode="alloca(26) " fcode="alloca"/>
<opset="p_phi/1 "/>
</bind>
</comp>

<comp id="76" class="1004" name="j_fu_76">
<pin_list>
<pin id="77" dir="0" index="0" bw="1" slack="0"/>
<pin id="78" dir="1" index="1" bw="11" slack="0"/>
</pin_list>
<bind>
<opcode="alloca(26) " fcode="alloca"/>
<opset="j/1 "/>
</bind>
</comp>

<comp id="80" class="1004" name="empty_read_fu_80">
<pin_list>
<pin id="81" dir="0" index="0" bw="41" slack="0"/>
<pin id="82" dir="0" index="1" bw="32" slack="0"/>
<pin id="83" dir="0" index="2" bw="4" slack="0"/>
<pin id="84" dir="0" index="3" bw="4" slack="0"/>
<pin id="85" dir="0" index="4" bw="1" slack="0"/>
<pin id="86" dir="1" index="5" bw="41" slack="0"/>
</pin_list>
<bind>
<opcode="read(1150) " fcode="read"/>
<opset="empty/2 "/>
</bind>
</comp>

<comp id="92" class="1004" name="empty_12_read_fu_92">
<pin_list>
<pin id="93" dir="0" index="0" bw="41" slack="0"/>
<pin id="94" dir="0" index="1" bw="32" slack="0"/>
<pin id="95" dir="0" index="2" bw="4" slack="0"/>
<pin id="96" dir="0" index="3" bw="4" slack="0"/>
<pin id="97" dir="0" index="4" bw="1" slack="0"/>
<pin id="98" dir="1" index="5" bw="41" slack="0"/>
</pin_list>
<bind>
<opcode="read(1150) " fcode="read"/>
<opset="empty_12/2 "/>
</bind>
</comp>

<comp id="104" class="1004" name="write_ln0_write_fu_104">
<pin_list>
<pin id="105" dir="0" index="0" bw="0" slack="0"/>
<pin id="106" dir="0" index="1" bw="4" slack="0"/>
<pin id="107" dir="0" index="2" bw="4" slack="0"/>
<pin id="108" dir="1" index="3" bw="0" slack="2147483647"/>
</pin_list>
<bind>
<opcode="write(1151) " fcode="write"/>
<opset="write_ln0/1 "/>
</bind>
</comp>

<comp id="111" class="1004" name="write_ln0_write_fu_111">
<pin_list>
<pin id="112" dir="0" index="0" bw="0" slack="0"/>
<pin id="113" dir="0" index="1" bw="4" slack="0"/>
<pin id="114" dir="0" index="2" bw="4" slack="0"/>
<pin id="115" dir="1" index="3" bw="0" slack="2147483647"/>
</pin_list>
<bind>
<opcode="write(1151) " fcode="write"/>
<opset="write_ln0/1 "/>
</bind>
</comp>

<comp id="118" class="1004" name="real_sample_addr_gep_fu_118">
<pin_list>
<pin id="119" dir="0" index="0" bw="32" slack="0"/>
<pin id="120" dir="0" index="1" bw="1" slack="0"/>
<pin id="121" dir="0" index="2" bw="11" slack="0"/>
<pin id="122" dir="1" index="3" bw="10" slack="0"/>
</pin_list>
<bind>
<opcode="getelementptr(29) " fcode="getelementptr"/>
<opset="real_sample_addr/2 "/>
</bind>
</comp>

<comp id="125" class="1004" name="store_ln30_access_fu_125">
<pin_list>
<pin id="126" dir="0" index="0" bw="10" slack="0"/>
<pin id="127" dir="0" index="1" bw="32" slack="0"/>
<pin id="128" dir="0" index="2" bw="0" slack="2147483647"/>
<pin id="129" dir="1" index="3" bw="32" slack="2147483647"/>
</pin_list>
<bind>
<opcode="store(28) " fcode="store"/>
<opset="store_ln30/2 "/>
</bind>
</comp>

<comp id="131" class="1004" name="imag_sample_addr_gep_fu_131">
<pin_list>
<pin id="132" dir="0" index="0" bw="32" slack="0"/>
<pin id="133" dir="0" index="1" bw="1" slack="0"/>
<pin id="134" dir="0" index="2" bw="11" slack="0"/>
<pin id="135" dir="1" index="3" bw="10" slack="0"/>
</pin_list>
<bind>
<opcode="getelementptr(29) " fcode="getelementptr"/>
<opset="imag_sample_addr/2 "/>
</bind>
</comp>

<comp id="138" class="1004" name="store_ln31_access_fu_138">
<pin_list>
<pin id="139" dir="0" index="0" bw="10" slack="0"/>
<pin id="140" dir="0" index="1" bw="32" slack="0"/>
<pin id="141" dir="0" index="2" bw="0" slack="2147483647"/>
<pin id="142" dir="1" index="3" bw="32" slack="2147483647"/>
</pin_list>
<bind>
<opcode="store(28) " fcode="store"/>
<opset="store_ln31/2 "/>
</bind>
</comp>

<comp id="144" class="1004" name="store_ln16_store_fu_144">
<pin_list>
<pin id="145" dir="0" index="0" bw="1" slack="0"/>
<pin id="146" dir="0" index="1" bw="11" slack="0"/>
<pin id="147" dir="1" index="2" bw="0" slack="2147483647"/>
</pin_list>
<bind>
<opcode="store(28) " fcode="store"/>
<opset="store_ln16/1 "/>
</bind>
</comp>

<comp id="149" class="1004" name="j_1_load_fu_149">
<pin_list>
<pin id="150" dir="0" index="0" bw="11" slack="0"/>
<pin id="151" dir="1" index="1" bw="11" slack="0"/>
</pin_list>
<bind>
<opcode="load(27) " fcode="load"/>
<opset="j_1/1 "/>
</bind>
</comp>

<comp id="152" class="1004" name="icmp_ln27_fu_152">
<pin_list>
<pin id="153" dir="0" index="0" bw="11" slack="0"/>
<pin id="154" dir="0" index="1" bw="11" slack="0"/>
<pin id="155" dir="1" index="2" bw="1" slack="2147483647"/>
</pin_list>
<bind>
<opcode="icmp(45) " fcode="icmp"/>
<opset="icmp_ln27/1 "/>
</bind>
</comp>

<comp id="158" class="1004" name="add_ln27_fu_158">
<pin_list>
<pin id="159" dir="0" index="0" bw="11" slack="0"/>
<pin id="160" dir="0" index="1" bw="1" slack="0"/>
<pin id="161" dir="1" index="2" bw="11" slack="0"/>
</pin_list>
<bind>
<opcode="add(8) " fcode="add"/>
<opset="add_ln27/1 "/>
</bind>
</comp>

<comp id="164" class="1004" name="store_ln16_store_fu_164">
<pin_list>
<pin id="165" dir="0" index="0" bw="11" slack="0"/>
<pin id="166" dir="0" index="1" bw="11" slack="0"/>
<pin id="167" dir="1" index="2" bw="0" slack="2147483647"/>
</pin_list>
<bind>
<opcode="store(28) " fcode="store"/>
<opset="store_ln16/1 "/>
</bind>
</comp>

<comp id="169" class="1004" name="zext_ln27_fu_169">
<pin_list>
<pin id="170" dir="0" index="0" bw="11" slack="1"/>
<pin id="171" dir="1" index="1" bw="64" slack="0"/>
</pin_list>
<bind>
<opcode="zext(34) " fcode="zext"/>
<opset="zext_ln27/2 "/>
</bind>
</comp>

<comp id="174" class="1004" name="p_s_fu_174">
<pin_list>
<pin id="175" dir="0" index="0" bw="41" slack="0"/>
<pin id="176" dir="1" index="1" bw="32" slack="0"/>
</pin_list>
<bind>
<opcode="extractvalue(56) " fcode="extractvalue"/>
<opset="p_s/2 "/>
</bind>
</comp>

<comp id="178" class="1004" name="pkt_real_strb_fu_178">
<pin_list>
<pin id="179" dir="0" index="0" bw="41" slack="0"/>
<pin id="180" dir="1" index="1" bw="4" slack="0"/>
</pin_list>
<bind>
<opcode="extractvalue(56) " fcode="extractvalue"/>
<opset="pkt_real_strb/2 "/>
</bind>
</comp>

<comp id="182" class="1004" name="pkt_real_data_fu_182">
<pin_list>
<pin id="183" dir="0" index="0" bw="32" slack="0"/>
<pin id="184" dir="1" index="1" bw="32" slack="0"/>
</pin_list>
<bind>
<opcode="bitcast(44) " fcode="bitcast"/>
<opset="pkt_real_data/2 "/>
</bind>
</comp>

<comp id="187" class="1004" name="p_2_fu_187">
<pin_list>
<pin id="188" dir="0" index="0" bw="41" slack="0"/>
<pin id="189" dir="1" index="1" bw="32" slack="0"/>
</pin_list>
<bind>
<opcode="extractvalue(56) " fcode="extractvalue"/>
<opset="p_2/2 "/>
</bind>
</comp>

<comp id="191" class="1004" name="pkt_imag_strb_fu_191">
<pin_list>
<pin id="192" dir="0" index="0" bw="41" slack="0"/>
<pin id="193" dir="1" index="1" bw="4" slack="0"/>
</pin_list>
<bind>
<opcode="extractvalue(56) " fcode="extractvalue"/>
<opset="pkt_imag_strb/2 "/>
</bind>
</comp>

<comp id="195" class="1004" name="pkt_imag_data_fu_195">
<pin_list>
<pin id="196" dir="0" index="0" bw="32" slack="0"/>
<pin id="197" dir="1" index="1" bw="32" slack="0"/>
</pin_list>
<bind>
<opcode="bitcast(44) " fcode="bitcast"/>
<opset="pkt_imag_data/2 "/>
</bind>
</comp>

<comp id="200" class="1004" name="store_ln28_store_fu_200">
<pin_list>
<pin id="201" dir="0" index="0" bw="4" slack="0"/>
<pin id="202" dir="0" index="1" bw="4" slack="1"/>
<pin id="203" dir="1" index="2" bw="0" slack="2147483647"/>
</pin_list>
<bind>
<opcode="store(28) " fcode="store"/>
<opset="store_ln28/2 "/>
</bind>
</comp>

<comp id="205" class="1004" name="store_ln29_store_fu_205">
<pin_list>
<pin id="206" dir="0" index="0" bw="4" slack="0"/>
<pin id="207" dir="0" index="1" bw="4" slack="1"/>
<pin id="208" dir="1" index="2" bw="0" slack="2147483647"/>
</pin_list>
<bind>
<opcode="store(28) " fcode="store"/>
<opset="store_ln29/2 "/>
</bind>
</comp>

<comp id="210" class="1004" name="p_phi5_load_load_fu_210">
<pin_list>
<pin id="211" dir="0" index="0" bw="4" slack="0"/>
<pin id="212" dir="1" index="1" bw="4" slack="0"/>
</pin_list>
<bind>
<opcode="load(27) " fcode="load"/>
<opset="p_phi5_load/1 "/>
</bind>
</comp>

<comp id="214" class="1004" name="p_phi_load_load_fu_214">
<pin_list>
<pin id="215" dir="0" index="0" bw="4" slack="0"/>
<pin id="216" dir="1" index="1" bw="4" slack="0"/>
</pin_list>
<bind>
<opcode="load(27) " fcode="load"/>
<opset="p_phi_load/1 "/>
</bind>
</comp>

<comp id="218" class="1005" name="p_phi5_reg_218">
<pin_list>
<pin id="219" dir="0" index="0" bw="4" slack="0"/>
<pin id="220" dir="1" index="1" bw="4" slack="0"/>
</pin_list>
<bind>
<opset="p_phi5 "/>
</bind>
</comp>

<comp id="224" class="1005" name="p_phi_reg_224">
<pin_list>
<pin id="225" dir="0" index="0" bw="4" slack="0"/>
<pin id="226" dir="1" index="1" bw="4" slack="0"/>
</pin_list>
<bind>
<opset="p_phi "/>
</bind>
</comp>

<comp id="230" class="1005" name="j_reg_230">
<pin_list>
<pin id="231" dir="0" index="0" bw="11" slack="0"/>
<pin id="232" dir="1" index="1" bw="11" slack="0"/>
</pin_list>
<bind>
<opset="j "/>
</bind>
</comp>

<comp id="237" class="1005" name="j_1_reg_237">
<pin_list>
<pin id="238" dir="0" index="0" bw="11" slack="1"/>
<pin id="239" dir="1" index="1" bw="11" slack="1"/>
</pin_list>
<bind>
<opset="j_1 "/>
</bind>
</comp>

</comp_list>

<net_list>
<net id="71"><net_src comp="24" pin="0"/><net_sink comp="68" pin=0"/></net>

<net id="75"><net_src comp="24" pin="0"/><net_sink comp="72" pin=0"/></net>

<net id="79"><net_src comp="24" pin="0"/><net_sink comp="76" pin=0"/></net>

<net id="87"><net_src comp="62" pin="0"/><net_sink comp="80" pin=0"/></net>

<net id="88"><net_src comp="0" pin="0"/><net_sink comp="80" pin=1"/></net>

<net id="89"><net_src comp="2" pin="0"/><net_sink comp="80" pin=2"/></net>

<net id="90"><net_src comp="4" pin="0"/><net_sink comp="80" pin=3"/></net>

<net id="91"><net_src comp="6" pin="0"/><net_sink comp="80" pin=4"/></net>

<net id="99"><net_src comp="62" pin="0"/><net_sink comp="92" pin=0"/></net>

<net id="100"><net_src comp="8" pin="0"/><net_sink comp="92" pin=1"/></net>

<net id="101"><net_src comp="10" pin="0"/><net_sink comp="92" pin=2"/></net>

<net id="102"><net_src comp="12" pin="0"/><net_sink comp="92" pin=3"/></net>

<net id="103"><net_src comp="14" pin="0"/><net_sink comp="92" pin=4"/></net>

<net id="109"><net_src comp="66" pin="0"/><net_sink comp="104" pin=0"/></net>

<net id="110"><net_src comp="20" pin="0"/><net_sink comp="104" pin=1"/></net>

<net id="116"><net_src comp="66" pin="0"/><net_sink comp="111" pin=0"/></net>

<net id="117"><net_src comp="22" pin="0"/><net_sink comp="111" pin=1"/></net>

<net id="123"><net_src comp="16" pin="0"/><net_sink comp="118" pin=0"/></net>

<net id="124"><net_src comp="64" pin="0"/><net_sink comp="118" pin=1"/></net>

<net id="130"><net_src comp="118" pin="3"/><net_sink comp="125" pin=0"/></net>

<net id="136"><net_src comp="18" pin="0"/><net_sink comp="131" pin=0"/></net>

<net id="137"><net_src comp="64" pin="0"/><net_sink comp="131" pin=1"/></net>

<net id="143"><net_src comp="131" pin="3"/><net_sink comp="138" pin=0"/></net>

<net id="148"><net_src comp="46" pin="0"/><net_sink comp="144" pin=0"/></net>

<net id="156"><net_src comp="149" pin="1"/><net_sink comp="152" pin=0"/></net>

<net id="157"><net_src comp="48" pin="0"/><net_sink comp="152" pin=1"/></net>

<net id="162"><net_src comp="149" pin="1"/><net_sink comp="158" pin=0"/></net>

<net id="163"><net_src comp="50" pin="0"/><net_sink comp="158" pin=1"/></net>

<net id="168"><net_src comp="158" pin="2"/><net_sink comp="164" pin=0"/></net>

<net id="172"><net_src comp="169" pin="1"/><net_sink comp="118" pin=2"/></net>

<net id="173"><net_src comp="169" pin="1"/><net_sink comp="131" pin=2"/></net>

<net id="177"><net_src comp="80" pin="5"/><net_sink comp="174" pin=0"/></net>

<net id="181"><net_src comp="80" pin="5"/><net_sink comp="178" pin=0"/></net>

<net id="185"><net_src comp="174" pin="1"/><net_sink comp="182" pin=0"/></net>

<net id="186"><net_src comp="182" pin="1"/><net_sink comp="125" pin=1"/></net>

<net id="190"><net_src comp="92" pin="5"/><net_sink comp="187" pin=0"/></net>

<net id="194"><net_src comp="92" pin="5"/><net_sink comp="191" pin=0"/></net>

<net id="198"><net_src comp="187" pin="1"/><net_sink comp="195" pin=0"/></net>

<net id="199"><net_src comp="195" pin="1"/><net_sink comp="138" pin=1"/></net>

<net id="204"><net_src comp="178" pin="1"/><net_sink comp="200" pin=0"/></net>

<net id="209"><net_src comp="191" pin="1"/><net_sink comp="205" pin=0"/></net>

<net id="213"><net_src comp="210" pin="1"/><net_sink comp="111" pin=2"/></net>

<net id="217"><net_src comp="214" pin="1"/><net_sink comp="104" pin=2"/></net>

<net id="221"><net_src comp="68" pin="1"/><net_sink comp="218" pin=0"/></net>

<net id="222"><net_src comp="218" pin="1"/><net_sink comp="205" pin=1"/></net>

<net id="223"><net_src comp="218" pin="1"/><net_sink comp="210" pin=0"/></net>

<net id="227"><net_src comp="72" pin="1"/><net_sink comp="224" pin=0"/></net>

<net id="228"><net_src comp="224" pin="1"/><net_sink comp="200" pin=1"/></net>

<net id="229"><net_src comp="224" pin="1"/><net_sink comp="214" pin=0"/></net>

<net id="233"><net_src comp="76" pin="1"/><net_sink comp="230" pin=0"/></net>

<net id="234"><net_src comp="230" pin="1"/><net_sink comp="144" pin=1"/></net>

<net id="235"><net_src comp="230" pin="1"/><net_sink comp="149" pin=0"/></net>

<net id="236"><net_src comp="230" pin="1"/><net_sink comp="164" pin=1"/></net>

<net id="240"><net_src comp="149" pin="1"/><net_sink comp="237" pin=0"/></net>

<net id="241"><net_src comp="237" pin="1"/><net_sink comp="169" pin=0"/></net>

</net_list>

</model> 
---------------- Datapath Model END ------------------

* FSMD analyzer results:
  - Output states:
	Port: real_sample | {2 }
	Port: imag_sample | {2 }
	Port: p_phi_out | {1 }
	Port: p_phi5_out | {1 }
 - Input state : 
	Port: dft_Pipeline_VITIS_LOOP_27_1 : input_real_V_data_V | {2 }
	Port: dft_Pipeline_VITIS_LOOP_27_1 : input_real_V_keep_V | {2 }
	Port: dft_Pipeline_VITIS_LOOP_27_1 : input_real_V_strb_V | {2 }
	Port: dft_Pipeline_VITIS_LOOP_27_1 : input_real_V_last_V | {2 }
	Port: dft_Pipeline_VITIS_LOOP_27_1 : input_imag_V_data_V | {2 }
	Port: dft_Pipeline_VITIS_LOOP_27_1 : input_imag_V_keep_V | {2 }
	Port: dft_Pipeline_VITIS_LOOP_27_1 : input_imag_V_strb_V | {2 }
	Port: dft_Pipeline_VITIS_LOOP_27_1 : input_imag_V_last_V | {2 }
  - Chain level:
	State 1
		store_ln16 : 1
		j_1 : 1
		icmp_ln27 : 2
		add_ln27 : 2
		br_ln27 : 3
		store_ln16 : 3
		p_phi5_load : 1
		p_phi_load : 1
		write_ln0 : 2
		write_ln0 : 2
	State 2
		pkt_real_data : 1
		pkt_imag_data : 1
		real_sample_addr : 1
		store_ln30 : 2
		imag_sample_addr : 1
		store_ln31 : 2
		store_ln28 : 1
		store_ln29 : 1


============================================================
+ Verbose Summary: Datapath Resource usage 
============================================================

* Functional unit list:
|----------|------------------------|---------|---------|
| Operation|     Functional Unit    |    FF   |   LUT   |
|----------|------------------------|---------|---------|
|   icmp   |    icmp_ln27_fu_152    |    0    |    12   |
|----------|------------------------|---------|---------|
|    add   |     add_ln27_fu_158    |    0    |    12   |
|----------|------------------------|---------|---------|
|   read   |    empty_read_fu_80    |    0    |    0    |
|          |   empty_12_read_fu_92  |    0    |    0    |
|----------|------------------------|---------|---------|
|   write  | write_ln0_write_fu_104 |    0    |    0    |
|          | write_ln0_write_fu_111 |    0    |    0    |
|----------|------------------------|---------|---------|
|   zext   |    zext_ln27_fu_169    |    0    |    0    |
|----------|------------------------|---------|---------|
|          |       p_s_fu_174       |    0    |    0    |
|extractvalue|  pkt_real_strb_fu_178  |    0    |    0    |
|          |       p_2_fu_187       |    0    |    0    |
|          |  pkt_imag_strb_fu_191  |    0    |    0    |
|----------|------------------------|---------|---------|
|   Total  |                        |    0    |    24   |
|----------|------------------------|---------|---------|

Memories:
N/A

* Register list:
+--------------+--------+
|              |   FF   |
+--------------+--------+
|  j_1_reg_237 |   11   |
|   j_reg_230  |   11   |
|p_phi5_reg_218|    4   |
| p_phi_reg_224|    4   |
+--------------+--------+
|     Total    |   30   |
+--------------+--------+

* Multiplexer (MUX) list: 
|--------|------|------|------|--------|
|  Comp  |  Pin | Size |  BW  | S x BW |
|--------|------|------|------|--------|
|  Total |      |      |      |    0   |
|--------|------|------|------|--------|



* Summary:
+-----------+--------+--------+
|           |   FF   |   LUT  |
+-----------+--------+--------+
|  Function |    0   |   24   |
|   Memory  |    -   |    -   |
|Multiplexer|    -   |    -   |
|  Register |   30   |    -   |
+-----------+--------+--------+
|   Total   |   30   |   24   |
+-----------+--------+--------+
