

================================================================
== Vitis HLS Report for 'dft_Pipeline_READ_INPUT'
================================================================
* Date:           Thu Nov  6 17:33:10 2025

* Version:        2024.2 (Build 5238294 on Nov  8 2024)
* Project:        dft.comp
* Solution:       hls (Vivado IP Flow Target)
* Product family: zynq
* Target device:  xc7z020-clg400-1


================================================================
== Performance Estimates
================================================================
+ Timing: 
    * Summary: 
    +--------+----------+----------+------------+
    |  Clock |  Target  | Estimated| Uncertainty|
    +--------+----------+----------+------------+
    |ap_clk  |  10.00 ns|  6.731 ns|     2.70 ns|
    +--------+----------+----------+------------+

+ Latency: 
    * Summary: 
    +---------+---------+-----------+-----------+------+------+------------------------------------------------+
    |  Latency (cycles) |   Latency (absolute)  |   Interval  |                    Pipeline                    |
    |   min   |   max   |    min    |    max    |  min |  max |                      Type                      |
    +---------+---------+-----------+-----------+------+------+------------------------------------------------+
    |     1026|     1026|  10.260 us|  10.260 us|  1025|  1025|  loop auto-rewind stp (delay=0 clock cycles(s))|
    +---------+---------+-----------+-----------+------+------+------------------------------------------------+

    + Detail: 
        * Instance: 
        N/A

        * Loop: 
        +--------------+---------+---------+----------+-----------+-----------+------+----------+
        |              |  Latency (cycles) | Iteration|  Initiation Interval  | Trip |          |
        |   Loop Name  |   min   |   max   |  Latency |  achieved |   target  | Count| Pipelined|
        +--------------+---------+---------+----------+-----------+-----------+------+----------+
        |- READ_INPUT  |     1024|     1024|         2|          1|          1|  1024|       yes|
        +--------------+---------+---------+----------+-----------+-----------+------+----------+

============================================================
+ Verbose Summary: Synthesis Manager
============================================================
InlineROM: 1
ExposeGlobal: 0
============================================================
+ Verbose Summary: CDFG Model
============================================================
IsTopModel: 0
ResetActiveHigh: 1
IsCombinational: 0
IsDatapathOnly: 0
HasWiredReturn: 1
HasMFsm: 2
HasVarLatency: 1
IsPipeline: 0
IsRtlPipelined: 0
IsInstanceOverlapped: 0
IsDontTouch: 0
HasImplIP: 0
IsGatedGlobalClock: 0

+ Individual pipeline summary: 
  * Pipeline-0: initiation interval (II) = 1, depth = 2


============================================================
+ Verbose Summary: Schedule
============================================================
* Number of FSM states : 2
* Pipeline : 1
  Pipeline-0 : II = 1, D = 2, States = { 1 2 }
* Dataflow Pipeline: 0

* FSM state transitions: 
1 --> 2 
2 --> 

* FSM state operations: 

State 1 <SV = 0> <Delay = 4.81>
ST_1 : Operation 5 [1/1] (0.00ns)   --->   "%j = alloca i32 1" [dft.cpp:7]   --->   Operation 5 'alloca' 'j' <Predicate = true> <Delay = 0.00>
ST_1 : Operation 6 [1/1] (0.00ns)   --->   "%specinterface_ln0 = specinterface void @_ssdm_op_SpecInterface, i32 %input_imag, void @empty_0, i32 0, i32 0, void @empty, i32 0, i32 0, void @empty, void @empty, void @empty, i32 0, i32 0, i32 0, i32 0, void @empty, void @empty, i32 4294967295, i32 0, i32 0"   --->   Operation 6 'specinterface' 'specinterface_ln0' <Predicate = true> <Delay = 0.00>
ST_1 : Operation 7 [1/1] (0.00ns)   --->   "%specinterface_ln0 = specinterface void @_ssdm_op_SpecInterface, i32 %input_real, void @empty_0, i32 0, i32 0, void @empty, i32 0, i32 0, void @empty, void @empty, void @empty, i32 0, i32 0, i32 0, i32 0, void @empty, void @empty, i32 4294967295, i32 0, i32 0"   --->   Operation 7 'specinterface' 'specinterface_ln0' <Predicate = true> <Delay = 0.00>
ST_1 : Operation 8 [1/1] (1.58ns)   --->   "%store_ln7 = store i11 0, i11 %j" [dft.cpp:7]   --->   Operation 8 'store' 'store_ln7' <Predicate = true> <Delay = 1.58>
ST_1 : Operation 9 [1/1] (0.00ns)   --->   "%br_ln14 = br void %for.inc" [dft.cpp:14]   --->   Operation 9 'br' 'br_ln14' <Predicate = true> <Delay = 0.00>
ST_1 : Operation 10 [1/1] (0.00ns)   --->   "%j_1 = load i11 %j" [dft.cpp:14]   --->   Operation 10 'load' 'j_1' <Predicate = true> <Delay = 0.00>
ST_1 : Operation 11 [1/1] (1.63ns)   --->   "%icmp_ln14 = icmp_eq  i11 %j_1, i11 1024" [dft.cpp:14]   --->   Operation 11 'icmp' 'icmp_ln14' <Predicate = true> <Delay = 1.63> <CoreInst = "Cmp">   --->   Core 9 'Cmp' <Latency = 0> <II = 1> <Delay = 1.63> <FuncUnit> <Opcode : 'seteq' 'setne' 'setle' 'setge' 'setlt' 'setgt'> <InPorts = 2> <OutPorts = 1>
ST_1 : Operation 12 [1/1] (1.63ns)   --->   "%add_ln14 = add i11 %j_1, i11 1" [dft.cpp:14]   --->   Operation 12 'add' 'add_ln14' <Predicate = true> <Delay = 1.63> <CoreInst = "Adder">   --->   Core 1 'Adder' <Latency = 0> <II = 1> <Delay = 1.63> <FuncUnit> <Opcode : 'add' 'sub'> <InPorts = 2> <OutPorts = 1>
ST_1 : Operation 13 [1/1] (0.00ns)   --->   "%br_ln14 = br i1 %icmp_ln14, void %for.inc.split, void %for.inc28.preheader.exitStub" [dft.cpp:14]   --->   Operation 13 'br' 'br_ln14' <Predicate = true> <Delay = 0.00>
ST_1 : Operation 14 [1/1] (1.58ns)   --->   "%store_ln7 = store i11 %add_ln14, i11 %j" [dft.cpp:7]   --->   Operation 14 'store' 'store_ln7' <Predicate = (!icmp_ln14)> <Delay = 1.58>
ST_1 : Operation 28 [1/1] (1.58ns)   --->   "%ret_ln0 = ret"   --->   Operation 28 'ret' 'ret_ln0' <Predicate = (icmp_ln14)> <Delay = 1.58>

State 2 <SV = 1> <Delay = 6.73>
ST_2 : Operation 15 [1/1] (0.00ns)   --->   "%zext_ln14 = zext i11 %j_1" [dft.cpp:14]   --->   Operation 15 'zext' 'zext_ln14' <Predicate = true> <Delay = 0.00>
ST_2 : Operation 16 [1/1] (0.00ns)   --->   "%specpipeline_ln7 = specpipeline void @_ssdm_op_SpecPipeline, i32 4294967295, i32 0, i32 0, i32 0, void @empty" [dft.cpp:7]   --->   Operation 16 'specpipeline' 'specpipeline_ln7' <Predicate = true> <Delay = 0.00>
ST_2 : Operation 17 [1/1] (0.00ns)   --->   "%speclooptripcount_ln7 = speclooptripcount void @_ssdm_op_SpecLoopTripCount, i64 1024, i64 1024, i64 1024" [dft.cpp:7]   --->   Operation 17 'speclooptripcount' 'speclooptripcount_ln7' <Predicate = true> <Delay = 0.00>
ST_2 : Operation 18 [1/1] (0.00ns)   --->   "%specloopname_ln14 = specloopname void @_ssdm_op_SpecLoopName, void @empty_2" [dft.cpp:14]   --->   Operation 18 'specloopname' 'specloopname_ln14' <Predicate = true> <Delay = 0.00>
ST_2 : Operation 19 [1/1] ( I:3.47ns O:3.47ns )   --->   "%input_real_read = read i32 @_ssdm_op_Read.ap_fifo.volatile.i32P0A, i32 %input_real" [dft.cpp:15]   --->   Operation 19 'read' 'input_real_read' <Predicate = true> <Delay = 3.47> <CoreInst = "FIFO">   --->   Core 77 'FIFO' <Latency = 0> <II = 1> <Delay = 3.47> <Storage> <Opcode : 'read' 'write' 'nbread' 'nbwrite'> <Ports = 0> <Width = -1> <Depth = -1> <FIFO>
ST_2 : Operation 20 [1/1] (0.00ns)   --->   "%bitcast_ln15 = bitcast i32 %input_real_read" [dft.cpp:15]   --->   Operation 20 'bitcast' 'bitcast_ln15' <Predicate = true> <Delay = 0.00>
ST_2 : Operation 21 [1/1] (0.00ns)   --->   "%real_sample_addr = getelementptr i32 %real_sample, i64 0, i64 %zext_ln14" [dft.cpp:15]   --->   Operation 21 'getelementptr' 'real_sample_addr' <Predicate = true> <Delay = 0.00>
ST_2 : Operation 22 [1/1] ( I:3.25ns O:3.25ns )   --->   "%store_ln15 = store i32 %bitcast_ln15, i10 %real_sample_addr" [dft.cpp:15]   --->   Operation 22 'store' 'store_ln15' <Predicate = true> <Delay = 3.25> <CoreInst = "RAM">   --->   Core 81 'RAM' <Latency = 1> <II = 1> <Delay = 3.25> <Storage> <Opcode : 'load' 'store'> <Ports = 2> <Width = 32> <Depth = 1024> <RAM>
ST_2 : Operation 23 [1/1] ( I:3.47ns O:3.47ns )   --->   "%input_imag_read = read i32 @_ssdm_op_Read.ap_fifo.volatile.i32P0A, i32 %input_imag" [dft.cpp:16]   --->   Operation 23 'read' 'input_imag_read' <Predicate = true> <Delay = 3.47> <CoreInst = "FIFO">   --->   Core 77 'FIFO' <Latency = 0> <II = 1> <Delay = 3.47> <Storage> <Opcode : 'read' 'write' 'nbread' 'nbwrite'> <Ports = 0> <Width = -1> <Depth = -1> <FIFO>
ST_2 : Operation 24 [1/1] (0.00ns)   --->   "%bitcast_ln16 = bitcast i32 %input_imag_read" [dft.cpp:16]   --->   Operation 24 'bitcast' 'bitcast_ln16' <Predicate = true> <Delay = 0.00>
ST_2 : Operation 25 [1/1] (0.00ns)   --->   "%imag_sample_addr = getelementptr i32 %imag_sample, i64 0, i64 %zext_ln14" [dft.cpp:16]   --->   Operation 25 'getelementptr' 'imag_sample_addr' <Predicate = true> <Delay = 0.00>
ST_2 : Operation 26 [1/1] ( I:3.25ns O:3.25ns )   --->   "%store_ln16 = store i32 %bitcast_ln16, i10 %imag_sample_addr" [dft.cpp:16]   --->   Operation 26 'store' 'store_ln16' <Predicate = true> <Delay = 3.25> <CoreInst = "RAM">   --->   Core 81 'RAM' <Latency = 1> <II = 1> <Delay = 3.25> <Storage> <Opcode : 'load' 'store'> <Ports = 2> <Width = 32> <Depth = 1024> <RAM>
ST_2 : Operation 27 [1/1] (0.00ns)   --->   "%br_ln14 = br void %for.inc" [dft.cpp:14]   --->   Operation 27 'br' 'br_ln14' <Predicate = true> <Delay = 0.00>


============================================================
+ Verbose Summary: Timing violations
============================================================
Target clock period: 10.000ns, clock uncertainty: 2.700ns.

 <State 1>: 4.815ns
The critical path consists of the following:
	'store' operation 0 bit ('store_ln7', dft.cpp:7) of constant 0 on local variable 'j', dft.cpp:7 [8]  (1.588 ns)
	'load' operation 11 bit ('j', dft.cpp:14) on local variable 'j', dft.cpp:7 [11]  (0.000 ns)
	'add' operation 11 bit ('add_ln14', dft.cpp:14) [13]  (1.639 ns)
	'store' operation 0 bit ('store_ln7', dft.cpp:7) of variable 'add_ln14', dft.cpp:14 on local variable 'j', dft.cpp:7 [28]  (1.588 ns)

 <State 2>: 6.731ns
The critical path consists of the following:
	fifo read operation ('input_real_read', dft.cpp:15) on port 'input_real' (dft.cpp:15) [20]  (3.477 ns)
	'store' operation 0 bit ('store_ln15', dft.cpp:15) of variable 'bitcast_ln15', dft.cpp:15 on array 'real_sample' [23]  (3.254 ns)


============================================================
+ Verbose Summary: Binding
============================================================
N/A
* FSMD analyzer results:
  - Output states:
 - Input state : 
  - Chain level:
	State 1
	State 2


============================================================
+ Verbose Summary: Datapath Resource usage 
============================================================
N/A
