

================================================================
== Vitis HLS Report for 'sin_or_cos_double_Pipeline_4'
================================================================
* Date:           Tue Nov  4 15:33:45 2025

* Version:        2024.2 (Build 5238294 on Nov  8 2024)
* Project:        dft.comp
* Solution:       hls (Vivado IP Flow Target)
* Product family: zynq
* Target device:  xc7z020-clg400-1


================================================================
== Performance Estimates
================================================================
+ Timing: 
    * Summary: 
    +--------+----------+----------+------------+
    |  Clock |  Target  | Estimated| Uncertainty|
    +--------+----------+----------+------------+
    |ap_clk  |  10.00 ns|  6.708 ns|     2.70 ns|
    +--------+----------+----------+------------+

+ Latency: 
    * Summary: 
    +---------+---------+-----------+----------+-----+-----+------------------------------------------------+
    |  Latency (cycles) |  Latency (absolute)  |  Interval |                    Pipeline                    |
    |   min   |   max   |    min    |    max   | min | max |                      Type                      |
    +---------+---------+-----------+----------+-----+-----+------------------------------------------------+
    |        4|       10|  40.000 ns|  0.100 us|    2|    8|  loop auto-rewind stp (delay=0 clock cycles(s))|
    +---------+---------+-----------+----------+-----+-----+------------------------------------------------+

    + Detail: 
        * Instance: 
        N/A

        * Loop: 
        +----------+---------+---------+----------+-----------+-----------+-------+----------+
        |          |  Latency (cycles) | Iteration|  Initiation Interval  |  Trip |          |
        | Loop Name|   min   |   max   |  Latency |  achieved |   target  | Count | Pipelined|
        +----------+---------+---------+----------+-----------+-----------+-------+----------+
        |- Loop 1  |        2|        8|         3|          2|          1|  0 ~ 4|       yes|
        +----------+---------+---------+----------+-----------+-----------+-------+----------+



================================================================
== Utilization Estimates
================================================================
* Summary: 
+-----------------+---------+-----+--------+-------+-----+
|       Name      | BRAM_18K| DSP |   FF   |  LUT  | URAM|
+-----------------+---------+-----+--------+-------+-----+
|DSP              |        -|    -|       -|      -|    -|
|Expression       |        -|    -|       0|    585|    -|
|FIFO             |        -|    -|       -|      -|    -|
|Instance         |        -|    -|       0|     20|    -|
|Memory           |        -|    -|       -|      -|    -|
|Multiplexer      |        -|    -|       0|     86|    -|
|Register         |        -|    -|     328|      -|    -|
+-----------------+---------+-----+--------+-------+-----+
|Total            |        0|    0|     328|    691|    0|
+-----------------+---------+-----+--------+-------+-----+
|Available        |      280|  220|  106400|  53200|    0|
+-----------------+---------+-----+--------+-------+-----+
|Utilization (%)  |        0|    0|      ~0|      1|    0|
+-----------------+---------+-----+--------+-------+-----+

+ Detail: 
    * Instance: 
    +--------------------------+----------------------+---------+----+---+----+-----+
    |         Instance         |        Module        | BRAM_18K| DSP| FF| LUT| URAM|
    +--------------------------+----------------------+---------+----+---+----+-----+
    |sparsemux_9_2_32_1_1_U27  |sparsemux_9_2_32_1_1  |        0|   0|  0|  20|    0|
    +--------------------------+----------------------+---------+----+---+----+-----+
    |Total                     |                      |        0|   0|  0|  20|    0|
    +--------------------------+----------------------+---------+----+---+----+-----+

    * DSP: 
    N/A

    * Memory: 
    N/A

    * FIFO: 
    N/A

    * Expression: 
    +------------------------+----------+----+---+-----+------------+------------+
    |      Variable Name     | Operation| DSP| FF| LUT | Bitwidth P0| Bitwidth P1|
    +------------------------+----------+----+---+-----+------------+------------+
    |add_ln421_fu_227_p2     |         +|   0|  0|   11|           3|           1|
    |shift_3_fu_185_p2       |         +|   0|  0|   39|          32|          32|
    |sub_ln423_fu_170_p2     |         -|   0|  0|   39|           1|          32|
    |ashr_ln423_fu_199_p2    |      ashr|   0|  0|  179|          63|          63|
    |icmp_ln424_fu_222_p2    |      icmp|   0|  0|   39|          32|           5|
    |or_ln424_fu_245_p2      |        or|   0|  0|    2|           1|           1|
    |in_shift_fu_211_p3      |    select|   0|  0|   63|           1|          63|
    |select_ln423_fu_190_p3  |    select|   0|  0|   32|           1|          32|
    |shl_ln423_fu_205_p2     |       shl|   0|  0|  179|          63|          63|
    |ap_enable_pp0           |       xor|   0|  0|    2|           1|           2|
    +------------------------+----------+----+---+-----+------------+------------+
    |Total                   |          |   0|  0|  585|         198|         294|
    +------------------------+----------+----+---+-----+------------+------------+

    * Multiplexer: 
    +----------------------------------+----+-----------+-----+-----------+
    |               Name               | LUT| Input Size| Bits| Total Bits|
    +----------------------------------+----+-----------+-----+-----------+
    |ap_NS_fsm                         |  14|          3|    1|          3|
    |ap_done_int                       |   9|          2|    1|          2|
    |ap_enable_reg_pp0_iter0           |   9|          2|    1|          2|
    |ap_enable_reg_pp0_iter1           |   9|          2|    1|          2|
    |ap_loop_exit_ready_pp0_iter1_reg  |   9|          2|    1|          2|
    |ap_sig_allocacmp_i_1              |   9|          2|    2|          4|
    |i_fu_72                           |   9|          2|    2|          4|
    |in_shift_1_fu_64                  |   9|          2|   63|        126|
    |shift_fu_68                       |   9|          2|   32|         64|
    +----------------------------------+----+-----------+-----+-----------+
    |Total                             |  86|         19|  104|        209|
    +----------------------------------+----+-----------+-----+-----------+

    * Register: 
    +----------------------------------+----+----+-----+-----------+
    |               Name               | FF | LUT| Bits| Const Bits|
    +----------------------------------+----+----+-----+-----------+
    |ap_CS_fsm                         |   2|   0|    2|          0|
    |ap_done_reg                       |   1|   0|    1|          0|
    |ap_enable_reg_pp0_iter0_reg       |   1|   0|    1|          0|
    |ap_enable_reg_pp0_iter1           |   1|   0|    1|          0|
    |ap_loop_exit_ready_pp0_iter1_reg  |   1|   0|    1|          0|
    |i_1_reg_286                       |   2|   0|    2|          0|
    |i_fu_72                           |   2|   0|    2|          0|
    |in_shift_1_fu_64                  |  63|   0|   63|          0|
    |in_shift_reg_314                  |  63|   0|   63|          0|
    |or_ln424_reg_324                  |   1|   0|    1|          0|
    |shift_3_reg_309                   |  32|   0|   32|          0|
    |shift_fu_68                       |  32|   0|   32|          0|
    |sub_ln423_reg_304                 |  32|   0|   32|          0|
    |tmp_6_reg_291                     |  32|   0|   32|          0|
    |tmp_reg_298                       |   1|   0|    1|          0|
    |trunc_ln419_reg_319               |  62|   0|   62|          0|
    +----------------------------------+----+----+-----+-----------+
    |Total                             | 328|   0|  328|          0|
    +----------------------------------+----+----+-----+-----------+



================================================================
== Interface
================================================================
* Summary: 
+---------------------+-----+-----+------------+-------------------------------+--------------+
|      RTL Ports      | Dir | Bits|  Protocol  |         Source Object         |    C Type    |
+---------------------+-----+-----+------------+-------------------------------+--------------+
|ap_clk               |   in|    1|  ap_ctrl_hs|  sin_or_cos<double>_Pipeline_4|  return value|
|ap_rst               |   in|    1|  ap_ctrl_hs|  sin_or_cos<double>_Pipeline_4|  return value|
|ap_start             |   in|    1|  ap_ctrl_hs|  sin_or_cos<double>_Pipeline_4|  return value|
|ap_done              |  out|    1|  ap_ctrl_hs|  sin_or_cos<double>_Pipeline_4|  return value|
|ap_idle              |  out|    1|  ap_ctrl_hs|  sin_or_cos<double>_Pipeline_4|  return value|
|ap_ready             |  out|    1|  ap_ctrl_hs|  sin_or_cos<double>_Pipeline_4|  return value|
|result               |   in|   63|     ap_none|                         result|        scalar|
|c_reload             |   in|   32|     ap_none|                       c_reload|        scalar|
|c_1_reload           |   in|   32|     ap_none|                     c_1_reload|        scalar|
|c_2_reload           |   in|   32|     ap_none|                     c_2_reload|        scalar|
|c_3_reload           |   in|   32|     ap_none|                     c_3_reload|        scalar|
|shift_1_out          |  out|   32|      ap_vld|                    shift_1_out|       pointer|
|shift_1_out_ap_vld   |  out|    1|      ap_vld|                    shift_1_out|       pointer|
|in_shift_out         |  out|   62|      ap_vld|                   in_shift_out|       pointer|
|in_shift_out_ap_vld  |  out|    1|      ap_vld|                   in_shift_out|       pointer|
+---------------------+-----+-----+------------+-------------------------------+--------------+

============================================================
+ Verbose Summary: Synthesis Manager
============================================================
InlineROM: 1
ExposeGlobal: 0
============================================================
+ Verbose Summary: CDFG Model
============================================================
IsTopModel: 0
ResetActiveHigh: 1
IsCombinational: 2
IsDatapathOnly: 2
HasWiredReturn: 1
HasMFsm: 2
HasVarLatency: 1
IsPipeline: 0
IsRtlPipelined: 0
IsInstanceOverlapped: 0
IsDontTouch: 0
HasImplIP: 0
IsGatedGlobalClock: 0

+ Individual pipeline summary: 
  * Pipeline-0: initiation interval (II) = 2, depth = 3


============================================================
+ Verbose Summary: Schedule
============================================================
* Number of FSM states : 3
* Pipeline : 1
  Pipeline-0 : II = 2, D = 3, States = { 1 2 3 }
* Dataflow Pipeline: 0

* FSM state transitions: 
1 --> 2 
2 --> 3 
3 --> 

* FSM state operations: 

State 1 <SV = 0> <Delay = 5.96>
ST_1 : Operation 6 [1/1] (0.00ns)   --->   "%in_shift_1 = alloca i32 1" [/wrk/ci/prod/2024.2/hls_product/continuous/495/2024.2/src/shared/hls/clib/src/hls/utils/x_hls_float_utils.h:419->/wrk/ci/prod/2024.2/hls_product/continuous/495/2024.2/src/shared/hls/clib/hlsmath/include/FloatingPoint/hls_hotbm.h:252]   --->   Operation 6 'alloca' 'in_shift_1' <Predicate = true> <Delay = 0.00>
ST_1 : Operation 7 [1/1] (0.00ns)   --->   "%shift = alloca i32 1" [/wrk/ci/prod/2024.2/hls_product/continuous/495/2024.2/src/shared/hls/clib/src/hls/utils/x_hls_float_utils.h:418->/wrk/ci/prod/2024.2/hls_product/continuous/495/2024.2/src/shared/hls/clib/hlsmath/include/FloatingPoint/hls_hotbm.h:252]   --->   Operation 7 'alloca' 'shift' <Predicate = true> <Delay = 0.00>
ST_1 : Operation 8 [1/1] (0.00ns)   --->   "%i = alloca i32 1" [/wrk/ci/prod/2024.2/hls_product/continuous/495/2024.2/src/shared/hls/clib/src/hls/utils/x_hls_float_utils.h:421->/wrk/ci/prod/2024.2/hls_product/continuous/495/2024.2/src/shared/hls/clib/hlsmath/include/FloatingPoint/hls_hotbm.h:252]   --->   Operation 8 'alloca' 'i' <Predicate = true> <Delay = 0.00>
ST_1 : Operation 9 [1/1] (0.00ns)   --->   "%c_3_reload_read = read i32 @_ssdm_op_Read.ap_auto.i32, i32 %c_3_reload"   --->   Operation 9 'read' 'c_3_reload_read' <Predicate = true> <Delay = 0.00>
ST_1 : Operation 10 [1/1] (0.00ns)   --->   "%c_2_reload_read = read i32 @_ssdm_op_Read.ap_auto.i32, i32 %c_2_reload"   --->   Operation 10 'read' 'c_2_reload_read' <Predicate = true> <Delay = 0.00>
ST_1 : Operation 11 [1/1] (0.00ns)   --->   "%c_1_reload_read = read i32 @_ssdm_op_Read.ap_auto.i32, i32 %c_1_reload"   --->   Operation 11 'read' 'c_1_reload_read' <Predicate = true> <Delay = 0.00>
ST_1 : Operation 12 [1/1] (0.00ns)   --->   "%c_reload_read = read i32 @_ssdm_op_Read.ap_auto.i32, i32 %c_reload"   --->   Operation 12 'read' 'c_reload_read' <Predicate = true> <Delay = 0.00>
ST_1 : Operation 13 [1/1] (0.00ns)   --->   "%result_read = read i63 @_ssdm_op_Read.ap_auto.i63, i63 %result"   --->   Operation 13 'read' 'result_read' <Predicate = true> <Delay = 0.00>
ST_1 : Operation 14 [1/1] (1.58ns)   --->   "%store_ln421 = store i2 0, i2 %i" [/wrk/ci/prod/2024.2/hls_product/continuous/495/2024.2/src/shared/hls/clib/src/hls/utils/x_hls_float_utils.h:421->/wrk/ci/prod/2024.2/hls_product/continuous/495/2024.2/src/shared/hls/clib/hlsmath/include/FloatingPoint/hls_hotbm.h:252]   --->   Operation 14 'store' 'store_ln421' <Predicate = true> <Delay = 1.58>
ST_1 : Operation 15 [1/1] (1.58ns)   --->   "%store_ln418 = store i32 0, i32 %shift" [/wrk/ci/prod/2024.2/hls_product/continuous/495/2024.2/src/shared/hls/clib/src/hls/utils/x_hls_float_utils.h:418->/wrk/ci/prod/2024.2/hls_product/continuous/495/2024.2/src/shared/hls/clib/hlsmath/include/FloatingPoint/hls_hotbm.h:252]   --->   Operation 15 'store' 'store_ln418' <Predicate = true> <Delay = 1.58>
ST_1 : Operation 16 [1/1] (1.58ns)   --->   "%store_ln419 = store i63 %result_read, i63 %in_shift_1" [/wrk/ci/prod/2024.2/hls_product/continuous/495/2024.2/src/shared/hls/clib/src/hls/utils/x_hls_float_utils.h:419->/wrk/ci/prod/2024.2/hls_product/continuous/495/2024.2/src/shared/hls/clib/hlsmath/include/FloatingPoint/hls_hotbm.h:252]   --->   Operation 16 'store' 'store_ln419' <Predicate = true> <Delay = 1.58>
ST_1 : Operation 17 [1/1] (0.00ns)   --->   "%br_ln0 = br void %for.body50.i"   --->   Operation 17 'br' 'br_ln0' <Predicate = true> <Delay = 0.00>
ST_1 : Operation 18 [1/1] (0.00ns)   --->   "%i_1 = load i2 %i" [/wrk/ci/prod/2024.2/hls_product/continuous/495/2024.2/src/shared/hls/clib/src/hls/utils/x_hls_float_utils.h:419->/wrk/ci/prod/2024.2/hls_product/continuous/495/2024.2/src/shared/hls/clib/hlsmath/include/FloatingPoint/hls_hotbm.h:252]   --->   Operation 18 'load' 'i_1' <Predicate = true> <Delay = 0.00>
ST_1 : Operation 19 [1/1] (1.82ns)   --->   "%tmp_6 = sparsemux i32 @_ssdm_op_SparseMux.ap_auto.4i32.i32.i2, i2 0, i32 %c_reload_read, i2 1, i32 %c_1_reload_read, i2 2, i32 %c_2_reload_read, i2 3, i32 %c_3_reload_read, i32 0, i2 %i_1" [/wrk/ci/prod/2024.2/hls_product/continuous/495/2024.2/src/shared/hls/clib/src/hls/utils/x_hls_float_utils.h:422->/wrk/ci/prod/2024.2/hls_product/continuous/495/2024.2/src/shared/hls/clib/hlsmath/include/FloatingPoint/hls_hotbm.h:252]   --->   Operation 19 'sparsemux' 'tmp_6' <Predicate = true> <Delay = 1.82> <CoreInst = "BinarySparseMux_DontCare">   --->   Core 137 'BinarySparseMux_DontCare' <Latency = 0> <II = 1> <Delay = 1.82> <FuncUnit> <Opcode : 'sparsemux'> <InPorts = 2> <OutPorts = 1>
ST_1 : Operation 20 [1/1] (0.00ns)   --->   "%tmp = bitselect i1 @_ssdm_op_BitSelect.i1.i32.i32, i32 %tmp_6, i32 31" [/wrk/ci/prod/2024.2/hls_product/continuous/495/2024.2/src/shared/hls/clib/src/hls/utils/x_hls_float_utils.h:423->/wrk/ci/prod/2024.2/hls_product/continuous/495/2024.2/src/shared/hls/clib/hlsmath/include/FloatingPoint/hls_hotbm.h:252]   --->   Operation 20 'bitselect' 'tmp' <Predicate = true> <Delay = 0.00>
ST_1 : Operation 21 [1/1] (2.55ns)   --->   "%sub_ln423 = sub i32 0, i32 %tmp_6" [/wrk/ci/prod/2024.2/hls_product/continuous/495/2024.2/src/shared/hls/clib/src/hls/utils/x_hls_float_utils.h:423->/wrk/ci/prod/2024.2/hls_product/continuous/495/2024.2/src/shared/hls/clib/hlsmath/include/FloatingPoint/hls_hotbm.h:252]   --->   Operation 21 'sub' 'sub_ln423' <Predicate = true> <Delay = 2.55> <CoreInst = "Adder">   --->   Core 1 'Adder' <Latency = 0> <II = 1> <Delay = 2.55> <FuncUnit> <Opcode : 'add' 'sub'> <InPorts = 2> <OutPorts = 1>

State 2 <SV = 1> <Delay = 6.70>
ST_2 : Operation 22 [1/1] (0.00ns)   --->   "%in_shift_2 = load i63 %in_shift_1" [/wrk/ci/prod/2024.2/hls_product/continuous/495/2024.2/src/shared/hls/clib/src/hls/utils/x_hls_float_utils.h:423->/wrk/ci/prod/2024.2/hls_product/continuous/495/2024.2/src/shared/hls/clib/hlsmath/include/FloatingPoint/hls_hotbm.h:252]   --->   Operation 22 'load' 'in_shift_2' <Predicate = true> <Delay = 0.00>
ST_2 : Operation 23 [1/1] (0.00ns)   --->   "%shift_2 = load i32 %shift" [/wrk/ci/prod/2024.2/hls_product/continuous/495/2024.2/src/shared/hls/clib/src/hls/utils/x_hls_float_utils.h:422->/wrk/ci/prod/2024.2/hls_product/continuous/495/2024.2/src/shared/hls/clib/hlsmath/include/FloatingPoint/hls_hotbm.h:252]   --->   Operation 23 'load' 'shift_2' <Predicate = true> <Delay = 0.00>
ST_2 : Operation 24 [1/1] (0.00ns)   --->   "%zext_ln419 = zext i2 %i_1" [/wrk/ci/prod/2024.2/hls_product/continuous/495/2024.2/src/shared/hls/clib/src/hls/utils/x_hls_float_utils.h:419->/wrk/ci/prod/2024.2/hls_product/continuous/495/2024.2/src/shared/hls/clib/hlsmath/include/FloatingPoint/hls_hotbm.h:252]   --->   Operation 24 'zext' 'zext_ln419' <Predicate = true> <Delay = 0.00>
ST_2 : Operation 25 [1/1] (2.55ns)   --->   "%shift_3 = add i32 %tmp_6, i32 %shift_2" [/wrk/ci/prod/2024.2/hls_product/continuous/495/2024.2/src/shared/hls/clib/src/hls/utils/x_hls_float_utils.h:422->/wrk/ci/prod/2024.2/hls_product/continuous/495/2024.2/src/shared/hls/clib/hlsmath/include/FloatingPoint/hls_hotbm.h:252]   --->   Operation 25 'add' 'shift_3' <Predicate = true> <Delay = 2.55> <CoreInst = "Adder">   --->   Core 1 'Adder' <Latency = 0> <II = 1> <Delay = 2.55> <FuncUnit> <Opcode : 'add' 'sub'> <InPorts = 2> <OutPorts = 1>
ST_2 : Operation 26 [1/1] (0.69ns)   --->   "%select_ln423 = select i1 %tmp, i32 %sub_ln423, i32 %tmp_6" [/wrk/ci/prod/2024.2/hls_product/continuous/495/2024.2/src/shared/hls/clib/src/hls/utils/x_hls_float_utils.h:423->/wrk/ci/prod/2024.2/hls_product/continuous/495/2024.2/src/shared/hls/clib/hlsmath/include/FloatingPoint/hls_hotbm.h:252]   --->   Operation 26 'select' 'select_ln423' <Predicate = true> <Delay = 0.69> <CoreInst = "Sel">   --->   Core 73 'Sel' <Latency = 0> <II = 1> <Delay = 0.69> <FuncUnit> <Opcode : 'select'> <InPorts = 3> <OutPorts = 1>
ST_2 : Operation 27 [1/1] (0.00ns)   --->   "%zext_ln423 = zext i32 %select_ln423" [/wrk/ci/prod/2024.2/hls_product/continuous/495/2024.2/src/shared/hls/clib/src/hls/utils/x_hls_float_utils.h:423->/wrk/ci/prod/2024.2/hls_product/continuous/495/2024.2/src/shared/hls/clib/hlsmath/include/FloatingPoint/hls_hotbm.h:252]   --->   Operation 27 'zext' 'zext_ln423' <Predicate = true> <Delay = 0.00>
ST_2 : Operation 28 [1/1] (4.59ns)   --->   "%ashr_ln423 = ashr i63 %in_shift_2, i63 %zext_ln423" [/wrk/ci/prod/2024.2/hls_product/continuous/495/2024.2/src/shared/hls/clib/src/hls/utils/x_hls_float_utils.h:423->/wrk/ci/prod/2024.2/hls_product/continuous/495/2024.2/src/shared/hls/clib/hlsmath/include/FloatingPoint/hls_hotbm.h:252]   --->   Operation 28 'ashr' 'ashr_ln423' <Predicate = (tmp)> <Delay = 4.59> <CoreInst = "Shifter">   --->   Core 75 'Shifter' <Latency = 0> <II = 1> <Delay = 4.59> <FuncUnit> <Opcode : 'shl' 'lshr' 'ashr'> <InPorts = 2> <OutPorts = 1>
ST_2 : Operation 29 [1/1] (4.59ns)   --->   "%shl_ln423 = shl i63 %in_shift_2, i63 %zext_ln423" [/wrk/ci/prod/2024.2/hls_product/continuous/495/2024.2/src/shared/hls/clib/src/hls/utils/x_hls_float_utils.h:423->/wrk/ci/prod/2024.2/hls_product/continuous/495/2024.2/src/shared/hls/clib/hlsmath/include/FloatingPoint/hls_hotbm.h:252]   --->   Operation 29 'shl' 'shl_ln423' <Predicate = (!tmp)> <Delay = 4.59> <CoreInst = "Shifter">   --->   Core 75 'Shifter' <Latency = 0> <II = 1> <Delay = 4.59> <FuncUnit> <Opcode : 'shl' 'lshr' 'ashr'> <InPorts = 2> <OutPorts = 1>
ST_2 : Operation 30 [1/1] (1.41ns)   --->   "%in_shift = select i1 %tmp, i63 %ashr_ln423, i63 %shl_ln423" [/wrk/ci/prod/2024.2/hls_product/continuous/495/2024.2/src/shared/hls/clib/src/hls/utils/x_hls_float_utils.h:423->/wrk/ci/prod/2024.2/hls_product/continuous/495/2024.2/src/shared/hls/clib/hlsmath/include/FloatingPoint/hls_hotbm.h:252]   --->   Operation 30 'select' 'in_shift' <Predicate = true> <Delay = 1.41> <CoreInst = "Sel">   --->   Core 73 'Sel' <Latency = 0> <II = 1> <Delay = 1.41> <FuncUnit> <Opcode : 'select'> <InPorts = 3> <OutPorts = 1>
ST_2 : Operation 31 [1/1] (0.00ns)   --->   "%trunc_ln419 = trunc i63 %in_shift" [/wrk/ci/prod/2024.2/hls_product/continuous/495/2024.2/src/shared/hls/clib/src/hls/utils/x_hls_float_utils.h:419->/wrk/ci/prod/2024.2/hls_product/continuous/495/2024.2/src/shared/hls/clib/hlsmath/include/FloatingPoint/hls_hotbm.h:252]   --->   Operation 31 'trunc' 'trunc_ln419' <Predicate = true> <Delay = 0.00>
ST_2 : Operation 32 [1/1] (2.55ns)   --->   "%icmp_ln424 = icmp_ne  i32 %tmp_6, i32 16" [/wrk/ci/prod/2024.2/hls_product/continuous/495/2024.2/src/shared/hls/clib/src/hls/utils/x_hls_float_utils.h:424->/wrk/ci/prod/2024.2/hls_product/continuous/495/2024.2/src/shared/hls/clib/hlsmath/include/FloatingPoint/hls_hotbm.h:252]   --->   Operation 32 'icmp' 'icmp_ln424' <Predicate = true> <Delay = 2.55> <CoreInst = "Cmp">   --->   Core 9 'Cmp' <Latency = 0> <II = 1> <Delay = 2.55> <FuncUnit> <Opcode : 'seteq' 'setne' 'setle' 'setge' 'setlt' 'setgt'> <InPorts = 2> <OutPorts = 1>
ST_2 : Operation 33 [1/1] (1.56ns)   --->   "%add_ln421 = add i3 %zext_ln419, i3 1" [/wrk/ci/prod/2024.2/hls_product/continuous/495/2024.2/src/shared/hls/clib/src/hls/utils/x_hls_float_utils.h:421->/wrk/ci/prod/2024.2/hls_product/continuous/495/2024.2/src/shared/hls/clib/hlsmath/include/FloatingPoint/hls_hotbm.h:252]   --->   Operation 33 'add' 'add_ln421' <Predicate = true> <Delay = 1.56> <CoreInst = "Adder">   --->   Core 1 'Adder' <Latency = 0> <II = 1> <Delay = 1.65> <FuncUnit> <Opcode : 'add' 'sub'> <InPorts = 2> <OutPorts = 1>
ST_2 : Operation 34 [1/1] (0.00ns)   --->   "%trunc_ln421 = trunc i3 %add_ln421" [/wrk/ci/prod/2024.2/hls_product/continuous/495/2024.2/src/shared/hls/clib/src/hls/utils/x_hls_float_utils.h:421->/wrk/ci/prod/2024.2/hls_product/continuous/495/2024.2/src/shared/hls/clib/hlsmath/include/FloatingPoint/hls_hotbm.h:252]   --->   Operation 34 'trunc' 'trunc_ln421' <Predicate = true> <Delay = 0.00>
ST_2 : Operation 35 [1/1] (0.00ns)   --->   "%tmp_1 = bitselect i1 @_ssdm_op_BitSelect.i1.i3.i32, i3 %add_ln421, i32 2" [/wrk/ci/prod/2024.2/hls_product/continuous/495/2024.2/src/shared/hls/clib/src/hls/utils/x_hls_float_utils.h:421->/wrk/ci/prod/2024.2/hls_product/continuous/495/2024.2/src/shared/hls/clib/hlsmath/include/FloatingPoint/hls_hotbm.h:252]   --->   Operation 35 'bitselect' 'tmp_1' <Predicate = true> <Delay = 0.00>
ST_2 : Operation 36 [1/1] (0.97ns)   --->   "%or_ln424 = or i1 %tmp_1, i1 %icmp_ln424" [/wrk/ci/prod/2024.2/hls_product/continuous/495/2024.2/src/shared/hls/clib/src/hls/utils/x_hls_float_utils.h:424->/wrk/ci/prod/2024.2/hls_product/continuous/495/2024.2/src/shared/hls/clib/hlsmath/include/FloatingPoint/hls_hotbm.h:252]   --->   Operation 36 'or' 'or_ln424' <Predicate = true> <Delay = 0.97> <CoreInst = "LogicGate">   --->   Core 74 'LogicGate' <Latency = 0> <II = 1> <Delay = 0.97> <FuncUnit> <Opcode : 'and' 'or' 'xor'> <InPorts = 2> <OutPorts = 1>
ST_2 : Operation 37 [1/1] (1.58ns)   --->   "%store_ln421 = store i2 %trunc_ln421, i2 %i" [/wrk/ci/prod/2024.2/hls_product/continuous/495/2024.2/src/shared/hls/clib/src/hls/utils/x_hls_float_utils.h:421->/wrk/ci/prod/2024.2/hls_product/continuous/495/2024.2/src/shared/hls/clib/hlsmath/include/FloatingPoint/hls_hotbm.h:252]   --->   Operation 37 'store' 'store_ln421' <Predicate = true> <Delay = 1.58>
ST_2 : Operation 38 [1/1] (1.58ns)   --->   "%store_ln418 = store i32 %shift_3, i32 %shift" [/wrk/ci/prod/2024.2/hls_product/continuous/495/2024.2/src/shared/hls/clib/src/hls/utils/x_hls_float_utils.h:418->/wrk/ci/prod/2024.2/hls_product/continuous/495/2024.2/src/shared/hls/clib/hlsmath/include/FloatingPoint/hls_hotbm.h:252]   --->   Operation 38 'store' 'store_ln418' <Predicate = true> <Delay = 1.58>
ST_2 : Operation 39 [1/1] (0.00ns)   --->   "%br_ln424 = br i1 %or_ln424, void %for.body50.i, void %for.end62.i_ifconv.exitStub" [/wrk/ci/prod/2024.2/hls_product/continuous/495/2024.2/src/shared/hls/clib/src/hls/utils/x_hls_float_utils.h:424->/wrk/ci/prod/2024.2/hls_product/continuous/495/2024.2/src/shared/hls/clib/hlsmath/include/FloatingPoint/hls_hotbm.h:252]   --->   Operation 39 'br' 'br_ln424' <Predicate = true> <Delay = 0.00>

State 3 <SV = 2> <Delay = 1.58>
ST_3 : Operation 40 [1/1] (0.00ns)   --->   "%specpipeline_ln419 = specpipeline void @_ssdm_op_SpecPipeline, i32 4294967295, i32 0, i32 0, i32 0, void @empty_0" [/wrk/ci/prod/2024.2/hls_product/continuous/495/2024.2/src/shared/hls/clib/src/hls/utils/x_hls_float_utils.h:419->/wrk/ci/prod/2024.2/hls_product/continuous/495/2024.2/src/shared/hls/clib/hlsmath/include/FloatingPoint/hls_hotbm.h:252]   --->   Operation 40 'specpipeline' 'specpipeline_ln419' <Predicate = true> <Delay = 0.00>
ST_3 : Operation 41 [1/1] (0.00ns)   --->   "%speclooptripcount_ln419 = speclooptripcount void @_ssdm_op_SpecLoopTripCount, i64 0, i64 4, i64 2" [/wrk/ci/prod/2024.2/hls_product/continuous/495/2024.2/src/shared/hls/clib/src/hls/utils/x_hls_float_utils.h:419->/wrk/ci/prod/2024.2/hls_product/continuous/495/2024.2/src/shared/hls/clib/hlsmath/include/FloatingPoint/hls_hotbm.h:252]   --->   Operation 41 'speclooptripcount' 'speclooptripcount_ln419' <Predicate = true> <Delay = 0.00>
ST_3 : Operation 42 [1/1] (1.58ns)   --->   "%store_ln419 = store i63 %in_shift, i63 %in_shift_1" [/wrk/ci/prod/2024.2/hls_product/continuous/495/2024.2/src/shared/hls/clib/src/hls/utils/x_hls_float_utils.h:419->/wrk/ci/prod/2024.2/hls_product/continuous/495/2024.2/src/shared/hls/clib/hlsmath/include/FloatingPoint/hls_hotbm.h:252]   --->   Operation 42 'store' 'store_ln419' <Predicate = true> <Delay = 1.58>
ST_3 : Operation 43 [1/1] (0.00ns)   --->   "%write_ln422 = write void @_ssdm_op_Write.ap_auto.i32P0A, i32 %shift_1_out, i32 %shift_3" [/wrk/ci/prod/2024.2/hls_product/continuous/495/2024.2/src/shared/hls/clib/src/hls/utils/x_hls_float_utils.h:422->/wrk/ci/prod/2024.2/hls_product/continuous/495/2024.2/src/shared/hls/clib/hlsmath/include/FloatingPoint/hls_hotbm.h:252]   --->   Operation 43 'write' 'write_ln422' <Predicate = (or_ln424)> <Delay = 0.00>
ST_3 : Operation 44 [1/1] (0.00ns)   --->   "%write_ln419 = write void @_ssdm_op_Write.ap_auto.i62P0A, i62 %in_shift_out, i62 %trunc_ln419" [/wrk/ci/prod/2024.2/hls_product/continuous/495/2024.2/src/shared/hls/clib/src/hls/utils/x_hls_float_utils.h:419->/wrk/ci/prod/2024.2/hls_product/continuous/495/2024.2/src/shared/hls/clib/hlsmath/include/FloatingPoint/hls_hotbm.h:252]   --->   Operation 44 'write' 'write_ln419' <Predicate = (or_ln424)> <Delay = 0.00>
ST_3 : Operation 45 [1/1] (1.58ns)   --->   "%ret_ln0 = ret"   --->   Operation 45 'ret' 'ret_ln0' <Predicate = (or_ln424)> <Delay = 1.58>


============================================================
+ Verbose Summary: Binding
============================================================
STG Binding: 
---------------- STG Properties BEGIN ----------------
- Is combinational: 0
- Is one-state seq: 0
- Is datapath-only: 0
- Is pipelined: 0
- Is top level: 0
Port [ Return ] is wired: 1; IO mode=ap_ctrl_hs:ce=0
Port [ result]:  wired=1; compound=0; hidden=0; nouse=0; global=0; static=0; extern=0; dir=0; type=0; pingpong=0; private_global=0; IO mode=ap_none:ce=0
Port [ c_reload]:  wired=1; compound=0; hidden=0; nouse=0; global=0; static=0; extern=0; dir=0; type=0; pingpong=0; private_global=0; IO mode=ap_none:ce=0
Port [ c_1_reload]:  wired=1; compound=0; hidden=0; nouse=0; global=0; static=0; extern=0; dir=0; type=0; pingpong=0; private_global=0; IO mode=ap_none:ce=0
Port [ c_2_reload]:  wired=1; compound=0; hidden=0; nouse=0; global=0; static=0; extern=0; dir=0; type=0; pingpong=0; private_global=0; IO mode=ap_none:ce=0
Port [ c_3_reload]:  wired=1; compound=0; hidden=0; nouse=0; global=0; static=0; extern=0; dir=0; type=0; pingpong=0; private_global=0; IO mode=ap_none:ce=0
Port [ shift_1_out]:  wired=1; compound=0; hidden=0; nouse=0; global=0; static=0; extern=0; dir=1; type=0; pingpong=0; private_global=0; IO mode=ap_vld:ce=0
Port [ in_shift_out]:  wired=1; compound=0; hidden=0; nouse=0; global=0; static=0; extern=0; dir=1; type=0; pingpong=0; private_global=0; IO mode=ap_vld:ce=0
---------------- STG Properties END ------------------

---------------- Datapath Model BEGIN ----------------

<LifeTime>
<method=bitvector/>
in_shift_1              (alloca           ) [ 0111]
shift                   (alloca           ) [ 0110]
i                       (alloca           ) [ 0110]
c_3_reload_read         (read             ) [ 0000]
c_2_reload_read         (read             ) [ 0000]
c_1_reload_read         (read             ) [ 0000]
c_reload_read           (read             ) [ 0000]
result_read             (read             ) [ 0000]
store_ln421             (store            ) [ 0000]
store_ln418             (store            ) [ 0000]
store_ln419             (store            ) [ 0000]
br_ln0                  (br               ) [ 0000]
i_1                     (load             ) [ 0010]
tmp_6                   (sparsemux        ) [ 0010]
tmp                     (bitselect        ) [ 0010]
sub_ln423               (sub              ) [ 0010]
in_shift_2              (load             ) [ 0000]
shift_2                 (load             ) [ 0000]
zext_ln419              (zext             ) [ 0000]
shift_3                 (add              ) [ 0101]
select_ln423            (select           ) [ 0000]
zext_ln423              (zext             ) [ 0000]
ashr_ln423              (ashr             ) [ 0000]
shl_ln423               (shl              ) [ 0000]
in_shift                (select           ) [ 0101]
trunc_ln419             (trunc            ) [ 0101]
icmp_ln424              (icmp             ) [ 0000]
add_ln421               (add              ) [ 0000]
trunc_ln421             (trunc            ) [ 0000]
tmp_1                   (bitselect        ) [ 0000]
or_ln424                (or               ) [ 0101]
store_ln421             (store            ) [ 0000]
store_ln418             (store            ) [ 0000]
br_ln424                (br               ) [ 0000]
specpipeline_ln419      (specpipeline     ) [ 0000]
speclooptripcount_ln419 (speclooptripcount) [ 0000]
store_ln419             (store            ) [ 0000]
write_ln422             (write            ) [ 0000]
write_ln419             (write            ) [ 0000]
ret_ln0                 (ret              ) [ 0000]
</LifeTime>

<model>

<comp_list>
<comp id="0" class="1000" name="result">
<pin_list>
<pin id="1" dir="1" index="0" bw="1" slack="0"/>
</pin_list>
<bind>
<StgValue><ssdm name="result"/></StgValue>
</bind>
</comp>

<comp id="2" class="1000" name="c_reload">
<pin_list>
<pin id="3" dir="1" index="0" bw="1" slack="0"/>
</pin_list>
<bind>
<StgValue><ssdm name="c_reload"/></StgValue>
</bind>
</comp>

<comp id="4" class="1000" name="c_1_reload">
<pin_list>
<pin id="5" dir="1" index="0" bw="1" slack="0"/>
</pin_list>
<bind>
<StgValue><ssdm name="c_1_reload"/></StgValue>
</bind>
</comp>

<comp id="6" class="1000" name="c_2_reload">
<pin_list>
<pin id="7" dir="1" index="0" bw="1" slack="0"/>
</pin_list>
<bind>
<StgValue><ssdm name="c_2_reload"/></StgValue>
</bind>
</comp>

<comp id="8" class="1000" name="c_3_reload">
<pin_list>
<pin id="9" dir="1" index="0" bw="1" slack="0"/>
</pin_list>
<bind>
<StgValue><ssdm name="c_3_reload"/></StgValue>
</bind>
</comp>

<comp id="10" class="1000" name="shift_1_out">
<pin_list>
<pin id="11" dir="1" index="0" bw="1" slack="0"/>
</pin_list>
<bind>
<StgValue><ssdm name="shift_1_out"/></StgValue>
</bind>
</comp>

<comp id="12" class="1000" name="in_shift_out">
<pin_list>
<pin id="13" dir="1" index="0" bw="1" slack="0"/>
</pin_list>
<bind>
<StgValue><ssdm name="in_shift_out"/></StgValue>
</bind>
</comp>

<comp id="14" class="1001" name="const_14">
<pin_list>
<pin id="15" dir="1" index="0" bw="1" slack="0"/>
</pin_list>
<bind>
<StgValue><ssdm name=""/></StgValue>
</bind>
</comp>

<comp id="16" class="1001" name="const_16">
<pin_list>
<pin id="17" dir="1" index="0" bw="1" slack="0"/>
</pin_list>
<bind>
<StgValue><ssdm name="_ssdm_op_Read.ap_auto.i32"/></StgValue>
</bind>
</comp>

<comp id="18" class="1001" name="const_18">
<pin_list>
<pin id="19" dir="1" index="0" bw="1" slack="0"/>
</pin_list>
<bind>
<StgValue><ssdm name="_ssdm_op_Read.ap_auto.i63"/></StgValue>
</bind>
</comp>

<comp id="20" class="1001" name="const_20">
<pin_list>
<pin id="21" dir="1" index="0" bw="1" slack="0"/>
</pin_list>
<bind>
<StgValue><ssdm name=""/></StgValue>
</bind>
</comp>

<comp id="22" class="1001" name="const_22">
<pin_list>
<pin id="23" dir="1" index="0" bw="1" slack="0"/>
</pin_list>
<bind>
<StgValue><ssdm name=""/></StgValue>
</bind>
</comp>

<comp id="24" class="1001" name="const_24">
<pin_list>
<pin id="25" dir="1" index="0" bw="1" slack="0"/>
</pin_list>
<bind>
<StgValue><ssdm name="_ssdm_op_SparseMux.ap_auto.4i32.i32.i2"/></StgValue>
</bind>
</comp>

<comp id="26" class="1001" name="const_26">
<pin_list>
<pin id="27" dir="1" index="0" bw="1" slack="0"/>
</pin_list>
<bind>
<StgValue><ssdm name=""/></StgValue>
</bind>
</comp>

<comp id="28" class="1001" name="const_28">
<pin_list>
<pin id="29" dir="1" index="0" bw="1" slack="0"/>
</pin_list>
<bind>
<StgValue><ssdm name=""/></StgValue>
</bind>
</comp>

<comp id="30" class="1001" name="const_30">
<pin_list>
<pin id="31" dir="1" index="0" bw="1" slack="0"/>
</pin_list>
<bind>
<StgValue><ssdm name=""/></StgValue>
</bind>
</comp>

<comp id="32" class="1001" name="const_32">
<pin_list>
<pin id="33" dir="1" index="0" bw="1" slack="0"/>
</pin_list>
<bind>
<StgValue><ssdm name=""/></StgValue>
</bind>
</comp>

<comp id="34" class="1001" name="const_34">
<pin_list>
<pin id="35" dir="1" index="0" bw="1" slack="0"/>
</pin_list>
<bind>
<StgValue><ssdm name="_ssdm_op_BitSelect.i1.i32.i32"/></StgValue>
</bind>
</comp>

<comp id="36" class="1001" name="const_36">
<pin_list>
<pin id="37" dir="1" index="0" bw="1" slack="0"/>
</pin_list>
<bind>
<StgValue><ssdm name=""/></StgValue>
</bind>
</comp>

<comp id="38" class="1001" name="const_38">
<pin_list>
<pin id="39" dir="1" index="0" bw="1" slack="0"/>
</pin_list>
<bind>
<StgValue><ssdm name=""/></StgValue>
</bind>
</comp>

<comp id="40" class="1001" name="const_40">
<pin_list>
<pin id="41" dir="1" index="0" bw="1" slack="0"/>
</pin_list>
<bind>
<StgValue><ssdm name=""/></StgValue>
</bind>
</comp>

<comp id="42" class="1001" name="const_42">
<pin_list>
<pin id="43" dir="1" index="0" bw="1" slack="0"/>
</pin_list>
<bind>
<StgValue><ssdm name="_ssdm_op_BitSelect.i1.i3.i32"/></StgValue>
</bind>
</comp>

<comp id="44" class="1001" name="const_44">
<pin_list>
<pin id="45" dir="1" index="0" bw="1" slack="0"/>
</pin_list>
<bind>
<StgValue><ssdm name=""/></StgValue>
</bind>
</comp>

<comp id="46" class="1001" name="const_46">
<pin_list>
<pin id="47" dir="1" index="0" bw="1" slack="2147483647"/>
</pin_list>
<bind>
<StgValue><ssdm name="_ssdm_op_SpecPipeline"/></StgValue>
</bind>
</comp>

<comp id="48" class="1001" name="const_48">
<pin_list>
<pin id="49" dir="1" index="0" bw="1" slack="2147483647"/>
</pin_list>
<bind>
<StgValue><ssdm name=""/></StgValue>
</bind>
</comp>

<comp id="50" class="1001" name="const_50">
<pin_list>
<pin id="51" dir="1" index="0" bw="1" slack="2147483647"/>
</pin_list>
<bind>
<StgValue><ssdm name="empty_0"/></StgValue>
</bind>
</comp>

<comp id="52" class="1001" name="const_52">
<pin_list>
<pin id="53" dir="1" index="0" bw="1" slack="2147483647"/>
</pin_list>
<bind>
<StgValue><ssdm name="_ssdm_op_SpecLoopTripCount"/></StgValue>
</bind>
</comp>

<comp id="54" class="1001" name="const_54">
<pin_list>
<pin id="55" dir="1" index="0" bw="1" slack="2147483647"/>
</pin_list>
<bind>
<StgValue><ssdm name=""/></StgValue>
</bind>
</comp>

<comp id="56" class="1001" name="const_56">
<pin_list>
<pin id="57" dir="1" index="0" bw="1" slack="2147483647"/>
</pin_list>
<bind>
<StgValue><ssdm name=""/></StgValue>
</bind>
</comp>

<comp id="58" class="1001" name="const_58">
<pin_list>
<pin id="59" dir="1" index="0" bw="1" slack="2147483647"/>
</pin_list>
<bind>
<StgValue><ssdm name=""/></StgValue>
</bind>
</comp>

<comp id="60" class="1001" name="const_60">
<pin_list>
<pin id="61" dir="1" index="0" bw="1" slack="0"/>
</pin_list>
<bind>
<StgValue><ssdm name="_ssdm_op_Write.ap_auto.i32P0A"/></StgValue>
</bind>
</comp>

<comp id="62" class="1001" name="const_62">
<pin_list>
<pin id="63" dir="1" index="0" bw="1" slack="0"/>
</pin_list>
<bind>
<StgValue><ssdm name="_ssdm_op_Write.ap_auto.i62P0A"/></StgValue>
</bind>
</comp>

<comp id="64" class="1004" name="in_shift_1_fu_64">
<pin_list>
<pin id="65" dir="0" index="0" bw="1" slack="0"/>
<pin id="66" dir="1" index="1" bw="63" slack="0"/>
</pin_list>
<bind>
<opcode="alloca(26) " fcode="alloca"/>
<opset="in_shift_1/1 "/>
</bind>
</comp>

<comp id="68" class="1004" name="shift_fu_68">
<pin_list>
<pin id="69" dir="0" index="0" bw="1" slack="0"/>
<pin id="70" dir="1" index="1" bw="32" slack="0"/>
</pin_list>
<bind>
<opcode="alloca(26) " fcode="alloca"/>
<opset="shift/1 "/>
</bind>
</comp>

<comp id="72" class="1004" name="i_fu_72">
<pin_list>
<pin id="73" dir="0" index="0" bw="1" slack="0"/>
<pin id="74" dir="1" index="1" bw="2" slack="0"/>
</pin_list>
<bind>
<opcode="alloca(26) " fcode="alloca"/>
<opset="i/1 "/>
</bind>
</comp>

<comp id="76" class="1004" name="c_3_reload_read_read_fu_76">
<pin_list>
<pin id="77" dir="0" index="0" bw="32" slack="0"/>
<pin id="78" dir="0" index="1" bw="32" slack="0"/>
<pin id="79" dir="1" index="2" bw="32" slack="0"/>
</pin_list>
<bind>
<opcode="read(1150) " fcode="read"/>
<opset="c_3_reload_read/1 "/>
</bind>
</comp>

<comp id="82" class="1004" name="c_2_reload_read_read_fu_82">
<pin_list>
<pin id="83" dir="0" index="0" bw="32" slack="0"/>
<pin id="84" dir="0" index="1" bw="32" slack="0"/>
<pin id="85" dir="1" index="2" bw="32" slack="0"/>
</pin_list>
<bind>
<opcode="read(1150) " fcode="read"/>
<opset="c_2_reload_read/1 "/>
</bind>
</comp>

<comp id="88" class="1004" name="c_1_reload_read_read_fu_88">
<pin_list>
<pin id="89" dir="0" index="0" bw="32" slack="0"/>
<pin id="90" dir="0" index="1" bw="32" slack="0"/>
<pin id="91" dir="1" index="2" bw="32" slack="0"/>
</pin_list>
<bind>
<opcode="read(1150) " fcode="read"/>
<opset="c_1_reload_read/1 "/>
</bind>
</comp>

<comp id="94" class="1004" name="c_reload_read_read_fu_94">
<pin_list>
<pin id="95" dir="0" index="0" bw="32" slack="0"/>
<pin id="96" dir="0" index="1" bw="32" slack="0"/>
<pin id="97" dir="1" index="2" bw="32" slack="0"/>
</pin_list>
<bind>
<opcode="read(1150) " fcode="read"/>
<opset="c_reload_read/1 "/>
</bind>
</comp>

<comp id="100" class="1004" name="result_read_read_fu_100">
<pin_list>
<pin id="101" dir="0" index="0" bw="63" slack="0"/>
<pin id="102" dir="0" index="1" bw="63" slack="0"/>
<pin id="103" dir="1" index="2" bw="63" slack="0"/>
</pin_list>
<bind>
<opcode="read(1150) " fcode="read"/>
<opset="result_read/1 "/>
</bind>
</comp>

<comp id="106" class="1004" name="write_ln422_write_fu_106">
<pin_list>
<pin id="107" dir="0" index="0" bw="0" slack="0"/>
<pin id="108" dir="0" index="1" bw="32" slack="0"/>
<pin id="109" dir="0" index="2" bw="32" slack="1"/>
<pin id="110" dir="1" index="3" bw="0" slack="2147483647"/>
</pin_list>
<bind>
<opcode="write(1151) " fcode="write"/>
<opset="write_ln422/3 "/>
</bind>
</comp>

<comp id="113" class="1004" name="write_ln419_write_fu_113">
<pin_list>
<pin id="114" dir="0" index="0" bw="0" slack="0"/>
<pin id="115" dir="0" index="1" bw="62" slack="0"/>
<pin id="116" dir="0" index="2" bw="62" slack="1"/>
<pin id="117" dir="1" index="3" bw="0" slack="2147483647"/>
</pin_list>
<bind>
<opcode="write(1151) " fcode="write"/>
<opset="write_ln419/3 "/>
</bind>
</comp>

<comp id="120" class="1004" name="store_ln421_store_fu_120">
<pin_list>
<pin id="121" dir="0" index="0" bw="1" slack="0"/>
<pin id="122" dir="0" index="1" bw="2" slack="0"/>
<pin id="123" dir="1" index="2" bw="0" slack="2147483647"/>
</pin_list>
<bind>
<opcode="store(28) " fcode="store"/>
<opset="store_ln421/1 "/>
</bind>
</comp>

<comp id="125" class="1004" name="store_ln418_store_fu_125">
<pin_list>
<pin id="126" dir="0" index="0" bw="1" slack="0"/>
<pin id="127" dir="0" index="1" bw="32" slack="0"/>
<pin id="128" dir="1" index="2" bw="0" slack="2147483647"/>
</pin_list>
<bind>
<opcode="store(28) " fcode="store"/>
<opset="store_ln418/1 "/>
</bind>
</comp>

<comp id="130" class="1004" name="store_ln419_store_fu_130">
<pin_list>
<pin id="131" dir="0" index="0" bw="63" slack="0"/>
<pin id="132" dir="0" index="1" bw="63" slack="0"/>
<pin id="133" dir="1" index="2" bw="0" slack="2147483647"/>
</pin_list>
<bind>
<opcode="store(28) " fcode="store"/>
<opset="store_ln419/1 "/>
</bind>
</comp>

<comp id="135" class="1004" name="i_1_load_fu_135">
<pin_list>
<pin id="136" dir="0" index="0" bw="2" slack="0"/>
<pin id="137" dir="1" index="1" bw="2" slack="0"/>
</pin_list>
<bind>
<opcode="load(27) " fcode="load"/>
<opset="i_1/1 "/>
</bind>
</comp>

<comp id="138" class="1004" name="tmp_6_fu_138">
<pin_list>
<pin id="139" dir="0" index="0" bw="32" slack="0"/>
<pin id="140" dir="0" index="1" bw="2" slack="0"/>
<pin id="141" dir="0" index="2" bw="32" slack="0"/>
<pin id="142" dir="0" index="3" bw="2" slack="0"/>
<pin id="143" dir="0" index="4" bw="32" slack="0"/>
<pin id="144" dir="0" index="5" bw="2" slack="0"/>
<pin id="145" dir="0" index="6" bw="32" slack="0"/>
<pin id="146" dir="0" index="7" bw="2" slack="0"/>
<pin id="147" dir="0" index="8" bw="32" slack="0"/>
<pin id="148" dir="0" index="9" bw="32" slack="0"/>
<pin id="149" dir="0" index="10" bw="2" slack="0"/>
<pin id="150" dir="1" index="11" bw="32" slack="0"/>
</pin_list>
<bind>
<opcode="sparsemux(1197) " fcode="sparsemux"/>
<opset="tmp_6/1 "/>
</bind>
</comp>

<comp id="162" class="1004" name="tmp_fu_162">
<pin_list>
<pin id="163" dir="0" index="0" bw="1" slack="0"/>
<pin id="164" dir="0" index="1" bw="32" slack="0"/>
<pin id="165" dir="0" index="2" bw="6" slack="0"/>
<pin id="166" dir="1" index="3" bw="1" slack="1"/>
</pin_list>
<bind>
<opcode="bitselect(1000) " fcode="bitselect"/>
<opset="tmp/1 "/>
</bind>
</comp>

<comp id="170" class="1004" name="sub_ln423_fu_170">
<pin_list>
<pin id="171" dir="0" index="0" bw="1" slack="0"/>
<pin id="172" dir="0" index="1" bw="32" slack="0"/>
<pin id="173" dir="1" index="2" bw="32" slack="1"/>
</pin_list>
<bind>
<opcode="sub(10) " fcode="sub"/>
<opset="sub_ln423/1 "/>
</bind>
</comp>

<comp id="176" class="1004" name="in_shift_2_load_fu_176">
<pin_list>
<pin id="177" dir="0" index="0" bw="63" slack="1"/>
<pin id="178" dir="1" index="1" bw="63" slack="0"/>
</pin_list>
<bind>
<opcode="load(27) " fcode="load"/>
<opset="in_shift_2/2 "/>
</bind>
</comp>

<comp id="179" class="1004" name="shift_2_load_fu_179">
<pin_list>
<pin id="180" dir="0" index="0" bw="32" slack="1"/>
<pin id="181" dir="1" index="1" bw="32" slack="0"/>
</pin_list>
<bind>
<opcode="load(27) " fcode="load"/>
<opset="shift_2/2 "/>
</bind>
</comp>

<comp id="182" class="1004" name="zext_ln419_fu_182">
<pin_list>
<pin id="183" dir="0" index="0" bw="2" slack="1"/>
<pin id="184" dir="1" index="1" bw="3" slack="0"/>
</pin_list>
<bind>
<opcode="zext(34) " fcode="zext"/>
<opset="zext_ln419/2 "/>
</bind>
</comp>

<comp id="185" class="1004" name="shift_3_fu_185">
<pin_list>
<pin id="186" dir="0" index="0" bw="32" slack="1"/>
<pin id="187" dir="0" index="1" bw="32" slack="0"/>
<pin id="188" dir="1" index="2" bw="32" slack="0"/>
</pin_list>
<bind>
<opcode="add(8) " fcode="add"/>
<opset="shift_3/2 "/>
</bind>
</comp>

<comp id="190" class="1004" name="select_ln423_fu_190">
<pin_list>
<pin id="191" dir="0" index="0" bw="1" slack="1"/>
<pin id="192" dir="0" index="1" bw="32" slack="1"/>
<pin id="193" dir="0" index="2" bw="32" slack="1"/>
<pin id="194" dir="1" index="3" bw="32" slack="0"/>
</pin_list>
<bind>
<opcode="select(49) " fcode="select"/>
<opset="select_ln423/2 "/>
</bind>
</comp>

<comp id="195" class="1004" name="zext_ln423_fu_195">
<pin_list>
<pin id="196" dir="0" index="0" bw="32" slack="0"/>
<pin id="197" dir="1" index="1" bw="63" slack="0"/>
</pin_list>
<bind>
<opcode="zext(34) " fcode="zext"/>
<opset="zext_ln423/2 "/>
</bind>
</comp>

<comp id="199" class="1004" name="ashr_ln423_fu_199">
<pin_list>
<pin id="200" dir="0" index="0" bw="63" slack="0"/>
<pin id="201" dir="0" index="1" bw="32" slack="0"/>
<pin id="202" dir="1" index="2" bw="63" slack="0"/>
</pin_list>
<bind>
<opcode="ashr(22) " fcode="ashr"/>
<opset="ashr_ln423/2 "/>
</bind>
</comp>

<comp id="205" class="1004" name="shl_ln423_fu_205">
<pin_list>
<pin id="206" dir="0" index="0" bw="63" slack="0"/>
<pin id="207" dir="0" index="1" bw="32" slack="0"/>
<pin id="208" dir="1" index="2" bw="63" slack="0"/>
</pin_list>
<bind>
<opcode="shl(20) " fcode="shl"/>
<opset="shl_ln423/2 "/>
</bind>
</comp>

<comp id="211" class="1004" name="in_shift_fu_211">
<pin_list>
<pin id="212" dir="0" index="0" bw="1" slack="1"/>
<pin id="213" dir="0" index="1" bw="63" slack="0"/>
<pin id="214" dir="0" index="2" bw="63" slack="0"/>
<pin id="215" dir="1" index="3" bw="63" slack="0"/>
</pin_list>
<bind>
<opcode="select(49) " fcode="select"/>
<opset="in_shift/2 "/>
</bind>
</comp>

<comp id="218" class="1004" name="trunc_ln419_fu_218">
<pin_list>
<pin id="219" dir="0" index="0" bw="63" slack="0"/>
<pin id="220" dir="1" index="1" bw="62" slack="1"/>
</pin_list>
<bind>
<opcode="trunc(33) " fcode="trunc"/>
<opset="trunc_ln419/2 "/>
</bind>
</comp>

<comp id="222" class="1004" name="icmp_ln424_fu_222">
<pin_list>
<pin id="223" dir="0" index="0" bw="32" slack="1"/>
<pin id="224" dir="0" index="1" bw="32" slack="0"/>
<pin id="225" dir="1" index="2" bw="1" slack="0"/>
</pin_list>
<bind>
<opcode="icmp(45) " fcode="icmp"/>
<opset="icmp_ln424/2 "/>
</bind>
</comp>

<comp id="227" class="1004" name="add_ln421_fu_227">
<pin_list>
<pin id="228" dir="0" index="0" bw="2" slack="0"/>
<pin id="229" dir="0" index="1" bw="1" slack="0"/>
<pin id="230" dir="1" index="2" bw="3" slack="0"/>
</pin_list>
<bind>
<opcode="add(8) " fcode="add"/>
<opset="add_ln421/2 "/>
</bind>
</comp>

<comp id="233" class="1004" name="trunc_ln421_fu_233">
<pin_list>
<pin id="234" dir="0" index="0" bw="3" slack="0"/>
<pin id="235" dir="1" index="1" bw="2" slack="0"/>
</pin_list>
<bind>
<opcode="trunc(33) " fcode="trunc"/>
<opset="trunc_ln421/2 "/>
</bind>
</comp>

<comp id="237" class="1004" name="tmp_1_fu_237">
<pin_list>
<pin id="238" dir="0" index="0" bw="1" slack="0"/>
<pin id="239" dir="0" index="1" bw="3" slack="0"/>
<pin id="240" dir="0" index="2" bw="3" slack="0"/>
<pin id="241" dir="1" index="3" bw="1" slack="0"/>
</pin_list>
<bind>
<opcode="bitselect(1000) " fcode="bitselect"/>
<opset="tmp_1/2 "/>
</bind>
</comp>

<comp id="245" class="1004" name="or_ln424_fu_245">
<pin_list>
<pin id="246" dir="0" index="0" bw="1" slack="0"/>
<pin id="247" dir="0" index="1" bw="1" slack="0"/>
<pin id="248" dir="1" index="2" bw="1" slack="1"/>
</pin_list>
<bind>
<opcode="or(24) " fcode="or"/>
<opset="or_ln424/2 "/>
</bind>
</comp>

<comp id="251" class="1004" name="store_ln421_store_fu_251">
<pin_list>
<pin id="252" dir="0" index="0" bw="2" slack="0"/>
<pin id="253" dir="0" index="1" bw="2" slack="1"/>
<pin id="254" dir="1" index="2" bw="0" slack="2147483647"/>
</pin_list>
<bind>
<opcode="store(28) " fcode="store"/>
<opset="store_ln421/2 "/>
</bind>
</comp>

<comp id="256" class="1004" name="store_ln418_store_fu_256">
<pin_list>
<pin id="257" dir="0" index="0" bw="32" slack="0"/>
<pin id="258" dir="0" index="1" bw="32" slack="1"/>
<pin id="259" dir="1" index="2" bw="0" slack="2147483647"/>
</pin_list>
<bind>
<opcode="store(28) " fcode="store"/>
<opset="store_ln418/2 "/>
</bind>
</comp>

<comp id="261" class="1004" name="store_ln419_store_fu_261">
<pin_list>
<pin id="262" dir="0" index="0" bw="63" slack="1"/>
<pin id="263" dir="0" index="1" bw="63" slack="2"/>
<pin id="264" dir="1" index="2" bw="0" slack="2147483647"/>
</pin_list>
<bind>
<opcode="store(28) " fcode="store"/>
<opset="store_ln419/3 "/>
</bind>
</comp>

<comp id="265" class="1005" name="in_shift_1_reg_265">
<pin_list>
<pin id="266" dir="0" index="0" bw="63" slack="0"/>
<pin id="267" dir="1" index="1" bw="63" slack="0"/>
</pin_list>
<bind>
<opset="in_shift_1 "/>
</bind>
</comp>

<comp id="272" class="1005" name="shift_reg_272">
<pin_list>
<pin id="273" dir="0" index="0" bw="32" slack="0"/>
<pin id="274" dir="1" index="1" bw="32" slack="0"/>
</pin_list>
<bind>
<opset="shift "/>
</bind>
</comp>

<comp id="279" class="1005" name="i_reg_279">
<pin_list>
<pin id="280" dir="0" index="0" bw="2" slack="0"/>
<pin id="281" dir="1" index="1" bw="2" slack="0"/>
</pin_list>
<bind>
<opset="i "/>
</bind>
</comp>

<comp id="286" class="1005" name="i_1_reg_286">
<pin_list>
<pin id="287" dir="0" index="0" bw="2" slack="1"/>
<pin id="288" dir="1" index="1" bw="2" slack="1"/>
</pin_list>
<bind>
<opset="i_1 "/>
</bind>
</comp>

<comp id="291" class="1005" name="tmp_6_reg_291">
<pin_list>
<pin id="292" dir="0" index="0" bw="32" slack="1"/>
<pin id="293" dir="1" index="1" bw="32" slack="1"/>
</pin_list>
<bind>
<opset="tmp_6 "/>
</bind>
</comp>

<comp id="298" class="1005" name="tmp_reg_298">
<pin_list>
<pin id="299" dir="0" index="0" bw="1" slack="1"/>
<pin id="300" dir="1" index="1" bw="1" slack="1"/>
</pin_list>
<bind>
<opset="tmp "/>
</bind>
</comp>

<comp id="304" class="1005" name="sub_ln423_reg_304">
<pin_list>
<pin id="305" dir="0" index="0" bw="32" slack="1"/>
<pin id="306" dir="1" index="1" bw="32" slack="1"/>
</pin_list>
<bind>
<opset="sub_ln423 "/>
</bind>
</comp>

<comp id="309" class="1005" name="shift_3_reg_309">
<pin_list>
<pin id="310" dir="0" index="0" bw="32" slack="1"/>
<pin id="311" dir="1" index="1" bw="32" slack="1"/>
</pin_list>
<bind>
<opset="shift_3 "/>
</bind>
</comp>

<comp id="314" class="1005" name="in_shift_reg_314">
<pin_list>
<pin id="315" dir="0" index="0" bw="63" slack="1"/>
<pin id="316" dir="1" index="1" bw="63" slack="1"/>
</pin_list>
<bind>
<opset="in_shift "/>
</bind>
</comp>

<comp id="319" class="1005" name="trunc_ln419_reg_319">
<pin_list>
<pin id="320" dir="0" index="0" bw="62" slack="1"/>
<pin id="321" dir="1" index="1" bw="62" slack="1"/>
</pin_list>
<bind>
<opset="trunc_ln419 "/>
</bind>
</comp>

<comp id="324" class="1005" name="or_ln424_reg_324">
<pin_list>
<pin id="325" dir="0" index="0" bw="1" slack="1"/>
<pin id="326" dir="1" index="1" bw="1" slack="2147483647"/>
</pin_list>
<bind>
<opset="or_ln424 "/>
</bind>
</comp>

</comp_list>

<net_list>
<net id="67"><net_src comp="14" pin="0"/><net_sink comp="64" pin=0"/></net>

<net id="71"><net_src comp="14" pin="0"/><net_sink comp="68" pin=0"/></net>

<net id="75"><net_src comp="14" pin="0"/><net_sink comp="72" pin=0"/></net>

<net id="80"><net_src comp="16" pin="0"/><net_sink comp="76" pin=0"/></net>

<net id="81"><net_src comp="8" pin="0"/><net_sink comp="76" pin=1"/></net>

<net id="86"><net_src comp="16" pin="0"/><net_sink comp="82" pin=0"/></net>

<net id="87"><net_src comp="6" pin="0"/><net_sink comp="82" pin=1"/></net>

<net id="92"><net_src comp="16" pin="0"/><net_sink comp="88" pin=0"/></net>

<net id="93"><net_src comp="4" pin="0"/><net_sink comp="88" pin=1"/></net>

<net id="98"><net_src comp="16" pin="0"/><net_sink comp="94" pin=0"/></net>

<net id="99"><net_src comp="2" pin="0"/><net_sink comp="94" pin=1"/></net>

<net id="104"><net_src comp="18" pin="0"/><net_sink comp="100" pin=0"/></net>

<net id="105"><net_src comp="0" pin="0"/><net_sink comp="100" pin=1"/></net>

<net id="111"><net_src comp="60" pin="0"/><net_sink comp="106" pin=0"/></net>

<net id="112"><net_src comp="10" pin="0"/><net_sink comp="106" pin=1"/></net>

<net id="118"><net_src comp="62" pin="0"/><net_sink comp="113" pin=0"/></net>

<net id="119"><net_src comp="12" pin="0"/><net_sink comp="113" pin=1"/></net>

<net id="124"><net_src comp="20" pin="0"/><net_sink comp="120" pin=0"/></net>

<net id="129"><net_src comp="22" pin="0"/><net_sink comp="125" pin=0"/></net>

<net id="134"><net_src comp="100" pin="2"/><net_sink comp="130" pin=0"/></net>

<net id="151"><net_src comp="24" pin="0"/><net_sink comp="138" pin=0"/></net>

<net id="152"><net_src comp="20" pin="0"/><net_sink comp="138" pin=1"/></net>

<net id="153"><net_src comp="94" pin="2"/><net_sink comp="138" pin=2"/></net>

<net id="154"><net_src comp="26" pin="0"/><net_sink comp="138" pin=3"/></net>

<net id="155"><net_src comp="88" pin="2"/><net_sink comp="138" pin=4"/></net>

<net id="156"><net_src comp="28" pin="0"/><net_sink comp="138" pin=5"/></net>

<net id="157"><net_src comp="82" pin="2"/><net_sink comp="138" pin=6"/></net>

<net id="158"><net_src comp="30" pin="0"/><net_sink comp="138" pin=7"/></net>

<net id="159"><net_src comp="76" pin="2"/><net_sink comp="138" pin=8"/></net>

<net id="160"><net_src comp="32" pin="0"/><net_sink comp="138" pin=9"/></net>

<net id="161"><net_src comp="135" pin="1"/><net_sink comp="138" pin=10"/></net>

<net id="167"><net_src comp="34" pin="0"/><net_sink comp="162" pin=0"/></net>

<net id="168"><net_src comp="138" pin="11"/><net_sink comp="162" pin=1"/></net>

<net id="169"><net_src comp="36" pin="0"/><net_sink comp="162" pin=2"/></net>

<net id="174"><net_src comp="22" pin="0"/><net_sink comp="170" pin=0"/></net>

<net id="175"><net_src comp="138" pin="11"/><net_sink comp="170" pin=1"/></net>

<net id="189"><net_src comp="179" pin="1"/><net_sink comp="185" pin=1"/></net>

<net id="198"><net_src comp="190" pin="3"/><net_sink comp="195" pin=0"/></net>

<net id="203"><net_src comp="176" pin="1"/><net_sink comp="199" pin=0"/></net>

<net id="204"><net_src comp="195" pin="1"/><net_sink comp="199" pin=1"/></net>

<net id="209"><net_src comp="176" pin="1"/><net_sink comp="205" pin=0"/></net>

<net id="210"><net_src comp="195" pin="1"/><net_sink comp="205" pin=1"/></net>

<net id="216"><net_src comp="199" pin="2"/><net_sink comp="211" pin=1"/></net>

<net id="217"><net_src comp="205" pin="2"/><net_sink comp="211" pin=2"/></net>

<net id="221"><net_src comp="211" pin="3"/><net_sink comp="218" pin=0"/></net>

<net id="226"><net_src comp="38" pin="0"/><net_sink comp="222" pin=1"/></net>

<net id="231"><net_src comp="182" pin="1"/><net_sink comp="227" pin=0"/></net>

<net id="232"><net_src comp="40" pin="0"/><net_sink comp="227" pin=1"/></net>

<net id="236"><net_src comp="227" pin="2"/><net_sink comp="233" pin=0"/></net>

<net id="242"><net_src comp="42" pin="0"/><net_sink comp="237" pin=0"/></net>

<net id="243"><net_src comp="227" pin="2"/><net_sink comp="237" pin=1"/></net>

<net id="244"><net_src comp="44" pin="0"/><net_sink comp="237" pin=2"/></net>

<net id="249"><net_src comp="237" pin="3"/><net_sink comp="245" pin=0"/></net>

<net id="250"><net_src comp="222" pin="2"/><net_sink comp="245" pin=1"/></net>

<net id="255"><net_src comp="233" pin="1"/><net_sink comp="251" pin=0"/></net>

<net id="260"><net_src comp="185" pin="2"/><net_sink comp="256" pin=0"/></net>

<net id="268"><net_src comp="64" pin="1"/><net_sink comp="265" pin=0"/></net>

<net id="269"><net_src comp="265" pin="1"/><net_sink comp="130" pin=1"/></net>

<net id="270"><net_src comp="265" pin="1"/><net_sink comp="176" pin=0"/></net>

<net id="271"><net_src comp="265" pin="1"/><net_sink comp="261" pin=1"/></net>

<net id="275"><net_src comp="68" pin="1"/><net_sink comp="272" pin=0"/></net>

<net id="276"><net_src comp="272" pin="1"/><net_sink comp="125" pin=1"/></net>

<net id="277"><net_src comp="272" pin="1"/><net_sink comp="179" pin=0"/></net>

<net id="278"><net_src comp="272" pin="1"/><net_sink comp="256" pin=1"/></net>

<net id="282"><net_src comp="72" pin="1"/><net_sink comp="279" pin=0"/></net>

<net id="283"><net_src comp="279" pin="1"/><net_sink comp="120" pin=1"/></net>

<net id="284"><net_src comp="279" pin="1"/><net_sink comp="135" pin=0"/></net>

<net id="285"><net_src comp="279" pin="1"/><net_sink comp="251" pin=1"/></net>

<net id="289"><net_src comp="135" pin="1"/><net_sink comp="286" pin=0"/></net>

<net id="290"><net_src comp="286" pin="1"/><net_sink comp="182" pin=0"/></net>

<net id="294"><net_src comp="138" pin="11"/><net_sink comp="291" pin=0"/></net>

<net id="295"><net_src comp="291" pin="1"/><net_sink comp="185" pin=0"/></net>

<net id="296"><net_src comp="291" pin="1"/><net_sink comp="190" pin=2"/></net>

<net id="297"><net_src comp="291" pin="1"/><net_sink comp="222" pin=0"/></net>

<net id="301"><net_src comp="162" pin="3"/><net_sink comp="298" pin=0"/></net>

<net id="302"><net_src comp="298" pin="1"/><net_sink comp="190" pin=0"/></net>

<net id="303"><net_src comp="298" pin="1"/><net_sink comp="211" pin=0"/></net>

<net id="307"><net_src comp="170" pin="2"/><net_sink comp="304" pin=0"/></net>

<net id="308"><net_src comp="304" pin="1"/><net_sink comp="190" pin=1"/></net>

<net id="312"><net_src comp="185" pin="2"/><net_sink comp="309" pin=0"/></net>

<net id="313"><net_src comp="309" pin="1"/><net_sink comp="106" pin=2"/></net>

<net id="317"><net_src comp="211" pin="3"/><net_sink comp="314" pin=0"/></net>

<net id="318"><net_src comp="314" pin="1"/><net_sink comp="261" pin=0"/></net>

<net id="322"><net_src comp="218" pin="1"/><net_sink comp="319" pin=0"/></net>

<net id="323"><net_src comp="319" pin="1"/><net_sink comp="113" pin=2"/></net>

<net id="327"><net_src comp="245" pin="2"/><net_sink comp="324" pin=0"/></net>

</net_list>

</model> 
---------------- Datapath Model END ------------------

* FSMD analyzer results:
  - Output states:
	Port: shift_1_out | {3 }
	Port: in_shift_out | {3 }
 - Input state : 
	Port: sin_or_cos<double>_Pipeline_4 : result | {1 }
	Port: sin_or_cos<double>_Pipeline_4 : c_reload | {1 }
	Port: sin_or_cos<double>_Pipeline_4 : c_1_reload | {1 }
	Port: sin_or_cos<double>_Pipeline_4 : c_2_reload | {1 }
	Port: sin_or_cos<double>_Pipeline_4 : c_3_reload | {1 }
  - Chain level:
	State 1
		store_ln421 : 1
		store_ln418 : 1
		i_1 : 1
		tmp_6 : 2
		tmp : 3
		sub_ln423 : 3
	State 2
		shift_3 : 1
		zext_ln423 : 1
		ashr_ln423 : 2
		shl_ln423 : 2
		in_shift : 3
		trunc_ln419 : 4
		add_ln421 : 1
		trunc_ln421 : 2
		tmp_1 : 2
		or_ln424 : 3
		store_ln421 : 3
		store_ln418 : 2
		br_ln424 : 3
	State 3


============================================================
+ Verbose Summary: Datapath Resource usage 
============================================================

* Functional unit list:
|----------|----------------------------|---------|---------|
| Operation|       Functional Unit      |    FF   |   LUT   |
|----------|----------------------------|---------|---------|
|   ashr   |      ashr_ln423_fu_199     |    0    |   179   |
|----------|----------------------------|---------|---------|
|    shl   |      shl_ln423_fu_205      |    0    |   179   |
|----------|----------------------------|---------|---------|
|  select  |     select_ln423_fu_190    |    0    |    32   |
|          |       in_shift_fu_211      |    0    |    63   |
|----------|----------------------------|---------|---------|
|    add   |       shift_3_fu_185       |    0    |    39   |
|          |      add_ln421_fu_227      |    0    |    10   |
|----------|----------------------------|---------|---------|
|    sub   |      sub_ln423_fu_170      |    0    |    39   |
|----------|----------------------------|---------|---------|
|   icmp   |      icmp_ln424_fu_222     |    0    |    39   |
|----------|----------------------------|---------|---------|
| sparsemux|        tmp_6_fu_138        |    0    |    20   |
|----------|----------------------------|---------|---------|
|    or    |       or_ln424_fu_245      |    0    |    2    |
|----------|----------------------------|---------|---------|
|          | c_3_reload_read_read_fu_76 |    0    |    0    |
|          | c_2_reload_read_read_fu_82 |    0    |    0    |
|   read   | c_1_reload_read_read_fu_88 |    0    |    0    |
|          |  c_reload_read_read_fu_94  |    0    |    0    |
|          |   result_read_read_fu_100  |    0    |    0    |
|----------|----------------------------|---------|---------|
|   write  |  write_ln422_write_fu_106  |    0    |    0    |
|          |  write_ln419_write_fu_113  |    0    |    0    |
|----------|----------------------------|---------|---------|
| bitselect|         tmp_fu_162         |    0    |    0    |
|          |        tmp_1_fu_237        |    0    |    0    |
|----------|----------------------------|---------|---------|
|   zext   |      zext_ln419_fu_182     |    0    |    0    |
|          |      zext_ln423_fu_195     |    0    |    0    |
|----------|----------------------------|---------|---------|
|   trunc  |     trunc_ln419_fu_218     |    0    |    0    |
|          |     trunc_ln421_fu_233     |    0    |    0    |
|----------|----------------------------|---------|---------|
|   Total  |                            |    0    |   602   |
|----------|----------------------------|---------|---------|

Memories:
N/A

* Register list:
+-------------------+--------+
|                   |   FF   |
+-------------------+--------+
|    i_1_reg_286    |    2   |
|     i_reg_279     |    2   |
| in_shift_1_reg_265|   63   |
|  in_shift_reg_314 |   63   |
|  or_ln424_reg_324 |    1   |
|  shift_3_reg_309  |   32   |
|   shift_reg_272   |   32   |
| sub_ln423_reg_304 |   32   |
|   tmp_6_reg_291   |   32   |
|    tmp_reg_298    |    1   |
|trunc_ln419_reg_319|   62   |
+-------------------+--------+
|       Total       |   322  |
+-------------------+--------+

* Multiplexer (MUX) list: 
|--------|------|------|------|--------|
|  Comp  |  Pin | Size |  BW  | S x BW |
|--------|------|------|------|--------|
|  Total |      |      |      |    0   |
|--------|------|------|------|--------|



* Summary:
+-----------+--------+--------+
|           |   FF   |   LUT  |
+-----------+--------+--------+
|  Function |    0   |   602  |
|   Memory  |    -   |    -   |
|Multiplexer|    -   |    -   |
|  Register |   322  |    -   |
+-----------+--------+--------+
|   Total   |   322  |   602  |
+-----------+--------+--------+
