

================================================================
== Vitis HLS Report for 'sin_or_cos_double_Pipeline_2'
================================================================
* Date:           Tue Nov  4 15:33:43 2025

* Version:        2024.2 (Build 5238294 on Nov  8 2024)
* Project:        dft.comp
* Solution:       hls (Vivado IP Flow Target)
* Product family: zynq
* Target device:  xc7z020-clg400-1


================================================================
== Performance Estimates
================================================================
+ Timing: 
    * Summary: 
    +--------+----------+----------+------------+
    |  Clock |  Target  | Estimated| Uncertainty|
    +--------+----------+----------+------------+
    |ap_clk  |  10.00 ns|  7.186 ns|     2.70 ns|
    +--------+----------+----------+------------+

+ Latency: 
    * Summary: 
    +---------+---------+-----------+-----------+-----+-----+------------------------------------------------+
    |  Latency (cycles) |   Latency (absolute)  |  Interval |                    Pipeline                    |
    |   min   |   max   |    min    |    max    | min | max |                      Type                      |
    +---------+---------+-----------+-----------+-----+-----+------------------------------------------------+
    |        5|        5|  50.000 ns|  50.000 ns|    4|    4|  loop auto-rewind stp (delay=0 clock cycles(s))|
    +---------+---------+-----------+-----------+-----+-----+------------------------------------------------+

    + Detail: 
        * Instance: 
        N/A

        * Loop: 
        +----------+---------+---------+----------+-----------+-----------+------+----------+
        |          |  Latency (cycles) | Iteration|  Initiation Interval  | Trip |          |
        | Loop Name|   min   |   max   |  Latency |  achieved |   target  | Count| Pipelined|
        +----------+---------+---------+----------+-----------+-----------+------+----------+
        |- Loop 1  |        3|        3|         1|          1|          1|     3|       yes|
        +----------+---------+---------+----------+-----------+-----------+------+----------+

============================================================
+ Verbose Summary: Synthesis Manager
============================================================
InlineROM: 1
ExposeGlobal: 0
============================================================
+ Verbose Summary: CDFG Model
============================================================
IsTopModel: 0
ResetActiveHigh: 1
IsCombinational: 0
IsDatapathOnly: 0
HasWiredReturn: 1
HasMFsm: 2
HasVarLatency: 1
IsPipeline: 0
IsRtlPipelined: 0
IsInstanceOverlapped: 0
IsDontTouch: 0
HasImplIP: 0
IsGatedGlobalClock: 0

+ Individual pipeline summary: 
  * Pipeline-0: initiation interval (II) = 1, depth = 1


============================================================
+ Verbose Summary: Schedule
============================================================
* Number of FSM states : 1
* Pipeline : 1
  Pipeline-0 : II = 1, D = 1, States = { 1 }
* Dataflow Pipeline: 0

* FSM state transitions: 
1 --> 

* FSM state operations: 

State 1 <SV = 0> <Delay = 7.18>
ST_1 : Operation 4 [1/1] (0.00ns)   --->   "%i = alloca i32 1" [/wrk/ci/prod/2024.2/hls_product/continuous/495/2024.2/src/shared/hls/clib/src/hls/utils/x_hls_float_utils.h:401->/wrk/ci/prod/2024.2/hls_product/continuous/495/2024.2/src/shared/hls/clib/hlsmath/include/FloatingPoint/hls_hotbm.h:252]   --->   Operation 4 'alloca' 'i' <Predicate = true> <Delay = 0.00>
ST_1 : Operation 5 [1/1] (0.00ns)   --->   "%out_bits = alloca i32 1" [/wrk/ci/prod/2024.2/hls_product/continuous/495/2024.2/src/shared/hls/clib/src/hls/utils/x_hls_float_utils.h:400->/wrk/ci/prod/2024.2/hls_product/continuous/495/2024.2/src/shared/hls/clib/hlsmath/include/FloatingPoint/hls_hotbm.h:252]   --->   Operation 5 'alloca' 'out_bits' <Predicate = true> <Delay = 0.00>
ST_1 : Operation 6 [1/1] (0.00ns)   --->   "%out_bits_1 = alloca i32 1" [/wrk/ci/prod/2024.2/hls_product/continuous/495/2024.2/src/shared/hls/clib/src/hls/utils/x_hls_float_utils.h:400->/wrk/ci/prod/2024.2/hls_product/continuous/495/2024.2/src/shared/hls/clib/hlsmath/include/FloatingPoint/hls_hotbm.h:252]   --->   Operation 6 'alloca' 'out_bits_1' <Predicate = true> <Delay = 0.00>
ST_1 : Operation 7 [1/1] (0.00ns)   --->   "%out_bits_2 = alloca i32 1" [/wrk/ci/prod/2024.2/hls_product/continuous/495/2024.2/src/shared/hls/clib/src/hls/utils/x_hls_float_utils.h:400->/wrk/ci/prod/2024.2/hls_product/continuous/495/2024.2/src/shared/hls/clib/hlsmath/include/FloatingPoint/hls_hotbm.h:252]   --->   Operation 7 'alloca' 'out_bits_2' <Predicate = true> <Delay = 0.00>
ST_1 : Operation 8 [1/1] (0.00ns)   --->   "%result_read = read i63 @_ssdm_op_Read.ap_auto.i63, i63 %result"   --->   Operation 8 'read' 'result_read' <Predicate = true> <Delay = 0.00>
ST_1 : Operation 9 [1/1] (0.00ns)   --->   "%out_bits_3_reload_read = read i32 @_ssdm_op_Read.ap_auto.i32, i32 %out_bits_3_reload"   --->   Operation 9 'read' 'out_bits_3_reload_read' <Predicate = true> <Delay = 0.00>
ST_1 : Operation 10 [1/1] (0.00ns)   --->   "%out_bits_4_reload_read = read i32 @_ssdm_op_Read.ap_auto.i32, i32 %out_bits_4_reload"   --->   Operation 10 'read' 'out_bits_4_reload_read' <Predicate = true> <Delay = 0.00>
ST_1 : Operation 11 [1/1] (0.00ns)   --->   "%out_bits_5_reload_read = read i32 @_ssdm_op_Read.ap_auto.i32, i32 %out_bits_5_reload"   --->   Operation 11 'read' 'out_bits_5_reload_read' <Predicate = true> <Delay = 0.00>
ST_1 : Operation 12 [1/1] (1.58ns)   --->   "%store_ln400 = store i32 %out_bits_5_reload_read, i32 %out_bits_2" [/wrk/ci/prod/2024.2/hls_product/continuous/495/2024.2/src/shared/hls/clib/src/hls/utils/x_hls_float_utils.h:400->/wrk/ci/prod/2024.2/hls_product/continuous/495/2024.2/src/shared/hls/clib/hlsmath/include/FloatingPoint/hls_hotbm.h:252]   --->   Operation 12 'store' 'store_ln400' <Predicate = true> <Delay = 1.58>
ST_1 : Operation 13 [1/1] (1.58ns)   --->   "%store_ln400 = store i32 %out_bits_4_reload_read, i32 %out_bits_1" [/wrk/ci/prod/2024.2/hls_product/continuous/495/2024.2/src/shared/hls/clib/src/hls/utils/x_hls_float_utils.h:400->/wrk/ci/prod/2024.2/hls_product/continuous/495/2024.2/src/shared/hls/clib/hlsmath/include/FloatingPoint/hls_hotbm.h:252]   --->   Operation 13 'store' 'store_ln400' <Predicate = true> <Delay = 1.58>
ST_1 : Operation 14 [1/1] (1.58ns)   --->   "%store_ln400 = store i32 %out_bits_3_reload_read, i32 %out_bits" [/wrk/ci/prod/2024.2/hls_product/continuous/495/2024.2/src/shared/hls/clib/src/hls/utils/x_hls_float_utils.h:400->/wrk/ci/prod/2024.2/hls_product/continuous/495/2024.2/src/shared/hls/clib/hlsmath/include/FloatingPoint/hls_hotbm.h:252]   --->   Operation 14 'store' 'store_ln400' <Predicate = true> <Delay = 1.58>
ST_1 : Operation 15 [1/1] (1.58ns)   --->   "%store_ln401 = store i2 0, i2 %i" [/wrk/ci/prod/2024.2/hls_product/continuous/495/2024.2/src/shared/hls/clib/src/hls/utils/x_hls_float_utils.h:401->/wrk/ci/prod/2024.2/hls_product/continuous/495/2024.2/src/shared/hls/clib/hlsmath/include/FloatingPoint/hls_hotbm.h:252]   --->   Operation 15 'store' 'store_ln401' <Predicate = true> <Delay = 1.58>
ST_1 : Operation 16 [1/1] (0.00ns)   --->   "%br_ln0 = br void %for.inc.i"   --->   Operation 16 'br' 'br_ln0' <Predicate = true> <Delay = 0.00>
ST_1 : Operation 17 [1/1] (0.00ns)   --->   "%i_2 = load i2 %i" [/wrk/ci/prod/2024.2/hls_product/continuous/495/2024.2/src/shared/hls/clib/src/hls/utils/x_hls_float_utils.h:401->/wrk/ci/prod/2024.2/hls_product/continuous/495/2024.2/src/shared/hls/clib/hlsmath/include/FloatingPoint/hls_hotbm.h:252]   --->   Operation 17 'load' 'i_2' <Predicate = true> <Delay = 0.00>
ST_1 : Operation 18 [1/1] (1.56ns)   --->   "%icmp_ln401 = icmp_eq  i2 %i_2, i2 3" [/wrk/ci/prod/2024.2/hls_product/continuous/495/2024.2/src/shared/hls/clib/src/hls/utils/x_hls_float_utils.h:401->/wrk/ci/prod/2024.2/hls_product/continuous/495/2024.2/src/shared/hls/clib/hlsmath/include/FloatingPoint/hls_hotbm.h:252]   --->   Operation 18 'icmp' 'icmp_ln401' <Predicate = true> <Delay = 1.56> <CoreInst = "Cmp">   --->   Core 9 'Cmp' <Latency = 0> <II = 1> <Delay = 1.56> <FuncUnit> <Opcode : 'seteq' 'setne' 'setle' 'setge' 'setlt' 'setgt'> <InPorts = 2> <OutPorts = 1>
ST_1 : Operation 19 [1/1] (1.56ns)   --->   "%add_ln401 = add i2 %i_2, i2 1" [/wrk/ci/prod/2024.2/hls_product/continuous/495/2024.2/src/shared/hls/clib/src/hls/utils/x_hls_float_utils.h:401->/wrk/ci/prod/2024.2/hls_product/continuous/495/2024.2/src/shared/hls/clib/hlsmath/include/FloatingPoint/hls_hotbm.h:252]   --->   Operation 19 'add' 'add_ln401' <Predicate = true> <Delay = 1.56> <CoreInst = "Adder">   --->   Core 1 'Adder' <Latency = 0> <II = 1> <Delay = 1.56> <FuncUnit> <Opcode : 'add' 'sub'> <InPorts = 2> <OutPorts = 1>
ST_1 : Operation 20 [1/1] (0.00ns)   --->   "%br_ln401 = br i1 %icmp_ln401, void %for.inc.i.split, void %for.end.i.exitStub" [/wrk/ci/prod/2024.2/hls_product/continuous/495/2024.2/src/shared/hls/clib/src/hls/utils/x_hls_float_utils.h:401->/wrk/ci/prod/2024.2/hls_product/continuous/495/2024.2/src/shared/hls/clib/hlsmath/include/FloatingPoint/hls_hotbm.h:252]   --->   Operation 20 'br' 'br_ln401' <Predicate = true> <Delay = 0.00>
ST_1 : Operation 21 [1/1] (0.00ns)   --->   "%specpipeline_ln400 = specpipeline void @_ssdm_op_SpecPipeline, i32 4294967295, i32 0, i32 0, i32 0, void @empty_0" [/wrk/ci/prod/2024.2/hls_product/continuous/495/2024.2/src/shared/hls/clib/src/hls/utils/x_hls_float_utils.h:400->/wrk/ci/prod/2024.2/hls_product/continuous/495/2024.2/src/shared/hls/clib/hlsmath/include/FloatingPoint/hls_hotbm.h:252]   --->   Operation 21 'specpipeline' 'specpipeline_ln400' <Predicate = (!icmp_ln401)> <Delay = 0.00>
ST_1 : Operation 22 [1/1] (0.00ns)   --->   "%speclooptripcount_ln400 = speclooptripcount void @_ssdm_op_SpecLoopTripCount, i64 3, i64 3, i64 3" [/wrk/ci/prod/2024.2/hls_product/continuous/495/2024.2/src/shared/hls/clib/src/hls/utils/x_hls_float_utils.h:400->/wrk/ci/prod/2024.2/hls_product/continuous/495/2024.2/src/shared/hls/clib/hlsmath/include/FloatingPoint/hls_hotbm.h:252]   --->   Operation 22 'speclooptripcount' 'speclooptripcount_ln400' <Predicate = (!icmp_ln401)> <Delay = 0.00>
ST_1 : Operation 23 [1/1] (0.00ns)   --->   "%shl_ln = bitconcatenate i6 @_ssdm_op_BitConcatenate.i6.i2.i4, i2 %i_2, i4 0" [/wrk/ci/prod/2024.2/hls_product/continuous/495/2024.2/src/shared/hls/clib/src/hls/utils/x_hls_float_utils.h:403->/wrk/ci/prod/2024.2/hls_product/continuous/495/2024.2/src/shared/hls/clib/hlsmath/include/FloatingPoint/hls_hotbm.h:252]   --->   Operation 23 'bitconcatenate' 'shl_ln' <Predicate = (!icmp_ln401)> <Delay = 0.00>
ST_1 : Operation 24 [1/1] (1.82ns)   --->   "%sub_ln403 = sub i6 47, i6 %shl_ln" [/wrk/ci/prod/2024.2/hls_product/continuous/495/2024.2/src/shared/hls/clib/src/hls/utils/x_hls_float_utils.h:403->/wrk/ci/prod/2024.2/hls_product/continuous/495/2024.2/src/shared/hls/clib/hlsmath/include/FloatingPoint/hls_hotbm.h:252]   --->   Operation 24 'sub' 'sub_ln403' <Predicate = (!icmp_ln401)> <Delay = 1.82> <CoreInst = "Adder">   --->   Core 1 'Adder' <Latency = 0> <II = 1> <Delay = 1.82> <FuncUnit> <Opcode : 'add' 'sub'> <InPorts = 2> <OutPorts = 1>
ST_1 : Operation 25 [1/1] (0.00ns)   --->   "%zext_ln403 = zext i6 %sub_ln403" [/wrk/ci/prod/2024.2/hls_product/continuous/495/2024.2/src/shared/hls/clib/src/hls/utils/x_hls_float_utils.h:403->/wrk/ci/prod/2024.2/hls_product/continuous/495/2024.2/src/shared/hls/clib/hlsmath/include/FloatingPoint/hls_hotbm.h:252]   --->   Operation 25 'zext' 'zext_ln403' <Predicate = (!icmp_ln401)> <Delay = 0.00>
ST_1 : Operation 26 [1/1] (2.18ns)   --->   "%tmp_4 = partselect i16 @_ssdm_op_PartSelect.i16.i63.i32, i63 %result_read, i32 %zext_ln403" [/wrk/ci/prod/2024.2/hls_product/continuous/495/2024.2/src/shared/hls/clib/src/hls/utils/x_hls_float_utils.h:403->/wrk/ci/prod/2024.2/hls_product/continuous/495/2024.2/src/shared/hls/clib/hlsmath/include/FloatingPoint/hls_hotbm.h:252]   --->   Operation 26 'partselect' 'tmp_4' <Predicate = (!icmp_ln401)> <Delay = 2.18> <CoreInst = "PartSelect">   --->   Core 143 'PartSelect' <Latency = 0> <II = 1> <Delay = 2.18> <FuncUnit> <Opcode : 'partselect'> <InPorts = 2> <OutPorts = 1>
ST_1 : Operation 27 [1/1] (0.00ns)   --->   "%out_bits_3 = bitconcatenate i32 @_ssdm_op_BitConcatenate.i32.i16.i16, i16 %tmp_4, i16 32768" [/wrk/ci/prod/2024.2/hls_product/continuous/495/2024.2/src/shared/hls/clib/src/hls/utils/x_hls_float_utils.h:405->/wrk/ci/prod/2024.2/hls_product/continuous/495/2024.2/src/shared/hls/clib/hlsmath/include/FloatingPoint/hls_hotbm.h:252]   --->   Operation 27 'bitconcatenate' 'out_bits_3' <Predicate = (!icmp_ln401)> <Delay = 0.00>
ST_1 : Operation 28 [1/1] (1.56ns)   --->   "%switch_ln405 = switch i2 %i_2, void %arrayidx.i128.case.2, i2 0, void %arrayidx.i128.case.0, i2 1, void %for.inc.i.split.arrayidx.i128.exit_crit_edge" [/wrk/ci/prod/2024.2/hls_product/continuous/495/2024.2/src/shared/hls/clib/src/hls/utils/x_hls_float_utils.h:405->/wrk/ci/prod/2024.2/hls_product/continuous/495/2024.2/src/shared/hls/clib/hlsmath/include/FloatingPoint/hls_hotbm.h:252]   --->   Operation 28 'switch' 'switch_ln405' <Predicate = (!icmp_ln401)> <Delay = 1.56>
ST_1 : Operation 29 [1/1] (1.58ns)   --->   "%store_ln400 = store i32 %out_bits_3, i32 %out_bits_1" [/wrk/ci/prod/2024.2/hls_product/continuous/495/2024.2/src/shared/hls/clib/src/hls/utils/x_hls_float_utils.h:400->/wrk/ci/prod/2024.2/hls_product/continuous/495/2024.2/src/shared/hls/clib/hlsmath/include/FloatingPoint/hls_hotbm.h:252]   --->   Operation 29 'store' 'store_ln400' <Predicate = (!icmp_ln401 & i_2 == 1)> <Delay = 1.58>
ST_1 : Operation 30 [1/1] (0.00ns)   --->   "%br_ln405 = br void %arrayidx.i128.exit" [/wrk/ci/prod/2024.2/hls_product/continuous/495/2024.2/src/shared/hls/clib/src/hls/utils/x_hls_float_utils.h:405->/wrk/ci/prod/2024.2/hls_product/continuous/495/2024.2/src/shared/hls/clib/hlsmath/include/FloatingPoint/hls_hotbm.h:252]   --->   Operation 30 'br' 'br_ln405' <Predicate = (!icmp_ln401 & i_2 == 1)> <Delay = 0.00>
ST_1 : Operation 31 [1/1] (1.58ns)   --->   "%store_ln400 = store i32 %out_bits_3, i32 %out_bits" [/wrk/ci/prod/2024.2/hls_product/continuous/495/2024.2/src/shared/hls/clib/src/hls/utils/x_hls_float_utils.h:400->/wrk/ci/prod/2024.2/hls_product/continuous/495/2024.2/src/shared/hls/clib/hlsmath/include/FloatingPoint/hls_hotbm.h:252]   --->   Operation 31 'store' 'store_ln400' <Predicate = (!icmp_ln401 & i_2 == 0)> <Delay = 1.58>
ST_1 : Operation 32 [1/1] (0.00ns)   --->   "%br_ln405 = br void %arrayidx.i128.exit" [/wrk/ci/prod/2024.2/hls_product/continuous/495/2024.2/src/shared/hls/clib/src/hls/utils/x_hls_float_utils.h:405->/wrk/ci/prod/2024.2/hls_product/continuous/495/2024.2/src/shared/hls/clib/hlsmath/include/FloatingPoint/hls_hotbm.h:252]   --->   Operation 32 'br' 'br_ln405' <Predicate = (!icmp_ln401 & i_2 == 0)> <Delay = 0.00>
ST_1 : Operation 33 [1/1] (1.58ns)   --->   "%store_ln400 = store i32 %out_bits_3, i32 %out_bits_2" [/wrk/ci/prod/2024.2/hls_product/continuous/495/2024.2/src/shared/hls/clib/src/hls/utils/x_hls_float_utils.h:400->/wrk/ci/prod/2024.2/hls_product/continuous/495/2024.2/src/shared/hls/clib/hlsmath/include/FloatingPoint/hls_hotbm.h:252]   --->   Operation 33 'store' 'store_ln400' <Predicate = (!icmp_ln401 & i_2 != 0 & i_2 != 1)> <Delay = 1.58>
ST_1 : Operation 34 [1/1] (0.00ns)   --->   "%br_ln405 = br void %arrayidx.i128.exit" [/wrk/ci/prod/2024.2/hls_product/continuous/495/2024.2/src/shared/hls/clib/src/hls/utils/x_hls_float_utils.h:405->/wrk/ci/prod/2024.2/hls_product/continuous/495/2024.2/src/shared/hls/clib/hlsmath/include/FloatingPoint/hls_hotbm.h:252]   --->   Operation 34 'br' 'br_ln405' <Predicate = (!icmp_ln401 & i_2 != 0 & i_2 != 1)> <Delay = 0.00>
ST_1 : Operation 35 [1/1] (1.58ns)   --->   "%store_ln401 = store i2 %add_ln401, i2 %i" [/wrk/ci/prod/2024.2/hls_product/continuous/495/2024.2/src/shared/hls/clib/src/hls/utils/x_hls_float_utils.h:401->/wrk/ci/prod/2024.2/hls_product/continuous/495/2024.2/src/shared/hls/clib/hlsmath/include/FloatingPoint/hls_hotbm.h:252]   --->   Operation 35 'store' 'store_ln401' <Predicate = (!icmp_ln401)> <Delay = 1.58>
ST_1 : Operation 36 [1/1] (0.00ns)   --->   "%br_ln401 = br void %for.inc.i" [/wrk/ci/prod/2024.2/hls_product/continuous/495/2024.2/src/shared/hls/clib/src/hls/utils/x_hls_float_utils.h:401->/wrk/ci/prod/2024.2/hls_product/continuous/495/2024.2/src/shared/hls/clib/hlsmath/include/FloatingPoint/hls_hotbm.h:252]   --->   Operation 36 'br' 'br_ln401' <Predicate = (!icmp_ln401)> <Delay = 0.00>
ST_1 : Operation 37 [1/1] (0.00ns)   --->   "%out_bits_load = load i32 %out_bits"   --->   Operation 37 'load' 'out_bits_load' <Predicate = (icmp_ln401)> <Delay = 0.00>
ST_1 : Operation 38 [1/1] (0.00ns)   --->   "%out_bits_1_load = load i32 %out_bits_1"   --->   Operation 38 'load' 'out_bits_1_load' <Predicate = (icmp_ln401)> <Delay = 0.00>
ST_1 : Operation 39 [1/1] (0.00ns)   --->   "%out_bits_2_load = load i32 %out_bits_2"   --->   Operation 39 'load' 'out_bits_2_load' <Predicate = (icmp_ln401)> <Delay = 0.00>
ST_1 : Operation 40 [1/1] (0.00ns)   --->   "%write_ln0 = write void @_ssdm_op_Write.ap_auto.i32P0A, i32 %out_bits_9_out, i32 %out_bits_2_load"   --->   Operation 40 'write' 'write_ln0' <Predicate = (icmp_ln401)> <Delay = 0.00>
ST_1 : Operation 41 [1/1] (0.00ns)   --->   "%write_ln0 = write void @_ssdm_op_Write.ap_auto.i32P0A, i32 %out_bits_8_out, i32 %out_bits_1_load"   --->   Operation 41 'write' 'write_ln0' <Predicate = (icmp_ln401)> <Delay = 0.00>
ST_1 : Operation 42 [1/1] (0.00ns)   --->   "%write_ln0 = write void @_ssdm_op_Write.ap_auto.i32P0A, i32 %out_bits_7_out, i32 %out_bits_load"   --->   Operation 42 'write' 'write_ln0' <Predicate = (icmp_ln401)> <Delay = 0.00>
ST_1 : Operation 43 [1/1] (1.58ns)   --->   "%ret_ln0 = ret"   --->   Operation 43 'ret' 'ret_ln0' <Predicate = (icmp_ln401)> <Delay = 1.58>


============================================================
+ Verbose Summary: Binding
============================================================
STG Binding: 
---------------- STG Properties BEGIN ----------------
- Is combinational: 0
- Is one-state seq: 0
- Is datapath-only: 0
- Is pipelined: 0
- Is top level: 0
Port [ Return ] is wired: 1; IO mode=ap_ctrl_hs:ce=0
Port [ out_bits_5_reload]:  wired=1; compound=0; hidden=0; nouse=0; global=0; static=0; extern=0; dir=0; type=0; pingpong=0; private_global=0; IO mode=ap_none:ce=0
Port [ out_bits_4_reload]:  wired=1; compound=0; hidden=0; nouse=0; global=0; static=0; extern=0; dir=0; type=0; pingpong=0; private_global=0; IO mode=ap_none:ce=0
Port [ out_bits_3_reload]:  wired=1; compound=0; hidden=0; nouse=0; global=0; static=0; extern=0; dir=0; type=0; pingpong=0; private_global=0; IO mode=ap_none:ce=0
Port [ result]:  wired=1; compound=0; hidden=0; nouse=0; global=0; static=0; extern=0; dir=0; type=0; pingpong=0; private_global=0; IO mode=ap_none:ce=0
Port [ out_bits_9_out]:  wired=1; compound=0; hidden=0; nouse=0; global=0; static=0; extern=0; dir=1; type=0; pingpong=0; private_global=0; IO mode=ap_vld:ce=0
Port [ out_bits_8_out]:  wired=1; compound=0; hidden=0; nouse=0; global=0; static=0; extern=0; dir=1; type=0; pingpong=0; private_global=0; IO mode=ap_vld:ce=0
Port [ out_bits_7_out]:  wired=1; compound=0; hidden=0; nouse=0; global=0; static=0; extern=0; dir=1; type=0; pingpong=0; private_global=0; IO mode=ap_vld:ce=0
---------------- STG Properties END ------------------

---------------- Datapath Model BEGIN ----------------

<LifeTime>
<method=bitvector/>
i                       (alloca           ) [ 01]
out_bits                (alloca           ) [ 01]
out_bits_1              (alloca           ) [ 01]
out_bits_2              (alloca           ) [ 01]
result_read             (read             ) [ 00]
out_bits_3_reload_read  (read             ) [ 00]
out_bits_4_reload_read  (read             ) [ 00]
out_bits_5_reload_read  (read             ) [ 00]
store_ln400             (store            ) [ 00]
store_ln400             (store            ) [ 00]
store_ln400             (store            ) [ 00]
store_ln401             (store            ) [ 00]
br_ln0                  (br               ) [ 00]
i_2                     (load             ) [ 01]
icmp_ln401              (icmp             ) [ 01]
add_ln401               (add              ) [ 00]
br_ln401                (br               ) [ 00]
specpipeline_ln400      (specpipeline     ) [ 00]
speclooptripcount_ln400 (speclooptripcount) [ 00]
shl_ln                  (bitconcatenate   ) [ 00]
sub_ln403               (sub              ) [ 00]
zext_ln403              (zext             ) [ 00]
tmp_4                   (partselect       ) [ 00]
out_bits_3              (bitconcatenate   ) [ 00]
switch_ln405            (switch           ) [ 00]
store_ln400             (store            ) [ 00]
br_ln405                (br               ) [ 00]
store_ln400             (store            ) [ 00]
br_ln405                (br               ) [ 00]
store_ln400             (store            ) [ 00]
br_ln405                (br               ) [ 00]
store_ln401             (store            ) [ 00]
br_ln401                (br               ) [ 00]
out_bits_load           (load             ) [ 00]
out_bits_1_load         (load             ) [ 00]
out_bits_2_load         (load             ) [ 00]
write_ln0               (write            ) [ 00]
write_ln0               (write            ) [ 00]
write_ln0               (write            ) [ 00]
ret_ln0                 (ret              ) [ 00]
</LifeTime>

<model>

<comp_list>
<comp id="0" class="1000" name="out_bits_5_reload">
<pin_list>
<pin id="1" dir="1" index="0" bw="1" slack="0"/>
</pin_list>
<bind>
<StgValue><ssdm name="out_bits_5_reload"/></StgValue>
</bind>
</comp>

<comp id="2" class="1000" name="out_bits_4_reload">
<pin_list>
<pin id="3" dir="1" index="0" bw="1" slack="0"/>
</pin_list>
<bind>
<StgValue><ssdm name="out_bits_4_reload"/></StgValue>
</bind>
</comp>

<comp id="4" class="1000" name="out_bits_3_reload">
<pin_list>
<pin id="5" dir="1" index="0" bw="1" slack="0"/>
</pin_list>
<bind>
<StgValue><ssdm name="out_bits_3_reload"/></StgValue>
</bind>
</comp>

<comp id="6" class="1000" name="result">
<pin_list>
<pin id="7" dir="1" index="0" bw="1" slack="0"/>
</pin_list>
<bind>
<StgValue><ssdm name="result"/></StgValue>
</bind>
</comp>

<comp id="8" class="1000" name="out_bits_9_out">
<pin_list>
<pin id="9" dir="1" index="0" bw="1" slack="0"/>
</pin_list>
<bind>
<StgValue><ssdm name="out_bits_9_out"/></StgValue>
</bind>
</comp>

<comp id="10" class="1000" name="out_bits_8_out">
<pin_list>
<pin id="11" dir="1" index="0" bw="1" slack="0"/>
</pin_list>
<bind>
<StgValue><ssdm name="out_bits_8_out"/></StgValue>
</bind>
</comp>

<comp id="12" class="1000" name="out_bits_7_out">
<pin_list>
<pin id="13" dir="1" index="0" bw="1" slack="0"/>
</pin_list>
<bind>
<StgValue><ssdm name="out_bits_7_out"/></StgValue>
</bind>
</comp>

<comp id="14" class="1001" name="const_14">
<pin_list>
<pin id="15" dir="1" index="0" bw="1" slack="0"/>
</pin_list>
<bind>
<StgValue><ssdm name=""/></StgValue>
</bind>
</comp>

<comp id="16" class="1001" name="const_16">
<pin_list>
<pin id="17" dir="1" index="0" bw="1" slack="0"/>
</pin_list>
<bind>
<StgValue><ssdm name="_ssdm_op_Read.ap_auto.i63"/></StgValue>
</bind>
</comp>

<comp id="18" class="1001" name="const_18">
<pin_list>
<pin id="19" dir="1" index="0" bw="1" slack="0"/>
</pin_list>
<bind>
<StgValue><ssdm name="_ssdm_op_Read.ap_auto.i32"/></StgValue>
</bind>
</comp>

<comp id="20" class="1001" name="const_20">
<pin_list>
<pin id="21" dir="1" index="0" bw="1" slack="0"/>
</pin_list>
<bind>
<StgValue><ssdm name=""/></StgValue>
</bind>
</comp>

<comp id="22" class="1001" name="const_22">
<pin_list>
<pin id="23" dir="1" index="0" bw="1" slack="0"/>
</pin_list>
<bind>
<StgValue><ssdm name=""/></StgValue>
</bind>
</comp>

<comp id="24" class="1001" name="const_24">
<pin_list>
<pin id="25" dir="1" index="0" bw="1" slack="0"/>
</pin_list>
<bind>
<StgValue><ssdm name=""/></StgValue>
</bind>
</comp>

<comp id="26" class="1001" name="const_26">
<pin_list>
<pin id="27" dir="1" index="0" bw="1" slack="2147483647"/>
</pin_list>
<bind>
<StgValue><ssdm name="_ssdm_op_SpecPipeline"/></StgValue>
</bind>
</comp>

<comp id="28" class="1001" name="const_28">
<pin_list>
<pin id="29" dir="1" index="0" bw="1" slack="2147483647"/>
</pin_list>
<bind>
<StgValue><ssdm name=""/></StgValue>
</bind>
</comp>

<comp id="30" class="1001" name="const_30">
<pin_list>
<pin id="31" dir="1" index="0" bw="1" slack="2147483647"/>
</pin_list>
<bind>
<StgValue><ssdm name=""/></StgValue>
</bind>
</comp>

<comp id="32" class="1001" name="const_32">
<pin_list>
<pin id="33" dir="1" index="0" bw="1" slack="2147483647"/>
</pin_list>
<bind>
<StgValue><ssdm name="empty_0"/></StgValue>
</bind>
</comp>

<comp id="34" class="1001" name="const_34">
<pin_list>
<pin id="35" dir="1" index="0" bw="1" slack="2147483647"/>
</pin_list>
<bind>
<StgValue><ssdm name="_ssdm_op_SpecLoopTripCount"/></StgValue>
</bind>
</comp>

<comp id="36" class="1001" name="const_36">
<pin_list>
<pin id="37" dir="1" index="0" bw="1" slack="2147483647"/>
</pin_list>
<bind>
<StgValue><ssdm name=""/></StgValue>
</bind>
</comp>

<comp id="38" class="1001" name="const_38">
<pin_list>
<pin id="39" dir="1" index="0" bw="1" slack="0"/>
</pin_list>
<bind>
<StgValue><ssdm name="_ssdm_op_BitConcatenate.i6.i2.i4"/></StgValue>
</bind>
</comp>

<comp id="40" class="1001" name="const_40">
<pin_list>
<pin id="41" dir="1" index="0" bw="1" slack="0"/>
</pin_list>
<bind>
<StgValue><ssdm name=""/></StgValue>
</bind>
</comp>

<comp id="42" class="1001" name="const_42">
<pin_list>
<pin id="43" dir="1" index="0" bw="1" slack="0"/>
</pin_list>
<bind>
<StgValue><ssdm name=""/></StgValue>
</bind>
</comp>

<comp id="44" class="1001" name="const_44">
<pin_list>
<pin id="45" dir="1" index="0" bw="1" slack="0"/>
</pin_list>
<bind>
<StgValue><ssdm name="_ssdm_op_PartSelect.i16.i63.i32"/></StgValue>
</bind>
</comp>

<comp id="46" class="1001" name="const_46">
<pin_list>
<pin id="47" dir="1" index="0" bw="1" slack="0"/>
</pin_list>
<bind>
<StgValue><ssdm name="_ssdm_op_BitConcatenate.i32.i16.i16"/></StgValue>
</bind>
</comp>

<comp id="48" class="1001" name="const_48">
<pin_list>
<pin id="49" dir="1" index="0" bw="1" slack="0"/>
</pin_list>
<bind>
<StgValue><ssdm name=""/></StgValue>
</bind>
</comp>

<comp id="50" class="1001" name="const_50">
<pin_list>
<pin id="51" dir="1" index="0" bw="1" slack="0"/>
</pin_list>
<bind>
<StgValue><ssdm name="_ssdm_op_Write.ap_auto.i32P0A"/></StgValue>
</bind>
</comp>

<comp id="52" class="1004" name="i_fu_52">
<pin_list>
<pin id="53" dir="0" index="0" bw="1" slack="0"/>
<pin id="54" dir="1" index="1" bw="2" slack="0"/>
</pin_list>
<bind>
<opcode="alloca(26) " fcode="alloca"/>
<opset="i/1 "/>
</bind>
</comp>

<comp id="56" class="1004" name="out_bits_fu_56">
<pin_list>
<pin id="57" dir="0" index="0" bw="1" slack="0"/>
<pin id="58" dir="1" index="1" bw="32" slack="0"/>
</pin_list>
<bind>
<opcode="alloca(26) " fcode="alloca"/>
<opset="out_bits/1 "/>
</bind>
</comp>

<comp id="60" class="1004" name="out_bits_1_fu_60">
<pin_list>
<pin id="61" dir="0" index="0" bw="1" slack="0"/>
<pin id="62" dir="1" index="1" bw="32" slack="0"/>
</pin_list>
<bind>
<opcode="alloca(26) " fcode="alloca"/>
<opset="out_bits_1/1 "/>
</bind>
</comp>

<comp id="64" class="1004" name="out_bits_2_fu_64">
<pin_list>
<pin id="65" dir="0" index="0" bw="1" slack="0"/>
<pin id="66" dir="1" index="1" bw="32" slack="0"/>
</pin_list>
<bind>
<opcode="alloca(26) " fcode="alloca"/>
<opset="out_bits_2/1 "/>
</bind>
</comp>

<comp id="68" class="1004" name="result_read_read_fu_68">
<pin_list>
<pin id="69" dir="0" index="0" bw="63" slack="0"/>
<pin id="70" dir="0" index="1" bw="63" slack="0"/>
<pin id="71" dir="1" index="2" bw="63" slack="0"/>
</pin_list>
<bind>
<opcode="read(1150) " fcode="read"/>
<opset="result_read/1 "/>
</bind>
</comp>

<comp id="74" class="1004" name="out_bits_3_reload_read_read_fu_74">
<pin_list>
<pin id="75" dir="0" index="0" bw="32" slack="0"/>
<pin id="76" dir="0" index="1" bw="32" slack="0"/>
<pin id="77" dir="1" index="2" bw="32" slack="0"/>
</pin_list>
<bind>
<opcode="read(1150) " fcode="read"/>
<opset="out_bits_3_reload_read/1 "/>
</bind>
</comp>

<comp id="80" class="1004" name="out_bits_4_reload_read_read_fu_80">
<pin_list>
<pin id="81" dir="0" index="0" bw="32" slack="0"/>
<pin id="82" dir="0" index="1" bw="32" slack="0"/>
<pin id="83" dir="1" index="2" bw="32" slack="0"/>
</pin_list>
<bind>
<opcode="read(1150) " fcode="read"/>
<opset="out_bits_4_reload_read/1 "/>
</bind>
</comp>

<comp id="86" class="1004" name="out_bits_5_reload_read_read_fu_86">
<pin_list>
<pin id="87" dir="0" index="0" bw="32" slack="0"/>
<pin id="88" dir="0" index="1" bw="32" slack="0"/>
<pin id="89" dir="1" index="2" bw="32" slack="0"/>
</pin_list>
<bind>
<opcode="read(1150) " fcode="read"/>
<opset="out_bits_5_reload_read/1 "/>
</bind>
</comp>

<comp id="92" class="1004" name="write_ln0_write_fu_92">
<pin_list>
<pin id="93" dir="0" index="0" bw="0" slack="0"/>
<pin id="94" dir="0" index="1" bw="32" slack="0"/>
<pin id="95" dir="0" index="2" bw="32" slack="0"/>
<pin id="96" dir="1" index="3" bw="0" slack="2147483647"/>
</pin_list>
<bind>
<opcode="write(1151) " fcode="write"/>
<opset="write_ln0/1 "/>
</bind>
</comp>

<comp id="99" class="1004" name="write_ln0_write_fu_99">
<pin_list>
<pin id="100" dir="0" index="0" bw="0" slack="0"/>
<pin id="101" dir="0" index="1" bw="32" slack="0"/>
<pin id="102" dir="0" index="2" bw="32" slack="0"/>
<pin id="103" dir="1" index="3" bw="0" slack="2147483647"/>
</pin_list>
<bind>
<opcode="write(1151) " fcode="write"/>
<opset="write_ln0/1 "/>
</bind>
</comp>

<comp id="106" class="1004" name="write_ln0_write_fu_106">
<pin_list>
<pin id="107" dir="0" index="0" bw="0" slack="0"/>
<pin id="108" dir="0" index="1" bw="32" slack="0"/>
<pin id="109" dir="0" index="2" bw="32" slack="0"/>
<pin id="110" dir="1" index="3" bw="0" slack="2147483647"/>
</pin_list>
<bind>
<opcode="write(1151) " fcode="write"/>
<opset="write_ln0/1 "/>
</bind>
</comp>

<comp id="113" class="1004" name="store_ln400_store_fu_113">
<pin_list>
<pin id="114" dir="0" index="0" bw="32" slack="0"/>
<pin id="115" dir="0" index="1" bw="32" slack="0"/>
<pin id="116" dir="1" index="2" bw="0" slack="2147483647"/>
</pin_list>
<bind>
<opcode="store(28) " fcode="store"/>
<opset="store_ln400/1 "/>
</bind>
</comp>

<comp id="118" class="1004" name="store_ln400_store_fu_118">
<pin_list>
<pin id="119" dir="0" index="0" bw="32" slack="0"/>
<pin id="120" dir="0" index="1" bw="32" slack="0"/>
<pin id="121" dir="1" index="2" bw="0" slack="2147483647"/>
</pin_list>
<bind>
<opcode="store(28) " fcode="store"/>
<opset="store_ln400/1 "/>
</bind>
</comp>

<comp id="123" class="1004" name="store_ln400_store_fu_123">
<pin_list>
<pin id="124" dir="0" index="0" bw="32" slack="0"/>
<pin id="125" dir="0" index="1" bw="32" slack="0"/>
<pin id="126" dir="1" index="2" bw="0" slack="2147483647"/>
</pin_list>
<bind>
<opcode="store(28) " fcode="store"/>
<opset="store_ln400/1 "/>
</bind>
</comp>

<comp id="128" class="1004" name="store_ln401_store_fu_128">
<pin_list>
<pin id="129" dir="0" index="0" bw="1" slack="0"/>
<pin id="130" dir="0" index="1" bw="2" slack="0"/>
<pin id="131" dir="1" index="2" bw="0" slack="2147483647"/>
</pin_list>
<bind>
<opcode="store(28) " fcode="store"/>
<opset="store_ln401/1 "/>
</bind>
</comp>

<comp id="133" class="1004" name="i_2_load_fu_133">
<pin_list>
<pin id="134" dir="0" index="0" bw="2" slack="0"/>
<pin id="135" dir="1" index="1" bw="2" slack="0"/>
</pin_list>
<bind>
<opcode="load(27) " fcode="load"/>
<opset="i_2/1 "/>
</bind>
</comp>

<comp id="136" class="1004" name="icmp_ln401_fu_136">
<pin_list>
<pin id="137" dir="0" index="0" bw="2" slack="0"/>
<pin id="138" dir="0" index="1" bw="1" slack="0"/>
<pin id="139" dir="1" index="2" bw="1" slack="2147483647"/>
</pin_list>
<bind>
<opcode="icmp(45) " fcode="icmp"/>
<opset="icmp_ln401/1 "/>
</bind>
</comp>

<comp id="142" class="1004" name="add_ln401_fu_142">
<pin_list>
<pin id="143" dir="0" index="0" bw="2" slack="0"/>
<pin id="144" dir="0" index="1" bw="1" slack="0"/>
<pin id="145" dir="1" index="2" bw="2" slack="0"/>
</pin_list>
<bind>
<opcode="add(8) " fcode="add"/>
<opset="add_ln401/1 "/>
</bind>
</comp>

<comp id="148" class="1004" name="shl_ln_fu_148">
<pin_list>
<pin id="149" dir="0" index="0" bw="6" slack="0"/>
<pin id="150" dir="0" index="1" bw="2" slack="0"/>
<pin id="151" dir="0" index="2" bw="1" slack="0"/>
<pin id="152" dir="1" index="3" bw="6" slack="0"/>
</pin_list>
<bind>
<opcode="bitconcatenate(1004) " fcode="bitconcatenate"/>
<opset="shl_ln/1 "/>
</bind>
</comp>

<comp id="156" class="1004" name="sub_ln403_fu_156">
<pin_list>
<pin id="157" dir="0" index="0" bw="6" slack="0"/>
<pin id="158" dir="0" index="1" bw="6" slack="0"/>
<pin id="159" dir="1" index="2" bw="6" slack="0"/>
</pin_list>
<bind>
<opcode="sub(10) " fcode="sub"/>
<opset="sub_ln403/1 "/>
</bind>
</comp>

<comp id="162" class="1004" name="zext_ln403_fu_162">
<pin_list>
<pin id="163" dir="0" index="0" bw="6" slack="0"/>
<pin id="164" dir="1" index="1" bw="32" slack="0"/>
</pin_list>
<bind>
<opcode="zext(34) " fcode="zext"/>
<opset="zext_ln403/1 "/>
</bind>
</comp>

<comp id="166" class="1004" name="tmp_4_fu_166">
<pin_list>
<pin id="167" dir="0" index="0" bw="16" slack="0"/>
<pin id="168" dir="0" index="1" bw="63" slack="0"/>
<pin id="169" dir="0" index="2" bw="6" slack="0"/>
<pin id="170" dir="1" index="3" bw="16" slack="0"/>
</pin_list>
<bind>
<opcode="partselect(1002) " fcode="partselect"/>
<opset="tmp_4/1 "/>
</bind>
</comp>

<comp id="174" class="1004" name="out_bits_3_fu_174">
<pin_list>
<pin id="175" dir="0" index="0" bw="32" slack="0"/>
<pin id="176" dir="0" index="1" bw="16" slack="0"/>
<pin id="177" dir="0" index="2" bw="16" slack="0"/>
<pin id="178" dir="1" index="3" bw="32" slack="0"/>
</pin_list>
<bind>
<opcode="bitconcatenate(1004) " fcode="bitconcatenate"/>
<opset="out_bits_3/1 "/>
</bind>
</comp>

<comp id="182" class="1004" name="store_ln400_store_fu_182">
<pin_list>
<pin id="183" dir="0" index="0" bw="32" slack="0"/>
<pin id="184" dir="0" index="1" bw="32" slack="0"/>
<pin id="185" dir="1" index="2" bw="0" slack="2147483647"/>
</pin_list>
<bind>
<opcode="store(28) " fcode="store"/>
<opset="store_ln400/1 "/>
</bind>
</comp>

<comp id="187" class="1004" name="store_ln400_store_fu_187">
<pin_list>
<pin id="188" dir="0" index="0" bw="32" slack="0"/>
<pin id="189" dir="0" index="1" bw="32" slack="0"/>
<pin id="190" dir="1" index="2" bw="0" slack="2147483647"/>
</pin_list>
<bind>
<opcode="store(28) " fcode="store"/>
<opset="store_ln400/1 "/>
</bind>
</comp>

<comp id="192" class="1004" name="store_ln400_store_fu_192">
<pin_list>
<pin id="193" dir="0" index="0" bw="32" slack="0"/>
<pin id="194" dir="0" index="1" bw="32" slack="0"/>
<pin id="195" dir="1" index="2" bw="0" slack="2147483647"/>
</pin_list>
<bind>
<opcode="store(28) " fcode="store"/>
<opset="store_ln400/1 "/>
</bind>
</comp>

<comp id="197" class="1004" name="store_ln401_store_fu_197">
<pin_list>
<pin id="198" dir="0" index="0" bw="2" slack="0"/>
<pin id="199" dir="0" index="1" bw="2" slack="0"/>
<pin id="200" dir="1" index="2" bw="0" slack="2147483647"/>
</pin_list>
<bind>
<opcode="store(28) " fcode="store"/>
<opset="store_ln401/1 "/>
</bind>
</comp>

<comp id="202" class="1004" name="out_bits_load_load_fu_202">
<pin_list>
<pin id="203" dir="0" index="0" bw="32" slack="0"/>
<pin id="204" dir="1" index="1" bw="32" slack="0"/>
</pin_list>
<bind>
<opcode="load(27) " fcode="load"/>
<opset="out_bits_load/1 "/>
</bind>
</comp>

<comp id="206" class="1004" name="out_bits_1_load_load_fu_206">
<pin_list>
<pin id="207" dir="0" index="0" bw="32" slack="0"/>
<pin id="208" dir="1" index="1" bw="32" slack="0"/>
</pin_list>
<bind>
<opcode="load(27) " fcode="load"/>
<opset="out_bits_1_load/1 "/>
</bind>
</comp>

<comp id="210" class="1004" name="out_bits_2_load_load_fu_210">
<pin_list>
<pin id="211" dir="0" index="0" bw="32" slack="0"/>
<pin id="212" dir="1" index="1" bw="32" slack="0"/>
</pin_list>
<bind>
<opcode="load(27) " fcode="load"/>
<opset="out_bits_2_load/1 "/>
</bind>
</comp>

<comp id="214" class="1005" name="i_reg_214">
<pin_list>
<pin id="215" dir="0" index="0" bw="2" slack="0"/>
<pin id="216" dir="1" index="1" bw="2" slack="0"/>
</pin_list>
<bind>
<opset="i "/>
</bind>
</comp>

<comp id="221" class="1005" name="out_bits_reg_221">
<pin_list>
<pin id="222" dir="0" index="0" bw="32" slack="0"/>
<pin id="223" dir="1" index="1" bw="32" slack="0"/>
</pin_list>
<bind>
<opset="out_bits "/>
</bind>
</comp>

<comp id="228" class="1005" name="out_bits_1_reg_228">
<pin_list>
<pin id="229" dir="0" index="0" bw="32" slack="0"/>
<pin id="230" dir="1" index="1" bw="32" slack="0"/>
</pin_list>
<bind>
<opset="out_bits_1 "/>
</bind>
</comp>

<comp id="235" class="1005" name="out_bits_2_reg_235">
<pin_list>
<pin id="236" dir="0" index="0" bw="32" slack="0"/>
<pin id="237" dir="1" index="1" bw="32" slack="0"/>
</pin_list>
<bind>
<opset="out_bits_2 "/>
</bind>
</comp>

</comp_list>

<net_list>
<net id="55"><net_src comp="14" pin="0"/><net_sink comp="52" pin=0"/></net>

<net id="59"><net_src comp="14" pin="0"/><net_sink comp="56" pin=0"/></net>

<net id="63"><net_src comp="14" pin="0"/><net_sink comp="60" pin=0"/></net>

<net id="67"><net_src comp="14" pin="0"/><net_sink comp="64" pin=0"/></net>

<net id="72"><net_src comp="16" pin="0"/><net_sink comp="68" pin=0"/></net>

<net id="73"><net_src comp="6" pin="0"/><net_sink comp="68" pin=1"/></net>

<net id="78"><net_src comp="18" pin="0"/><net_sink comp="74" pin=0"/></net>

<net id="79"><net_src comp="4" pin="0"/><net_sink comp="74" pin=1"/></net>

<net id="84"><net_src comp="18" pin="0"/><net_sink comp="80" pin=0"/></net>

<net id="85"><net_src comp="2" pin="0"/><net_sink comp="80" pin=1"/></net>

<net id="90"><net_src comp="18" pin="0"/><net_sink comp="86" pin=0"/></net>

<net id="91"><net_src comp="0" pin="0"/><net_sink comp="86" pin=1"/></net>

<net id="97"><net_src comp="50" pin="0"/><net_sink comp="92" pin=0"/></net>

<net id="98"><net_src comp="8" pin="0"/><net_sink comp="92" pin=1"/></net>

<net id="104"><net_src comp="50" pin="0"/><net_sink comp="99" pin=0"/></net>

<net id="105"><net_src comp="10" pin="0"/><net_sink comp="99" pin=1"/></net>

<net id="111"><net_src comp="50" pin="0"/><net_sink comp="106" pin=0"/></net>

<net id="112"><net_src comp="12" pin="0"/><net_sink comp="106" pin=1"/></net>

<net id="117"><net_src comp="86" pin="2"/><net_sink comp="113" pin=0"/></net>

<net id="122"><net_src comp="80" pin="2"/><net_sink comp="118" pin=0"/></net>

<net id="127"><net_src comp="74" pin="2"/><net_sink comp="123" pin=0"/></net>

<net id="132"><net_src comp="20" pin="0"/><net_sink comp="128" pin=0"/></net>

<net id="140"><net_src comp="133" pin="1"/><net_sink comp="136" pin=0"/></net>

<net id="141"><net_src comp="22" pin="0"/><net_sink comp="136" pin=1"/></net>

<net id="146"><net_src comp="133" pin="1"/><net_sink comp="142" pin=0"/></net>

<net id="147"><net_src comp="24" pin="0"/><net_sink comp="142" pin=1"/></net>

<net id="153"><net_src comp="38" pin="0"/><net_sink comp="148" pin=0"/></net>

<net id="154"><net_src comp="133" pin="1"/><net_sink comp="148" pin=1"/></net>

<net id="155"><net_src comp="40" pin="0"/><net_sink comp="148" pin=2"/></net>

<net id="160"><net_src comp="42" pin="0"/><net_sink comp="156" pin=0"/></net>

<net id="161"><net_src comp="148" pin="3"/><net_sink comp="156" pin=1"/></net>

<net id="165"><net_src comp="156" pin="2"/><net_sink comp="162" pin=0"/></net>

<net id="171"><net_src comp="44" pin="0"/><net_sink comp="166" pin=0"/></net>

<net id="172"><net_src comp="68" pin="2"/><net_sink comp="166" pin=1"/></net>

<net id="173"><net_src comp="162" pin="1"/><net_sink comp="166" pin=2"/></net>

<net id="179"><net_src comp="46" pin="0"/><net_sink comp="174" pin=0"/></net>

<net id="180"><net_src comp="166" pin="3"/><net_sink comp="174" pin=1"/></net>

<net id="181"><net_src comp="48" pin="0"/><net_sink comp="174" pin=2"/></net>

<net id="186"><net_src comp="174" pin="3"/><net_sink comp="182" pin=0"/></net>

<net id="191"><net_src comp="174" pin="3"/><net_sink comp="187" pin=0"/></net>

<net id="196"><net_src comp="174" pin="3"/><net_sink comp="192" pin=0"/></net>

<net id="201"><net_src comp="142" pin="2"/><net_sink comp="197" pin=0"/></net>

<net id="205"><net_src comp="202" pin="1"/><net_sink comp="106" pin=2"/></net>

<net id="209"><net_src comp="206" pin="1"/><net_sink comp="99" pin=2"/></net>

<net id="213"><net_src comp="210" pin="1"/><net_sink comp="92" pin=2"/></net>

<net id="217"><net_src comp="52" pin="1"/><net_sink comp="214" pin=0"/></net>

<net id="218"><net_src comp="214" pin="1"/><net_sink comp="128" pin=1"/></net>

<net id="219"><net_src comp="214" pin="1"/><net_sink comp="133" pin=0"/></net>

<net id="220"><net_src comp="214" pin="1"/><net_sink comp="197" pin=1"/></net>

<net id="224"><net_src comp="56" pin="1"/><net_sink comp="221" pin=0"/></net>

<net id="225"><net_src comp="221" pin="1"/><net_sink comp="123" pin=1"/></net>

<net id="226"><net_src comp="221" pin="1"/><net_sink comp="187" pin=1"/></net>

<net id="227"><net_src comp="221" pin="1"/><net_sink comp="202" pin=0"/></net>

<net id="231"><net_src comp="60" pin="1"/><net_sink comp="228" pin=0"/></net>

<net id="232"><net_src comp="228" pin="1"/><net_sink comp="118" pin=1"/></net>

<net id="233"><net_src comp="228" pin="1"/><net_sink comp="182" pin=1"/></net>

<net id="234"><net_src comp="228" pin="1"/><net_sink comp="206" pin=0"/></net>

<net id="238"><net_src comp="64" pin="1"/><net_sink comp="235" pin=0"/></net>

<net id="239"><net_src comp="235" pin="1"/><net_sink comp="113" pin=1"/></net>

<net id="240"><net_src comp="235" pin="1"/><net_sink comp="192" pin=1"/></net>

<net id="241"><net_src comp="235" pin="1"/><net_sink comp="210" pin=0"/></net>

</net_list>

</model> 
---------------- Datapath Model END ------------------

* FSMD analyzer results:
  - Output states:
	Port: out_bits_9_out | {1 }
	Port: out_bits_8_out | {1 }
	Port: out_bits_7_out | {1 }
 - Input state : 
	Port: sin_or_cos<double>_Pipeline_2 : out_bits_5_reload | {1 }
	Port: sin_or_cos<double>_Pipeline_2 : out_bits_4_reload | {1 }
	Port: sin_or_cos<double>_Pipeline_2 : out_bits_3_reload | {1 }
	Port: sin_or_cos<double>_Pipeline_2 : result | {1 }
  - Chain level:
	State 1
		store_ln401 : 1
		i_2 : 1
		icmp_ln401 : 2
		add_ln401 : 2
		br_ln401 : 3
		shl_ln : 2
		sub_ln403 : 3
		zext_ln403 : 4
		tmp_4 : 5
		out_bits_3 : 6
		switch_ln405 : 2
		store_ln400 : 7
		store_ln400 : 7
		store_ln400 : 7
		store_ln401 : 3
		out_bits_load : 1
		out_bits_1_load : 1
		out_bits_2_load : 1
		write_ln0 : 2
		write_ln0 : 2
		write_ln0 : 2


============================================================
+ Verbose Summary: Datapath Resource usage 
============================================================

* Functional unit list:
|----------|-----------------------------------|---------|---------|
| Operation|          Functional Unit          |    FF   |   LUT   |
|----------|-----------------------------------|---------|---------|
|partselect|            tmp_4_fu_166           |    0    |    17   |
|----------|-----------------------------------|---------|---------|
|    sub   |          sub_ln403_fu_156         |    0    |    14   |
|----------|-----------------------------------|---------|---------|
|   icmp   |         icmp_ln401_fu_136         |    0    |    10   |
|----------|-----------------------------------|---------|---------|
|    add   |          add_ln401_fu_142         |    0    |    10   |
|----------|-----------------------------------|---------|---------|
|          |       result_read_read_fu_68      |    0    |    0    |
|   read   | out_bits_3_reload_read_read_fu_74 |    0    |    0    |
|          | out_bits_4_reload_read_read_fu_80 |    0    |    0    |
|          | out_bits_5_reload_read_read_fu_86 |    0    |    0    |
|----------|-----------------------------------|---------|---------|
|          |       write_ln0_write_fu_92       |    0    |    0    |
|   write  |       write_ln0_write_fu_99       |    0    |    0    |
|          |       write_ln0_write_fu_106      |    0    |    0    |
|----------|-----------------------------------|---------|---------|
|bitconcatenate|           shl_ln_fu_148           |    0    |    0    |
|          |         out_bits_3_fu_174         |    0    |    0    |
|----------|-----------------------------------|---------|---------|
|   zext   |         zext_ln403_fu_162         |    0    |    0    |
|----------|-----------------------------------|---------|---------|
|   Total  |                                   |    0    |    51   |
|----------|-----------------------------------|---------|---------|

Memories:
N/A

* Register list:
+------------------+--------+
|                  |   FF   |
+------------------+--------+
|     i_reg_214    |    2   |
|out_bits_1_reg_228|   32   |
|out_bits_2_reg_235|   32   |
| out_bits_reg_221 |   32   |
+------------------+--------+
|       Total      |   98   |
+------------------+--------+

* Multiplexer (MUX) list: 
|--------|------|------|------|--------|
|  Comp  |  Pin | Size |  BW  | S x BW |
|--------|------|------|------|--------|
|  Total |      |      |      |    0   |
|--------|------|------|------|--------|



* Summary:
+-----------+--------+--------+
|           |   FF   |   LUT  |
+-----------+--------+--------+
|  Function |    0   |   51   |
|   Memory  |    -   |    -   |
|Multiplexer|    -   |    -   |
|  Register |   98   |    -   |
+-----------+--------+--------+
|   Total   |   98   |   51   |
+-----------+--------+--------+
