#-----------------------------------------------------------
# Vivado v2024.2 (64-bit)
# SW Build 5239630 on Fri Nov 08 22:34:34 MST 2024
# IP Build 5239520 on Sun Nov 10 16:12:51 MST 2024
# SharedData Build 5239561 on Fri Nov 08 14:39:27 MST 2024
# Start of session at: Mon Dec  8 16:30:48 2025
# Process ID         : 1982995
# Current directory  : /home/linux/ieng6/students/769/zeh003/Desktop/CSE-237C-Starter/project_files/project5_bnn/hls/bnn.comp/hls/impl/ip
# Command line       : vivado -notrace -mode batch -source run_ippack.tcl
# Log file           : /home/linux/ieng6/students/769/zeh003/Desktop/CSE-237C-Starter/project_files/project5_bnn/hls/bnn.comp/hls/impl/ip/vivado.log
# Journal file       : /home/linux/ieng6/students/769/zeh003/Desktop/CSE-237C-Starter/project_files/project5_bnn/hls/bnn.comp/hls/impl/ip/vivado.jou
# Running On         : ieng6-240.ucsd.edu
# Platform           : Linuxmint
# Operating System   : Linux Mint 22.1
# Processor Detail   : Intel(R) Xeon(R) Gold 5220 CPU @ 2.20GHz
# CPU Frequency      : 2194.843 MHz
# CPU Physical cores : 4
# CPU Logical cores  : 4
# Host memory        : 33655 MB
# Swap memory        : 1023 MB
# Total Virtual      : 34679 MB
# Available Virtual  : 25429 MB
#-----------------------------------------------------------
source run_ippack.tcl -notrace
INFO: calling package_hls_ip ip_types=vitis sysgen json_file=/home/linux/ieng6/students/769/zeh003/Desktop/CSE-237C-Starter/project_files/project5_bnn/hls/bnn.comp/hls/hls_data.json outdir=/home/linux/ieng6/students/769/zeh003/Desktop/CSE-237C-Starter/project_files/project5_bnn/hls/bnn.comp/hls/impl/ip srcdir=/home/linux/ieng6/students/769/zeh003/Desktop/CSE-237C-Starter/project_files/project5_bnn/hls/bnn.comp/hls sort_interfaces_ports=false
INFO: Copied 1 ipmisc file(s) to /home/linux/ieng6/students/769/zeh003/Desktop/CSE-237C-Starter/project_files/project5_bnn/hls/bnn.comp/hls/impl/ip/misc
INFO: Copied 19 verilog file(s) to /home/linux/ieng6/students/769/zeh003/Desktop/CSE-237C-Starter/project_files/project5_bnn/hls/bnn.comp/hls/impl/ip/hdl/verilog
INFO: Copied 15 vhdl file(s) to /home/linux/ieng6/students/769/zeh003/Desktop/CSE-237C-Starter/project_files/project5_bnn/hls/bnn.comp/hls/impl/ip/hdl/vhdl
ipx::create_core: Time (s): cpu = 00:00:10 ; elapsed = 00:00:11 . Memory (MB): peak = 1536.266 ; gain = 78.855 ; free physical = 12266 ; free virtual = 23809
INFO: Import ports from HDL: /home/linux/ieng6/students/769/zeh003/Desktop/CSE-237C-Starter/project_files/project5_bnn/hls/bnn.comp/hls/impl/ip/hdl/vhdl/bnn.vhd (bnn)
INFO: Add clock interface ap_clk
INFO: Add reset interface ap_rst
INFO: Add ap_ctrl interface ap_ctrl
INFO: Add data interface IN_r_address0
INFO: [IP_Flow 19-234] Refreshing IP repositories
INFO: [IP_Flow 19-1704] No user IP repositories specified
INFO: [IP_Flow 19-2313] Loaded Vivado IP repository '/software/common/Xilinx_Vitis/Vivado/2024.2/data/ip'.
INFO: Add data interface IN_r_q0
INFO: Add data interface ys_address0
INFO: Add data interface ys_d0
INFO: Calling post_process_vitis to specialize IP
INFO: Calling post_process_sysgen to specialize IP
Generating sysgen info xml from json file
INFO: Created IP /home/linux/ieng6/students/769/zeh003/Desktop/CSE-237C-Starter/project_files/project5_bnn/hls/bnn.comp/hls/impl/ip/component.xml
INFO: Created IP archive /home/linux/ieng6/students/769/zeh003/Desktop/CSE-237C-Starter/project_files/project5_bnn/hls/bnn.comp/hls/impl/ip/xilinx_com_hls_bnn_1_0.zip
INFO: [Common 17-206] Exiting Vivado at Mon Dec  8 16:31:13 2025...
