

================================================================
== Synthesis Summary Report of 'dft'
================================================================
+ General Information: 
    * Date:           Tue Nov  4 13:46:37 2025
    * Version:        2024.2 (Build 5238294 on Nov  8 2024)
    * Project:        dft.comp
    * Solution:       hls (Vivado IP Flow Target)
    * Product family: zynq
    * Target device:  xc7z020-clg400-1
    

+ Performance & Resource Estimates: 
    
    PS: '+' for module; 'o' for loop; '*' for dataflow
    +----------------------------------+------+------+---------+-----------+----------+---------+------+----------+----------+--------+------------+-----------+-----+
    |              Modules             | Issue|      | Latency |  Latency  | Iteration|         | Trip |          |          |        |            |           |     |
    |              & Loops             | Type | Slack| (cycles)|    (ns)   |  Latency | Interval| Count| Pipelined|   BRAM   |   DSP  |     FF     |    LUT    | URAM|
    +----------------------------------+------+------+---------+-----------+----------+---------+------+----------+----------+--------+------------+-----------+-----+
    |+ dft                             |     -|  0.04|     6209|  6.209e+04|         -|     6210|     -|        no|  64 (22%)|  5 (2%)|   5195 (4%)|  1621 (3%)|    -|
    | o VITIS_LOOP_16_1                |     -|  7.30|     6208|  6.208e+04|       194|        -|    32|        no|         -|       -|           -|          -|    -|
    |  + dft_Pipeline_VITIS_LOOP_20_2  |     -|  0.04|      190|  1.900e+03|         -|      190|     -|        no|         -|  5 (2%)|  1044 (~0%)|  1553 (2%)|    -|
    |   o VITIS_LOOP_20_2              |    II|  7.30|      188|  1.880e+03|        24|       11|    16|       yes|         -|       -|           -|          -|    -|
    +----------------------------------+------+------+---------+-----------+----------+---------+------+----------+----------+--------+------------+-----------+-----+


================================================================
== HW Interfaces
================================================================
* Other Ports
+-------------+---------+-----------+----------+
| Port        | Mode    | Direction | Bitwidth |
+-------------+---------+-----------+----------+
| input_I_0   | ap_none | in        | 32       |
| input_I_1   | ap_none | in        | 32       |
| input_I_10  | ap_none | in        | 32       |
| input_I_11  | ap_none | in        | 32       |
| input_I_12  | ap_none | in        | 32       |
| input_I_13  | ap_none | in        | 32       |
| input_I_14  | ap_none | in        | 32       |
| input_I_15  | ap_none | in        | 32       |
| input_I_16  | ap_none | in        | 32       |
| input_I_17  | ap_none | in        | 32       |
| input_I_18  | ap_none | in        | 32       |
| input_I_19  | ap_none | in        | 32       |
| input_I_2   | ap_none | in        | 32       |
| input_I_20  | ap_none | in        | 32       |
| input_I_21  | ap_none | in        | 32       |
| input_I_22  | ap_none | in        | 32       |
| input_I_23  | ap_none | in        | 32       |
| input_I_24  | ap_none | in        | 32       |
| input_I_25  | ap_none | in        | 32       |
| input_I_26  | ap_none | in        | 32       |
| input_I_27  | ap_none | in        | 32       |
| input_I_28  | ap_none | in        | 32       |
| input_I_29  | ap_none | in        | 32       |
| input_I_3   | ap_none | in        | 32       |
| input_I_30  | ap_none | in        | 32       |
| input_I_31  | ap_none | in        | 32       |
| input_I_4   | ap_none | in        | 32       |
| input_I_5   | ap_none | in        | 32       |
| input_I_6   | ap_none | in        | 32       |
| input_I_7   | ap_none | in        | 32       |
| input_I_8   | ap_none | in        | 32       |
| input_I_9   | ap_none | in        | 32       |
| input_R_0   | ap_none | in        | 32       |
| input_R_1   | ap_none | in        | 32       |
| input_R_10  | ap_none | in        | 32       |
| input_R_11  | ap_none | in        | 32       |
| input_R_12  | ap_none | in        | 32       |
| input_R_13  | ap_none | in        | 32       |
| input_R_14  | ap_none | in        | 32       |
| input_R_15  | ap_none | in        | 32       |
| input_R_16  | ap_none | in        | 32       |
| input_R_17  | ap_none | in        | 32       |
| input_R_18  | ap_none | in        | 32       |
| input_R_19  | ap_none | in        | 32       |
| input_R_2   | ap_none | in        | 32       |
| input_R_20  | ap_none | in        | 32       |
| input_R_21  | ap_none | in        | 32       |
| input_R_22  | ap_none | in        | 32       |
| input_R_23  | ap_none | in        | 32       |
| input_R_24  | ap_none | in        | 32       |
| input_R_25  | ap_none | in        | 32       |
| input_R_26  | ap_none | in        | 32       |
| input_R_27  | ap_none | in        | 32       |
| input_R_28  | ap_none | in        | 32       |
| input_R_29  | ap_none | in        | 32       |
| input_R_3   | ap_none | in        | 32       |
| input_R_30  | ap_none | in        | 32       |
| input_R_31  | ap_none | in        | 32       |
| input_R_4   | ap_none | in        | 32       |
| input_R_5   | ap_none | in        | 32       |
| input_R_6   | ap_none | in        | 32       |
| input_R_7   | ap_none | in        | 32       |
| input_R_8   | ap_none | in        | 32       |
| input_R_9   | ap_none | in        | 32       |
| output_I_0  | ap_vld  | out       | 32       |
| output_I_1  | ap_vld  | out       | 32       |
| output_I_10 | ap_vld  | out       | 32       |
| output_I_11 | ap_vld  | out       | 32       |
| output_I_12 | ap_vld  | out       | 32       |
| output_I_13 | ap_vld  | out       | 32       |
| output_I_14 | ap_vld  | out       | 32       |
| output_I_15 | ap_vld  | out       | 32       |
| output_I_16 | ap_vld  | out       | 32       |
| output_I_17 | ap_vld  | out       | 32       |
| output_I_18 | ap_vld  | out       | 32       |
| output_I_19 | ap_vld  | out       | 32       |
| output_I_2  | ap_vld  | out       | 32       |
| output_I_20 | ap_vld  | out       | 32       |
| output_I_21 | ap_vld  | out       | 32       |
| output_I_22 | ap_vld  | out       | 32       |
| output_I_23 | ap_vld  | out       | 32       |
| output_I_24 | ap_vld  | out       | 32       |
| output_I_25 | ap_vld  | out       | 32       |
| output_I_26 | ap_vld  | out       | 32       |
| output_I_27 | ap_vld  | out       | 32       |
| output_I_28 | ap_vld  | out       | 32       |
| output_I_29 | ap_vld  | out       | 32       |
| output_I_3  | ap_vld  | out       | 32       |
| output_I_30 | ap_vld  | out       | 32       |
| output_I_31 | ap_vld  | out       | 32       |
| output_I_4  | ap_vld  | out       | 32       |
| output_I_5  | ap_vld  | out       | 32       |
| output_I_6  | ap_vld  | out       | 32       |
| output_I_7  | ap_vld  | out       | 32       |
| output_I_8  | ap_vld  | out       | 32       |
| output_I_9  | ap_vld  | out       | 32       |
| output_R_0  | ap_vld  | out       | 32       |
| output_R_1  | ap_vld  | out       | 32       |
| output_R_10 | ap_vld  | out       | 32       |
| output_R_11 | ap_vld  | out       | 32       |
| output_R_12 | ap_vld  | out       | 32       |
| output_R_13 | ap_vld  | out       | 32       |
| output_R_14 | ap_vld  | out       | 32       |
| output_R_15 | ap_vld  | out       | 32       |
| output_R_16 | ap_vld  | out       | 32       |
| output_R_17 | ap_vld  | out       | 32       |
| output_R_18 | ap_vld  | out       | 32       |
| output_R_19 | ap_vld  | out       | 32       |
| output_R_2  | ap_vld  | out       | 32       |
| output_R_20 | ap_vld  | out       | 32       |
| output_R_21 | ap_vld  | out       | 32       |
| output_R_22 | ap_vld  | out       | 32       |
| output_R_23 | ap_vld  | out       | 32       |
| output_R_24 | ap_vld  | out       | 32       |
| output_R_25 | ap_vld  | out       | 32       |
| output_R_26 | ap_vld  | out       | 32       |
| output_R_27 | ap_vld  | out       | 32       |
| output_R_28 | ap_vld  | out       | 32       |
| output_R_29 | ap_vld  | out       | 32       |
| output_R_3  | ap_vld  | out       | 32       |
| output_R_30 | ap_vld  | out       | 32       |
| output_R_31 | ap_vld  | out       | 32       |
| output_R_4  | ap_vld  | out       | 32       |
| output_R_5  | ap_vld  | out       | 32       |
| output_R_6  | ap_vld  | out       | 32       |
| output_R_7  | ap_vld  | out       | 32       |
| output_R_8  | ap_vld  | out       | 32       |
| output_R_9  | ap_vld  | out       | 32       |
+-------------+---------+-----------+----------+

* TOP LEVEL CONTROL
+-----------+------------+-----------------------------------+
| Interface | Type       | Ports                             |
+-----------+------------+-----------------------------------+
| ap_clk    | clock      | ap_clk                            |
| ap_rst    | reset      | ap_rst                            |
| ap_ctrl   | ap_ctrl_hs | ap_done ap_idle ap_ready ap_start |
+-----------+------------+-----------------------------------+


================================================================
== SW I/O Information
================================================================
* Top Function Arguments
+----------+-----------+----------+
| Argument | Direction | Datatype |
+----------+-----------+----------+
| input_R  | in        | float*   |
| input_I  | in        | float*   |
| output_R | out       | float*   |
| output_I | out       | float*   |
+----------+-----------+----------+

* SW-to-HW Mapping
+----------+--------------------+---------+
| Argument | HW Interface       | HW Type |
+----------+--------------------+---------+
| input_R  | input_R_0          | port    |
| input_R  | input_R_1          | port    |
| input_R  | input_R_2          | port    |
| input_R  | input_R_3          | port    |
| input_R  | input_R_4          | port    |
| input_R  | input_R_5          | port    |
| input_R  | input_R_6          | port    |
| input_R  | input_R_7          | port    |
| input_R  | input_R_8          | port    |
| input_R  | input_R_9          | port    |
| input_R  | input_R_10         | port    |
| input_R  | input_R_11         | port    |
| input_R  | input_R_12         | port    |
| input_R  | input_R_13         | port    |
| input_R  | input_R_14         | port    |
| input_R  | input_R_15         | port    |
| input_R  | input_R_16         | port    |
| input_R  | input_R_17         | port    |
| input_R  | input_R_18         | port    |
| input_R  | input_R_19         | port    |
| input_R  | input_R_20         | port    |
| input_R  | input_R_21         | port    |
| input_R  | input_R_22         | port    |
| input_R  | input_R_23         | port    |
| input_R  | input_R_24         | port    |
| input_R  | input_R_25         | port    |
| input_R  | input_R_26         | port    |
| input_R  | input_R_27         | port    |
| input_R  | input_R_28         | port    |
| input_R  | input_R_29         | port    |
| input_R  | input_R_30         | port    |
| input_R  | input_R_31         | port    |
| input_I  | input_I_0          | port    |
| input_I  | input_I_1          | port    |
| input_I  | input_I_2          | port    |
| input_I  | input_I_3          | port    |
| input_I  | input_I_4          | port    |
| input_I  | input_I_5          | port    |
| input_I  | input_I_6          | port    |
| input_I  | input_I_7          | port    |
| input_I  | input_I_8          | port    |
| input_I  | input_I_9          | port    |
| input_I  | input_I_10         | port    |
| input_I  | input_I_11         | port    |
| input_I  | input_I_12         | port    |
| input_I  | input_I_13         | port    |
| input_I  | input_I_14         | port    |
| input_I  | input_I_15         | port    |
| input_I  | input_I_16         | port    |
| input_I  | input_I_17         | port    |
| input_I  | input_I_18         | port    |
| input_I  | input_I_19         | port    |
| input_I  | input_I_20         | port    |
| input_I  | input_I_21         | port    |
| input_I  | input_I_22         | port    |
| input_I  | input_I_23         | port    |
| input_I  | input_I_24         | port    |
| input_I  | input_I_25         | port    |
| input_I  | input_I_26         | port    |
| input_I  | input_I_27         | port    |
| input_I  | input_I_28         | port    |
| input_I  | input_I_29         | port    |
| input_I  | input_I_30         | port    |
| input_I  | input_I_31         | port    |
| output_R | output_R_0         | port    |
| output_R | output_R_0_ap_vld  | port    |
| output_R | output_R_1         | port    |
| output_R | output_R_1_ap_vld  | port    |
| output_R | output_R_2         | port    |
| output_R | output_R_2_ap_vld  | port    |
| output_R | output_R_3         | port    |
| output_R | output_R_3_ap_vld  | port    |
| output_R | output_R_4         | port    |
| output_R | output_R_4_ap_vld  | port    |
| output_R | output_R_5         | port    |
| output_R | output_R_5_ap_vld  | port    |
| output_R | output_R_6         | port    |
| output_R | output_R_6_ap_vld  | port    |
| output_R | output_R_7         | port    |
| output_R | output_R_7_ap_vld  | port    |
| output_R | output_R_8         | port    |
| output_R | output_R_8_ap_vld  | port    |
| output_R | output_R_9         | port    |
| output_R | output_R_9_ap_vld  | port    |
| output_R | output_R_10        | port    |
| output_R | output_R_10_ap_vld | port    |
| output_R | output_R_11        | port    |
| output_R | output_R_11_ap_vld | port    |
| output_R | output_R_12        | port    |
| output_R | output_R_12_ap_vld | port    |
| output_R | output_R_13        | port    |
| output_R | output_R_13_ap_vld | port    |
| output_R | output_R_14        | port    |
| output_R | output_R_14_ap_vld | port    |
| output_R | output_R_15        | port    |
| output_R | output_R_15_ap_vld | port    |
| output_R | output_R_16        | port    |
| output_R | output_R_16_ap_vld | port    |
| output_R | output_R_17        | port    |
| output_R | output_R_17_ap_vld | port    |
| output_R | output_R_18        | port    |
| output_R | output_R_18_ap_vld | port    |
| output_R | output_R_19        | port    |
| output_R | output_R_19_ap_vld | port    |
| output_R | output_R_20        | port    |
| output_R | output_R_20_ap_vld | port    |
| output_R | output_R_21        | port    |
| output_R | output_R_21_ap_vld | port    |
| output_R | output_R_22        | port    |
| output_R | output_R_22_ap_vld | port    |
| output_R | output_R_23        | port    |
| output_R | output_R_23_ap_vld | port    |
| output_R | output_R_24        | port    |
| output_R | output_R_24_ap_vld | port    |
| output_R | output_R_25        | port    |
| output_R | output_R_25_ap_vld | port    |
| output_R | output_R_26        | port    |
| output_R | output_R_26_ap_vld | port    |
| output_R | output_R_27        | port    |
| output_R | output_R_27_ap_vld | port    |
| output_R | output_R_28        | port    |
| output_R | output_R_28_ap_vld | port    |
| output_R | output_R_29        | port    |
| output_R | output_R_29_ap_vld | port    |
| output_R | output_R_30        | port    |
| output_R | output_R_30_ap_vld | port    |
| output_R | output_R_31        | port    |
| output_R | output_R_31_ap_vld | port    |
| output_I | output_I_0         | port    |
| output_I | output_I_0_ap_vld  | port    |
| output_I | output_I_1         | port    |
| output_I | output_I_1_ap_vld  | port    |
| output_I | output_I_2         | port    |
| output_I | output_I_2_ap_vld  | port    |
| output_I | output_I_3         | port    |
| output_I | output_I_3_ap_vld  | port    |
| output_I | output_I_4         | port    |
| output_I | output_I_4_ap_vld  | port    |
| output_I | output_I_5         | port    |
| output_I | output_I_5_ap_vld  | port    |
| output_I | output_I_6         | port    |
| output_I | output_I_6_ap_vld  | port    |
| output_I | output_I_7         | port    |
| output_I | output_I_7_ap_vld  | port    |
| output_I | output_I_8         | port    |
| output_I | output_I_8_ap_vld  | port    |
| output_I | output_I_9         | port    |
| output_I | output_I_9_ap_vld  | port    |
| output_I | output_I_10        | port    |
| output_I | output_I_10_ap_vld | port    |
| output_I | output_I_11        | port    |
| output_I | output_I_11_ap_vld | port    |
| output_I | output_I_12        | port    |
| output_I | output_I_12_ap_vld | port    |
| output_I | output_I_13        | port    |
| output_I | output_I_13_ap_vld | port    |
| output_I | output_I_14        | port    |
| output_I | output_I_14_ap_vld | port    |
| output_I | output_I_15        | port    |
| output_I | output_I_15_ap_vld | port    |
| output_I | output_I_16        | port    |
| output_I | output_I_16_ap_vld | port    |
| output_I | output_I_17        | port    |
| output_I | output_I_17_ap_vld | port    |
| output_I | output_I_18        | port    |
| output_I | output_I_18_ap_vld | port    |
| output_I | output_I_19        | port    |
| output_I | output_I_19_ap_vld | port    |
| output_I | output_I_20        | port    |
| output_I | output_I_20_ap_vld | port    |
| output_I | output_I_21        | port    |
| output_I | output_I_21_ap_vld | port    |
| output_I | output_I_22        | port    |
| output_I | output_I_22_ap_vld | port    |
| output_I | output_I_23        | port    |
| output_I | output_I_23_ap_vld | port    |
| output_I | output_I_24        | port    |
| output_I | output_I_24_ap_vld | port    |
| output_I | output_I_25        | port    |
| output_I | output_I_25_ap_vld | port    |
| output_I | output_I_26        | port    |
| output_I | output_I_26_ap_vld | port    |
| output_I | output_I_27        | port    |
| output_I | output_I_27_ap_vld | port    |
| output_I | output_I_28        | port    |
| output_I | output_I_28_ap_vld | port    |
| output_I | output_I_29        | port    |
| output_I | output_I_29_ap_vld | port    |
| output_I | output_I_30        | port    |
| output_I | output_I_30_ap_vld | port    |
| output_I | output_I_31        | port    |
| output_I | output_I_31_ap_vld | port    |
+----------+--------------------+---------+


================================================================
== Bind Op Report
================================================================
+------------------------------------------+-----+--------+-----------+-----------+--------------------------+---------+
| Name                                     | DSP | Pragma | Variable  | Op        | Impl                     | Latency |
+------------------------------------------+-----+--------+-----------+-----------+--------------------------+---------+
| + dft                                    | 5   |        |           |           |                          |         |
|   icmp_ln16_fu_2626_p2                   |     |        | icmp_ln16 | seteq     | auto                     | 0       |
|   add_ln16_fu_2632_p2                    |     |        | add_ln16  | add       | fabric                   | 0       |
|  + dft_Pipeline_VITIS_LOOP_20_2          | 5   |        |           |           |                          |         |
|    sparsemux_33_5_32_1_1_U3              |     |        | c         | sparsemux | compactencoding_dontcare | 0       |
|    sparsemux_33_5_32_1_1_U4              |     |        | s         | sparsemux | compactencoding_dontcare | 0       |
|    sparsemux_33_5_32_1_1_U5              |     |        | tmp       | sparsemux | compactencoding_dontcare | 0       |
|    fmul_32ns_32ns_32_4_max_dsp_1_U2      | 3   |        | mul       | fmul      | maxdsp                   | 3       |
|    sparsemux_33_5_32_1_1_U6              |     |        | tmp_1     | sparsemux | compactencoding_dontcare | 0       |
|    fmul_32ns_32ns_32_4_max_dsp_1_U2      | 3   |        | mul1      | fmul      | maxdsp                   | 3       |
|    faddfsub_32ns_32ns_32_5_full_dsp_1_U1 | 2   |        | sub       | fsub      | fulldsp                  | 4       |
|    faddfsub_32ns_32ns_32_5_full_dsp_1_U1 | 2   |        | add       | fsub      | fulldsp                  | 4       |
|    fmul_32ns_32ns_32_4_max_dsp_1_U2      | 3   |        | mul2      | fmul      | maxdsp                   | 3       |
|    fmul_32ns_32ns_32_4_max_dsp_1_U2      | 3   |        | mul3      | fmul      | maxdsp                   | 3       |
|    faddfsub_32ns_32ns_32_5_full_dsp_1_U1 | 2   |        | add1      | fsub      | fulldsp                  | 4       |
|    faddfsub_32ns_32ns_32_5_full_dsp_1_U1 | 2   |        | add2      | fsub      | fulldsp                  | 4       |
|    sparsemux_33_5_32_1_1_U7              |     |        | c_1       | sparsemux | compactencoding_dontcare | 0       |
|    sparsemux_33_5_32_1_1_U8              |     |        | s_1       | sparsemux | compactencoding_dontcare | 0       |
|    sparsemux_33_5_32_1_1_U9              |     |        | tmp_4     | sparsemux | compactencoding_dontcare | 0       |
|    fmul_32ns_32ns_32_4_max_dsp_1_U2      | 3   |        | mul_1     | fmul      | maxdsp                   | 3       |
|    sparsemux_33_5_32_1_1_U10             |     |        | tmp_5     | sparsemux | compactencoding_dontcare | 0       |
|    fmul_32ns_32ns_32_4_max_dsp_1_U2      | 3   |        | mul18_1   | fmul      | maxdsp                   | 3       |
|    faddfsub_32ns_32ns_32_5_full_dsp_1_U1 | 2   |        | sub_1     | fsub      | fulldsp                  | 4       |
|    faddfsub_32ns_32ns_32_5_full_dsp_1_U1 | 2   |        | add_1     | fsub      | fulldsp                  | 4       |
|    fmul_32ns_32ns_32_4_max_dsp_1_U2      | 3   |        | mul23_1   | fmul      | maxdsp                   | 3       |
|    fmul_32ns_32ns_32_4_max_dsp_1_U2      | 3   |        | mul26_1   | fmul      | maxdsp                   | 3       |
|    faddfsub_32ns_32ns_32_5_full_dsp_1_U1 | 2   |        | add27_1   | fsub      | fulldsp                  | 4       |
|    faddfsub_32ns_32ns_32_5_full_dsp_1_U1 | 2   |        | add30_1   | fsub      | fulldsp                  | 4       |
|    add_ln20_fu_1754_p2                   |     |        | add_ln20  | add       | fabric                   | 0       |
+------------------------------------------+-----+--------+-----------+-----------+--------------------------+---------+


================================================================
== Storage Report
================================================================
+------------------------------+--------+------+------+------+--------+--------------------------+------+---------+------------------+
| Name                         | Usage  | Type | BRAM | URAM | Pragma | Variable                 | Impl | Latency | Bitwidth, Depth, |
|                              |        |      |      |      |        |                          |      |         | Banks            |
+------------------------------+--------+------+------+------+--------+--------------------------+------+---------+------------------+
| + dft                        |        |      | 64   | 0    |        |                          |      |         |                  |
|   p_ZL15cos_coeff_table_0_U  | rom_1p |      | 1    |      |        | p_ZL15cos_coeff_table_0  | auto | 1       | 32, 32, 1        |
|   p_ZL15cos_coeff_table_2_U  | rom_1p |      | 1    |      |        | p_ZL15cos_coeff_table_2  | auto | 1       | 32, 32, 1        |
|   p_ZL15cos_coeff_table_4_U  | rom_1p |      | 1    |      |        | p_ZL15cos_coeff_table_4  | auto | 1       | 32, 32, 1        |
|   p_ZL15cos_coeff_table_6_U  | rom_1p |      | 1    |      |        | p_ZL15cos_coeff_table_6  | auto | 1       | 32, 32, 1        |
|   p_ZL15cos_coeff_table_8_U  | rom_1p |      | 1    |      |        | p_ZL15cos_coeff_table_8  | auto | 1       | 32, 32, 1        |
|   p_ZL15cos_coeff_table_10_U | rom_1p |      | 1    |      |        | p_ZL15cos_coeff_table_10 | auto | 1       | 32, 32, 1        |
|   p_ZL15cos_coeff_table_12_U | rom_1p |      | 1    |      |        | p_ZL15cos_coeff_table_12 | auto | 1       | 32, 32, 1        |
|   p_ZL15cos_coeff_table_14_U | rom_1p |      | 1    |      |        | p_ZL15cos_coeff_table_14 | auto | 1       | 32, 32, 1        |
|   p_ZL15cos_coeff_table_16_U | rom_1p |      | 1    |      |        | p_ZL15cos_coeff_table_16 | auto | 1       | 32, 32, 1        |
|   p_ZL15cos_coeff_table_18_U | rom_1p |      | 1    |      |        | p_ZL15cos_coeff_table_18 | auto | 1       | 32, 32, 1        |
|   p_ZL15cos_coeff_table_20_U | rom_1p |      | 1    |      |        | p_ZL15cos_coeff_table_20 | auto | 1       | 32, 32, 1        |
|   p_ZL15cos_coeff_table_22_U | rom_1p |      | 1    |      |        | p_ZL15cos_coeff_table_22 | auto | 1       | 32, 32, 1        |
|   p_ZL15cos_coeff_table_24_U | rom_1p |      | 1    |      |        | p_ZL15cos_coeff_table_24 | auto | 1       | 32, 32, 1        |
|   p_ZL15cos_coeff_table_26_U | rom_1p |      | 1    |      |        | p_ZL15cos_coeff_table_26 | auto | 1       | 32, 32, 1        |
|   p_ZL15cos_coeff_table_28_U | rom_1p |      | 1    |      |        | p_ZL15cos_coeff_table_28 | auto | 1       | 32, 32, 1        |
|   p_ZL15cos_coeff_table_30_U | rom_1p |      | 1    |      |        | p_ZL15cos_coeff_table_30 | auto | 1       | 32, 32, 1        |
|   p_ZL15sin_coeff_table_0_U  | rom_1p |      | 1    |      |        | p_ZL15sin_coeff_table_0  | auto | 1       | 32, 32, 1        |
|   p_ZL15sin_coeff_table_2_U  | rom_1p |      | 1    |      |        | p_ZL15sin_coeff_table_2  | auto | 1       | 32, 32, 1        |
|   p_ZL15sin_coeff_table_4_U  | rom_1p |      | 1    |      |        | p_ZL15sin_coeff_table_4  | auto | 1       | 32, 32, 1        |
|   p_ZL15sin_coeff_table_6_U  | rom_1p |      | 1    |      |        | p_ZL15sin_coeff_table_6  | auto | 1       | 32, 32, 1        |
|   p_ZL15sin_coeff_table_8_U  | rom_1p |      | 1    |      |        | p_ZL15sin_coeff_table_8  | auto | 1       | 32, 32, 1        |
|   p_ZL15sin_coeff_table_10_U | rom_1p |      | 1    |      |        | p_ZL15sin_coeff_table_10 | auto | 1       | 32, 32, 1        |
|   p_ZL15sin_coeff_table_12_U | rom_1p |      | 1    |      |        | p_ZL15sin_coeff_table_12 | auto | 1       | 32, 32, 1        |
|   p_ZL15sin_coeff_table_14_U | rom_1p |      | 1    |      |        | p_ZL15sin_coeff_table_14 | auto | 1       | 32, 32, 1        |
|   p_ZL15sin_coeff_table_16_U | rom_1p |      | 1    |      |        | p_ZL15sin_coeff_table_16 | auto | 1       | 32, 32, 1        |
|   p_ZL15sin_coeff_table_18_U | rom_1p |      | 1    |      |        | p_ZL15sin_coeff_table_18 | auto | 1       | 32, 32, 1        |
|   p_ZL15sin_coeff_table_20_U | rom_1p |      | 1    |      |        | p_ZL15sin_coeff_table_20 | auto | 1       | 32, 32, 1        |
|   p_ZL15sin_coeff_table_22_U | rom_1p |      | 1    |      |        | p_ZL15sin_coeff_table_22 | auto | 1       | 32, 32, 1        |
|   p_ZL15sin_coeff_table_24_U | rom_1p |      | 1    |      |        | p_ZL15sin_coeff_table_24 | auto | 1       | 32, 32, 1        |
|   p_ZL15sin_coeff_table_26_U | rom_1p |      | 1    |      |        | p_ZL15sin_coeff_table_26 | auto | 1       | 32, 32, 1        |
|   p_ZL15sin_coeff_table_28_U | rom_1p |      | 1    |      |        | p_ZL15sin_coeff_table_28 | auto | 1       | 32, 32, 1        |
|   p_ZL15sin_coeff_table_30_U | rom_1p |      | 1    |      |        | p_ZL15sin_coeff_table_30 | auto | 1       | 32, 32, 1        |
|   p_ZL15cos_coeff_table_1_U  | rom_1p |      | 1    |      |        | p_ZL15cos_coeff_table_1  | auto | 1       | 32, 32, 1        |
|   p_ZL15cos_coeff_table_3_U  | rom_1p |      | 1    |      |        | p_ZL15cos_coeff_table_3  | auto | 1       | 32, 32, 1        |
|   p_ZL15cos_coeff_table_5_U  | rom_1p |      | 1    |      |        | p_ZL15cos_coeff_table_5  | auto | 1       | 32, 32, 1        |
|   p_ZL15cos_coeff_table_7_U  | rom_1p |      | 1    |      |        | p_ZL15cos_coeff_table_7  | auto | 1       | 32, 32, 1        |
|   p_ZL15cos_coeff_table_9_U  | rom_1p |      | 1    |      |        | p_ZL15cos_coeff_table_9  | auto | 1       | 32, 32, 1        |
|   p_ZL15cos_coeff_table_11_U | rom_1p |      | 1    |      |        | p_ZL15cos_coeff_table_11 | auto | 1       | 32, 32, 1        |
|   p_ZL15cos_coeff_table_13_U | rom_1p |      | 1    |      |        | p_ZL15cos_coeff_table_13 | auto | 1       | 32, 32, 1        |
|   p_ZL15cos_coeff_table_15_U | rom_1p |      | 1    |      |        | p_ZL15cos_coeff_table_15 | auto | 1       | 32, 32, 1        |
|   p_ZL15cos_coeff_table_17_U | rom_1p |      | 1    |      |        | p_ZL15cos_coeff_table_17 | auto | 1       | 32, 32, 1        |
|   p_ZL15cos_coeff_table_19_U | rom_1p |      | 1    |      |        | p_ZL15cos_coeff_table_19 | auto | 1       | 32, 32, 1        |
|   p_ZL15cos_coeff_table_21_U | rom_1p |      | 1    |      |        | p_ZL15cos_coeff_table_21 | auto | 1       | 32, 32, 1        |
|   p_ZL15cos_coeff_table_23_U | rom_1p |      | 1    |      |        | p_ZL15cos_coeff_table_23 | auto | 1       | 32, 32, 1        |
|   p_ZL15cos_coeff_table_25_U | rom_1p |      | 1    |      |        | p_ZL15cos_coeff_table_25 | auto | 1       | 32, 32, 1        |
|   p_ZL15cos_coeff_table_27_U | rom_1p |      | 1    |      |        | p_ZL15cos_coeff_table_27 | auto | 1       | 32, 32, 1        |
|   p_ZL15cos_coeff_table_29_U | rom_1p |      | 1    |      |        | p_ZL15cos_coeff_table_29 | auto | 1       | 32, 32, 1        |
|   p_ZL15cos_coeff_table_31_U | rom_1p |      | 1    |      |        | p_ZL15cos_coeff_table_31 | auto | 1       | 32, 32, 1        |
|   p_ZL15sin_coeff_table_1_U  | rom_1p |      | 1    |      |        | p_ZL15sin_coeff_table_1  | auto | 1       | 32, 32, 1        |
|   p_ZL15sin_coeff_table_3_U  | rom_1p |      | 1    |      |        | p_ZL15sin_coeff_table_3  | auto | 1       | 32, 32, 1        |
|   p_ZL15sin_coeff_table_5_U  | rom_1p |      | 1    |      |        | p_ZL15sin_coeff_table_5  | auto | 1       | 32, 32, 1        |
|   p_ZL15sin_coeff_table_7_U  | rom_1p |      | 1    |      |        | p_ZL15sin_coeff_table_7  | auto | 1       | 32, 32, 1        |
|   p_ZL15sin_coeff_table_9_U  | rom_1p |      | 1    |      |        | p_ZL15sin_coeff_table_9  | auto | 1       | 32, 32, 1        |
|   p_ZL15sin_coeff_table_11_U | rom_1p |      | 1    |      |        | p_ZL15sin_coeff_table_11 | auto | 1       | 32, 32, 1        |
|   p_ZL15sin_coeff_table_13_U | rom_1p |      | 1    |      |        | p_ZL15sin_coeff_table_13 | auto | 1       | 32, 32, 1        |
|   p_ZL15sin_coeff_table_15_U | rom_1p |      | 1    |      |        | p_ZL15sin_coeff_table_15 | auto | 1       | 32, 32, 1        |
|   p_ZL15sin_coeff_table_17_U | rom_1p |      | 1    |      |        | p_ZL15sin_coeff_table_17 | auto | 1       | 32, 32, 1        |
|   p_ZL15sin_coeff_table_19_U | rom_1p |      | 1    |      |        | p_ZL15sin_coeff_table_19 | auto | 1       | 32, 32, 1        |
|   p_ZL15sin_coeff_table_21_U | rom_1p |      | 1    |      |        | p_ZL15sin_coeff_table_21 | auto | 1       | 32, 32, 1        |
|   p_ZL15sin_coeff_table_23_U | rom_1p |      | 1    |      |        | p_ZL15sin_coeff_table_23 | auto | 1       | 32, 32, 1        |
|   p_ZL15sin_coeff_table_25_U | rom_1p |      | 1    |      |        | p_ZL15sin_coeff_table_25 | auto | 1       | 32, 32, 1        |
|   p_ZL15sin_coeff_table_27_U | rom_1p |      | 1    |      |        | p_ZL15sin_coeff_table_27 | auto | 1       | 32, 32, 1        |
|   p_ZL15sin_coeff_table_29_U | rom_1p |      | 1    |      |        | p_ZL15sin_coeff_table_29 | auto | 1       | 32, 32, 1        |
|   p_ZL15sin_coeff_table_31_U | rom_1p |      | 1    |      |        | p_ZL15sin_coeff_table_31 | auto | 1       | 32, 32, 1        |
+------------------------------+--------+------+------+------+--------+--------------------------+------+---------+------------------+


================================================================
== Pragma Report
================================================================
* Valid Pragma Syntax
+-----------------+-----------------------------------------------------+------------------------------------+
| Type            | Options                                             | Location                           |
+-----------------+-----------------------------------------------------+------------------------------------+
| array_partition | variable=input_R type=block factor=32               | dft.cpp:6 in dft, input_R          |
| array_partition | variable=input_I type=block factor=32               | dft.cpp:7 in dft, input_I          |
| array_partition | variable=output_R type=block factor=32              | dft.cpp:8 in dft, output_R         |
| array_partition | variable=output_I type=block factor=32              | dft.cpp:9 in dft, output_I         |
| array_partition | variable=cos_coeff_table type=block factor=32 dim=2 | dft.cpp:10 in dft, cos_coeff_table |
| array_partition | variable=sin_coeff_table type=block factor=32 dim=2 | dft.cpp:11 in dft, sin_coeff_table |
| unroll          | factor=2                                            | dft.cpp:22 in dft                  |
+-----------------+-----------------------------------------------------+------------------------------------+


