

================================================================
== Vitis HLS Report for 'dft_Pipeline_VITIS_LOOP_20_2'
================================================================
* Date:           Tue Nov  4 13:37:06 2025

* Version:        2024.2 (Build 5238294 on Nov  8 2024)
* Project:        dft.comp
* Solution:       hls (Vivado IP Flow Target)
* Product family: zynq
* Target device:  xc7z020-clg400-1


================================================================
== Performance Estimates
================================================================
+ Timing: 
    * Summary: 
    +--------+----------+----------+------------+
    |  Clock |  Target  | Estimated| Uncertainty|
    +--------+----------+----------+------------+
    |ap_clk  |  10.00 ns|  9.591 ns|     2.70 ns|
    +--------+----------+----------+------------+

+ Latency: 
    * Summary: 
    +---------+---------+----------+----------+-----+-----+------------------------------------------------+
    |  Latency (cycles) |  Latency (absolute) |  Interval |                    Pipeline                    |
    |   min   |   max   |    min   |    max   | min | max |                      Type                      |
    +---------+---------+----------+----------+-----+-----+------------------------------------------------+
    |      176|      176|  1.760 us|  1.760 us|  175|  175|  loop auto-rewind stp (delay=0 clock cycles(s))|
    +---------+---------+----------+----------+-----+-----+------------------------------------------------+

    + Detail: 
        * Instance: 
        N/A

        * Loop: 
        +-------------------+---------+---------+----------+-----------+-----------+------+----------+
        |                   |  Latency (cycles) | Iteration|  Initiation Interval  | Trip |          |
        |     Loop Name     |   min   |   max   |  Latency |  achieved |   target  | Count| Pipelined|
        +-------------------+---------+---------+----------+-----------+-----------+------+----------+
        |- VITIS_LOOP_20_2  |      174|      174|        94|         81|          1|     2|       yes|
        +-------------------+---------+---------+----------+-----------+-----------+------+----------+



================================================================
== Utilization Estimates
================================================================
* Summary: 
+-----------------+---------+-----+--------+-------+-----+
|       Name      | BRAM_18K| DSP |   FF   |  LUT  | URAM|
+-----------------+---------+-----+--------+-------+-----+
|DSP              |        -|    -|       -|      -|    -|
|Expression       |        -|    -|       0|   2078|    -|
|FIFO             |        -|    -|       -|      -|    -|
|Instance         |        -|    7|     553|   1101|    -|
|Memory           |        -|    -|       -|      -|    -|
|Multiplexer      |        -|    -|       0|   1092|    -|
|Register         |        -|    -|    3803|      -|    -|
+-----------------+---------+-----+--------+-------+-----+
|Total            |        0|    7|    4356|   4271|    0|
+-----------------+---------+-----+--------+-------+-----+
|Available        |      280|  220|  106400|  53200|    0|
+-----------------+---------+-----+--------+-------+-----+
|Utilization (%)  |        0|    3|       4|      8|    0|
+-----------------+---------+-----+--------+-------+-----+

+ Detail: 
    * Instance: 
    +---------------------------------------+------------------------------------+---------+----+-----+-----+-----+
    |                Instance               |               Module               | BRAM_18K| DSP|  FF | LUT | URAM|
    +---------------------------------------+------------------------------------+---------+----+-----+-----+-----+
    |faddfsub_32ns_32ns_32_5_full_dsp_1_U1  |faddfsub_32ns_32ns_32_5_full_dsp_1  |        0|   2|  205|  390|    0|
    |faddfsub_32ns_32ns_32_5_full_dsp_1_U2  |faddfsub_32ns_32ns_32_5_full_dsp_1  |        0|   2|  205|  390|    0|
    |fmul_32ns_32ns_32_4_max_dsp_1_U3       |fmul_32ns_32ns_32_4_max_dsp_1       |        0|   3|  143|  321|    0|
    +---------------------------------------+------------------------------------+---------+----+-----+-----+-----+
    |Total                                  |                                    |        0|   7|  553| 1101|    0|
    +---------------------------------------+------------------------------------+---------+----+-----+-----+-----+

    * DSP: 
    N/A

    * Memory: 
    N/A

    * FIFO: 
    N/A

    * Expression: 
    +---------------------------+----------+----+---+----+------------+------------+
    |       Variable Name       | Operation| DSP| FF| LUT| Bitwidth P0| Bitwidth P1|
    +---------------------------+----------+----+---+----+------------+------------+
    |add_ln20_fu_1727_p2        |         +|   0|  0|  14|           6|           5|
    |icmp_ln23_fu_1209_p2       |      icmp|   0|  0|  14|           6|           5|
    |c_10_fu_1535_p3            |    select|   0|  0|  32|           1|          32|
    |c_11_fu_1567_p3            |    select|   0|  0|  32|           1|          32|
    |c_12_fu_1599_p3            |    select|   0|  0|  32|           1|          32|
    |c_13_fu_1631_p3            |    select|   0|  0|  32|           1|          32|
    |c_14_fu_1663_p3            |    select|   0|  0|  32|           1|          32|
    |c_15_fu_1695_p3            |    select|   0|  0|  32|           1|          32|
    |c_1_fu_1247_p3             |    select|   0|  0|  32|           1|          32|
    |c_2_fu_1279_p3             |    select|   0|  0|  32|           1|          32|
    |c_3_fu_1311_p3             |    select|   0|  0|  32|           1|          32|
    |c_4_fu_1343_p3             |    select|   0|  0|  32|           1|          32|
    |c_5_fu_1375_p3             |    select|   0|  0|  32|           1|          32|
    |c_6_fu_1407_p3             |    select|   0|  0|  32|           1|          32|
    |c_7_fu_1439_p3             |    select|   0|  0|  32|           1|          32|
    |c_8_fu_1471_p3             |    select|   0|  0|  32|           1|          32|
    |c_9_fu_1503_p3             |    select|   0|  0|  32|           1|          32|
    |c_fu_1215_p3               |    select|   0|  0|  32|           1|          32|
    |s_10_fu_1543_p3            |    select|   0|  0|  32|           1|          32|
    |s_11_fu_1575_p3            |    select|   0|  0|  32|           1|          32|
    |s_12_fu_1607_p3            |    select|   0|  0|  32|           1|          32|
    |s_13_fu_1639_p3            |    select|   0|  0|  32|           1|          32|
    |s_14_fu_1671_p3            |    select|   0|  0|  32|           1|          32|
    |s_15_fu_1703_p3            |    select|   0|  0|  32|           1|          32|
    |s_1_fu_1255_p3             |    select|   0|  0|  32|           1|          32|
    |s_2_fu_1287_p3             |    select|   0|  0|  32|           1|          32|
    |s_3_fu_1319_p3             |    select|   0|  0|  32|           1|          32|
    |s_4_fu_1351_p3             |    select|   0|  0|  32|           1|          32|
    |s_5_fu_1383_p3             |    select|   0|  0|  32|           1|          32|
    |s_6_fu_1415_p3             |    select|   0|  0|  32|           1|          32|
    |s_7_fu_1447_p3             |    select|   0|  0|  32|           1|          32|
    |s_8_fu_1479_p3             |    select|   0|  0|  32|           1|          32|
    |s_9_fu_1511_p3             |    select|   0|  0|  32|           1|          32|
    |s_fu_1223_p3               |    select|   0|  0|  32|           1|          32|
    |select_ln26_10_fu_1391_p3  |    select|   0|  0|  32|           1|          32|
    |select_ln26_11_fu_1399_p3  |    select|   0|  0|  32|           1|          32|
    |select_ln26_12_fu_1423_p3  |    select|   0|  0|  32|           1|          32|
    |select_ln26_13_fu_1431_p3  |    select|   0|  0|  32|           1|          32|
    |select_ln26_14_fu_1455_p3  |    select|   0|  0|  32|           1|          32|
    |select_ln26_15_fu_1463_p3  |    select|   0|  0|  32|           1|          32|
    |select_ln26_16_fu_1487_p3  |    select|   0|  0|  32|           1|          32|
    |select_ln26_17_fu_1495_p3  |    select|   0|  0|  32|           1|          32|
    |select_ln26_18_fu_1519_p3  |    select|   0|  0|  32|           1|          32|
    |select_ln26_19_fu_1527_p3  |    select|   0|  0|  32|           1|          32|
    |select_ln26_1_fu_1239_p3   |    select|   0|  0|  32|           1|          32|
    |select_ln26_20_fu_1551_p3  |    select|   0|  0|  32|           1|          32|
    |select_ln26_21_fu_1559_p3  |    select|   0|  0|  32|           1|          32|
    |select_ln26_22_fu_1583_p3  |    select|   0|  0|  32|           1|          32|
    |select_ln26_23_fu_1591_p3  |    select|   0|  0|  32|           1|          32|
    |select_ln26_24_fu_1615_p3  |    select|   0|  0|  32|           1|          32|
    |select_ln26_25_fu_1623_p3  |    select|   0|  0|  32|           1|          32|
    |select_ln26_26_fu_1647_p3  |    select|   0|  0|  32|           1|          32|
    |select_ln26_27_fu_1655_p3  |    select|   0|  0|  32|           1|          32|
    |select_ln26_28_fu_1679_p3  |    select|   0|  0|  32|           1|          32|
    |select_ln26_29_fu_1687_p3  |    select|   0|  0|  32|           1|          32|
    |select_ln26_2_fu_1263_p3   |    select|   0|  0|  32|           1|          32|
    |select_ln26_30_fu_1711_p3  |    select|   0|  0|  32|           1|          32|
    |select_ln26_31_fu_1719_p3  |    select|   0|  0|  32|           1|          32|
    |select_ln26_3_fu_1271_p3   |    select|   0|  0|  32|           1|          32|
    |select_ln26_4_fu_1295_p3   |    select|   0|  0|  32|           1|          32|
    |select_ln26_5_fu_1303_p3   |    select|   0|  0|  32|           1|          32|
    |select_ln26_6_fu_1327_p3   |    select|   0|  0|  32|           1|          32|
    |select_ln26_7_fu_1335_p3   |    select|   0|  0|  32|           1|          32|
    |select_ln26_8_fu_1359_p3   |    select|   0|  0|  32|           1|          32|
    |select_ln26_9_fu_1367_p3   |    select|   0|  0|  32|           1|          32|
    |select_ln26_fu_1231_p3     |    select|   0|  0|  32|           1|          32|
    |ap_enable_pp0              |       xor|   0|  0|   2|           1|           2|
    +---------------------------+----------+----+---+----+------------+------------+
    |Total                      |          |   0|  0|2078|          77|        2060|
    +---------------------------+----------+----+---+----+------------+------------+

    * Multiplexer: 
    +-----------------------------+-----+-----------+-----+-----------+
    |             Name            | LUT | Input Size| Bits| Total Bits|
    +-----------------------------+-----+-----------+-----+-----------+
    |add306_fu_298                |    9|          2|   32|         64|
    |add5_fu_294                  |    9|          2|   32|         64|
    |ap_NS_fsm                    |  417|         82|    1|         82|
    |ap_done_int                  |    9|          2|    1|          2|
    |ap_enable_reg_pp0_iter0      |    9|          2|    1|          2|
    |ap_enable_reg_pp0_iter0_reg  |    9|          2|    1|          2|
    |ap_enable_reg_pp0_iter1      |    9|          2|    1|          2|
    |ap_sig_allocacmp_j_1         |    9|          2|    6|         12|
    |grp_fu_1088_opcode           |   14|          3|    2|          6|
    |grp_fu_1088_p0               |   42|          8|   32|        256|
    |grp_fu_1088_p1               |   65|         16|   32|        512|
    |grp_fu_1092_opcode           |   14|          3|    2|          6|
    |grp_fu_1092_p0               |   20|          4|   32|        128|
    |grp_fu_1092_p1               |   20|          4|   32|        128|
    |grp_fu_1096_p0               |  281|         65|   32|       2080|
    |grp_fu_1096_p1               |  147|         33|   32|       1056|
    |j_fu_302                     |    9|          2|    6|         12|
    +-----------------------------+-----+-----------+-----+-----------+
    |Total                        | 1092|        234|  277|       4414|
    +-----------------------------+-----+-----------+-----+-----------+

    * Register: 
    +-----------------------------+----+----+-----+-----------+
    |             Name            | FF | LUT| Bits| Const Bits|
    +-----------------------------+----+----+-----+-----------+
    |add27_10_reg_2389            |  32|   0|   32|          0|
    |add27_13_reg_2419            |  32|   0|   32|          0|
    |add306_fu_298                |  32|   0|   32|          0|
    |add5_fu_294                  |  32|   0|   32|          0|
    |ap_CS_fsm                    |  81|   0|   81|          0|
    |ap_done_reg                  |   1|   0|    1|          0|
    |ap_enable_reg_pp0_iter0_reg  |   1|   0|    1|          0|
    |ap_enable_reg_pp0_iter1      |   1|   0|    1|          0|
    |bitcast_ln26_10_reg_2299     |  32|   0|   32|          0|
    |bitcast_ln26_11_reg_2304     |  32|   0|   32|          0|
    |bitcast_ln26_12_reg_2309     |  32|   0|   32|          0|
    |bitcast_ln26_13_reg_2314     |  32|   0|   32|          0|
    |bitcast_ln26_14_reg_2319     |  32|   0|   32|          0|
    |bitcast_ln26_15_reg_2324     |  32|   0|   32|          0|
    |bitcast_ln26_16_reg_2329     |  32|   0|   32|          0|
    |bitcast_ln26_17_reg_2334     |  32|   0|   32|          0|
    |bitcast_ln26_18_reg_2339     |  32|   0|   32|          0|
    |bitcast_ln26_19_reg_2344     |  32|   0|   32|          0|
    |bitcast_ln26_1_reg_2244      |  32|   0|   32|          0|
    |bitcast_ln26_20_reg_2349     |  32|   0|   32|          0|
    |bitcast_ln26_21_reg_2354     |  32|   0|   32|          0|
    |bitcast_ln26_22_reg_2359     |  32|   0|   32|          0|
    |bitcast_ln26_23_reg_2364     |  32|   0|   32|          0|
    |bitcast_ln26_24_reg_2369     |  32|   0|   32|          0|
    |bitcast_ln26_25_reg_2374     |  32|   0|   32|          0|
    |bitcast_ln26_26_reg_2379     |  32|   0|   32|          0|
    |bitcast_ln26_27_reg_2384     |  32|   0|   32|          0|
    |bitcast_ln26_28_reg_2394     |  32|   0|   32|          0|
    |bitcast_ln26_29_reg_2399     |  32|   0|   32|          0|
    |bitcast_ln26_2_reg_2249      |  32|   0|   32|          0|
    |bitcast_ln26_30_reg_2404     |  32|   0|   32|          0|
    |bitcast_ln26_31_reg_2414     |  32|   0|   32|          0|
    |bitcast_ln26_3_reg_2254      |  32|   0|   32|          0|
    |bitcast_ln26_4_reg_2259      |  32|   0|   32|          0|
    |bitcast_ln26_5_reg_2264      |  32|   0|   32|          0|
    |bitcast_ln26_6_reg_2279      |  32|   0|   32|          0|
    |bitcast_ln26_7_reg_2284      |  32|   0|   32|          0|
    |bitcast_ln26_8_reg_2289      |  32|   0|   32|          0|
    |bitcast_ln26_9_reg_2294      |  32|   0|   32|          0|
    |bitcast_ln26_reg_2239        |  32|   0|   32|          0|
    |c_10_reg_2119                |  32|   0|   32|          0|
    |c_11_reg_2139                |  32|   0|   32|          0|
    |c_12_reg_2159                |  32|   0|   32|          0|
    |c_13_reg_2179                |  32|   0|   32|          0|
    |c_14_reg_2199                |  32|   0|   32|          0|
    |c_15_reg_2219                |  32|   0|   32|          0|
    |c_1_reg_1939                 |  32|   0|   32|          0|
    |c_2_reg_1959                 |  32|   0|   32|          0|
    |c_3_reg_1979                 |  32|   0|   32|          0|
    |c_4_reg_1999                 |  32|   0|   32|          0|
    |c_5_reg_2019                 |  32|   0|   32|          0|
    |c_6_reg_2039                 |  32|   0|   32|          0|
    |c_7_reg_2059                 |  32|   0|   32|          0|
    |c_8_reg_2079                 |  32|   0|   32|          0|
    |c_9_reg_2099                 |  32|   0|   32|          0|
    |c_reg_1919                   |  32|   0|   32|          0|
    |j_fu_302                     |   6|   0|    6|          0|
    |reg_1100                     |  32|   0|   32|          0|
    |reg_1106                     |  32|   0|   32|          0|
    |reg_1112                     |  32|   0|   32|          0|
    |reg_1118                     |  32|   0|   32|          0|
    |reg_1124                     |  32|   0|   32|          0|
    |reg_1130                     |  32|   0|   32|          0|
    |reg_1136                     |  32|   0|   32|          0|
    |reg_1142                     |  32|   0|   32|          0|
    |reg_1148                     |  32|   0|   32|          0|
    |reg_1153                     |  32|   0|   32|          0|
    |reg_1158                     |  32|   0|   32|          0|
    |reg_1163                     |  32|   0|   32|          0|
    |reg_1168                     |  32|   0|   32|          0|
    |reg_1173                     |  32|   0|   32|          0|
    |reg_1178                     |  32|   0|   32|          0|
    |s_10_reg_2124                |  32|   0|   32|          0|
    |s_11_reg_2144                |  32|   0|   32|          0|
    |s_12_reg_2164                |  32|   0|   32|          0|
    |s_13_reg_2184                |  32|   0|   32|          0|
    |s_14_reg_2204                |  32|   0|   32|          0|
    |s_15_reg_2224                |  32|   0|   32|          0|
    |s_1_reg_1944                 |  32|   0|   32|          0|
    |s_2_reg_1964                 |  32|   0|   32|          0|
    |s_3_reg_1984                 |  32|   0|   32|          0|
    |s_4_reg_2004                 |  32|   0|   32|          0|
    |s_5_reg_2024                 |  32|   0|   32|          0|
    |s_6_reg_2044                 |  32|   0|   32|          0|
    |s_7_reg_2064                 |  32|   0|   32|          0|
    |s_8_reg_2084                 |  32|   0|   32|          0|
    |s_9_reg_2104                 |  32|   0|   32|          0|
    |s_reg_1924                   |  32|   0|   32|          0|
    |select_ln26_10_reg_2029      |  32|   0|   32|          0|
    |select_ln26_11_reg_2034      |  32|   0|   32|          0|
    |select_ln26_12_reg_2049      |  32|   0|   32|          0|
    |select_ln26_13_reg_2054      |  32|   0|   32|          0|
    |select_ln26_14_reg_2069      |  32|   0|   32|          0|
    |select_ln26_15_reg_2074      |  32|   0|   32|          0|
    |select_ln26_16_reg_2089      |  32|   0|   32|          0|
    |select_ln26_17_reg_2094      |  32|   0|   32|          0|
    |select_ln26_18_reg_2109      |  32|   0|   32|          0|
    |select_ln26_19_reg_2114      |  32|   0|   32|          0|
    |select_ln26_1_reg_1934       |  32|   0|   32|          0|
    |select_ln26_20_reg_2129      |  32|   0|   32|          0|
    |select_ln26_21_reg_2134      |  32|   0|   32|          0|
    |select_ln26_22_reg_2149      |  32|   0|   32|          0|
    |select_ln26_23_reg_2154      |  32|   0|   32|          0|
    |select_ln26_24_reg_2169      |  32|   0|   32|          0|
    |select_ln26_25_reg_2174      |  32|   0|   32|          0|
    |select_ln26_26_reg_2189      |  32|   0|   32|          0|
    |select_ln26_27_reg_2194      |  32|   0|   32|          0|
    |select_ln26_28_reg_2209      |  32|   0|   32|          0|
    |select_ln26_29_reg_2214      |  32|   0|   32|          0|
    |select_ln26_2_reg_1949       |  32|   0|   32|          0|
    |select_ln26_30_reg_2229      |  32|   0|   32|          0|
    |select_ln26_31_reg_2234      |  32|   0|   32|          0|
    |select_ln26_3_reg_1954       |  32|   0|   32|          0|
    |select_ln26_4_reg_1969       |  32|   0|   32|          0|
    |select_ln26_5_reg_1974       |  32|   0|   32|          0|
    |select_ln26_6_reg_1989       |  32|   0|   32|          0|
    |select_ln26_7_reg_1994       |  32|   0|   32|          0|
    |select_ln26_8_reg_2009       |  32|   0|   32|          0|
    |select_ln26_9_reg_2014       |  32|   0|   32|          0|
    |select_ln26_reg_1929         |  32|   0|   32|          0|
    |sub_12_reg_2409              |  32|   0|   32|          0|
    |tmp_reg_1915                 |   1|   0|    1|          0|
    +-----------------------------+----+----+-----+-----------+
    |Total                        |3803|   0| 3803|          0|
    +-----------------------------+----+----+-----+-----------+



================================================================
== Interface
================================================================
* Summary: 
+-------------------------------+-----+-----+------------+-------------------------------+--------------+
|           RTL Ports           | Dir | Bits|  Protocol  |         Source Object         |    C Type    |
+-------------------------------+-----+-----+------------+-------------------------------+--------------+
|ap_clk                         |   in|    1|  ap_ctrl_hs|   dft_Pipeline_VITIS_LOOP_20_2|  return value|
|ap_rst                         |   in|    1|  ap_ctrl_hs|   dft_Pipeline_VITIS_LOOP_20_2|  return value|
|ap_start                       |   in|    1|  ap_ctrl_hs|   dft_Pipeline_VITIS_LOOP_20_2|  return value|
|ap_done                        |  out|    1|  ap_ctrl_hs|   dft_Pipeline_VITIS_LOOP_20_2|  return value|
|ap_idle                        |  out|    1|  ap_ctrl_hs|   dft_Pipeline_VITIS_LOOP_20_2|  return value|
|ap_ready                       |  out|    1|  ap_ctrl_hs|   dft_Pipeline_VITIS_LOOP_20_2|  return value|
|p_ZL15cos_coeff_table_16_load  |   in|   32|     ap_none|  p_ZL15cos_coeff_table_16_load|        scalar|
|p_ZL15cos_coeff_table_0_load   |   in|   32|     ap_none|   p_ZL15cos_coeff_table_0_load|        scalar|
|p_ZL15sin_coeff_table_16_load  |   in|   32|     ap_none|  p_ZL15sin_coeff_table_16_load|        scalar|
|p_ZL15sin_coeff_table_0_load   |   in|   32|     ap_none|   p_ZL15sin_coeff_table_0_load|        scalar|
|input_R_16_load                |   in|   32|     ap_none|                input_R_16_load|        scalar|
|input_R_0_load                 |   in|   32|     ap_none|                 input_R_0_load|        scalar|
|input_I_16_load                |   in|   32|     ap_none|                input_I_16_load|        scalar|
|input_I_0_load                 |   in|   32|     ap_none|                 input_I_0_load|        scalar|
|p_ZL15cos_coeff_table_17_load  |   in|   32|     ap_none|  p_ZL15cos_coeff_table_17_load|        scalar|
|p_ZL15cos_coeff_table_1_load   |   in|   32|     ap_none|   p_ZL15cos_coeff_table_1_load|        scalar|
|p_ZL15sin_coeff_table_17_load  |   in|   32|     ap_none|  p_ZL15sin_coeff_table_17_load|        scalar|
|p_ZL15sin_coeff_table_1_load   |   in|   32|     ap_none|   p_ZL15sin_coeff_table_1_load|        scalar|
|input_R_17_load                |   in|   32|     ap_none|                input_R_17_load|        scalar|
|input_R_1_load                 |   in|   32|     ap_none|                 input_R_1_load|        scalar|
|input_I_17_load                |   in|   32|     ap_none|                input_I_17_load|        scalar|
|input_I_1_load                 |   in|   32|     ap_none|                 input_I_1_load|        scalar|
|p_ZL15cos_coeff_table_18_load  |   in|   32|     ap_none|  p_ZL15cos_coeff_table_18_load|        scalar|
|p_ZL15cos_coeff_table_2_load   |   in|   32|     ap_none|   p_ZL15cos_coeff_table_2_load|        scalar|
|p_ZL15sin_coeff_table_18_load  |   in|   32|     ap_none|  p_ZL15sin_coeff_table_18_load|        scalar|
|p_ZL15sin_coeff_table_2_load   |   in|   32|     ap_none|   p_ZL15sin_coeff_table_2_load|        scalar|
|input_R_18_load                |   in|   32|     ap_none|                input_R_18_load|        scalar|
|input_R_2_load                 |   in|   32|     ap_none|                 input_R_2_load|        scalar|
|input_I_18_load                |   in|   32|     ap_none|                input_I_18_load|        scalar|
|input_I_2_load                 |   in|   32|     ap_none|                 input_I_2_load|        scalar|
|p_ZL15cos_coeff_table_19_load  |   in|   32|     ap_none|  p_ZL15cos_coeff_table_19_load|        scalar|
|p_ZL15cos_coeff_table_3_load   |   in|   32|     ap_none|   p_ZL15cos_coeff_table_3_load|        scalar|
|p_ZL15sin_coeff_table_19_load  |   in|   32|     ap_none|  p_ZL15sin_coeff_table_19_load|        scalar|
|p_ZL15sin_coeff_table_3_load   |   in|   32|     ap_none|   p_ZL15sin_coeff_table_3_load|        scalar|
|input_R_19_load                |   in|   32|     ap_none|                input_R_19_load|        scalar|
|input_R_3_load                 |   in|   32|     ap_none|                 input_R_3_load|        scalar|
|input_I_19_load                |   in|   32|     ap_none|                input_I_19_load|        scalar|
|input_I_3_load                 |   in|   32|     ap_none|                 input_I_3_load|        scalar|
|p_ZL15cos_coeff_table_20_load  |   in|   32|     ap_none|  p_ZL15cos_coeff_table_20_load|        scalar|
|p_ZL15cos_coeff_table_4_load   |   in|   32|     ap_none|   p_ZL15cos_coeff_table_4_load|        scalar|
|p_ZL15sin_coeff_table_20_load  |   in|   32|     ap_none|  p_ZL15sin_coeff_table_20_load|        scalar|
|p_ZL15sin_coeff_table_4_load   |   in|   32|     ap_none|   p_ZL15sin_coeff_table_4_load|        scalar|
|input_R_20_load                |   in|   32|     ap_none|                input_R_20_load|        scalar|
|input_R_4_load                 |   in|   32|     ap_none|                 input_R_4_load|        scalar|
|input_I_20_load                |   in|   32|     ap_none|                input_I_20_load|        scalar|
|input_I_4_load                 |   in|   32|     ap_none|                 input_I_4_load|        scalar|
|p_ZL15cos_coeff_table_21_load  |   in|   32|     ap_none|  p_ZL15cos_coeff_table_21_load|        scalar|
|p_ZL15cos_coeff_table_5_load   |   in|   32|     ap_none|   p_ZL15cos_coeff_table_5_load|        scalar|
|p_ZL15sin_coeff_table_21_load  |   in|   32|     ap_none|  p_ZL15sin_coeff_table_21_load|        scalar|
|p_ZL15sin_coeff_table_5_load   |   in|   32|     ap_none|   p_ZL15sin_coeff_table_5_load|        scalar|
|input_R_21_load                |   in|   32|     ap_none|                input_R_21_load|        scalar|
|input_R_5_load                 |   in|   32|     ap_none|                 input_R_5_load|        scalar|
|input_I_21_load                |   in|   32|     ap_none|                input_I_21_load|        scalar|
|input_I_5_load                 |   in|   32|     ap_none|                 input_I_5_load|        scalar|
|p_ZL15cos_coeff_table_22_load  |   in|   32|     ap_none|  p_ZL15cos_coeff_table_22_load|        scalar|
|p_ZL15cos_coeff_table_6_load   |   in|   32|     ap_none|   p_ZL15cos_coeff_table_6_load|        scalar|
|p_ZL15sin_coeff_table_22_load  |   in|   32|     ap_none|  p_ZL15sin_coeff_table_22_load|        scalar|
|p_ZL15sin_coeff_table_6_load   |   in|   32|     ap_none|   p_ZL15sin_coeff_table_6_load|        scalar|
|input_R_22_load                |   in|   32|     ap_none|                input_R_22_load|        scalar|
|input_R_6_load                 |   in|   32|     ap_none|                 input_R_6_load|        scalar|
|input_I_22_load                |   in|   32|     ap_none|                input_I_22_load|        scalar|
|input_I_6_load                 |   in|   32|     ap_none|                 input_I_6_load|        scalar|
|p_ZL15cos_coeff_table_23_load  |   in|   32|     ap_none|  p_ZL15cos_coeff_table_23_load|        scalar|
|p_ZL15cos_coeff_table_7_load   |   in|   32|     ap_none|   p_ZL15cos_coeff_table_7_load|        scalar|
|p_ZL15sin_coeff_table_23_load  |   in|   32|     ap_none|  p_ZL15sin_coeff_table_23_load|        scalar|
|p_ZL15sin_coeff_table_7_load   |   in|   32|     ap_none|   p_ZL15sin_coeff_table_7_load|        scalar|
|input_R_23_load                |   in|   32|     ap_none|                input_R_23_load|        scalar|
|input_R_7_load                 |   in|   32|     ap_none|                 input_R_7_load|        scalar|
|input_I_23_load                |   in|   32|     ap_none|                input_I_23_load|        scalar|
|input_I_7_load                 |   in|   32|     ap_none|                 input_I_7_load|        scalar|
|p_ZL15cos_coeff_table_24_load  |   in|   32|     ap_none|  p_ZL15cos_coeff_table_24_load|        scalar|
|p_ZL15cos_coeff_table_8_load   |   in|   32|     ap_none|   p_ZL15cos_coeff_table_8_load|        scalar|
|p_ZL15sin_coeff_table_24_load  |   in|   32|     ap_none|  p_ZL15sin_coeff_table_24_load|        scalar|
|p_ZL15sin_coeff_table_8_load   |   in|   32|     ap_none|   p_ZL15sin_coeff_table_8_load|        scalar|
|input_R_24_load                |   in|   32|     ap_none|                input_R_24_load|        scalar|
|input_R_8_load                 |   in|   32|     ap_none|                 input_R_8_load|        scalar|
|input_I_24_load                |   in|   32|     ap_none|                input_I_24_load|        scalar|
|input_I_8_load                 |   in|   32|     ap_none|                 input_I_8_load|        scalar|
|p_ZL15cos_coeff_table_25_load  |   in|   32|     ap_none|  p_ZL15cos_coeff_table_25_load|        scalar|
|p_ZL15cos_coeff_table_9_load   |   in|   32|     ap_none|   p_ZL15cos_coeff_table_9_load|        scalar|
|p_ZL15sin_coeff_table_25_load  |   in|   32|     ap_none|  p_ZL15sin_coeff_table_25_load|        scalar|
|p_ZL15sin_coeff_table_9_load   |   in|   32|     ap_none|   p_ZL15sin_coeff_table_9_load|        scalar|
|input_R_25_load                |   in|   32|     ap_none|                input_R_25_load|        scalar|
|input_R_9_load                 |   in|   32|     ap_none|                 input_R_9_load|        scalar|
|input_I_25_load                |   in|   32|     ap_none|                input_I_25_load|        scalar|
|input_I_9_load                 |   in|   32|     ap_none|                 input_I_9_load|        scalar|
|p_ZL15cos_coeff_table_26_load  |   in|   32|     ap_none|  p_ZL15cos_coeff_table_26_load|        scalar|
|p_ZL15cos_coeff_table_10_load  |   in|   32|     ap_none|  p_ZL15cos_coeff_table_10_load|        scalar|
|p_ZL15sin_coeff_table_26_load  |   in|   32|     ap_none|  p_ZL15sin_coeff_table_26_load|        scalar|
|p_ZL15sin_coeff_table_10_load  |   in|   32|     ap_none|  p_ZL15sin_coeff_table_10_load|        scalar|
|input_R_26_load                |   in|   32|     ap_none|                input_R_26_load|        scalar|
|input_R_10_load                |   in|   32|     ap_none|                input_R_10_load|        scalar|
|input_I_26_load                |   in|   32|     ap_none|                input_I_26_load|        scalar|
|input_I_10_load                |   in|   32|     ap_none|                input_I_10_load|        scalar|
|p_ZL15cos_coeff_table_27_load  |   in|   32|     ap_none|  p_ZL15cos_coeff_table_27_load|        scalar|
|p_ZL15cos_coeff_table_11_load  |   in|   32|     ap_none|  p_ZL15cos_coeff_table_11_load|        scalar|
|p_ZL15sin_coeff_table_27_load  |   in|   32|     ap_none|  p_ZL15sin_coeff_table_27_load|        scalar|
|p_ZL15sin_coeff_table_11_load  |   in|   32|     ap_none|  p_ZL15sin_coeff_table_11_load|        scalar|
|input_R_27_load                |   in|   32|     ap_none|                input_R_27_load|        scalar|
|input_R_11_load                |   in|   32|     ap_none|                input_R_11_load|        scalar|
|input_I_27_load                |   in|   32|     ap_none|                input_I_27_load|        scalar|
|input_I_11_load                |   in|   32|     ap_none|                input_I_11_load|        scalar|
|p_ZL15cos_coeff_table_28_load  |   in|   32|     ap_none|  p_ZL15cos_coeff_table_28_load|        scalar|
|p_ZL15cos_coeff_table_12_load  |   in|   32|     ap_none|  p_ZL15cos_coeff_table_12_load|        scalar|
|p_ZL15sin_coeff_table_28_load  |   in|   32|     ap_none|  p_ZL15sin_coeff_table_28_load|        scalar|
|p_ZL15sin_coeff_table_12_load  |   in|   32|     ap_none|  p_ZL15sin_coeff_table_12_load|        scalar|
|input_R_28_load                |   in|   32|     ap_none|                input_R_28_load|        scalar|
|input_R_12_load                |   in|   32|     ap_none|                input_R_12_load|        scalar|
|input_I_28_load                |   in|   32|     ap_none|                input_I_28_load|        scalar|
|input_I_12_load                |   in|   32|     ap_none|                input_I_12_load|        scalar|
|p_ZL15cos_coeff_table_29_load  |   in|   32|     ap_none|  p_ZL15cos_coeff_table_29_load|        scalar|
|p_ZL15cos_coeff_table_13_load  |   in|   32|     ap_none|  p_ZL15cos_coeff_table_13_load|        scalar|
|p_ZL15sin_coeff_table_29_load  |   in|   32|     ap_none|  p_ZL15sin_coeff_table_29_load|        scalar|
|p_ZL15sin_coeff_table_13_load  |   in|   32|     ap_none|  p_ZL15sin_coeff_table_13_load|        scalar|
|input_R_29_load                |   in|   32|     ap_none|                input_R_29_load|        scalar|
|input_R_13_load                |   in|   32|     ap_none|                input_R_13_load|        scalar|
|input_I_29_load                |   in|   32|     ap_none|                input_I_29_load|        scalar|
|input_I_13_load                |   in|   32|     ap_none|                input_I_13_load|        scalar|
|p_ZL15cos_coeff_table_30_load  |   in|   32|     ap_none|  p_ZL15cos_coeff_table_30_load|        scalar|
|p_ZL15cos_coeff_table_14_load  |   in|   32|     ap_none|  p_ZL15cos_coeff_table_14_load|        scalar|
|p_ZL15sin_coeff_table_30_load  |   in|   32|     ap_none|  p_ZL15sin_coeff_table_30_load|        scalar|
|p_ZL15sin_coeff_table_14_load  |   in|   32|     ap_none|  p_ZL15sin_coeff_table_14_load|        scalar|
|input_R_30_load                |   in|   32|     ap_none|                input_R_30_load|        scalar|
|input_R_14_load                |   in|   32|     ap_none|                input_R_14_load|        scalar|
|input_I_30_load                |   in|   32|     ap_none|                input_I_30_load|        scalar|
|input_I_14_load                |   in|   32|     ap_none|                input_I_14_load|        scalar|
|p_ZL15cos_coeff_table_31_load  |   in|   32|     ap_none|  p_ZL15cos_coeff_table_31_load|        scalar|
|p_ZL15cos_coeff_table_15_load  |   in|   32|     ap_none|  p_ZL15cos_coeff_table_15_load|        scalar|
|p_ZL15sin_coeff_table_31_load  |   in|   32|     ap_none|  p_ZL15sin_coeff_table_31_load|        scalar|
|p_ZL15sin_coeff_table_15_load  |   in|   32|     ap_none|  p_ZL15sin_coeff_table_15_load|        scalar|
|input_R_31_load                |   in|   32|     ap_none|                input_R_31_load|        scalar|
|input_R_15_load                |   in|   32|     ap_none|                input_R_15_load|        scalar|
|input_I_31_load                |   in|   32|     ap_none|                input_I_31_load|        scalar|
|input_I_15_load                |   in|   32|     ap_none|                input_I_15_load|        scalar|
|add306_out                     |  out|   32|      ap_vld|                     add306_out|       pointer|
|add306_out_ap_vld              |  out|    1|      ap_vld|                     add306_out|       pointer|
|add5_out                       |  out|   32|      ap_vld|                       add5_out|       pointer|
|add5_out_ap_vld                |  out|    1|      ap_vld|                       add5_out|       pointer|
+-------------------------------+-----+-----+------------+-------------------------------+--------------+

