

================================================================
== Synthesis Summary Report of 'axis_fp_example'
================================================================
+ General Information: 
    * Date:           Fri Nov  7 15:10:31 2025
    * Version:        2024.2 (Build 5238294 on Nov  8 2024)
    * Project:        axis_fp_example.comp
    * Solution:       hls (Vivado IP Flow Target)
    * Product family: zynq
    * Target device:  xc7z020-clg400-1
    

+ Performance & Resource Estimates: 
    
    PS: '+' for module; 'o' for loop; '*' for dataflow
    +--------------------+------+------+---------+--------+----------+---------+------+----------+------+--------+-----------+-----------+-----+
    |       Modules      | Issue|      | Latency | Latency| Iteration|         | Trip |          |      |        |           |           |     |
    |       & Loops      | Type | Slack| (cycles)|  (ns)  |  Latency | Interval| Count| Pipelined| BRAM |   DSP  |     FF    |    LUT    | URAM|
    +--------------------+------+------+---------+--------+----------+---------+------+----------+------+--------+-----------+-----------+-----+
    |+ axis_fp_example   |     -|  0.04|        -|       -|         -|        0|     -|    rewind|     -|  4 (1%)|  993 (~0%)|  1082 (2%)|    -|
    | o VITIS_LOOP_17_1  |     -|  7.30|        -|       -|         8|        1|     -|       yes|     -|       -|          -|          -|    -|
    +--------------------+------+------+---------+--------+----------+---------+------+----------+------+--------+-----------+-----------+-----+


================================================================
== HW Interfaces
================================================================
* S_AXILITE Interfaces
+---------------+------------+---------------+
| Interface     | Data Width | Address Width |
+---------------+------------+---------------+
| s_axi_control | 32         | 4             |
+---------------+------------+---------------+

* S_AXILITE Registers
+---------------+----------+--------+-------+--------+----------------------------------+----------------------------------------------------------------------+
| Interface     | Register | Offset | Width | Access | Description                      | Bit Fields                                                           |
+---------------+----------+--------+-------+--------+----------------------------------+----------------------------------------------------------------------+
| s_axi_control | CTRL     | 0x00   | 32    | RW     | Control signals                  | 0=AP_START 1=AP_DONE 2=AP_IDLE 3=AP_READY 7=AUTO_RESTART 9=INTERRUPT |
| s_axi_control | GIER     | 0x04   | 32    | RW     | Global Interrupt Enable Register | 0=Enable                                                             |
| s_axi_control | IP_IER   | 0x08   | 32    | RW     | IP Interrupt Enable Register     | 0=CHAN0_INT_EN 1=CHAN1_INT_EN                                        |
| s_axi_control | IP_ISR   | 0x0c   | 32    | RW     | IP Interrupt Status Register     | 0=CHAN0_INT_ST 1=CHAN1_INT_ST                                        |
+---------------+----------+--------+-------+--------+----------------------------------+----------------------------------------------------------------------+

* AXIS
+-----------+-----------+---------------+-------+-------+-------+--------+-------+--------+
| Interface | Direction | Register Mode | TDATA | TKEEP | TLAST | TREADY | TSTRB | TVALID |
+-----------+-----------+---------------+-------+-------+-------+--------+-------+--------+
| A         | in        | both          | 32    | 4     | 1     | 1      | 4     | 1      |
| B         | in        | both          | 32    | 4     | 1     | 1      | 4     | 1      |
| C         | out       | both          | 32    | 4     | 1     | 1      | 4     | 1      |
| D         | out       | both          | 32    | 4     | 1     | 1      | 4     | 1      |
+-----------+-----------+---------------+-------+-------+-------+--------+-------+--------+

* TOP LEVEL CONTROL
+-----------+------------+-----------+
| Interface | Type       | Ports     |
+-----------+------------+-----------+
| ap_clk    | clock      | ap_clk    |
| ap_rst_n  | reset      | ap_rst_n  |
| interrupt | interrupt  | interrupt |
| ap_ctrl   | ap_ctrl_hs |           |
+-----------+------------+-----------+


================================================================
== SW I/O Information
================================================================
* Top Function Arguments
+----------+-----------+---------------------------------------------------+
| Argument | Direction | Datatype                                          |
+----------+-----------+---------------------------------------------------+
| A        | in        | stream<hls::axis<float, 0, 0, 0, '8', false>, 0>& |
| B        | in        | stream<hls::axis<float, 0, 0, 0, '8', false>, 0>& |
| C        | out       | stream<hls::axis<float, 0, 0, 0, '8', false>, 0>& |
| D        | out       | stream<hls::axis<float, 0, 0, 0, '8', false>, 0>& |
+----------+-----------+---------------------------------------------------+

* SW-to-HW Mapping
+----------+--------------+-----------+
| Argument | HW Interface | HW Type   |
+----------+--------------+-----------+
| A        | A            | interface |
| B        | B            | interface |
| C        | C            | interface |
| D        | D            | interface |
+----------+--------------+-----------+


================================================================
== M_AXI Burst Information
================================================================
 Note: All burst requests might be further partitioned into multiple requests during RTL generation based on max_read_burst_length or max_write_burst_length settings.


================================================================
== Bind Op Report
================================================================
+-------------------------------------+-----+--------+----------+------+---------+---------+
| Name                                | DSP | Pragma | Variable | Op   | Impl    | Latency |
+-------------------------------------+-----+--------+----------+------+---------+---------+
| + axis_fp_example                   | 4   |        |          |      |         |         |
|   fadd_32ns_32ns_32_5_full_dsp_1_U1 | 2   |        | Cdata    | fadd | fulldsp | 4       |
|   fsub_32ns_32ns_32_5_full_dsp_1_U2 | 2   |        | Ddata    | fsub | fulldsp | 4       |
|   or_ln33_fu_174_p2                 |     |        | or_ln33  | or   | auto    | 0       |
+-------------------------------------+-----+--------+----------+------+---------+---------+


================================================================
== Storage Report
================================================================
+-------------------+-----------+-----------+------+------+--------+----------+------+---------+------------------+
| Name              | Usage     | Type      | BRAM | URAM | Pragma | Variable | Impl | Latency | Bitwidth, Depth, |
|                   |           |           |      |      |        |          |      |         | Banks            |
+-------------------+-----------+-----------+------+------+--------+----------+------+---------+------------------+
| + axis_fp_example |           |           | 0    | 0    |        |          |      |         |                  |
|   control_s_axi_U | interface | s_axilite |      |      |        |          |      |         |                  |
+-------------------+-----------+-----------+------+------+--------+----------+------+---------+------------------+


================================================================
== Pragma Report
================================================================
* Valid Pragma Syntax
+-----------+----------------------------+----------------------------------------------------+
| Type      | Options                    | Location                                           |
+-----------+----------------------------+----------------------------------------------------+
| interface | mode=axis port=A,B,C,D     | axis_fp_example.cpp:11 in axis_fp_example, A,B,C,D |
| interface | mode=s_axilite port=return | axis_fp_example.cpp:12 in axis_fp_example, return  |
+-----------+----------------------------+----------------------------------------------------+


