==============================================================
Vitis HLS - High-Level Synthesis from C, C++ and OpenCL v2024.2 (64-bit)
Tool Version Limit: 2024.11
Copyright 1986-2022 Xilinx, Inc. All Rights Reserved.
Copyright 2022-2024 Advanced Micro Devices, Inc. All Rights Reserved.

==============================================================
INFO: [HLS 200-1505] Using default flow_target 'vivado'
INFO: [HLS 200-1510] Running: add_files dft.cpp 
INFO: [HLS 200-10] Adding design file 'dft.cpp' to the project
INFO: [HLS 200-1510] Running: add_files -tb dft_test.cpp 
INFO: [HLS 200-10] Adding test bench file 'dft_test.cpp' to the project
INFO: [HLS 200-1510] Running: set_top dft 
INFO: [HLS 200-1510] Running: set_part xc7z020clg400-1 
INFO: [HLS 200-1611] Setting target device to 'xc7z020-clg400-1'
INFO: [HLS 200-1510] Running: create_clock -period 10 
INFO: [SYN 201-201] Setting up clock 'default' with a period of 10ns.
INFO: [HLS 200-1510] Running: csynth_design 
INFO: [HLS 200-111] Finished File checks and directory preparation: CPU user time: 0.12 seconds. CPU system time: 0.04 seconds. Elapsed time: 2.73 seconds; current allocated memory: 658.984 MB.
INFO: [HLS 200-10] Analyzing design file 'dft.cpp' ... 
INFO: [HLS 200-111] Finished Source Code Analysis and Preprocessing: CPU user time: 4.35 seconds. CPU system time: 0.91 seconds. Elapsed time: 5.58 seconds; current allocated memory: 660.430 MB.
INFO: [HLS 200-777] Using interface defaults for 'Vivado' flow target.
INFO: [HLS 200-1995] There were 65 instructions in the design after the 'Compile/Link' phase of compilation. See the Design Size Report for more details: /home/linux/ieng6/students/769/zeh003/Desktop/CSE-237C-Starter/project_files/project3/dft_1024_precomputed/dft.comp/hls/syn/report/csynth_design_size.rpt
INFO: [HLS 200-1995] There were 2,048 instructions in the design after the 'Unroll/Inline (step 1)' phase of compilation. See the Design Size Report for more details: /home/linux/ieng6/students/769/zeh003/Desktop/CSE-237C-Starter/project_files/project3/dft_1024_precomputed/dft.comp/hls/syn/report/csynth_design_size.rpt
INFO: [HLS 200-1995] There were 1,463 instructions in the design after the 'Unroll/Inline (step 2)' phase of compilation. See the Design Size Report for more details: /home/linux/ieng6/students/769/zeh003/Desktop/CSE-237C-Starter/project_files/project3/dft_1024_precomputed/dft.comp/hls/syn/report/csynth_design_size.rpt
INFO: [HLS 200-1995] There were 1,455 instructions in the design after the 'Unroll/Inline (step 3)' phase of compilation. See the Design Size Report for more details: /home/linux/ieng6/students/769/zeh003/Desktop/CSE-237C-Starter/project_files/project3/dft_1024_precomputed/dft.comp/hls/syn/report/csynth_design_size.rpt
INFO: [HLS 200-1995] There were 1,455 instructions in the design after the 'Unroll/Inline (step 4)' phase of compilation. See the Design Size Report for more details: /home/linux/ieng6/students/769/zeh003/Desktop/CSE-237C-Starter/project_files/project3/dft_1024_precomputed/dft.comp/hls/syn/report/csynth_design_size.rpt
INFO: [HLS 200-1995] There were 4,061 instructions in the design after the 'Array/Struct (step 1)' phase of compilation. See the Design Size Report for more details: /home/linux/ieng6/students/769/zeh003/Desktop/CSE-237C-Starter/project_files/project3/dft_1024_precomputed/dft.comp/hls/syn/report/csynth_design_size.rpt
INFO: [HLS 200-1995] There were 3,933 instructions in the design after the 'Array/Struct (step 2)' phase of compilation. See the Design Size Report for more details: /home/linux/ieng6/students/769/zeh003/Desktop/CSE-237C-Starter/project_files/project3/dft_1024_precomputed/dft.comp/hls/syn/report/csynth_design_size.rpt
INFO: [HLS 200-1995] There were 3,933 instructions in the design after the 'Array/Struct (step 3)' phase of compilation. See the Design Size Report for more details: /home/linux/ieng6/students/769/zeh003/Desktop/CSE-237C-Starter/project_files/project3/dft_1024_precomputed/dft.comp/hls/syn/report/csynth_design_size.rpt
INFO: [HLS 200-1995] There were 3,933 instructions in the design after the 'Array/Struct (step 4)' phase of compilation. See the Design Size Report for more details: /home/linux/ieng6/students/769/zeh003/Desktop/CSE-237C-Starter/project_files/project3/dft_1024_precomputed/dft.comp/hls/syn/report/csynth_design_size.rpt
INFO: [HLS 200-1995] There were 3,886 instructions in the design after the 'Array/Struct (step 5)' phase of compilation. See the Design Size Report for more details: /home/linux/ieng6/students/769/zeh003/Desktop/CSE-237C-Starter/project_files/project3/dft_1024_precomputed/dft.comp/hls/syn/report/csynth_design_size.rpt
INFO: [HLS 200-1995] There were 3,886 instructions in the design after the 'Performance (step 1)' phase of compilation. See the Design Size Report for more details: /home/linux/ieng6/students/769/zeh003/Desktop/CSE-237C-Starter/project_files/project3/dft_1024_precomputed/dft.comp/hls/syn/report/csynth_design_size.rpt
INFO: [HLS 200-1995] There were 3,870 instructions in the design after the 'Performance (step 2)' phase of compilation. See the Design Size Report for more details: /home/linux/ieng6/students/769/zeh003/Desktop/CSE-237C-Starter/project_files/project3/dft_1024_precomputed/dft.comp/hls/syn/report/csynth_design_size.rpt
INFO: [HLS 200-1995] There were 3,870 instructions in the design after the 'Performance (step 3)' phase of compilation. See the Design Size Report for more details: /home/linux/ieng6/students/769/zeh003/Desktop/CSE-237C-Starter/project_files/project3/dft_1024_precomputed/dft.comp/hls/syn/report/csynth_design_size.rpt
INFO: [HLS 200-1995] There were 3,870 instructions in the design after the 'Performance (step 4)' phase of compilation. See the Design Size Report for more details: /home/linux/ieng6/students/769/zeh003/Desktop/CSE-237C-Starter/project_files/project3/dft_1024_precomputed/dft.comp/hls/syn/report/csynth_design_size.rpt
INFO: [HLS 200-1995] There were 4,990 instructions in the design after the 'HW Transforms (step 1)' phase of compilation. See the Design Size Report for more details: /home/linux/ieng6/students/769/zeh003/Desktop/CSE-237C-Starter/project_files/project3/dft_1024_precomputed/dft.comp/hls/syn/report/csynth_design_size.rpt
INFO: [HLS 200-1995] There were 5,026 instructions in the design after the 'HW Transforms (step 2)' phase of compilation. See the Design Size Report for more details: /home/linux/ieng6/students/769/zeh003/Desktop/CSE-237C-Starter/project_files/project3/dft_1024_precomputed/dft.comp/hls/syn/report/csynth_design_size.rpt
INFO: [HLS 214-188] Unrolling loop 'VITIS_LOOP_20_1' (dft.cpp:20:19) in function 'dft' partially with a factor of 8 (dft.cpp:6:0)
INFO: [HLS 214-188] Unrolling loop 'VITIS_LOOP_24_2' (dft.cpp:24:22) in function 'dft' partially with a factor of 8 (dft.cpp:6:0)
WARNING: [HLS 214-253] Ignored unsupported array_partition pragma on variable 'sin_coefficients_table'. This can happen when applying a pragma on a function argument with mismatched array size w.r.t. its call site, or when providing a dim too deep on an array of insufficient dimension. (dft.cpp:12:9)
WARNING: [HLS 214-253] Ignored unsupported array_partition pragma on variable 'cos_coefficients_table'. This can happen when applying a pragma on a function argument with mismatched array size w.r.t. its call site, or when providing a dim too deep on an array of insufficient dimension. (dft.cpp:11:9)
INFO: [HLS 214-248] Applying array_partition to 'real_sample': Block partitioning with factor 8 on dimension 1. (dft.cpp:6:0)
INFO: [HLS 214-248] Applying array_partition to 'imag_sample': Block partitioning with factor 8 on dimension 1. (dft.cpp:6:0)
INFO: [HLS 214-248] Applying array_partition to 'real_op': Block partitioning with factor 8 on dimension 1. (dft.cpp:6:0)
INFO: [HLS 214-248] Applying array_partition to 'imag_op': Block partitioning with factor 8 on dimension 1. (dft.cpp:6:0)
INFO: [HLS 214-376] automatically set the pipeline for Loop< VITIS_LOOP_24_2> at dft.cpp:24:22 
INFO: [HLS 200-111] Finished Compiling Optimization and Transform: CPU user time: 9.38 seconds. CPU system time: 0.69 seconds. Elapsed time: 14.22 seconds; current allocated memory: 670.102 MB.
INFO: [HLS 200-111] Finished Checking Pragmas: CPU user time: 0 seconds. CPU system time: 0 seconds. Elapsed time: 0 seconds; current allocated memory: 670.102 MB.
INFO: [HLS 200-10] Starting code transformations ...
INFO: [HLS 200-111] Finished Standard Transforms: CPU user time: 0.36 seconds. CPU system time: 0.01 seconds. Elapsed time: 0.41 seconds; current allocated memory: 678.664 MB.
INFO: [HLS 200-10] Checking synthesizability ...
INFO: [HLS 200-111] Finished Checking Synthesizability: CPU user time: 0.19 seconds. CPU system time: 0 seconds. Elapsed time: 0.21 seconds; current allocated memory: 678.828 MB.
INFO: [HLS 200-111] Finished Loop, function and other optimizations: CPU user time: 1.31 seconds. CPU system time: 0.02 seconds. Elapsed time: 1.37 seconds; current allocated memory: 714.664 MB.
INFO: [HLS 200-111] Finished Architecture Synthesis: CPU user time: 1.24 seconds. CPU system time: 0.04 seconds. Elapsed time: 1.33 seconds; current allocated memory: 784.617 MB.
INFO: [HLS 200-10] Starting hardware synthesis ...
INFO: [HLS 200-10] Synthesizing 'dft' ...
INFO: [HLS 200-10] ----------------------------------------------------------------
INFO: [HLS 200-42] -- Implementing module 'dft_Pipeline_VITIS_LOOP_24_2' 
INFO: [HLS 200-10] ----------------------------------------------------------------
INFO: [SCHED 204-11] Starting scheduling ...
INFO: [SCHED 204-61] Pipelining loop 'VITIS_LOOP_24_2'.
WARNING: [HLS 200-880] The II Violation in module 'dft_Pipeline_VITIS_LOOP_24_2' (loop 'VITIS_LOOP_24_2'): Unable to enforce a carried dependence constraint (II = 1, distance = 1, offset = 1) between 'store' operation 0 bit ('add3_write_ln29', dft.cpp:29) of variable 'add_4', dft.cpp:29 on local variable 'add3' and 'fadd' operation 32 bit ('add', dft.cpp:29).
WARNING: [HLS 200-880] The II Violation in module 'dft_Pipeline_VITIS_LOOP_24_2' (loop 'VITIS_LOOP_24_2'): Unable to enforce a carried dependence constraint (II = 2, distance = 1, offset = 1) between 'store' operation 0 bit ('add3_write_ln29', dft.cpp:29) of variable 'add_4', dft.cpp:29 on local variable 'add3' and 'fadd' operation 32 bit ('add', dft.cpp:29).
WARNING: [HLS 200-880] The II Violation in module 'dft_Pipeline_VITIS_LOOP_24_2' (loop 'VITIS_LOOP_24_2'): Unable to enforce a carried dependence constraint (II = 3, distance = 1, offset = 1) between 'store' operation 0 bit ('add3_write_ln29', dft.cpp:29) of variable 'add_4', dft.cpp:29 on local variable 'add3' and 'fadd' operation 32 bit ('add', dft.cpp:29).
WARNING: [HLS 200-880] The II Violation in module 'dft_Pipeline_VITIS_LOOP_24_2' (loop 'VITIS_LOOP_24_2'): Unable to enforce a carried dependence constraint (II = 4, distance = 1, offset = 1) between 'store' operation 0 bit ('add3_write_ln29', dft.cpp:29) of variable 'add_4', dft.cpp:29 on local variable 'add3' and 'fadd' operation 32 bit ('add', dft.cpp:29).
WARNING: [HLS 200-880] The II Violation in module 'dft_Pipeline_VITIS_LOOP_24_2' (loop 'VITIS_LOOP_24_2'): Unable to enforce a carried dependence constraint (II = 35, distance = 1, offset = 1) between 'store' operation 0 bit ('add3_write_ln29', dft.cpp:29) of variable 'add_4', dft.cpp:29 on local variable 'add3' and 'fadd' operation 32 bit ('add', dft.cpp:29).
WARNING: [HLS 200-880] The II Violation in module 'dft_Pipeline_VITIS_LOOP_24_2' (loop 'VITIS_LOOP_24_2'): Unable to enforce a carried dependence constraint (II = 39, distance = 1, offset = 1) between 'store' operation 0 bit ('add3_write_ln29', dft.cpp:29) of variable 'add_4', dft.cpp:29 on local variable 'add3' and 'fadd' operation 32 bit ('add', dft.cpp:29).
WARNING: [HLS 200-880] The II Violation in module 'dft_Pipeline_VITIS_LOOP_24_2' (loop 'VITIS_LOOP_24_2'): Unable to enforce a carried dependence constraint (II = 40, distance = 1, offset = 1) between 'store' operation 0 bit ('add3_write_ln29', dft.cpp:29) of variable 'add_4', dft.cpp:29 on local variable 'add3' and 'fadd' operation 32 bit ('add', dft.cpp:29).
INFO: [HLS 200-1470] Pipelining result : Target II = NA, Final II = 41, Depth = 56, loop 'VITIS_LOOP_24_2'
INFO: [SCHED 204-11] Finished scheduling.
INFO: [HLS 200-111] Finished Scheduling: CPU user time: 0.74 seconds. CPU system time: 0.07 seconds. Elapsed time: 0.98 seconds; current allocated memory: 792.809 MB.
INFO: [BIND 205-100] Starting micro-architecture generation ...
INFO: [BIND 205-101] Performing variable lifetime analysis.
INFO: [BIND 205-101] Exploring resource sharing.
INFO: [BIND 205-101] Binding ...
INFO: [BIND 205-100] Finished micro-architecture generation.
INFO: [HLS 200-111] Finished Binding: CPU user time: 0.15 seconds. CPU system time: 0 seconds. Elapsed time: 0.2 seconds; current allocated memory: 792.809 MB.
INFO: [HLS 200-10] ----------------------------------------------------------------
INFO: [HLS 200-42] -- Implementing module 'dft_Pipeline_VITIS_LOOP_24_21' 
INFO: [HLS 200-10] ----------------------------------------------------------------
INFO: [SCHED 204-11] Starting scheduling ...
INFO: [SCHED 204-61] Pipelining loop 'VITIS_LOOP_24_2'.
WARNING: [HLS 200-880] The II Violation in module 'dft_Pipeline_VITIS_LOOP_24_21' (loop 'VITIS_LOOP_24_2'): Unable to enforce a carried dependence constraint (II = 1, distance = 1, offset = 1) between 'store' operation 0 bit ('add3_1_write_ln29', dft.cpp:29) of variable 'add_1_7', dft.cpp:29 on local variable 'add3_1' and 'fadd' operation 32 bit ('add_1', dft.cpp:29).
WARNING: [HLS 200-880] The II Violation in module 'dft_Pipeline_VITIS_LOOP_24_21' (loop 'VITIS_LOOP_24_2'): Unable to enforce a carried dependence constraint (II = 2, distance = 1, offset = 1) between 'store' operation 0 bit ('add3_1_write_ln29', dft.cpp:29) of variable 'add_1_7', dft.cpp:29 on local variable 'add3_1' and 'fadd' operation 32 bit ('add_1', dft.cpp:29).
WARNING: [HLS 200-880] The II Violation in module 'dft_Pipeline_VITIS_LOOP_24_21' (loop 'VITIS_LOOP_24_2'): Unable to enforce a carried dependence constraint (II = 3, distance = 1, offset = 1) between 'store' operation 0 bit ('add3_1_write_ln29', dft.cpp:29) of variable 'add_1_7', dft.cpp:29 on local variable 'add3_1' and 'fadd' operation 32 bit ('add_1', dft.cpp:29).
WARNING: [HLS 200-880] The II Violation in module 'dft_Pipeline_VITIS_LOOP_24_21' (loop 'VITIS_LOOP_24_2'): Unable to enforce a carried dependence constraint (II = 4, distance = 1, offset = 1) between 'store' operation 0 bit ('add3_1_write_ln29', dft.cpp:29) of variable 'add_1_7', dft.cpp:29 on local variable 'add3_1' and 'fadd' operation 32 bit ('add_1', dft.cpp:29).
WARNING: [HLS 200-880] The II Violation in module 'dft_Pipeline_VITIS_LOOP_24_21' (loop 'VITIS_LOOP_24_2'): Unable to enforce a carried dependence constraint (II = 35, distance = 1, offset = 1) between 'store' operation 0 bit ('add3_1_write_ln29', dft.cpp:29) of variable 'add_1_7', dft.cpp:29 on local variable 'add3_1' and 'fadd' operation 32 bit ('add_1', dft.cpp:29).
WARNING: [HLS 200-880] The II Violation in module 'dft_Pipeline_VITIS_LOOP_24_21' (loop 'VITIS_LOOP_24_2'): Unable to enforce a carried dependence constraint (II = 39, distance = 1, offset = 1) between 'store' operation 0 bit ('add3_1_write_ln29', dft.cpp:29) of variable 'add_1_7', dft.cpp:29 on local variable 'add3_1' and 'fadd' operation 32 bit ('add_1', dft.cpp:29).
WARNING: [HLS 200-880] The II Violation in module 'dft_Pipeline_VITIS_LOOP_24_21' (loop 'VITIS_LOOP_24_2'): Unable to enforce a carried dependence constraint (II = 40, distance = 1, offset = 1) between 'store' operation 0 bit ('add3_1_write_ln29', dft.cpp:29) of variable 'add_1_7', dft.cpp:29 on local variable 'add3_1' and 'fadd' operation 32 bit ('add_1', dft.cpp:29).
INFO: [HLS 200-1470] Pipelining result : Target II = NA, Final II = 41, Depth = 56, loop 'VITIS_LOOP_24_2'
INFO: [SCHED 204-11] Finished scheduling.
INFO: [HLS 200-111] Finished Scheduling: CPU user time: 0.58 seconds. CPU system time: 0.02 seconds. Elapsed time: 0.75 seconds; current allocated memory: 798.055 MB.
INFO: [BIND 205-100] Starting micro-architecture generation ...
INFO: [BIND 205-101] Performing variable lifetime analysis.
INFO: [BIND 205-101] Exploring resource sharing.
INFO: [BIND 205-101] Binding ...
INFO: [BIND 205-100] Finished micro-architecture generation.
INFO: [HLS 200-111] Finished Binding: CPU user time: 0.14 seconds. CPU system time: 0 seconds. Elapsed time: 0.18 seconds; current allocated memory: 798.055 MB.
INFO: [HLS 200-10] ----------------------------------------------------------------
INFO: [HLS 200-42] -- Implementing module 'dft_Pipeline_VITIS_LOOP_24_22' 
INFO: [HLS 200-10] ----------------------------------------------------------------
INFO: [SCHED 204-11] Starting scheduling ...
INFO: [SCHED 204-61] Pipelining loop 'VITIS_LOOP_24_2'.
WARNING: [HLS 200-880] The II Violation in module 'dft_Pipeline_VITIS_LOOP_24_22' (loop 'VITIS_LOOP_24_2'): Unable to enforce a carried dependence constraint (II = 1, distance = 1, offset = 1) between 'store' operation 0 bit ('add3_2_write_ln29', dft.cpp:29) of variable 'add_2_7', dft.cpp:29 on local variable 'add3_2' and 'fadd' operation 32 bit ('add_2', dft.cpp:29).
WARNING: [HLS 200-880] The II Violation in module 'dft_Pipeline_VITIS_LOOP_24_22' (loop 'VITIS_LOOP_24_2'): Unable to enforce a carried dependence constraint (II = 2, distance = 1, offset = 1) between 'store' operation 0 bit ('add3_2_write_ln29', dft.cpp:29) of variable 'add_2_7', dft.cpp:29 on local variable 'add3_2' and 'fadd' operation 32 bit ('add_2', dft.cpp:29).
WARNING: [HLS 200-880] The II Violation in module 'dft_Pipeline_VITIS_LOOP_24_22' (loop 'VITIS_LOOP_24_2'): Unable to enforce a carried dependence constraint (II = 3, distance = 1, offset = 1) between 'store' operation 0 bit ('add3_2_write_ln29', dft.cpp:29) of variable 'add_2_7', dft.cpp:29 on local variable 'add3_2' and 'fadd' operation 32 bit ('add_2', dft.cpp:29).
WARNING: [HLS 200-880] The II Violation in module 'dft_Pipeline_VITIS_LOOP_24_22' (loop 'VITIS_LOOP_24_2'): Unable to enforce a carried dependence constraint (II = 4, distance = 1, offset = 1) between 'store' operation 0 bit ('add3_2_write_ln29', dft.cpp:29) of variable 'add_2_7', dft.cpp:29 on local variable 'add3_2' and 'fadd' operation 32 bit ('add_2', dft.cpp:29).
WARNING: [HLS 200-880] The II Violation in module 'dft_Pipeline_VITIS_LOOP_24_22' (loop 'VITIS_LOOP_24_2'): Unable to enforce a carried dependence constraint (II = 35, distance = 1, offset = 1) between 'store' operation 0 bit ('add3_2_write_ln29', dft.cpp:29) of variable 'add_2_7', dft.cpp:29 on local variable 'add3_2' and 'fadd' operation 32 bit ('add_2', dft.cpp:29).
WARNING: [HLS 200-880] The II Violation in module 'dft_Pipeline_VITIS_LOOP_24_22' (loop 'VITIS_LOOP_24_2'): Unable to enforce a carried dependence constraint (II = 39, distance = 1, offset = 1) between 'store' operation 0 bit ('add3_2_write_ln29', dft.cpp:29) of variable 'add_2_7', dft.cpp:29 on local variable 'add3_2' and 'fadd' operation 32 bit ('add_2', dft.cpp:29).
WARNING: [HLS 200-880] The II Violation in module 'dft_Pipeline_VITIS_LOOP_24_22' (loop 'VITIS_LOOP_24_2'): Unable to enforce a carried dependence constraint (II = 40, distance = 1, offset = 1) between 'store' operation 0 bit ('add3_2_write_ln29', dft.cpp:29) of variable 'add_2_7', dft.cpp:29 on local variable 'add3_2' and 'fadd' operation 32 bit ('add_2', dft.cpp:29).
INFO: [HLS 200-1470] Pipelining result : Target II = NA, Final II = 41, Depth = 56, loop 'VITIS_LOOP_24_2'
INFO: [SCHED 204-11] Finished scheduling.
INFO: [HLS 200-111] Finished Scheduling: CPU user time: 0.57 seconds. CPU system time: 0.02 seconds. Elapsed time: 0.72 seconds; current allocated memory: 803.199 MB.
INFO: [BIND 205-100] Starting micro-architecture generation ...
INFO: [BIND 205-101] Performing variable lifetime analysis.
INFO: [BIND 205-101] Exploring resource sharing.
INFO: [BIND 205-101] Binding ...
INFO: [BIND 205-100] Finished micro-architecture generation.
INFO: [HLS 200-111] Finished Binding: CPU user time: 0.14 seconds. CPU system time: 0.01 seconds. Elapsed time: 0.23 seconds; current allocated memory: 803.199 MB.
INFO: [HLS 200-10] ----------------------------------------------------------------
INFO: [HLS 200-42] -- Implementing module 'dft_Pipeline_VITIS_LOOP_24_23' 
INFO: [HLS 200-10] ----------------------------------------------------------------
INFO: [SCHED 204-11] Starting scheduling ...
INFO: [SCHED 204-61] Pipelining loop 'VITIS_LOOP_24_2'.
WARNING: [HLS 200-880] The II Violation in module 'dft_Pipeline_VITIS_LOOP_24_23' (loop 'VITIS_LOOP_24_2'): Unable to enforce a carried dependence constraint (II = 1, distance = 1, offset = 1) between 'store' operation 0 bit ('add3_3_write_ln29', dft.cpp:29) of variable 'add_3_7', dft.cpp:29 on local variable 'add3_3' and 'fadd' operation 32 bit ('add_3', dft.cpp:29).
WARNING: [HLS 200-880] The II Violation in module 'dft_Pipeline_VITIS_LOOP_24_23' (loop 'VITIS_LOOP_24_2'): Unable to enforce a carried dependence constraint (II = 2, distance = 1, offset = 1) between 'store' operation 0 bit ('add3_3_write_ln29', dft.cpp:29) of variable 'add_3_7', dft.cpp:29 on local variable 'add3_3' and 'fadd' operation 32 bit ('add_3', dft.cpp:29).
WARNING: [HLS 200-880] The II Violation in module 'dft_Pipeline_VITIS_LOOP_24_23' (loop 'VITIS_LOOP_24_2'): Unable to enforce a carried dependence constraint (II = 3, distance = 1, offset = 1) between 'store' operation 0 bit ('add3_3_write_ln29', dft.cpp:29) of variable 'add_3_7', dft.cpp:29 on local variable 'add3_3' and 'fadd' operation 32 bit ('add_3', dft.cpp:29).
WARNING: [HLS 200-880] The II Violation in module 'dft_Pipeline_VITIS_LOOP_24_23' (loop 'VITIS_LOOP_24_2'): Unable to enforce a carried dependence constraint (II = 4, distance = 1, offset = 1) between 'store' operation 0 bit ('add3_3_write_ln29', dft.cpp:29) of variable 'add_3_7', dft.cpp:29 on local variable 'add3_3' and 'fadd' operation 32 bit ('add_3', dft.cpp:29).
WARNING: [HLS 200-880] The II Violation in module 'dft_Pipeline_VITIS_LOOP_24_23' (loop 'VITIS_LOOP_24_2'): Unable to enforce a carried dependence constraint (II = 35, distance = 1, offset = 1) between 'store' operation 0 bit ('add3_3_write_ln29', dft.cpp:29) of variable 'add_3_7', dft.cpp:29 on local variable 'add3_3' and 'fadd' operation 32 bit ('add_3', dft.cpp:29).
WARNING: [HLS 200-880] The II Violation in module 'dft_Pipeline_VITIS_LOOP_24_23' (loop 'VITIS_LOOP_24_2'): Unable to enforce a carried dependence constraint (II = 39, distance = 1, offset = 1) between 'store' operation 0 bit ('add3_3_write_ln29', dft.cpp:29) of variable 'add_3_7', dft.cpp:29 on local variable 'add3_3' and 'fadd' operation 32 bit ('add_3', dft.cpp:29).
WARNING: [HLS 200-880] The II Violation in module 'dft_Pipeline_VITIS_LOOP_24_23' (loop 'VITIS_LOOP_24_2'): Unable to enforce a carried dependence constraint (II = 40, distance = 1, offset = 1) between 'store' operation 0 bit ('add3_3_write_ln29', dft.cpp:29) of variable 'add_3_7', dft.cpp:29 on local variable 'add3_3' and 'fadd' operation 32 bit ('add_3', dft.cpp:29).
INFO: [HLS 200-1470] Pipelining result : Target II = NA, Final II = 41, Depth = 56, loop 'VITIS_LOOP_24_2'
INFO: [SCHED 204-11] Finished scheduling.
INFO: [HLS 200-111] Finished Scheduling: CPU user time: 0.58 seconds. CPU system time: 0.01 seconds. Elapsed time: 0.76 seconds; current allocated memory: 808.465 MB.
INFO: [BIND 205-100] Starting micro-architecture generation ...
INFO: [BIND 205-101] Performing variable lifetime analysis.
INFO: [BIND 205-101] Exploring resource sharing.
INFO: [BIND 205-101] Binding ...
INFO: [BIND 205-100] Finished micro-architecture generation.
INFO: [HLS 200-111] Finished Binding: CPU user time: 0.14 seconds. CPU system time: 0 seconds. Elapsed time: 0.22 seconds; current allocated memory: 808.465 MB.
INFO: [HLS 200-10] ----------------------------------------------------------------
INFO: [HLS 200-42] -- Implementing module 'dft_Pipeline_VITIS_LOOP_24_24' 
INFO: [HLS 200-10] ----------------------------------------------------------------
INFO: [SCHED 204-11] Starting scheduling ...
INFO: [SCHED 204-61] Pipelining loop 'VITIS_LOOP_24_2'.
WARNING: [HLS 200-880] The II Violation in module 'dft_Pipeline_VITIS_LOOP_24_24' (loop 'VITIS_LOOP_24_2'): Unable to enforce a carried dependence constraint (II = 1, distance = 1, offset = 1) between 'store' operation 0 bit ('add3_4_write_ln29', dft.cpp:29) of variable 'add_4_7', dft.cpp:29 on local variable 'add3_4' and 'fadd' operation 32 bit ('add_4', dft.cpp:29).
WARNING: [HLS 200-880] The II Violation in module 'dft_Pipeline_VITIS_LOOP_24_24' (loop 'VITIS_LOOP_24_2'): Unable to enforce a carried dependence constraint (II = 2, distance = 1, offset = 1) between 'store' operation 0 bit ('add3_4_write_ln29', dft.cpp:29) of variable 'add_4_7', dft.cpp:29 on local variable 'add3_4' and 'fadd' operation 32 bit ('add_4', dft.cpp:29).
WARNING: [HLS 200-880] The II Violation in module 'dft_Pipeline_VITIS_LOOP_24_24' (loop 'VITIS_LOOP_24_2'): Unable to enforce a carried dependence constraint (II = 3, distance = 1, offset = 1) between 'store' operation 0 bit ('add3_4_write_ln29', dft.cpp:29) of variable 'add_4_7', dft.cpp:29 on local variable 'add3_4' and 'fadd' operation 32 bit ('add_4', dft.cpp:29).
WARNING: [HLS 200-880] The II Violation in module 'dft_Pipeline_VITIS_LOOP_24_24' (loop 'VITIS_LOOP_24_2'): Unable to enforce a carried dependence constraint (II = 4, distance = 1, offset = 1) between 'store' operation 0 bit ('add3_4_write_ln29', dft.cpp:29) of variable 'add_4_7', dft.cpp:29 on local variable 'add3_4' and 'fadd' operation 32 bit ('add_4', dft.cpp:29).
WARNING: [HLS 200-880] The II Violation in module 'dft_Pipeline_VITIS_LOOP_24_24' (loop 'VITIS_LOOP_24_2'): Unable to enforce a carried dependence constraint (II = 35, distance = 1, offset = 1) between 'store' operation 0 bit ('add3_4_write_ln29', dft.cpp:29) of variable 'add_4_7', dft.cpp:29 on local variable 'add3_4' and 'fadd' operation 32 bit ('add_4', dft.cpp:29).
WARNING: [HLS 200-880] The II Violation in module 'dft_Pipeline_VITIS_LOOP_24_24' (loop 'VITIS_LOOP_24_2'): Unable to enforce a carried dependence constraint (II = 39, distance = 1, offset = 1) between 'store' operation 0 bit ('add3_4_write_ln29', dft.cpp:29) of variable 'add_4_7', dft.cpp:29 on local variable 'add3_4' and 'fadd' operation 32 bit ('add_4', dft.cpp:29).
WARNING: [HLS 200-880] The II Violation in module 'dft_Pipeline_VITIS_LOOP_24_24' (loop 'VITIS_LOOP_24_2'): Unable to enforce a carried dependence constraint (II = 40, distance = 1, offset = 1) between 'store' operation 0 bit ('add3_4_write_ln29', dft.cpp:29) of variable 'add_4_7', dft.cpp:29 on local variable 'add3_4' and 'fadd' operation 32 bit ('add_4', dft.cpp:29).
INFO: [HLS 200-1470] Pipelining result : Target II = NA, Final II = 41, Depth = 56, loop 'VITIS_LOOP_24_2'
INFO: [SCHED 204-11] Finished scheduling.
INFO: [HLS 200-111] Finished Scheduling: CPU user time: 0.59 seconds. CPU system time: 0.02 seconds. Elapsed time: 0.71 seconds; current allocated memory: 813.801 MB.
INFO: [BIND 205-100] Starting micro-architecture generation ...
INFO: [BIND 205-101] Performing variable lifetime analysis.
INFO: [BIND 205-101] Exploring resource sharing.
INFO: [BIND 205-101] Binding ...
INFO: [BIND 205-100] Finished micro-architecture generation.
INFO: [HLS 200-111] Finished Binding: CPU user time: 0.15 seconds. CPU system time: 0.01 seconds. Elapsed time: 0.21 seconds; current allocated memory: 813.801 MB.
INFO: [HLS 200-10] ----------------------------------------------------------------
INFO: [HLS 200-42] -- Implementing module 'dft_Pipeline_VITIS_LOOP_24_25' 
INFO: [HLS 200-10] ----------------------------------------------------------------
INFO: [SCHED 204-11] Starting scheduling ...
INFO: [SCHED 204-61] Pipelining loop 'VITIS_LOOP_24_2'.
WARNING: [HLS 200-880] The II Violation in module 'dft_Pipeline_VITIS_LOOP_24_25' (loop 'VITIS_LOOP_24_2'): Unable to enforce a carried dependence constraint (II = 1, distance = 1, offset = 1) between 'store' operation 0 bit ('add3_5_write_ln29', dft.cpp:29) of variable 'add_5_7', dft.cpp:29 on local variable 'add3_5' and 'fadd' operation 32 bit ('add_5', dft.cpp:29).
WARNING: [HLS 200-880] The II Violation in module 'dft_Pipeline_VITIS_LOOP_24_25' (loop 'VITIS_LOOP_24_2'): Unable to enforce a carried dependence constraint (II = 2, distance = 1, offset = 1) between 'store' operation 0 bit ('add3_5_write_ln29', dft.cpp:29) of variable 'add_5_7', dft.cpp:29 on local variable 'add3_5' and 'fadd' operation 32 bit ('add_5', dft.cpp:29).
WARNING: [HLS 200-880] The II Violation in module 'dft_Pipeline_VITIS_LOOP_24_25' (loop 'VITIS_LOOP_24_2'): Unable to enforce a carried dependence constraint (II = 3, distance = 1, offset = 1) between 'store' operation 0 bit ('add3_5_write_ln29', dft.cpp:29) of variable 'add_5_7', dft.cpp:29 on local variable 'add3_5' and 'fadd' operation 32 bit ('add_5', dft.cpp:29).
WARNING: [HLS 200-880] The II Violation in module 'dft_Pipeline_VITIS_LOOP_24_25' (loop 'VITIS_LOOP_24_2'): Unable to enforce a carried dependence constraint (II = 4, distance = 1, offset = 1) between 'store' operation 0 bit ('add3_5_write_ln29', dft.cpp:29) of variable 'add_5_7', dft.cpp:29 on local variable 'add3_5' and 'fadd' operation 32 bit ('add_5', dft.cpp:29).
WARNING: [HLS 200-880] The II Violation in module 'dft_Pipeline_VITIS_LOOP_24_25' (loop 'VITIS_LOOP_24_2'): Unable to enforce a carried dependence constraint (II = 35, distance = 1, offset = 1) between 'store' operation 0 bit ('add3_5_write_ln29', dft.cpp:29) of variable 'add_5_7', dft.cpp:29 on local variable 'add3_5' and 'fadd' operation 32 bit ('add_5', dft.cpp:29).
WARNING: [HLS 200-880] The II Violation in module 'dft_Pipeline_VITIS_LOOP_24_25' (loop 'VITIS_LOOP_24_2'): Unable to enforce a carried dependence constraint (II = 39, distance = 1, offset = 1) between 'store' operation 0 bit ('add3_5_write_ln29', dft.cpp:29) of variable 'add_5_7', dft.cpp:29 on local variable 'add3_5' and 'fadd' operation 32 bit ('add_5', dft.cpp:29).
WARNING: [HLS 200-880] The II Violation in module 'dft_Pipeline_VITIS_LOOP_24_25' (loop 'VITIS_LOOP_24_2'): Unable to enforce a carried dependence constraint (II = 40, distance = 1, offset = 1) between 'store' operation 0 bit ('add3_5_write_ln29', dft.cpp:29) of variable 'add_5_7', dft.cpp:29 on local variable 'add3_5' and 'fadd' operation 32 bit ('add_5', dft.cpp:29).
INFO: [HLS 200-1470] Pipelining result : Target II = NA, Final II = 41, Depth = 56, loop 'VITIS_LOOP_24_2'
INFO: [SCHED 204-11] Finished scheduling.
INFO: [HLS 200-111] Finished Scheduling: CPU user time: 0.6 seconds. CPU system time: 0.01 seconds. Elapsed time: 0.73 seconds; current allocated memory: 818.922 MB.
INFO: [BIND 205-100] Starting micro-architecture generation ...
INFO: [BIND 205-101] Performing variable lifetime analysis.
INFO: [BIND 205-101] Exploring resource sharing.
INFO: [BIND 205-101] Binding ...
INFO: [BIND 205-100] Finished micro-architecture generation.
INFO: [HLS 200-111] Finished Binding: CPU user time: 0.14 seconds. CPU system time: 0.01 seconds. Elapsed time: 0.21 seconds; current allocated memory: 818.922 MB.
INFO: [HLS 200-10] ----------------------------------------------------------------
INFO: [HLS 200-42] -- Implementing module 'dft_Pipeline_VITIS_LOOP_24_26' 
INFO: [HLS 200-10] ----------------------------------------------------------------
INFO: [SCHED 204-11] Starting scheduling ...
INFO: [SCHED 204-61] Pipelining loop 'VITIS_LOOP_24_2'.
WARNING: [HLS 200-880] The II Violation in module 'dft_Pipeline_VITIS_LOOP_24_26' (loop 'VITIS_LOOP_24_2'): Unable to enforce a carried dependence constraint (II = 1, distance = 1, offset = 1) between 'store' operation 0 bit ('add3_6_write_ln29', dft.cpp:29) of variable 'add_6_7', dft.cpp:29 on local variable 'add3_6' and 'fadd' operation 32 bit ('add_6', dft.cpp:29).
WARNING: [HLS 200-880] The II Violation in module 'dft_Pipeline_VITIS_LOOP_24_26' (loop 'VITIS_LOOP_24_2'): Unable to enforce a carried dependence constraint (II = 2, distance = 1, offset = 1) between 'store' operation 0 bit ('add3_6_write_ln29', dft.cpp:29) of variable 'add_6_7', dft.cpp:29 on local variable 'add3_6' and 'fadd' operation 32 bit ('add_6', dft.cpp:29).
WARNING: [HLS 200-880] The II Violation in module 'dft_Pipeline_VITIS_LOOP_24_26' (loop 'VITIS_LOOP_24_2'): Unable to enforce a carried dependence constraint (II = 3, distance = 1, offset = 1) between 'store' operation 0 bit ('add3_6_write_ln29', dft.cpp:29) of variable 'add_6_7', dft.cpp:29 on local variable 'add3_6' and 'fadd' operation 32 bit ('add_6', dft.cpp:29).
WARNING: [HLS 200-880] The II Violation in module 'dft_Pipeline_VITIS_LOOP_24_26' (loop 'VITIS_LOOP_24_2'): Unable to enforce a carried dependence constraint (II = 4, distance = 1, offset = 1) between 'store' operation 0 bit ('add3_6_write_ln29', dft.cpp:29) of variable 'add_6_7', dft.cpp:29 on local variable 'add3_6' and 'fadd' operation 32 bit ('add_6', dft.cpp:29).
WARNING: [HLS 200-880] The II Violation in module 'dft_Pipeline_VITIS_LOOP_24_26' (loop 'VITIS_LOOP_24_2'): Unable to enforce a carried dependence constraint (II = 35, distance = 1, offset = 1) between 'store' operation 0 bit ('add3_6_write_ln29', dft.cpp:29) of variable 'add_6_7', dft.cpp:29 on local variable 'add3_6' and 'fadd' operation 32 bit ('add_6', dft.cpp:29).
WARNING: [HLS 200-880] The II Violation in module 'dft_Pipeline_VITIS_LOOP_24_26' (loop 'VITIS_LOOP_24_2'): Unable to enforce a carried dependence constraint (II = 39, distance = 1, offset = 1) between 'store' operation 0 bit ('add3_6_write_ln29', dft.cpp:29) of variable 'add_6_7', dft.cpp:29 on local variable 'add3_6' and 'fadd' operation 32 bit ('add_6', dft.cpp:29).
WARNING: [HLS 200-880] The II Violation in module 'dft_Pipeline_VITIS_LOOP_24_26' (loop 'VITIS_LOOP_24_2'): Unable to enforce a carried dependence constraint (II = 40, distance = 1, offset = 1) between 'store' operation 0 bit ('add3_6_write_ln29', dft.cpp:29) of variable 'add_6_7', dft.cpp:29 on local variable 'add3_6' and 'fadd' operation 32 bit ('add_6', dft.cpp:29).
INFO: [HLS 200-1470] Pipelining result : Target II = NA, Final II = 41, Depth = 56, loop 'VITIS_LOOP_24_2'
INFO: [SCHED 204-11] Finished scheduling.
INFO: [HLS 200-111] Finished Scheduling: CPU user time: 0.61 seconds. CPU system time: 0.02 seconds. Elapsed time: 0.78 seconds; current allocated memory: 824.223 MB.
INFO: [BIND 205-100] Starting micro-architecture generation ...
INFO: [BIND 205-101] Performing variable lifetime analysis.
INFO: [BIND 205-101] Exploring resource sharing.
INFO: [BIND 205-101] Binding ...
INFO: [BIND 205-100] Finished micro-architecture generation.
INFO: [HLS 200-111] Finished Binding: CPU user time: 0.14 seconds. CPU system time: 0.01 seconds. Elapsed time: 0.24 seconds; current allocated memory: 824.223 MB.
INFO: [HLS 200-10] ----------------------------------------------------------------
INFO: [HLS 200-42] -- Implementing module 'dft_Pipeline_VITIS_LOOP_24_27' 
INFO: [HLS 200-10] ----------------------------------------------------------------
INFO: [SCHED 204-11] Starting scheduling ...
INFO: [SCHED 204-61] Pipelining loop 'VITIS_LOOP_24_2'.
WARNING: [HLS 200-880] The II Violation in module 'dft_Pipeline_VITIS_LOOP_24_27' (loop 'VITIS_LOOP_24_2'): Unable to enforce a carried dependence constraint (II = 1, distance = 1, offset = 1) between 'store' operation 0 bit ('add3_7_write_ln29', dft.cpp:29) of variable 'add_7_7', dft.cpp:29 on local variable 'add3_7' and 'fadd' operation 32 bit ('add_7', dft.cpp:29).
WARNING: [HLS 200-880] The II Violation in module 'dft_Pipeline_VITIS_LOOP_24_27' (loop 'VITIS_LOOP_24_2'): Unable to enforce a carried dependence constraint (II = 2, distance = 1, offset = 1) between 'store' operation 0 bit ('add3_7_write_ln29', dft.cpp:29) of variable 'add_7_7', dft.cpp:29 on local variable 'add3_7' and 'fadd' operation 32 bit ('add_7', dft.cpp:29).
WARNING: [HLS 200-880] The II Violation in module 'dft_Pipeline_VITIS_LOOP_24_27' (loop 'VITIS_LOOP_24_2'): Unable to enforce a carried dependence constraint (II = 3, distance = 1, offset = 1) between 'store' operation 0 bit ('add3_7_write_ln29', dft.cpp:29) of variable 'add_7_7', dft.cpp:29 on local variable 'add3_7' and 'fadd' operation 32 bit ('add_7', dft.cpp:29).
WARNING: [HLS 200-880] The II Violation in module 'dft_Pipeline_VITIS_LOOP_24_27' (loop 'VITIS_LOOP_24_2'): Unable to enforce a carried dependence constraint (II = 4, distance = 1, offset = 1) between 'store' operation 0 bit ('add3_7_write_ln29', dft.cpp:29) of variable 'add_7_7', dft.cpp:29 on local variable 'add3_7' and 'fadd' operation 32 bit ('add_7', dft.cpp:29).
WARNING: [HLS 200-880] The II Violation in module 'dft_Pipeline_VITIS_LOOP_24_27' (loop 'VITIS_LOOP_24_2'): Unable to enforce a carried dependence constraint (II = 35, distance = 1, offset = 1) between 'store' operation 0 bit ('add3_7_write_ln29', dft.cpp:29) of variable 'add_7_7', dft.cpp:29 on local variable 'add3_7' and 'fadd' operation 32 bit ('add_7', dft.cpp:29).
WARNING: [HLS 200-880] The II Violation in module 'dft_Pipeline_VITIS_LOOP_24_27' (loop 'VITIS_LOOP_24_2'): Unable to enforce a carried dependence constraint (II = 39, distance = 1, offset = 1) between 'store' operation 0 bit ('add3_7_write_ln29', dft.cpp:29) of variable 'add_7_7', dft.cpp:29 on local variable 'add3_7' and 'fadd' operation 32 bit ('add_7', dft.cpp:29).
WARNING: [HLS 200-880] The II Violation in module 'dft_Pipeline_VITIS_LOOP_24_27' (loop 'VITIS_LOOP_24_2'): Unable to enforce a carried dependence constraint (II = 40, distance = 1, offset = 1) between 'store' operation 0 bit ('add3_7_write_ln29', dft.cpp:29) of variable 'add_7_7', dft.cpp:29 on local variable 'add3_7' and 'fadd' operation 32 bit ('add_7', dft.cpp:29).
INFO: [HLS 200-1470] Pipelining result : Target II = NA, Final II = 41, Depth = 56, loop 'VITIS_LOOP_24_2'
INFO: [SCHED 204-11] Finished scheduling.
INFO: [HLS 200-111] Finished Scheduling: CPU user time: 0.59 seconds. CPU system time: 0.01 seconds. Elapsed time: 0.76 seconds; current allocated memory: 829.289 MB.
INFO: [BIND 205-100] Starting micro-architecture generation ...
INFO: [BIND 205-101] Performing variable lifetime analysis.
INFO: [BIND 205-101] Exploring resource sharing.
INFO: [BIND 205-101] Binding ...
INFO: [BIND 205-100] Finished micro-architecture generation.
INFO: [HLS 200-111] Finished Binding: CPU user time: 0.15 seconds. CPU system time: 0.01 seconds. Elapsed time: 0.23 seconds; current allocated memory: 829.289 MB.
INFO: [HLS 200-10] ----------------------------------------------------------------
INFO: [HLS 200-42] -- Implementing module 'dft' 
INFO: [HLS 200-10] ----------------------------------------------------------------
INFO: [SCHED 204-11] Starting scheduling ...
INFO: [SCHED 204-11] Finished scheduling.
INFO: [HLS 200-111] Finished Scheduling: CPU user time: 0.41 seconds. CPU system time: 0.01 seconds. Elapsed time: 0.51 seconds; current allocated memory: 835.727 MB.
INFO: [BIND 205-100] Starting micro-architecture generation ...
INFO: [BIND 205-101] Performing variable lifetime analysis.
INFO: [BIND 205-101] Exploring resource sharing.
INFO: [BIND 205-101] Binding ...
INFO: [BIND 205-100] Finished micro-architecture generation.
INFO: [HLS 200-111] Finished Binding: CPU user time: 0.14 seconds. CPU system time: 0.01 seconds. Elapsed time: 0.2 seconds; current allocated memory: 835.727 MB.
INFO: [HLS 200-10] ----------------------------------------------------------------
INFO: [HLS 200-10] -- Generating RTL for module 'dft_Pipeline_VITIS_LOOP_24_2' 
INFO: [HLS 200-10] ----------------------------------------------------------------
INFO: [HLS 200-1030] Apply Unified Pipeline Control on module 'dft_Pipeline_VITIS_LOOP_24_2' pipeline 'VITIS_LOOP_24_2' pipeline type 'loop pipeline'
INFO: [RTGEN 206-100] Generating core module 'faddfsub_32ns_32ns_32_5_full_dsp_1': 2 instance(s).
INFO: [RTGEN 206-100] Generating core module 'fmul_32ns_32ns_32_4_max_dsp_1': 1 instance(s).
INFO: [RTGEN 206-100] Generating core module 'mul_10s_10s_10_1_1': 1 instance(s).
INFO: [RTGEN 206-100] Generating core module 'sparsemux_17_3_32_1_1': 16 instance(s).
INFO: [RTGEN 206-100] Finished creating RTL model for 'dft_Pipeline_VITIS_LOOP_24_2'.
INFO: [HLS 200-111] Finished Creating RTL model: CPU user time: 0.35 seconds. CPU system time: 0.02 seconds. Elapsed time: 0.48 seconds; current allocated memory: 838.871 MB.
INFO: [HLS 200-10] ----------------------------------------------------------------
INFO: [HLS 200-10] -- Generating RTL for module 'dft_Pipeline_VITIS_LOOP_24_21' 
INFO: [HLS 200-10] ----------------------------------------------------------------
INFO: [HLS 200-1030] Apply Unified Pipeline Control on module 'dft_Pipeline_VITIS_LOOP_24_21' pipeline 'VITIS_LOOP_24_2' pipeline type 'loop pipeline'
INFO: [RTGEN 206-100] Generating core module 'faddfsub_32ns_32ns_32_5_full_dsp_1': 2 instance(s).
INFO: [RTGEN 206-100] Generating core module 'fmul_32ns_32ns_32_4_max_dsp_1': 1 instance(s).
INFO: [RTGEN 206-100] Generating core module 'mul_10s_10s_10_1_1': 1 instance(s).
INFO: [RTGEN 206-100] Generating core module 'sparsemux_17_3_32_1_1': 16 instance(s).
INFO: [RTGEN 206-100] Finished creating RTL model for 'dft_Pipeline_VITIS_LOOP_24_21'.
INFO: [HLS 200-111] Finished Creating RTL model: CPU user time: 0.51 seconds. CPU system time: 0.08 seconds. Elapsed time: 0.69 seconds; current allocated memory: 851.195 MB.
INFO: [HLS 200-10] ----------------------------------------------------------------
INFO: [HLS 200-10] -- Generating RTL for module 'dft_Pipeline_VITIS_LOOP_24_22' 
INFO: [HLS 200-10] ----------------------------------------------------------------
INFO: [HLS 200-1030] Apply Unified Pipeline Control on module 'dft_Pipeline_VITIS_LOOP_24_22' pipeline 'VITIS_LOOP_24_2' pipeline type 'loop pipeline'
INFO: [RTGEN 206-100] Generating core module 'faddfsub_32ns_32ns_32_5_full_dsp_1': 2 instance(s).
INFO: [RTGEN 206-100] Generating core module 'fmul_32ns_32ns_32_4_max_dsp_1': 1 instance(s).
INFO: [RTGEN 206-100] Generating core module 'mul_10s_10s_10_1_1': 1 instance(s).
INFO: [RTGEN 206-100] Generating core module 'sparsemux_17_3_32_1_1': 16 instance(s).
INFO: [RTGEN 206-100] Finished creating RTL model for 'dft_Pipeline_VITIS_LOOP_24_22'.
INFO: [HLS 200-111] Finished Creating RTL model: CPU user time: 0.53 seconds. CPU system time: 0.06 seconds. Elapsed time: 0.73 seconds; current allocated memory: 864.461 MB.
INFO: [HLS 200-10] ----------------------------------------------------------------
INFO: [HLS 200-10] -- Generating RTL for module 'dft_Pipeline_VITIS_LOOP_24_23' 
INFO: [HLS 200-10] ----------------------------------------------------------------
INFO: [HLS 200-1030] Apply Unified Pipeline Control on module 'dft_Pipeline_VITIS_LOOP_24_23' pipeline 'VITIS_LOOP_24_2' pipeline type 'loop pipeline'
INFO: [RTGEN 206-100] Generating core module 'faddfsub_32ns_32ns_32_5_full_dsp_1': 2 instance(s).
INFO: [RTGEN 206-100] Generating core module 'fmul_32ns_32ns_32_4_max_dsp_1': 1 instance(s).
INFO: [RTGEN 206-100] Generating core module 'mul_10s_10s_10_1_1': 1 instance(s).
INFO: [RTGEN 206-100] Generating core module 'sparsemux_17_3_32_1_1': 16 instance(s).
INFO: [RTGEN 206-100] Finished creating RTL model for 'dft_Pipeline_VITIS_LOOP_24_23'.
INFO: [HLS 200-111] Finished Creating RTL model: CPU user time: 0.52 seconds. CPU system time: 0.07 seconds. Elapsed time: 0.73 seconds; current allocated memory: 877.703 MB.
INFO: [HLS 200-10] ----------------------------------------------------------------
INFO: [HLS 200-10] -- Generating RTL for module 'dft_Pipeline_VITIS_LOOP_24_24' 
INFO: [HLS 200-10] ----------------------------------------------------------------
INFO: [HLS 200-1030] Apply Unified Pipeline Control on module 'dft_Pipeline_VITIS_LOOP_24_24' pipeline 'VITIS_LOOP_24_2' pipeline type 'loop pipeline'
INFO: [RTGEN 206-100] Generating core module 'faddfsub_32ns_32ns_32_5_full_dsp_1': 2 instance(s).
INFO: [RTGEN 206-100] Generating core module 'fmul_32ns_32ns_32_4_max_dsp_1': 1 instance(s).
INFO: [RTGEN 206-100] Generating core module 'mul_10s_10s_10_1_1': 1 instance(s).
INFO: [RTGEN 206-100] Generating core module 'sparsemux_17_3_32_1_1': 16 instance(s).
INFO: [RTGEN 206-100] Finished creating RTL model for 'dft_Pipeline_VITIS_LOOP_24_24'.
INFO: [HLS 200-111] Finished Creating RTL model: CPU user time: 0.54 seconds. CPU system time: 0.07 seconds. Elapsed time: 0.8 seconds; current allocated memory: 890.934 MB.
INFO: [HLS 200-10] ----------------------------------------------------------------
INFO: [HLS 200-10] -- Generating RTL for module 'dft_Pipeline_VITIS_LOOP_24_25' 
INFO: [HLS 200-10] ----------------------------------------------------------------
INFO: [HLS 200-1030] Apply Unified Pipeline Control on module 'dft_Pipeline_VITIS_LOOP_24_25' pipeline 'VITIS_LOOP_24_2' pipeline type 'loop pipeline'
INFO: [RTGEN 206-100] Generating core module 'faddfsub_32ns_32ns_32_5_full_dsp_1': 2 instance(s).
INFO: [RTGEN 206-100] Generating core module 'fmul_32ns_32ns_32_4_max_dsp_1': 1 instance(s).
INFO: [RTGEN 206-100] Generating core module 'mul_10s_10s_10_1_1': 1 instance(s).
INFO: [RTGEN 206-100] Generating core module 'sparsemux_17_3_32_1_1': 16 instance(s).
INFO: [RTGEN 206-100] Finished creating RTL model for 'dft_Pipeline_VITIS_LOOP_24_25'.
INFO: [HLS 200-111] Finished Creating RTL model: CPU user time: 0.52 seconds. CPU system time: 0.08 seconds. Elapsed time: 0.76 seconds; current allocated memory: 904.176 MB.
INFO: [HLS 200-10] ----------------------------------------------------------------
INFO: [HLS 200-10] -- Generating RTL for module 'dft_Pipeline_VITIS_LOOP_24_26' 
INFO: [HLS 200-10] ----------------------------------------------------------------
INFO: [HLS 200-1030] Apply Unified Pipeline Control on module 'dft_Pipeline_VITIS_LOOP_24_26' pipeline 'VITIS_LOOP_24_2' pipeline type 'loop pipeline'
INFO: [RTGEN 206-100] Generating core module 'faddfsub_32ns_32ns_32_5_full_dsp_1': 2 instance(s).
INFO: [RTGEN 206-100] Generating core module 'fmul_32ns_32ns_32_4_max_dsp_1': 1 instance(s).
INFO: [RTGEN 206-100] Generating core module 'mul_10s_10s_10_1_1': 1 instance(s).
INFO: [RTGEN 206-100] Generating core module 'sparsemux_17_3_32_1_1': 16 instance(s).
INFO: [RTGEN 206-100] Finished creating RTL model for 'dft_Pipeline_VITIS_LOOP_24_26'.
INFO: [HLS 200-111] Finished Creating RTL model: CPU user time: 0.55 seconds. CPU system time: 0.07 seconds. Elapsed time: 0.77 seconds; current allocated memory: 917.406 MB.
INFO: [HLS 200-10] ----------------------------------------------------------------
INFO: [HLS 200-10] -- Generating RTL for module 'dft_Pipeline_VITIS_LOOP_24_27' 
INFO: [HLS 200-10] ----------------------------------------------------------------
INFO: [HLS 200-1030] Apply Unified Pipeline Control on module 'dft_Pipeline_VITIS_LOOP_24_27' pipeline 'VITIS_LOOP_24_2' pipeline type 'loop pipeline'
INFO: [RTGEN 206-100] Generating core module 'faddfsub_32ns_32ns_32_5_full_dsp_1': 2 instance(s).
INFO: [RTGEN 206-100] Generating core module 'fmul_32ns_32ns_32_4_max_dsp_1': 1 instance(s).
INFO: [RTGEN 206-100] Generating core module 'mul_10s_10s_10_1_1': 1 instance(s).
INFO: [RTGEN 206-100] Generating core module 'sparsemux_17_3_32_1_1': 16 instance(s).
INFO: [RTGEN 206-100] Finished creating RTL model for 'dft_Pipeline_VITIS_LOOP_24_27'.
INFO: [HLS 200-111] Finished Creating RTL model: CPU user time: 0.53 seconds. CPU system time: 0.08 seconds. Elapsed time: 0.78 seconds; current allocated memory: 930.656 MB.
INFO: [HLS 200-10] ----------------------------------------------------------------
INFO: [HLS 200-10] -- Generating RTL for module 'dft' 
INFO: [HLS 200-10] ----------------------------------------------------------------
INFO: [RTGEN 206-500] Setting interface mode on port 'dft/real_sample_0' to 'ap_memory'.
INFO: [RTGEN 206-500] Setting interface mode on port 'dft/real_sample_1' to 'ap_memory'.
INFO: [RTGEN 206-500] Setting interface mode on port 'dft/real_sample_2' to 'ap_memory'.
INFO: [RTGEN 206-500] Setting interface mode on port 'dft/real_sample_3' to 'ap_memory'.
INFO: [RTGEN 206-500] Setting interface mode on port 'dft/real_sample_4' to 'ap_memory'.
INFO: [RTGEN 206-500] Setting interface mode on port 'dft/real_sample_5' to 'ap_memory'.
INFO: [RTGEN 206-500] Setting interface mode on port 'dft/real_sample_6' to 'ap_memory'.
INFO: [RTGEN 206-500] Setting interface mode on port 'dft/real_sample_7' to 'ap_memory'.
INFO: [RTGEN 206-500] Setting interface mode on port 'dft/imag_sample_0' to 'ap_memory'.
INFO: [RTGEN 206-500] Setting interface mode on port 'dft/imag_sample_1' to 'ap_memory'.
INFO: [RTGEN 206-500] Setting interface mode on port 'dft/imag_sample_2' to 'ap_memory'.
INFO: [RTGEN 206-500] Setting interface mode on port 'dft/imag_sample_3' to 'ap_memory'.
INFO: [RTGEN 206-500] Setting interface mode on port 'dft/imag_sample_4' to 'ap_memory'.
INFO: [RTGEN 206-500] Setting interface mode on port 'dft/imag_sample_5' to 'ap_memory'.
INFO: [RTGEN 206-500] Setting interface mode on port 'dft/imag_sample_6' to 'ap_memory'.
INFO: [RTGEN 206-500] Setting interface mode on port 'dft/imag_sample_7' to 'ap_memory'.
INFO: [RTGEN 206-500] Setting interface mode on port 'dft/real_op_0' to 'ap_memory'.
INFO: [RTGEN 206-500] Setting interface mode on port 'dft/real_op_1' to 'ap_memory'.
INFO: [RTGEN 206-500] Setting interface mode on port 'dft/real_op_2' to 'ap_memory'.
INFO: [RTGEN 206-500] Setting interface mode on port 'dft/real_op_3' to 'ap_memory'.
INFO: [RTGEN 206-500] Setting interface mode on port 'dft/real_op_4' to 'ap_memory'.
INFO: [RTGEN 206-500] Setting interface mode on port 'dft/real_op_5' to 'ap_memory'.
INFO: [RTGEN 206-500] Setting interface mode on port 'dft/real_op_6' to 'ap_memory'.
INFO: [RTGEN 206-500] Setting interface mode on port 'dft/real_op_7' to 'ap_memory'.
INFO: [RTGEN 206-500] Setting interface mode on port 'dft/imag_op_0' to 'ap_memory'.
INFO: [RTGEN 206-500] Setting interface mode on port 'dft/imag_op_1' to 'ap_memory'.
INFO: [RTGEN 206-500] Setting interface mode on port 'dft/imag_op_2' to 'ap_memory'.
INFO: [RTGEN 206-500] Setting interface mode on port 'dft/imag_op_3' to 'ap_memory'.
INFO: [RTGEN 206-500] Setting interface mode on port 'dft/imag_op_4' to 'ap_memory'.
INFO: [RTGEN 206-500] Setting interface mode on port 'dft/imag_op_5' to 'ap_memory'.
INFO: [RTGEN 206-500] Setting interface mode on port 'dft/imag_op_6' to 'ap_memory'.
INFO: [RTGEN 206-500] Setting interface mode on port 'dft/imag_op_7' to 'ap_memory'.
INFO: [RTGEN 206-500] Setting interface mode on function 'dft' to 'ap_ctrl_hs'.
INFO: [RTGEN 206-100] Generating core module 'faddfsub_32ns_32ns_32_5_full_dsp_1': 2 instance(s).
INFO: [RTGEN 206-100] Generating core module 'fmul_32ns_32ns_32_4_max_dsp_1': 1 instance(s).
INFO: [RTGEN 206-100] Finished creating RTL model for 'dft'.
INFO: [RTMG 210-279] Implementing memory 'dft_cos_coefficients_table_ROM_AUTO_1R' using auto ROMs.
INFO: [RTMG 210-279] Implementing memory 'dft_sin_coefficients_table_ROM_AUTO_1R' using auto ROMs.
INFO: [HLS 200-111] Finished Creating RTL model: CPU user time: 0.66 seconds. CPU system time: 0.09 seconds. Elapsed time: 1.13 seconds; current allocated memory: 945.703 MB.
INFO: [HLS 200-111] Finished Generating all RTL models: CPU user time: 0.75 seconds. CPU system time: 0.13 seconds. Elapsed time: 1.36 seconds; current allocated memory: 956.035 MB.
INFO: [HLS 200-111] Finished Updating report files: CPU user time: 2.33 seconds. CPU system time: 0.08 seconds. Elapsed time: 2.69 seconds; current allocated memory: 967.836 MB.
INFO: [VHDL 208-304] Generating VHDL RTL for dft.
INFO: [VLOG 209-307] Generating Verilog RTL for dft.
INFO: [HLS 200-790] **** Loop Constraint Status: All loop constraints were NOT satisfied.
INFO: [HLS 200-789] **** Estimated Fmax: 107.47 MHz
INFO: [HLS 200-2161] Finished Command csynth_design Elapsed time: 00:00:45; Allocated memory: 325.012 MB.
