Tue Nov  4 13:47:43 2025: Running xcd server. This server was built by gradle.
Tue Nov  4 13:47:43 2025: Server was asked to start on port: '39171'
Tue Nov  4 13:47:43 2025: Server is using token UUID: '8279c93a-0153-4e25-af7b-0938dbe38c8a'
Tue Nov  4 13:47:43 2025: SESSION_MGR: creating session with session uuid: '6d04a3e9-ade5-4ab9-8d63-1f78fcd2ec76' and name 'default'
Tue Nov  4 13:47:43 2025: Attempting to start server on port '39171'
Tue Nov  4 13:47:43 2025: XCD main fifo: created main fifo '/tmp/xcdmain8279c93a-0153-4e25-af7b-0938dbe38c8a', fd read = 15
Tue Nov  4 13:47:43 2025: Running Dispatch Server
Tue Nov  4 13:47:43 2025: Version 2.2.0
Tue Nov  4 13:47:43 2025: Dispatch Server: Accepted socket connection from client
Tue Nov  4 13:47:43 2025: Starting Socket connection
Tue Nov  4 13:47:43 2025: EXCHANGE_TOKEN received, server token: 8279c93a-0153-4e25-af7b-0938dbe38c8a, passed token: 8279c93a-0153-4e25-af7b-0938dbe38c8a
Tue Nov  4 13:47:43 2025: SESSION_MGR: creating session with session uuid: '2509128c-2788-4147-b91d-fe606b6e822e' and name 'vitis_hls'
Tue Nov  4 13:47:43 2025: KERNEL_SVC: creating session with uuid: '2509128c-2788-4147-b91d-fe606b6e822e' and name 'vitis_hls'
Tue Nov  4 13:47:43 2025: GUIDANCE_SMGR: creating guidance session with uuid: '2509128c-2788-4147-b91d-fe606b6e822e' and name 'vitis_hls'
Tue Nov  4 13:48:05 2025: STOP_SERVER received, server token: 8279c93a-0153-4e25-af7b-0938dbe38c8a, passed token: 8279c93a-0153-4e25-af7b-0938dbe38c8a
Tue Nov  4 13:48:05 2025: Socket received request to stop server.
Tue Nov  4 13:48:05 2025: Dispatch Server: do_await_stop
Tue Nov  4 13:48:05 2025: Dispatch Server: stopping mainFifo_
Tue Nov  4 13:48:05 2025: XCD main fifo: Stopping
Tue Nov  4 13:48:05 2025: XCD main fifo: do_read error code: Operation canceled
Tue Nov  4 13:48:05 2025: XCD main fifo: bytes_transferred: 0
Tue Nov  4 13:48:05 2025: SERVER: destructor for server bound to port 39171
Tue Nov  4 13:48:05 2025: XCD main fifo: Good unlink of /tmp/xcdmain8279c93a-0153-4e25-af7b-0938dbe38c8a
Tue Nov  4 13:48:05 2025: Server exiting with status 0.
Tue Nov  4 13:48:05 2025: Closing log file.
